SQL> rem JOIN
SQL> select first_name,department_name from employees join departments usign (deaprtment_id);
select first_name,department_name from employees join departments usign (deaprtment_id)
                                                                        *
ERROR at line 1:
ORA-00905: missing keyword 


SQL> select first_name,department_name from employees join departments usign (department_id);
select first_name,department_name from employees join departments usign (department_id)
                                                                        *
ERROR at line 1:
ORA-00905: missing keyword 


SQL> select first_name,department_name from employees join departments using (department_id);

FIRST_NAME           DEPARTMENT_NAME                                            
-------------------- ------------------------------                             
Jennifer             Administration                                             
Pat                  Marketing                                                  
Michael              Marketing                                                  
Sigal                Purchasing                                                 
Karen                Purchasing                                                 
Shelli               Purchasing                                                 
Den                  Purchasing                                                 
Alexander            Purchasing                                                 
Guy                  Purchasing                                                 
Susan                Human Resources                                            
Kevin                Shipping                                                   

FIRST_NAME           DEPARTMENT_NAME                                            
-------------------- ------------------------------                             
Jean                 Shipping                                                   
Adam                 Shipping                                                   
Timothy              Shipping                                                   
Ki                   Shipping                                                   
Girard               Shipping                                                   
Douglas              Shipping                                                   
Vance                Shipping                                                   
Payam                Shipping                                                   
Renske               Shipping                                                   
Britney              Shipping                                                   
Jennifer             Shipping                                                   

FIRST_NAME           DEPARTMENT_NAME                                            
-------------------- ------------------------------                             
Julia                Shipping                                                   
Curtis               Shipping                                                   
Kelly                Shipping                                                   
Anthony              Shipping                                                   
Alexis               Shipping                                                   
Laura                Shipping                                                   
Sarah                Shipping                                                   
Mozhe                Shipping                                                   
James                Shipping                                                   
Matthew              Shipping                                                   
Alana                Shipping                                                   

FIRST_NAME           DEPARTMENT_NAME                                            
-------------------- ------------------------------                             
Shanta               Shipping                                                   
Peter                Shipping                                                   
Winston              Shipping                                                   
Jason                Shipping                                                   
Steven               Shipping                                                   
James                Shipping                                                   
Randall              Shipping                                                   
Samuel               Shipping                                                   
Irene                Shipping                                                   
Kevin                Shipping                                                   
Julia                Shipping                                                   

FIRST_NAME           DEPARTMENT_NAME                                            
-------------------- ------------------------------                             
Donald               Shipping                                                   
TJ                   Shipping                                                   
Joshua               Shipping                                                   
Randall              Shipping                                                   
Hazel                Shipping                                                   
Trenna               Shipping                                                   
Michael              Shipping                                                   
Nandita              Shipping                                                   
John                 Shipping                                                   
Stephen              Shipping                                                   
Martha               Shipping                                                   

FIRST_NAME           DEPARTMENT_NAME                                            
-------------------- ------------------------------                             
David                IT                                                         
Valli                IT                                                         
Bruce                IT                                                         
Diana                IT                                                         
Alexander            IT                                                         
Hermann              Public Relations                                           
Ellen                Sales                                                      
Sundar               Sales                                                      
Amit                 Sales                                                      
Elizabeth            Sales                                                      
David                Sales                                                      

FIRST_NAME           DEPARTMENT_NAME                                            
-------------------- ------------------------------                             
Harrison             Sales                                                      
Gerald               Sales                                                      
Nanette              Sales                                                      
Louise               Sales                                                      
Alberto              Sales                                                      
Tayler               Sales                                                      
Danielle             Sales                                                      
Peter                Sales                                                      
Alyssa               Sales                                                      
Charles              Sales                                                      
Janette              Sales                                                      

FIRST_NAME           DEPARTMENT_NAME                                            
-------------------- ------------------------------                             
Sundita              Sales                                                      
David                Sales                                                      
Jack                 Sales                                                      
Mattea               Sales                                                      
Allan                Sales                                                      
Christopher          Sales                                                      
Lisa                 Sales                                                      
Karen                Sales                                                      
John                 Sales                                                      
Sarath               Sales                                                      
Lindsey              Sales                                                      

FIRST_NAME           DEPARTMENT_NAME                                            
-------------------- ------------------------------                             
William              Sales                                                      
Patrick              Sales                                                      
Jonathon             Sales                                                      
Peter                Sales                                                      
Oliver               Sales                                                      
Clara                Sales                                                      
Eleni                Sales                                                      
Neena                Executive                                                  
Steven               Executive                                                  
Lex                  Executive                                                  
Luis                 Finance                                                    

FIRST_NAME           DEPARTMENT_NAME                                            
-------------------- ------------------------------                             
Jose Manuel          Finance                                                    
John                 Finance                                                    
Daniel               Finance                                                    
Ismael               Finance                                                    
Nancy                Finance                                                    
William              Accounting                                                 
Shelley              Accounting                                                 

106 rows selected.

SQL> desc deaprtments
ERROR:
ORA-04043: object deaprtments does not exist 


SQL> desc deaprtments;
ERROR:
ORA-04043: object deaprtments does not exist 


SQL> desc departments;
 Name                                      Null?    Type
 ----------------------------------------- -------- ----------------------------
 DEPARTMENT_ID                             NOT NULL NUMBER(4)
 DEPARTMENT_NAME                           NOT NULL VARCHAR2(30)
 MANAGER_ID                                         NUMBER(6)
 LOCATION_ID                                        NUMBER(4)

SQL> desc locations;
 Name                                      Null?    Type
 ----------------------------------------- -------- ----------------------------
 LOCATION_ID                               NOT NULL NUMBER(4)
 STREET_ADDRESS                                     VARCHAR2(40)
 POSTAL_CODE                                        VARCHAR2(12)
 CITY                                      NOT NULL VARCHAR2(30)
 STATE_PROVINCE                                     VARCHAR2(25)
 COUNTRY_ID                                         CHAR(2)

SQL> select department_name,city from departments join locations using (location_id);

DEPARTMENT_NAME                CITY                                             
------------------------------ ------------------------------                   
IT                             Southlake                                        
Shipping                       South San Francisco                              
Administration                 Seattle                                          
Purchasing                     Seattle                                          
Executive                      Seattle                                          
Finance                        Seattle                                          
Accounting                     Seattle                                          
Treasury                       Seattle                                          
Corporate Tax                  Seattle                                          
Control And Credit             Seattle                                          
Shareholder Services           Seattle                                          

DEPARTMENT_NAME                CITY                                             
------------------------------ ------------------------------                   
Benefits                       Seattle                                          
Manufacturing                  Seattle                                          
Construction                   Seattle                                          
Contracting                    Seattle                                          
Operations                     Seattle                                          
IT Support                     Seattle                                          
NOC                            Seattle                                          
IT Helpdesk                    Seattle                                          
Government Sales               Seattle                                          
Retail Sales                   Seattle                                          
Recruiting                     Seattle                                          

DEPARTMENT_NAME                CITY                                             
------------------------------ ------------------------------                   
Payroll                        Seattle                                          
Marketing                      Toronto                                          
Human Resources                London                                           
Sales                          Oxford                                           
Public Relations               Munich                                           

27 rows selected.

SQL> select department_name,city from locations join departments using (location_id);

DEPARTMENT_NAME                CITY                                             
------------------------------ ------------------------------                   
IT                             Southlake                                        
Shipping                       South San Francisco                              
Administration                 Seattle                                          
Purchasing                     Seattle                                          
Executive                      Seattle                                          
Finance                        Seattle                                          
Accounting                     Seattle                                          
Treasury                       Seattle                                          
Corporate Tax                  Seattle                                          
Control And Credit             Seattle                                          
Shareholder Services           Seattle                                          

DEPARTMENT_NAME                CITY                                             
------------------------------ ------------------------------                   
Benefits                       Seattle                                          
Manufacturing                  Seattle                                          
Construction                   Seattle                                          
Contracting                    Seattle                                          
Operations                     Seattle                                          
IT Support                     Seattle                                          
NOC                            Seattle                                          
IT Helpdesk                    Seattle                                          
Government Sales               Seattle                                          
Retail Sales                   Seattle                                          
Recruiting                     Seattle                                          

DEPARTMENT_NAME                CITY                                             
------------------------------ ------------------------------                   
Payroll                        Seattle                                          
Marketing                      Toronto                                          
Human Resources                London                                           
Sales                          Oxford                                           
Public Relations               Munich                                           

27 rows selected.

SQL> rem first right table primary on the right side and first table is the foreign key table
SQL> rem also the exceution of query is from right to left
SQL> select country_name,city from countries join locations using (country_id);

COUNTRY_NAME                             CITY                                   
---------------------------------------- ------------------------------         
Australia                                Sydney                                 
Brazil                                   Sao Paulo                              
Canada                                   Toronto                                
Canada                                   Whitehorse                             
Switzerland                              Geneva                                 
Switzerland                              Bern                                   
China                                    Beijing                                
Germany                                  Munich                                 
India                                    Bombay                                 
Italy                                    Roma                                   
Italy                                    Venice                                 

COUNTRY_NAME                             CITY                                   
---------------------------------------- ------------------------------         
Japan                                    Tokyo                                  
Japan                                    Hiroshima                              
Mexico                                   Mexico City                            
Netherlands                              Utrecht                                
Singapore                                Singapore                              
United Kingdom                           London                                 
United Kingdom                           Oxford                                 
United Kingdom                           Stretford                              
United States of America                 Southlake                              
United States of America                 South San Francisco                    
United States of America                 South Brunswick                        

COUNTRY_NAME                             CITY                                   
---------------------------------------- ------------------------------         
United States of America                 Seattle                                

23 rows selected.

SQL> rem use ON clause for different column name
SQL> select country_name,city from locations join countries using (country_id);

COUNTRY_NAME                             CITY                                   
---------------------------------------- ------------------------------         
Australia                                Sydney                                 
Brazil                                   Sao Paulo                              
Canada                                   Toronto                                
Canada                                   Whitehorse                             
Switzerland                              Geneva                                 
Switzerland                              Bern                                   
China                                    Beijing                                
Germany                                  Munich                                 
India                                    Bombay                                 
Italy                                    Roma                                   
Italy                                    Venice                                 

COUNTRY_NAME                             CITY                                   
---------------------------------------- ------------------------------         
Japan                                    Tokyo                                  
Japan                                    Hiroshima                              
Mexico                                   Mexico City                            
Netherlands                              Utrecht                                
Singapore                                Singapore                              
United Kingdom                           London                                 
United Kingdom                           Oxford                                 
United Kingdom                           Stretford                              
United States of America                 Southlake                              
United States of America                 South San Francisco                    
United States of America                 South Brunswick                        

COUNTRY_NAME                             CITY                                   
---------------------------------------- ------------------------------         
United States of America                 Seattle                                

23 rows selected.

SQL> desc countries;
 Name                                      Null?    Type
 ----------------------------------------- -------- ----------------------------
 COUNTRY_ID                                NOT NULL CHAR(2)
 COUNTRY_NAME                                       VARCHAR2(40)
 REGION_ID                                          NUMBER

SQL> desc locations;
 Name                                      Null?    Type
 ----------------------------------------- -------- ----------------------------
 LOCATION_ID                               NOT NULL NUMBER(4)
 STREET_ADDRESS                                     VARCHAR2(40)
 POSTAL_CODE                                        VARCHAR2(12)
 CITY                                      NOT NULL VARCHAR2(30)
 STATE_PROVINCE                                     VARCHAR2(25)
 COUNTRY_ID                                         CHAR(2)

SQL> select country_name,region_name from regions join countries using (country_id);
select country_name,region_name from regions join countries using (country_id)
                                                                   *
ERROR at line 1:
ORA-00904: "REGIONS"."COUNTRY_ID": invalid identifier 


SQL> select country_name,region_name from regions join countries using (region_id);

COUNTRY_NAME                             REGION_NAME                            
---------------------------------------- -------------------------              
Netherlands                              Europe                                 
France                                   Europe                                 
United Kingdom                           Europe                                 
Denmark                                  Europe                                 
Belgium                                  Europe                                 
Switzerland                              Europe                                 
Italy                                    Europe                                 
Germany                                  Europe                                 
United States of America                 Americas                               
Canada                                   Americas                               
Mexico                                   Americas                               

COUNTRY_NAME                             REGION_NAME                            
---------------------------------------- -------------------------              
Brazil                                   Americas                               
Argentina                                Americas                               
Malaysia                                 Asia                                   
Japan                                    Asia                                   
India                                    Asia                                   
China                                    Asia                                   
Australia                                Asia                                   
Singapore                                Asia                                   
Israel                                   Middle East and Africa                 
Zambia                                   Middle East and Africa                 
Egypt                                    Middle East and Africa                 

COUNTRY_NAME                             REGION_NAME                            
---------------------------------------- -------------------------              
Zimbabwe                                 Middle East and Africa                 
Nigeria                                  Middle East and Africa                 
Kuwait                                   Middle East and Africa                 

25 rows selected.

SQL> desc employees;
 Name                                      Null?    Type
 ----------------------------------------- -------- ----------------------------
 EMPLOYEE_ID                               NOT NULL NUMBER(6)
 FIRST_NAME                                         VARCHAR2(20)
 LAST_NAME                                 NOT NULL VARCHAR2(25)
 EMAIL                                     NOT NULL VARCHAR2(25)
 PHONE_NUMBER                                       VARCHAR2(20)
 HIRE_DATE                                 NOT NULL DATE
 JOB_ID                                    NOT NULL VARCHAR2(10)
 SALARY                                             NUMBER(8,2)
 COMMISSION_PCT                                     NUMBER(2,2)
 MANAGER_ID                                         NUMBER(6)
 DEPARTMENT_ID                                      NUMBER(4)

SQL> rem select first_name,department_name from employees e join departments d on (e.department_id=d.department_id);
SQL> desc employees;
 Name                                      Null?    Type
 ----------------------------------------- -------- ----------------------------
 EMPLOYEE_ID                               NOT NULL NUMBER(6)
 FIRST_NAME                                         VARCHAR2(20)
 LAST_NAME                                 NOT NULL VARCHAR2(25)
 EMAIL                                     NOT NULL VARCHAR2(25)
 PHONE_NUMBER                                       VARCHAR2(20)
 HIRE_DATE                                 NOT NULL DATE
 JOB_ID                                    NOT NULL VARCHAR2(10)
 SALARY                                             NUMBER(8,2)
 COMMISSION_PCT                                     NUMBER(2,2)
 MANAGER_ID                                         NUMBER(6)
 DEPARTMENT_ID                                      NUMBER(4)

SQL> select first_name,department_name from employees e join departments d on (e.department_id=d.department_id);

FIRST_NAME           DEPARTMENT_NAME                                            
-------------------- ------------------------------                             
Jennifer             Administration                                             
Pat                  Marketing                                                  
Michael              Marketing                                                  
Sigal                Purchasing                                                 
Karen                Purchasing                                                 
Shelli               Purchasing                                                 
Den                  Purchasing                                                 
Alexander            Purchasing                                                 
Guy                  Purchasing                                                 
Susan                Human Resources                                            
Kevin                Shipping                                                   

FIRST_NAME           DEPARTMENT_NAME                                            
-------------------- ------------------------------                             
Jean                 Shipping                                                   
Adam                 Shipping                                                   
Timothy              Shipping                                                   
Ki                   Shipping                                                   
Girard               Shipping                                                   
Douglas              Shipping                                                   
Vance                Shipping                                                   
Payam                Shipping                                                   
Renske               Shipping                                                   
Britney              Shipping                                                   
Jennifer             Shipping                                                   

FIRST_NAME           DEPARTMENT_NAME                                            
-------------------- ------------------------------                             
Julia                Shipping                                                   
Curtis               Shipping                                                   
Kelly                Shipping                                                   
Anthony              Shipping                                                   
Alexis               Shipping                                                   
Laura                Shipping                                                   
Sarah                Shipping                                                   
Mozhe                Shipping                                                   
James                Shipping                                                   
Matthew              Shipping                                                   
Alana                Shipping                                                   

FIRST_NAME           DEPARTMENT_NAME                                            
-------------------- ------------------------------                             
Shanta               Shipping                                                   
Peter                Shipping                                                   
Winston              Shipping                                                   
Jason                Shipping                                                   
Steven               Shipping                                                   
James                Shipping                                                   
Randall              Shipping                                                   
Samuel               Shipping                                                   
Irene                Shipping                                                   
Kevin                Shipping                                                   
Julia                Shipping                                                   

FIRST_NAME           DEPARTMENT_NAME                                            
-------------------- ------------------------------                             
Donald               Shipping                                                   
TJ                   Shipping                                                   
Joshua               Shipping                                                   
Randall              Shipping                                                   
Hazel                Shipping                                                   
Trenna               Shipping                                                   
Michael              Shipping                                                   
Nandita              Shipping                                                   
John                 Shipping                                                   
Stephen              Shipping                                                   
Martha               Shipping                                                   

FIRST_NAME           DEPARTMENT_NAME                                            
-------------------- ------------------------------                             
David                IT                                                         
Valli                IT                                                         
Bruce                IT                                                         
Diana                IT                                                         
Alexander            IT                                                         
Hermann              Public Relations                                           
Ellen                Sales                                                      
Sundar               Sales                                                      
Amit                 Sales                                                      
Elizabeth            Sales                                                      
David                Sales                                                      

FIRST_NAME           DEPARTMENT_NAME                                            
-------------------- ------------------------------                             
Harrison             Sales                                                      
Gerald               Sales                                                      
Nanette              Sales                                                      
Louise               Sales                                                      
Alberto              Sales                                                      
Tayler               Sales                                                      
Danielle             Sales                                                      
Peter                Sales                                                      
Alyssa               Sales                                                      
Charles              Sales                                                      
Janette              Sales                                                      

FIRST_NAME           DEPARTMENT_NAME                                            
-------------------- ------------------------------                             
Sundita              Sales                                                      
David                Sales                                                      
Jack                 Sales                                                      
Mattea               Sales                                                      
Allan                Sales                                                      
Christopher          Sales                                                      
Lisa                 Sales                                                      
Karen                Sales                                                      
John                 Sales                                                      
Sarath               Sales                                                      
Lindsey              Sales                                                      

FIRST_NAME           DEPARTMENT_NAME                                            
-------------------- ------------------------------                             
William              Sales                                                      
Patrick              Sales                                                      
Jonathon             Sales                                                      
Peter                Sales                                                      
Oliver               Sales                                                      
Clara                Sales                                                      
Eleni                Sales                                                      
Neena                Executive                                                  
Steven               Executive                                                  
Lex                  Executive                                                  
Luis                 Finance                                                    

FIRST_NAME           DEPARTMENT_NAME                                            
-------------------- ------------------------------                             
Jose Manuel          Finance                                                    
John                 Finance                                                    
Daniel               Finance                                                    
Ismael               Finance                                                    
Nancy                Finance                                                    
William              Accounting                                                 
Shelley              Accounting                                                 

106 rows selected.

SQL> alter table employees rename column department_id to did;

Table altered.

SQL> desc employees;
 Name                                      Null?    Type
 ----------------------------------------- -------- ----------------------------
 EMPLOYEE_ID                               NOT NULL NUMBER(6)
 FIRST_NAME                                         VARCHAR2(20)
 LAST_NAME                                 NOT NULL VARCHAR2(25)
 EMAIL                                     NOT NULL VARCHAR2(25)
 PHONE_NUMBER                                       VARCHAR2(20)
 HIRE_DATE                                 NOT NULL DATE
 JOB_ID                                    NOT NULL VARCHAR2(10)
 SALARY                                             NUMBER(8,2)
 COMMISSION_PCT                                     NUMBER(2,2)
 MANAGER_ID                                         NUMBER(6)
 DID                                                NUMBER(4)

SQL> desc departments;
 Name                                      Null?    Type
 ----------------------------------------- -------- ----------------------------
 DEPARTMENT_ID                             NOT NULL NUMBER(4)
 DEPARTMENT_NAME                           NOT NULL VARCHAR2(30)
 MANAGER_ID                                         NUMBER(6)
 LOCATION_ID                                        NUMBER(4)

SQL> select first_name,department_name from employees e join departments d on (e.did=d.department_id);

FIRST_NAME           DEPARTMENT_NAME                                            
-------------------- ------------------------------                             
Jennifer             Administration                                             
Pat                  Marketing                                                  
Michael              Marketing                                                  
Sigal                Purchasing                                                 
Karen                Purchasing                                                 
Shelli               Purchasing                                                 
Den                  Purchasing                                                 
Alexander            Purchasing                                                 
Guy                  Purchasing                                                 
Susan                Human Resources                                            
Kevin                Shipping                                                   

FIRST_NAME           DEPARTMENT_NAME                                            
-------------------- ------------------------------                             
Jean                 Shipping                                                   
Adam                 Shipping                                                   
Timothy              Shipping                                                   
Ki                   Shipping                                                   
Girard               Shipping                                                   
Douglas              Shipping                                                   
Vance                Shipping                                                   
Payam                Shipping                                                   
Renske               Shipping                                                   
Britney              Shipping                                                   
Jennifer             Shipping                                                   

FIRST_NAME           DEPARTMENT_NAME                                            
-------------------- ------------------------------                             
Julia                Shipping                                                   
Curtis               Shipping                                                   
Kelly                Shipping                                                   
Anthony              Shipping                                                   
Alexis               Shipping                                                   
Laura                Shipping                                                   
Sarah                Shipping                                                   
Mozhe                Shipping                                                   
James                Shipping                                                   
Matthew              Shipping                                                   
Alana                Shipping                                                   

FIRST_NAME           DEPARTMENT_NAME                                            
-------------------- ------------------------------                             
Shanta               Shipping                                                   
Peter                Shipping                                                   
Winston              Shipping                                                   
Jason                Shipping                                                   
Steven               Shipping                                                   
James                Shipping                                                   
Randall              Shipping                                                   
Samuel               Shipping                                                   
Irene                Shipping                                                   
Kevin                Shipping                                                   
Julia                Shipping                                                   

FIRST_NAME           DEPARTMENT_NAME                                            
-------------------- ------------------------------                             
Donald               Shipping                                                   
TJ                   Shipping                                                   
Joshua               Shipping                                                   
Randall              Shipping                                                   
Hazel                Shipping                                                   
Trenna               Shipping                                                   
Michael              Shipping                                                   
Nandita              Shipping                                                   
John                 Shipping                                                   
Stephen              Shipping                                                   
Martha               Shipping                                                   

FIRST_NAME           DEPARTMENT_NAME                                            
-------------------- ------------------------------                             
David                IT                                                         
Valli                IT                                                         
Bruce                IT                                                         
Diana                IT                                                         
Alexander            IT                                                         
Hermann              Public Relations                                           
Ellen                Sales                                                      
Sundar               Sales                                                      
Amit                 Sales                                                      
Elizabeth            Sales                                                      
David                Sales                                                      

FIRST_NAME           DEPARTMENT_NAME                                            
-------------------- ------------------------------                             
Harrison             Sales                                                      
Gerald               Sales                                                      
Nanette              Sales                                                      
Louise               Sales                                                      
Alberto              Sales                                                      
Tayler               Sales                                                      
Danielle             Sales                                                      
Peter                Sales                                                      
Alyssa               Sales                                                      
Charles              Sales                                                      
Janette              Sales                                                      

FIRST_NAME           DEPARTMENT_NAME                                            
-------------------- ------------------------------                             
Sundita              Sales                                                      
David                Sales                                                      
Jack                 Sales                                                      
Mattea               Sales                                                      
Allan                Sales                                                      
Christopher          Sales                                                      
Lisa                 Sales                                                      
Karen                Sales                                                      
John                 Sales                                                      
Sarath               Sales                                                      
Lindsey              Sales                                                      

FIRST_NAME           DEPARTMENT_NAME                                            
-------------------- ------------------------------                             
William              Sales                                                      
Patrick              Sales                                                      
Jonathon             Sales                                                      
Peter                Sales                                                      
Oliver               Sales                                                      
Clara                Sales                                                      
Eleni                Sales                                                      
Neena                Executive                                                  
Steven               Executive                                                  
Lex                  Executive                                                  
Luis                 Finance                                                    

FIRST_NAME           DEPARTMENT_NAME                                            
-------------------- ------------------------------                             
Jose Manuel          Finance                                                    
John                 Finance                                                    
Daniel               Finance                                                    
Ismael               Finance                                                    
Nancy                Finance                                                    
William              Accounting                                                 
Shelley              Accounting                                                 

106 rows selected.

SQL> select first_name,department_name from employees join departments  on (employees.did=departments.department_id);

FIRST_NAME           DEPARTMENT_NAME                                            
-------------------- ------------------------------                             
Jennifer             Administration                                             
Pat                  Marketing                                                  
Michael              Marketing                                                  
Sigal                Purchasing                                                 
Karen                Purchasing                                                 
Shelli               Purchasing                                                 
Den                  Purchasing                                                 
Alexander            Purchasing                                                 
Guy                  Purchasing                                                 
Susan                Human Resources                                            
Kevin                Shipping                                                   

FIRST_NAME           DEPARTMENT_NAME                                            
-------------------- ------------------------------                             
Jean                 Shipping                                                   
Adam                 Shipping                                                   
Timothy              Shipping                                                   
Ki                   Shipping                                                   
Girard               Shipping                                                   
Douglas              Shipping                                                   
Vance                Shipping                                                   
Payam                Shipping                                                   
Renske               Shipping                                                   
Britney              Shipping                                                   
Jennifer             Shipping                                                   

FIRST_NAME           DEPARTMENT_NAME                                            
-------------------- ------------------------------                             
Julia                Shipping                                                   
Curtis               Shipping                                                   
Kelly                Shipping                                                   
Anthony              Shipping                                                   
Alexis               Shipping                                                   
Laura                Shipping                                                   
Sarah                Shipping                                                   
Mozhe                Shipping                                                   
James                Shipping                                                   
Matthew              Shipping                                                   
Alana                Shipping                                                   

FIRST_NAME           DEPARTMENT_NAME                                            
-------------------- ------------------------------                             
Shanta               Shipping                                                   
Peter                Shipping                                                   
Winston              Shipping                                                   
Jason                Shipping                                                   
Steven               Shipping                                                   
James                Shipping                                                   
Randall              Shipping                                                   
Samuel               Shipping                                                   
Irene                Shipping                                                   
Kevin                Shipping                                                   
Julia                Shipping                                                   

FIRST_NAME           DEPARTMENT_NAME                                            
-------------------- ------------------------------                             
Donald               Shipping                                                   
TJ                   Shipping                                                   
Joshua               Shipping                                                   
Randall              Shipping                                                   
Hazel                Shipping                                                   
Trenna               Shipping                                                   
Michael              Shipping                                                   
Nandita              Shipping                                                   
John                 Shipping                                                   
Stephen              Shipping                                                   
Martha               Shipping                                                   

FIRST_NAME           DEPARTMENT_NAME                                            
-------------------- ------------------------------                             
David                IT                                                         
Valli                IT                                                         
Bruce                IT                                                         
Diana                IT                                                         
Alexander            IT                                                         
Hermann              Public Relations                                           
Ellen                Sales                                                      
Sundar               Sales                                                      
Amit                 Sales                                                      
Elizabeth            Sales                                                      
David                Sales                                                      

FIRST_NAME           DEPARTMENT_NAME                                            
-------------------- ------------------------------                             
Harrison             Sales                                                      
Gerald               Sales                                                      
Nanette              Sales                                                      
Louise               Sales                                                      
Alberto              Sales                                                      
Tayler               Sales                                                      
Danielle             Sales                                                      
Peter                Sales                                                      
Alyssa               Sales                                                      
Charles              Sales                                                      
Janette              Sales                                                      

FIRST_NAME           DEPARTMENT_NAME                                            
-------------------- ------------------------------                             
Sundita              Sales                                                      
David                Sales                                                      
Jack                 Sales                                                      
Mattea               Sales                                                      
Allan                Sales                                                      
Christopher          Sales                                                      
Lisa                 Sales                                                      
Karen                Sales                                                      
John                 Sales                                                      
Sarath               Sales                                                      
Lindsey              Sales                                                      

FIRST_NAME           DEPARTMENT_NAME                                            
-------------------- ------------------------------                             
William              Sales                                                      
Patrick              Sales                                                      
Jonathon             Sales                                                      
Peter                Sales                                                      
Oliver               Sales                                                      
Clara                Sales                                                      
Eleni                Sales                                                      
Neena                Executive                                                  
Steven               Executive                                                  
Lex                  Executive                                                  
Luis                 Finance                                                    

FIRST_NAME           DEPARTMENT_NAME                                            
-------------------- ------------------------------                             
Jose Manuel          Finance                                                    
John                 Finance                                                    
Daniel               Finance                                                    
Ismael               Finance                                                    
Nancy                Finance                                                    
William              Accounting                                                 
Shelley              Accounting                                                 

106 rows selected.

SQL> rem alter is dda which is auto committed
SQL> alter table employees rename column did to department_id;

Table altered.

SQL> desc employees;
 Name                                      Null?    Type
 ----------------------------------------- -------- ----------------------------
 EMPLOYEE_ID                               NOT NULL NUMBER(6)
 FIRST_NAME                                         VARCHAR2(20)
 LAST_NAME                                 NOT NULL VARCHAR2(25)
 EMAIL                                     NOT NULL VARCHAR2(25)
 PHONE_NUMBER                                       VARCHAR2(20)
 HIRE_DATE                                 NOT NULL DATE
 JOB_ID                                    NOT NULL VARCHAR2(10)
 SALARY                                             NUMBER(8,2)
 COMMISSION_PCT                                     NUMBER(2,2)
 MANAGER_ID                                         NUMBER(6)
 DEPARTMENT_ID                                      NUMBER(4)

SQL> select first_name,department_name from employees join departments  on (employees.department_id=departments.department_id) where salary>10000;

FIRST_NAME           DEPARTMENT_NAME                                            
-------------------- ------------------------------                             
Michael              Marketing                                                  
Den                  Purchasing                                                 
Alberto              Sales                                                      
Ellen                Sales                                                      
Lisa                 Sales                                                      
Clara                Sales                                                      
Eleni                Sales                                                      
John                 Sales                                                      
Karen                Sales                                                      
Gerald               Sales                                                      
Steven               Executive                                                  

FIRST_NAME           DEPARTMENT_NAME                                            
-------------------- ------------------------------                             
Neena                Executive                                                  
Lex                  Executive                                                  
Nancy                Finance                                                    
Shelley              Accounting                                                 

15 rows selected.

SQL> select first_name,department_name,salary from employees join departments  on (employees.department_id=departments.department_id) and salary>10000;

FIRST_NAME           DEPARTMENT_NAME                    SALARY                  
-------------------- ------------------------------ ----------                  
Michael              Marketing                           13000                  
Den                  Purchasing                          11000                  
Alberto              Sales                               12000                  
Ellen                Sales                               11000                  
Lisa                 Sales                               11500                  
Clara                Sales                               10500                  
Eleni                Sales                               10500                  
John                 Sales                               14000                  
Karen                Sales                               13500                  
Gerald               Sales                               11000                  
Steven               Executive                           24000                  

FIRST_NAME           DEPARTMENT_NAME                    SALARY                  
-------------------- ------------------------------ ----------                  
Neena                Executive                           17000                  
Lex                  Executive                           17000                  
Nancy                Finance                             12008                  
Shelley              Accounting                          12008                  

15 rows selected.

SQL> rem where and can be used
SQL> select first_name,department_name,city from employees join departments  on (employees.department_id=departments.department_id) and city from locations;
select first_name,department_name,city from employees join departments  on (employees.department_id=departments.department_id) and city from locations
                                                                                                                                        *
ERROR at line 1:
ORA-00920: invalid relational operator 


SQL> select first_name,department_name from employees join departments  on (employees.department_id=departments.department_id) and city from locations;
select first_name,department_name from employees join departments  on (employees.department_id=departments.department_id) and city from locations
                                                                                                                                   *
ERROR at line 1:
ORA-00920: invalid relational operator 


SQL> select first_name,department_name,city from employees join departments  on (employees.department_id=departments.department_id) AND from departments join locations  on <departments.location_id=locations.location_id>;
select first_name,department_name,city from employees join departments  on (employees.department_id=departments.department_id) AND from departments join locations  on <departments.location_id=locations.location_id>
                                                                                                                                   *
ERROR at line 1:
ORA-00936: missing expression 


SQL> select first_name,department_name,city from employees join departments using (department_id) join locations using(location_id);

FIRST_NAME           DEPARTMENT_NAME                                            
-------------------- ------------------------------                             
CITY                                                                            
------------------------------                                                  
Ellen                Sales                                                      
Oxford                                                                          
                                                                                
Sundar               Sales                                                      
Oxford                                                                          
                                                                                
Mozhe                Shipping                                                   
South San Francisco                                                             
                                                                                

FIRST_NAME           DEPARTMENT_NAME                                            
-------------------- ------------------------------                             
CITY                                                                            
------------------------------                                                  
David                IT                                                         
Southlake                                                                       
                                                                                
Hermann              Public Relations                                           
Munich                                                                          
                                                                                
Shelli               Purchasing                                                 
Seattle                                                                         
                                                                                

FIRST_NAME           DEPARTMENT_NAME                                            
-------------------- ------------------------------                             
CITY                                                                            
------------------------------                                                  
Amit                 Sales                                                      
Oxford                                                                          
                                                                                
Elizabeth            Sales                                                      
Oxford                                                                          
                                                                                
Sarah                Shipping                                                   
South San Francisco                                                             
                                                                                

FIRST_NAME           DEPARTMENT_NAME                                            
-------------------- ------------------------------                             
CITY                                                                            
------------------------------                                                  
David                Sales                                                      
Oxford                                                                          
                                                                                
Laura                Shipping                                                   
South San Francisco                                                             
                                                                                
Harrison             Sales                                                      
Oxford                                                                          
                                                                                

FIRST_NAME           DEPARTMENT_NAME                                            
-------------------- ------------------------------                             
CITY                                                                            
------------------------------                                                  
Alexis               Shipping                                                   
South San Francisco                                                             
                                                                                
Anthony              Shipping                                                   
South San Francisco                                                             
                                                                                
Gerald               Sales                                                      
Oxford                                                                          
                                                                                

FIRST_NAME           DEPARTMENT_NAME                                            
-------------------- ------------------------------                             
CITY                                                                            
------------------------------                                                  
Nanette              Sales                                                      
Oxford                                                                          
                                                                                
John                 Finance                                                    
Seattle                                                                         
                                                                                
Kelly                Shipping                                                   
South San Francisco                                                             
                                                                                

FIRST_NAME           DEPARTMENT_NAME                                            
-------------------- ------------------------------                             
CITY                                                                            
------------------------------                                                  
Karen                Purchasing                                                 
Seattle                                                                         
                                                                                
Curtis               Shipping                                                   
South San Francisco                                                             
                                                                                
Lex                  Executive                                                  
Seattle                                                                         
                                                                                

FIRST_NAME           DEPARTMENT_NAME                                            
-------------------- ------------------------------                             
CITY                                                                            
------------------------------                                                  
Julia                Shipping                                                   
South San Francisco                                                             
                                                                                
Jennifer             Shipping                                                   
South San Francisco                                                             
                                                                                
Louise               Sales                                                      
Oxford                                                                          
                                                                                

FIRST_NAME           DEPARTMENT_NAME                                            
-------------------- ------------------------------                             
CITY                                                                            
------------------------------                                                  
Bruce                IT                                                         
Southlake                                                                       
                                                                                
Alberto              Sales                                                      
Oxford                                                                          
                                                                                
Britney              Shipping                                                   
South San Francisco                                                             
                                                                                

FIRST_NAME           DEPARTMENT_NAME                                            
-------------------- ------------------------------                             
CITY                                                                            
------------------------------                                                  
Daniel               Finance                                                    
Seattle                                                                         
                                                                                
Pat                  Marketing                                                  
Toronto                                                                         
                                                                                
Kevin                Shipping                                                   
South San Francisco                                                             
                                                                                

FIRST_NAME           DEPARTMENT_NAME                                            
-------------------- ------------------------------                             
CITY                                                                            
------------------------------                                                  
Jean                 Shipping                                                   
South San Francisco                                                             
                                                                                
Tayler               Sales                                                      
Oxford                                                                          
                                                                                
Adam                 Shipping                                                   
South San Francisco                                                             
                                                                                

FIRST_NAME           DEPARTMENT_NAME                                            
-------------------- ------------------------------                             
CITY                                                                            
------------------------------                                                  
Timothy              Shipping                                                   
South San Francisco                                                             
                                                                                
Ki                   Shipping                                                   
South San Francisco                                                             
                                                                                
Girard               Shipping                                                   
South San Francisco                                                             
                                                                                

FIRST_NAME           DEPARTMENT_NAME                                            
-------------------- ------------------------------                             
CITY                                                                            
------------------------------                                                  
William              Accounting                                                 
Seattle                                                                         
                                                                                
Douglas              Shipping                                                   
South San Francisco                                                             
                                                                                
Nancy                Finance                                                    
Seattle                                                                         
                                                                                

FIRST_NAME           DEPARTMENT_NAME                                            
-------------------- ------------------------------                             
CITY                                                                            
------------------------------                                                  
Danielle             Sales                                                      
Oxford                                                                          
                                                                                
Peter                Sales                                                      
Oxford                                                                          
                                                                                
Michael              Marketing                                                  
Toronto                                                                         
                                                                                

FIRST_NAME           DEPARTMENT_NAME                                            
-------------------- ------------------------------                             
CITY                                                                            
------------------------------                                                  
Shelley              Accounting                                                 
Seattle                                                                         
                                                                                
Guy                  Purchasing                                                 
Seattle                                                                         
                                                                                
Alexander            IT                                                         
Southlake                                                                       
                                                                                

FIRST_NAME           DEPARTMENT_NAME                                            
-------------------- ------------------------------                             
CITY                                                                            
------------------------------                                                  
Alyssa               Sales                                                      
Oxford                                                                          
                                                                                
Charles              Sales                                                      
Oxford                                                                          
                                                                                
Vance                Shipping                                                   
South San Francisco                                                             
                                                                                

FIRST_NAME           DEPARTMENT_NAME                                            
-------------------- ------------------------------                             
CITY                                                                            
------------------------------                                                  
Payam                Shipping                                                   
South San Francisco                                                             
                                                                                
Alexander            Purchasing                                                 
Seattle                                                                         
                                                                                
Janette              Sales                                                      
Oxford                                                                          
                                                                                

FIRST_NAME           DEPARTMENT_NAME                                            
-------------------- ------------------------------                             
CITY                                                                            
------------------------------                                                  
Steven               Executive                                                  
Seattle                                                                         
                                                                                
Neena                Executive                                                  
Seattle                                                                         
                                                                                
Sundita              Sales                                                      
Oxford                                                                          
                                                                                

FIRST_NAME           DEPARTMENT_NAME                                            
-------------------- ------------------------------                             
CITY                                                                            
------------------------------                                                  
Renske               Shipping                                                   
South San Francisco                                                             
                                                                                
James                Shipping                                                   
South San Francisco                                                             
                                                                                
David                Sales                                                      
Oxford                                                                          
                                                                                

FIRST_NAME           DEPARTMENT_NAME                                            
-------------------- ------------------------------                             
CITY                                                                            
------------------------------                                                  
Jack                 Sales                                                      
Oxford                                                                          
                                                                                
Diana                IT                                                         
Southlake                                                                       
                                                                                
Jason                Shipping                                                   
South San Francisco                                                             
                                                                                

FIRST_NAME           DEPARTMENT_NAME                                            
-------------------- ------------------------------                             
CITY                                                                            
------------------------------                                                  
Steven               Shipping                                                   
South San Francisco                                                             
                                                                                
James                Shipping                                                   
South San Francisco                                                             
                                                                                
Mattea               Sales                                                      
Oxford                                                                          
                                                                                

FIRST_NAME           DEPARTMENT_NAME                                            
-------------------- ------------------------------                             
CITY                                                                            
------------------------------                                                  
Randall              Shipping                                                   
South San Francisco                                                             
                                                                                
Susan                Human Resources                                            
London                                                                          
                                                                                
Samuel               Shipping                                                   
South San Francisco                                                             
                                                                                

FIRST_NAME           DEPARTMENT_NAME                                            
-------------------- ------------------------------                             
CITY                                                                            
------------------------------                                                  
Allan                Sales                                                      
Oxford                                                                          
                                                                                
Irene                Shipping                                                   
South San Francisco                                                             
                                                                                
Kevin                Shipping                                                   
South San Francisco                                                             
                                                                                

FIRST_NAME           DEPARTMENT_NAME                                            
-------------------- ------------------------------                             
CITY                                                                            
------------------------------                                                  
Julia                Shipping                                                   
South San Francisco                                                             
                                                                                
Donald               Shipping                                                   
South San Francisco                                                             
                                                                                
Christopher          Sales                                                      
Oxford                                                                          
                                                                                

FIRST_NAME           DEPARTMENT_NAME                                            
-------------------- ------------------------------                             
CITY                                                                            
------------------------------                                                  
TJ                   Shipping                                                   
South San Francisco                                                             
                                                                                
Lisa                 Sales                                                      
Oxford                                                                          
                                                                                
Karen                Sales                                                      
Oxford                                                                          
                                                                                

FIRST_NAME           DEPARTMENT_NAME                                            
-------------------- ------------------------------                             
CITY                                                                            
------------------------------                                                  
Valli                IT                                                         
Southlake                                                                       
                                                                                
Joshua               Shipping                                                   
South San Francisco                                                             
                                                                                
Randall              Shipping                                                   
South San Francisco                                                             
                                                                                

FIRST_NAME           DEPARTMENT_NAME                                            
-------------------- ------------------------------                             
CITY                                                                            
------------------------------                                                  
Hazel                Shipping                                                   
South San Francisco                                                             
                                                                                
Luis                 Finance                                                    
Seattle                                                                         
                                                                                
Trenna               Shipping                                                   
South San Francisco                                                             
                                                                                

FIRST_NAME           DEPARTMENT_NAME                                            
-------------------- ------------------------------                             
CITY                                                                            
------------------------------                                                  
Den                  Purchasing                                                 
Seattle                                                                         
                                                                                
Michael              Shipping                                                   
South San Francisco                                                             
                                                                                
John                 Sales                                                      
Oxford                                                                          
                                                                                

FIRST_NAME           DEPARTMENT_NAME                                            
-------------------- ------------------------------                             
CITY                                                                            
------------------------------                                                  
Nandita              Shipping                                                   
South San Francisco                                                             
                                                                                
Ismael               Finance                                                    
Seattle                                                                         
                                                                                
John                 Shipping                                                   
South San Francisco                                                             
                                                                                

FIRST_NAME           DEPARTMENT_NAME                                            
-------------------- ------------------------------                             
CITY                                                                            
------------------------------                                                  
Sarath               Sales                                                      
Oxford                                                                          
                                                                                
Lindsey              Sales                                                      
Oxford                                                                          
                                                                                
William              Sales                                                      
Oxford                                                                          
                                                                                

FIRST_NAME           DEPARTMENT_NAME                                            
-------------------- ------------------------------                             
CITY                                                                            
------------------------------                                                  
Stephen              Shipping                                                   
South San Francisco                                                             
                                                                                
Martha               Shipping                                                   
South San Francisco                                                             
                                                                                
Patrick              Sales                                                      
Oxford                                                                          
                                                                                

FIRST_NAME           DEPARTMENT_NAME                                            
-------------------- ------------------------------                             
CITY                                                                            
------------------------------                                                  
Jonathon             Sales                                                      
Oxford                                                                          
                                                                                
Winston              Shipping                                                   
South San Francisco                                                             
                                                                                
Sigal                Purchasing                                                 
Seattle                                                                         
                                                                                

FIRST_NAME           DEPARTMENT_NAME                                            
-------------------- ------------------------------                             
CITY                                                                            
------------------------------                                                  
Peter                Sales                                                      
Oxford                                                                          
                                                                                
Oliver               Sales                                                      
Oxford                                                                          
                                                                                
Jose Manuel          Finance                                                    
Seattle                                                                         
                                                                                

FIRST_NAME           DEPARTMENT_NAME                                            
-------------------- ------------------------------                             
CITY                                                                            
------------------------------                                                  
Peter                Shipping                                                   
South San Francisco                                                             
                                                                                
Clara                Sales                                                      
Oxford                                                                          
                                                                                
Shanta               Shipping                                                   
South San Francisco                                                             
                                                                                

FIRST_NAME           DEPARTMENT_NAME                                            
-------------------- ------------------------------                             
CITY                                                                            
------------------------------                                                  
Alana                Shipping                                                   
South San Francisco                                                             
                                                                                
Matthew              Shipping                                                   
South San Francisco                                                             
                                                                                
Jennifer             Administration                                             
Seattle                                                                         
                                                                                

FIRST_NAME           DEPARTMENT_NAME                                            
-------------------- ------------------------------                             
CITY                                                                            
------------------------------                                                  
Eleni                Sales                                                      
Oxford                                                                          
                                                                                

106 rows selected.

SQL> set line 250
SQL> select first_name,department_name,city from employees join departments using (department_id) join locations using(location_id);

FIRST_NAME           DEPARTMENT_NAME                CITY                                                                                                                                                                                                  
-------------------- ------------------------------ ------------------------------                                                                                                                                                                        
Ellen                Sales                          Oxford                                                                                                                                                                                                
Sundar               Sales                          Oxford                                                                                                                                                                                                
Mozhe                Shipping                       South San Francisco                                                                                                                                                                                   
David                IT                             Southlake                                                                                                                                                                                             
Hermann              Public Relations               Munich                                                                                                                                                                                                
Shelli               Purchasing                     Seattle                                                                                                                                                                                               
Amit                 Sales                          Oxford                                                                                                                                                                                                
Elizabeth            Sales                          Oxford                                                                                                                                                                                                
Sarah                Shipping                       South San Francisco                                                                                                                                                                                   
David                Sales                          Oxford                                                                                                                                                                                                
Laura                Shipping                       South San Francisco                                                                                                                                                                                   

FIRST_NAME           DEPARTMENT_NAME                CITY                                                                                                                                                                                                  
-------------------- ------------------------------ ------------------------------                                                                                                                                                                        
Harrison             Sales                          Oxford                                                                                                                                                                                                
Alexis               Shipping                       South San Francisco                                                                                                                                                                                   
Anthony              Shipping                       South San Francisco                                                                                                                                                                                   
Gerald               Sales                          Oxford                                                                                                                                                                                                
Nanette              Sales                          Oxford                                                                                                                                                                                                
John                 Finance                        Seattle                                                                                                                                                                                               
Kelly                Shipping                       South San Francisco                                                                                                                                                                                   
Karen                Purchasing                     Seattle                                                                                                                                                                                               
Curtis               Shipping                       South San Francisco                                                                                                                                                                                   
Lex                  Executive                      Seattle                                                                                                                                                                                               
Julia                Shipping                       South San Francisco                                                                                                                                                                                   

FIRST_NAME           DEPARTMENT_NAME                CITY                                                                                                                                                                                                  
-------------------- ------------------------------ ------------------------------                                                                                                                                                                        
Jennifer             Shipping                       South San Francisco                                                                                                                                                                                   
Louise               Sales                          Oxford                                                                                                                                                                                                
Bruce                IT                             Southlake                                                                                                                                                                                             
Alberto              Sales                          Oxford                                                                                                                                                                                                
Britney              Shipping                       South San Francisco                                                                                                                                                                                   
Daniel               Finance                        Seattle                                                                                                                                                                                               
Pat                  Marketing                      Toronto                                                                                                                                                                                               
Kevin                Shipping                       South San Francisco                                                                                                                                                                                   
Jean                 Shipping                       South San Francisco                                                                                                                                                                                   
Tayler               Sales                          Oxford                                                                                                                                                                                                
Adam                 Shipping                       South San Francisco                                                                                                                                                                                   

FIRST_NAME           DEPARTMENT_NAME                CITY                                                                                                                                                                                                  
-------------------- ------------------------------ ------------------------------                                                                                                                                                                        
Timothy              Shipping                       South San Francisco                                                                                                                                                                                   
Ki                   Shipping                       South San Francisco                                                                                                                                                                                   
Girard               Shipping                       South San Francisco                                                                                                                                                                                   
William              Accounting                     Seattle                                                                                                                                                                                               
Douglas              Shipping                       South San Francisco                                                                                                                                                                                   
Nancy                Finance                        Seattle                                                                                                                                                                                               
Danielle             Sales                          Oxford                                                                                                                                                                                                
Peter                Sales                          Oxford                                                                                                                                                                                                
Michael              Marketing                      Toronto                                                                                                                                                                                               
Shelley              Accounting                     Seattle                                                                                                                                                                                               
Guy                  Purchasing                     Seattle                                                                                                                                                                                               

FIRST_NAME           DEPARTMENT_NAME                CITY                                                                                                                                                                                                  
-------------------- ------------------------------ ------------------------------                                                                                                                                                                        
Alexander            IT                             Southlake                                                                                                                                                                                             
Alyssa               Sales                          Oxford                                                                                                                                                                                                
Charles              Sales                          Oxford                                                                                                                                                                                                
Vance                Shipping                       South San Francisco                                                                                                                                                                                   
Payam                Shipping                       South San Francisco                                                                                                                                                                                   
Alexander            Purchasing                     Seattle                                                                                                                                                                                               
Janette              Sales                          Oxford                                                                                                                                                                                                
Steven               Executive                      Seattle                                                                                                                                                                                               
Neena                Executive                      Seattle                                                                                                                                                                                               
Sundita              Sales                          Oxford                                                                                                                                                                                                
Renske               Shipping                       South San Francisco                                                                                                                                                                                   

FIRST_NAME           DEPARTMENT_NAME                CITY                                                                                                                                                                                                  
-------------------- ------------------------------ ------------------------------                                                                                                                                                                        
James                Shipping                       South San Francisco                                                                                                                                                                                   
David                Sales                          Oxford                                                                                                                                                                                                
Jack                 Sales                          Oxford                                                                                                                                                                                                
Diana                IT                             Southlake                                                                                                                                                                                             
Jason                Shipping                       South San Francisco                                                                                                                                                                                   
Steven               Shipping                       South San Francisco                                                                                                                                                                                   
James                Shipping                       South San Francisco                                                                                                                                                                                   
Mattea               Sales                          Oxford                                                                                                                                                                                                
Randall              Shipping                       South San Francisco                                                                                                                                                                                   
Susan                Human Resources                London                                                                                                                                                                                                
Samuel               Shipping                       South San Francisco                                                                                                                                                                                   

FIRST_NAME           DEPARTMENT_NAME                CITY                                                                                                                                                                                                  
-------------------- ------------------------------ ------------------------------                                                                                                                                                                        
Allan                Sales                          Oxford                                                                                                                                                                                                
Irene                Shipping                       South San Francisco                                                                                                                                                                                   
Kevin                Shipping                       South San Francisco                                                                                                                                                                                   
Julia                Shipping                       South San Francisco                                                                                                                                                                                   
Donald               Shipping                       South San Francisco                                                                                                                                                                                   
Christopher          Sales                          Oxford                                                                                                                                                                                                
TJ                   Shipping                       South San Francisco                                                                                                                                                                                   
Lisa                 Sales                          Oxford                                                                                                                                                                                                
Karen                Sales                          Oxford                                                                                                                                                                                                
Valli                IT                             Southlake                                                                                                                                                                                             
Joshua               Shipping                       South San Francisco                                                                                                                                                                                   

FIRST_NAME           DEPARTMENT_NAME                CITY                                                                                                                                                                                                  
-------------------- ------------------------------ ------------------------------                                                                                                                                                                        
Randall              Shipping                       South San Francisco                                                                                                                                                                                   
Hazel                Shipping                       South San Francisco                                                                                                                                                                                   
Luis                 Finance                        Seattle                                                                                                                                                                                               
Trenna               Shipping                       South San Francisco                                                                                                                                                                                   
Den                  Purchasing                     Seattle                                                                                                                                                                                               
Michael              Shipping                       South San Francisco                                                                                                                                                                                   
John                 Sales                          Oxford                                                                                                                                                                                                
Nandita              Shipping                       South San Francisco                                                                                                                                                                                   
Ismael               Finance                        Seattle                                                                                                                                                                                               
John                 Shipping                       South San Francisco                                                                                                                                                                                   
Sarath               Sales                          Oxford                                                                                                                                                                                                

FIRST_NAME           DEPARTMENT_NAME                CITY                                                                                                                                                                                                  
-------------------- ------------------------------ ------------------------------                                                                                                                                                                        
Lindsey              Sales                          Oxford                                                                                                                                                                                                
William              Sales                          Oxford                                                                                                                                                                                                
Stephen              Shipping                       South San Francisco                                                                                                                                                                                   
Martha               Shipping                       South San Francisco                                                                                                                                                                                   
Patrick              Sales                          Oxford                                                                                                                                                                                                
Jonathon             Sales                          Oxford                                                                                                                                                                                                
Winston              Shipping                       South San Francisco                                                                                                                                                                                   
Sigal                Purchasing                     Seattle                                                                                                                                                                                               
Peter                Sales                          Oxford                                                                                                                                                                                                
Oliver               Sales                          Oxford                                                                                                                                                                                                
Jose Manuel          Finance                        Seattle                                                                                                                                                                                               

FIRST_NAME           DEPARTMENT_NAME                CITY                                                                                                                                                                                                  
-------------------- ------------------------------ ------------------------------                                                                                                                                                                        
Peter                Shipping                       South San Francisco                                                                                                                                                                                   
Clara                Sales                          Oxford                                                                                                                                                                                                
Shanta               Shipping                       South San Francisco                                                                                                                                                                                   
Alana                Shipping                       South San Francisco                                                                                                                                                                                   
Matthew              Shipping                       South San Francisco                                                                                                                                                                                   
Jennifer             Administration                 Seattle                                                                                                                                                                                               
Eleni                Sales                          Oxford                                                                                                                                                                                                

106 rows selected.

SQL> select first_name,department_name,city,country_name from employees join departments using (department_id) join locations using(location_id) join countrie using(country_id);
select first_name,department_name,city,country_name from employees join departments using (department_id) join locations using(location_id) join countrie using(country_id)
                                                                                                                                                 *
ERROR at line 1:
ORA-00942: table or view does not exist 


SQL> select first_name,department_name,city,country_name from employees join departments using (department_id) join locations using(location_id) join countries using(country_id);

FIRST_NAME           DEPARTMENT_NAME                CITY                           COUNTRY_NAME                                                                                                                                                           
-------------------- ------------------------------ ------------------------------ ----------------------------------------                                                                                                                               
Ellen                Sales                          Oxford                         United Kingdom                                                                                                                                                         
Sundar               Sales                          Oxford                         United Kingdom                                                                                                                                                         
Mozhe                Shipping                       South San Francisco            United States of America                                                                                                                                               
David                IT                             Southlake                      United States of America                                                                                                                                               
Hermann              Public Relations               Munich                         Germany                                                                                                                                                                
Shelli               Purchasing                     Seattle                        United States of America                                                                                                                                               
Amit                 Sales                          Oxford                         United Kingdom                                                                                                                                                         
Elizabeth            Sales                          Oxford                         United Kingdom                                                                                                                                                         
Sarah                Shipping                       South San Francisco            United States of America                                                                                                                                               
David                Sales                          Oxford                         United Kingdom                                                                                                                                                         
Laura                Shipping                       South San Francisco            United States of America                                                                                                                                               

FIRST_NAME           DEPARTMENT_NAME                CITY                           COUNTRY_NAME                                                                                                                                                           
-------------------- ------------------------------ ------------------------------ ----------------------------------------                                                                                                                               
Harrison             Sales                          Oxford                         United Kingdom                                                                                                                                                         
Alexis               Shipping                       South San Francisco            United States of America                                                                                                                                               
Anthony              Shipping                       South San Francisco            United States of America                                                                                                                                               
Gerald               Sales                          Oxford                         United Kingdom                                                                                                                                                         
Nanette              Sales                          Oxford                         United Kingdom                                                                                                                                                         
John                 Finance                        Seattle                        United States of America                                                                                                                                               
Kelly                Shipping                       South San Francisco            United States of America                                                                                                                                               
Karen                Purchasing                     Seattle                        United States of America                                                                                                                                               
Curtis               Shipping                       South San Francisco            United States of America                                                                                                                                               
Lex                  Executive                      Seattle                        United States of America                                                                                                                                               
Julia                Shipping                       South San Francisco            United States of America                                                                                                                                               

FIRST_NAME           DEPARTMENT_NAME                CITY                           COUNTRY_NAME                                                                                                                                                           
-------------------- ------------------------------ ------------------------------ ----------------------------------------                                                                                                                               
Jennifer             Shipping                       South San Francisco            United States of America                                                                                                                                               
Louise               Sales                          Oxford                         United Kingdom                                                                                                                                                         
Bruce                IT                             Southlake                      United States of America                                                                                                                                               
Alberto              Sales                          Oxford                         United Kingdom                                                                                                                                                         
Britney              Shipping                       South San Francisco            United States of America                                                                                                                                               
Daniel               Finance                        Seattle                        United States of America                                                                                                                                               
Pat                  Marketing                      Toronto                        Canada                                                                                                                                                                 
Kevin                Shipping                       South San Francisco            United States of America                                                                                                                                               
Jean                 Shipping                       South San Francisco            United States of America                                                                                                                                               
Tayler               Sales                          Oxford                         United Kingdom                                                                                                                                                         
Adam                 Shipping                       South San Francisco            United States of America                                                                                                                                               

FIRST_NAME           DEPARTMENT_NAME                CITY                           COUNTRY_NAME                                                                                                                                                           
-------------------- ------------------------------ ------------------------------ ----------------------------------------                                                                                                                               
Timothy              Shipping                       South San Francisco            United States of America                                                                                                                                               
Ki                   Shipping                       South San Francisco            United States of America                                                                                                                                               
Girard               Shipping                       South San Francisco            United States of America                                                                                                                                               
William              Accounting                     Seattle                        United States of America                                                                                                                                               
Douglas              Shipping                       South San Francisco            United States of America                                                                                                                                               
Nancy                Finance                        Seattle                        United States of America                                                                                                                                               
Danielle             Sales                          Oxford                         United Kingdom                                                                                                                                                         
Peter                Sales                          Oxford                         United Kingdom                                                                                                                                                         
Michael              Marketing                      Toronto                        Canada                                                                                                                                                                 
Shelley              Accounting                     Seattle                        United States of America                                                                                                                                               
Guy                  Purchasing                     Seattle                        United States of America                                                                                                                                               

FIRST_NAME           DEPARTMENT_NAME                CITY                           COUNTRY_NAME                                                                                                                                                           
-------------------- ------------------------------ ------------------------------ ----------------------------------------                                                                                                                               
Alexander            IT                             Southlake                      United States of America                                                                                                                                               
Alyssa               Sales                          Oxford                         United Kingdom                                                                                                                                                         
Charles              Sales                          Oxford                         United Kingdom                                                                                                                                                         
Vance                Shipping                       South San Francisco            United States of America                                                                                                                                               
Payam                Shipping                       South San Francisco            United States of America                                                                                                                                               
Alexander            Purchasing                     Seattle                        United States of America                                                                                                                                               
Janette              Sales                          Oxford                         United Kingdom                                                                                                                                                         
Steven               Executive                      Seattle                        United States of America                                                                                                                                               
Neena                Executive                      Seattle                        United States of America                                                                                                                                               
Sundita              Sales                          Oxford                         United Kingdom                                                                                                                                                         
Renske               Shipping                       South San Francisco            United States of America                                                                                                                                               

FIRST_NAME           DEPARTMENT_NAME                CITY                           COUNTRY_NAME                                                                                                                                                           
-------------------- ------------------------------ ------------------------------ ----------------------------------------                                                                                                                               
James                Shipping                       South San Francisco            United States of America                                                                                                                                               
David                Sales                          Oxford                         United Kingdom                                                                                                                                                         
Jack                 Sales                          Oxford                         United Kingdom                                                                                                                                                         
Diana                IT                             Southlake                      United States of America                                                                                                                                               
Jason                Shipping                       South San Francisco            United States of America                                                                                                                                               
Steven               Shipping                       South San Francisco            United States of America                                                                                                                                               
James                Shipping                       South San Francisco            United States of America                                                                                                                                               
Mattea               Sales                          Oxford                         United Kingdom                                                                                                                                                         
Randall              Shipping                       South San Francisco            United States of America                                                                                                                                               
Susan                Human Resources                London                         United Kingdom                                                                                                                                                         
Samuel               Shipping                       South San Francisco            United States of America                                                                                                                                               

FIRST_NAME           DEPARTMENT_NAME                CITY                           COUNTRY_NAME                                                                                                                                                           
-------------------- ------------------------------ ------------------------------ ----------------------------------------                                                                                                                               
Allan                Sales                          Oxford                         United Kingdom                                                                                                                                                         
Irene                Shipping                       South San Francisco            United States of America                                                                                                                                               
Kevin                Shipping                       South San Francisco            United States of America                                                                                                                                               
Julia                Shipping                       South San Francisco            United States of America                                                                                                                                               
Donald               Shipping                       South San Francisco            United States of America                                                                                                                                               
Christopher          Sales                          Oxford                         United Kingdom                                                                                                                                                         
TJ                   Shipping                       South San Francisco            United States of America                                                                                                                                               
Lisa                 Sales                          Oxford                         United Kingdom                                                                                                                                                         
Karen                Sales                          Oxford                         United Kingdom                                                                                                                                                         
Valli                IT                             Southlake                      United States of America                                                                                                                                               
Joshua               Shipping                       South San Francisco            United States of America                                                                                                                                               

FIRST_NAME           DEPARTMENT_NAME                CITY                           COUNTRY_NAME                                                                                                                                                           
-------------------- ------------------------------ ------------------------------ ----------------------------------------                                                                                                                               
Randall              Shipping                       South San Francisco            United States of America                                                                                                                                               
Hazel                Shipping                       South San Francisco            United States of America                                                                                                                                               
Luis                 Finance                        Seattle                        United States of America                                                                                                                                               
Trenna               Shipping                       South San Francisco            United States of America                                                                                                                                               
Den                  Purchasing                     Seattle                        United States of America                                                                                                                                               
Michael              Shipping                       South San Francisco            United States of America                                                                                                                                               
John                 Sales                          Oxford                         United Kingdom                                                                                                                                                         
Nandita              Shipping                       South San Francisco            United States of America                                                                                                                                               
Ismael               Finance                        Seattle                        United States of America                                                                                                                                               
John                 Shipping                       South San Francisco            United States of America                                                                                                                                               
Sarath               Sales                          Oxford                         United Kingdom                                                                                                                                                         

FIRST_NAME           DEPARTMENT_NAME                CITY                           COUNTRY_NAME                                                                                                                                                           
-------------------- ------------------------------ ------------------------------ ----------------------------------------                                                                                                                               
Lindsey              Sales                          Oxford                         United Kingdom                                                                                                                                                         
William              Sales                          Oxford                         United Kingdom                                                                                                                                                         
Stephen              Shipping                       South San Francisco            United States of America                                                                                                                                               
Martha               Shipping                       South San Francisco            United States of America                                                                                                                                               
Patrick              Sales                          Oxford                         United Kingdom                                                                                                                                                         
Jonathon             Sales                          Oxford                         United Kingdom                                                                                                                                                         
Winston              Shipping                       South San Francisco            United States of America                                                                                                                                               
Sigal                Purchasing                     Seattle                        United States of America                                                                                                                                               
Peter                Sales                          Oxford                         United Kingdom                                                                                                                                                         
Oliver               Sales                          Oxford                         United Kingdom                                                                                                                                                         
Jose Manuel          Finance                        Seattle                        United States of America                                                                                                                                               

FIRST_NAME           DEPARTMENT_NAME                CITY                           COUNTRY_NAME                                                                                                                                                           
-------------------- ------------------------------ ------------------------------ ----------------------------------------                                                                                                                               
Peter                Shipping                       South San Francisco            United States of America                                                                                                                                               
Clara                Sales                          Oxford                         United Kingdom                                                                                                                                                         
Shanta               Shipping                       South San Francisco            United States of America                                                                                                                                               
Alana                Shipping                       South San Francisco            United States of America                                                                                                                                               
Matthew              Shipping                       South San Francisco            United States of America                                                                                                                                               
Jennifer             Administration                 Seattle                        United States of America                                                                                                                                               
Eleni                Sales                          Oxford                         United Kingdom                                                                                                                                                         

106 rows selected.

SQL> select first_name,department_name,city,country_name from employees join departments using (department_id) join locations using(location_id) join countrie using(country_id)
  2  
SQL> select first_name,department_name,city,country_name from employees
  2  join departments using (department_id)
  3  join locations using (location_id)
  4  join countries using (country_id)
  5  join regions using (region_id);

FIRST_NAME           DEPARTMENT_NAME                CITY                           COUNTRY_NAME                                                                                                                                                           
-------------------- ------------------------------ ------------------------------ ----------------------------------------                                                                                                                               
Ellen                Sales                          Oxford                         United Kingdom                                                                                                                                                         
Sundar               Sales                          Oxford                         United Kingdom                                                                                                                                                         
Mozhe                Shipping                       South San Francisco            United States of America                                                                                                                                               
David                IT                             Southlake                      United States of America                                                                                                                                               
Hermann              Public Relations               Munich                         Germany                                                                                                                                                                
Shelli               Purchasing                     Seattle                        United States of America                                                                                                                                               
Amit                 Sales                          Oxford                         United Kingdom                                                                                                                                                         
Elizabeth            Sales                          Oxford                         United Kingdom                                                                                                                                                         
Sarah                Shipping                       South San Francisco            United States of America                                                                                                                                               
David                Sales                          Oxford                         United Kingdom                                                                                                                                                         
Laura                Shipping                       South San Francisco            United States of America                                                                                                                                               

FIRST_NAME           DEPARTMENT_NAME                CITY                           COUNTRY_NAME                                                                                                                                                           
-------------------- ------------------------------ ------------------------------ ----------------------------------------                                                                                                                               
Harrison             Sales                          Oxford                         United Kingdom                                                                                                                                                         
Alexis               Shipping                       South San Francisco            United States of America                                                                                                                                               
Anthony              Shipping                       South San Francisco            United States of America                                                                                                                                               
Gerald               Sales                          Oxford                         United Kingdom                                                                                                                                                         
Nanette              Sales                          Oxford                         United Kingdom                                                                                                                                                         
John                 Finance                        Seattle                        United States of America                                                                                                                                               
Kelly                Shipping                       South San Francisco            United States of America                                                                                                                                               
Karen                Purchasing                     Seattle                        United States of America                                                                                                                                               
Curtis               Shipping                       South San Francisco            United States of America                                                                                                                                               
Lex                  Executive                      Seattle                        United States of America                                                                                                                                               
Julia                Shipping                       South San Francisco            United States of America                                                                                                                                               

FIRST_NAME           DEPARTMENT_NAME                CITY                           COUNTRY_NAME                                                                                                                                                           
-------------------- ------------------------------ ------------------------------ ----------------------------------------                                                                                                                               
Jennifer             Shipping                       South San Francisco            United States of America                                                                                                                                               
Louise               Sales                          Oxford                         United Kingdom                                                                                                                                                         
Bruce                IT                             Southlake                      United States of America                                                                                                                                               
Alberto              Sales                          Oxford                         United Kingdom                                                                                                                                                         
Britney              Shipping                       South San Francisco            United States of America                                                                                                                                               
Daniel               Finance                        Seattle                        United States of America                                                                                                                                               
Pat                  Marketing                      Toronto                        Canada                                                                                                                                                                 
Kevin                Shipping                       South San Francisco            United States of America                                                                                                                                               
Jean                 Shipping                       South San Francisco            United States of America                                                                                                                                               
Tayler               Sales                          Oxford                         United Kingdom                                                                                                                                                         
Adam                 Shipping                       South San Francisco            United States of America                                                                                                                                               

FIRST_NAME           DEPARTMENT_NAME                CITY                           COUNTRY_NAME                                                                                                                                                           
-------------------- ------------------------------ ------------------------------ ----------------------------------------                                                                                                                               
Timothy              Shipping                       South San Francisco            United States of America                                                                                                                                               
Ki                   Shipping                       South San Francisco            United States of America                                                                                                                                               
Girard               Shipping                       South San Francisco            United States of America                                                                                                                                               
William              Accounting                     Seattle                        United States of America                                                                                                                                               
Douglas              Shipping                       South San Francisco            United States of America                                                                                                                                               
Nancy                Finance                        Seattle                        United States of America                                                                                                                                               
Danielle             Sales                          Oxford                         United Kingdom                                                                                                                                                         
Peter                Sales                          Oxford                         United Kingdom                                                                                                                                                         
Michael              Marketing                      Toronto                        Canada                                                                                                                                                                 
Shelley              Accounting                     Seattle                        United States of America                                                                                                                                               
Guy                  Purchasing                     Seattle                        United States of America                                                                                                                                               

FIRST_NAME           DEPARTMENT_NAME                CITY                           COUNTRY_NAME                                                                                                                                                           
-------------------- ------------------------------ ------------------------------ ----------------------------------------                                                                                                                               
Alexander            IT                             Southlake                      United States of America                                                                                                                                               
Alyssa               Sales                          Oxford                         United Kingdom                                                                                                                                                         
Charles              Sales                          Oxford                         United Kingdom                                                                                                                                                         
Vance                Shipping                       South San Francisco            United States of America                                                                                                                                               
Payam                Shipping                       South San Francisco            United States of America                                                                                                                                               
Alexander            Purchasing                     Seattle                        United States of America                                                                                                                                               
Janette              Sales                          Oxford                         United Kingdom                                                                                                                                                         
Steven               Executive                      Seattle                        United States of America                                                                                                                                               
Neena                Executive                      Seattle                        United States of America                                                                                                                                               
Sundita              Sales                          Oxford                         United Kingdom                                                                                                                                                         
Renske               Shipping                       South San Francisco            United States of America                                                                                                                                               

FIRST_NAME           DEPARTMENT_NAME                CITY                           COUNTRY_NAME                                                                                                                                                           
-------------------- ------------------------------ ------------------------------ ----------------------------------------                                                                                                                               
James                Shipping                       South San Francisco            United States of America                                                                                                                                               
David                Sales                          Oxford                         United Kingdom                                                                                                                                                         
Jack                 Sales                          Oxford                         United Kingdom                                                                                                                                                         
Diana                IT                             Southlake                      United States of America                                                                                                                                               
Jason                Shipping                       South San Francisco            United States of America                                                                                                                                               
Steven               Shipping                       South San Francisco            United States of America                                                                                                                                               
James                Shipping                       South San Francisco            United States of America                                                                                                                                               
Mattea               Sales                          Oxford                         United Kingdom                                                                                                                                                         
Randall              Shipping                       South San Francisco            United States of America                                                                                                                                               
Susan                Human Resources                London                         United Kingdom                                                                                                                                                         
Samuel               Shipping                       South San Francisco            United States of America                                                                                                                                               

FIRST_NAME           DEPARTMENT_NAME                CITY                           COUNTRY_NAME                                                                                                                                                           
-------------------- ------------------------------ ------------------------------ ----------------------------------------                                                                                                                               
Allan                Sales                          Oxford                         United Kingdom                                                                                                                                                         
Irene                Shipping                       South San Francisco            United States of America                                                                                                                                               
Kevin                Shipping                       South San Francisco            United States of America                                                                                                                                               
Julia                Shipping                       South San Francisco            United States of America                                                                                                                                               
Donald               Shipping                       South San Francisco            United States of America                                                                                                                                               
Christopher          Sales                          Oxford                         United Kingdom                                                                                                                                                         
TJ                   Shipping                       South San Francisco            United States of America                                                                                                                                               
Lisa                 Sales                          Oxford                         United Kingdom                                                                                                                                                         
Karen                Sales                          Oxford                         United Kingdom                                                                                                                                                         
Valli                IT                             Southlake                      United States of America                                                                                                                                               
Joshua               Shipping                       South San Francisco            United States of America                                                                                                                                               

FIRST_NAME           DEPARTMENT_NAME                CITY                           COUNTRY_NAME                                                                                                                                                           
-------------------- ------------------------------ ------------------------------ ----------------------------------------                                                                                                                               
Randall              Shipping                       South San Francisco            United States of America                                                                                                                                               
Hazel                Shipping                       South San Francisco            United States of America                                                                                                                                               
Luis                 Finance                        Seattle                        United States of America                                                                                                                                               
Trenna               Shipping                       South San Francisco            United States of America                                                                                                                                               
Den                  Purchasing                     Seattle                        United States of America                                                                                                                                               
Michael              Shipping                       South San Francisco            United States of America                                                                                                                                               
John                 Sales                          Oxford                         United Kingdom                                                                                                                                                         
Nandita              Shipping                       South San Francisco            United States of America                                                                                                                                               
Ismael               Finance                        Seattle                        United States of America                                                                                                                                               
John                 Shipping                       South San Francisco            United States of America                                                                                                                                               
Sarath               Sales                          Oxford                         United Kingdom                                                                                                                                                         

FIRST_NAME           DEPARTMENT_NAME                CITY                           COUNTRY_NAME                                                                                                                                                           
-------------------- ------------------------------ ------------------------------ ----------------------------------------                                                                                                                               
Lindsey              Sales                          Oxford                         United Kingdom                                                                                                                                                         
William              Sales                          Oxford                         United Kingdom                                                                                                                                                         
Stephen              Shipping                       South San Francisco            United States of America                                                                                                                                               
Martha               Shipping                       South San Francisco            United States of America                                                                                                                                               
Patrick              Sales                          Oxford                         United Kingdom                                                                                                                                                         
Jonathon             Sales                          Oxford                         United Kingdom                                                                                                                                                         
Winston              Shipping                       South San Francisco            United States of America                                                                                                                                               
Sigal                Purchasing                     Seattle                        United States of America                                                                                                                                               
Peter                Sales                          Oxford                         United Kingdom                                                                                                                                                         
Oliver               Sales                          Oxford                         United Kingdom                                                                                                                                                         
Jose Manuel          Finance                        Seattle                        United States of America                                                                                                                                               

FIRST_NAME           DEPARTMENT_NAME                CITY                           COUNTRY_NAME                                                                                                                                                           
-------------------- ------------------------------ ------------------------------ ----------------------------------------                                                                                                                               
Peter                Shipping                       South San Francisco            United States of America                                                                                                                                               
Clara                Sales                          Oxford                         United Kingdom                                                                                                                                                         
Shanta               Shipping                       South San Francisco            United States of America                                                                                                                                               
Alana                Shipping                       South San Francisco            United States of America                                                                                                                                               
Matthew              Shipping                       South San Francisco            United States of America                                                                                                                                               
Jennifer             Administration                 Seattle                        United States of America                                                                                                                                               
Eleni                Sales                          Oxford                         United Kingdom                                                                                                                                                         

106 rows selected.

SQL> desc regions
 Name                                                                                                                                            Null?    Type
 ----------------------------------------------------------------------------------------------------------------------------------------------- -------- ------------------------------------------------------------------------------------------------
 REGION_ID                                                                                                                                       NOT NULL NUMBER
 REGION_NAME                                                                                                                                              VARCHAR2(25)

SQL> select first_name,department_name,city,country_name,region_name from employees
  2  join departments using (department_id)
  3  join locations using (location_id)
  4  join countries using (country_id)
  5  join regions using (region_id);

FIRST_NAME           DEPARTMENT_NAME                CITY                           COUNTRY_NAME                             REGION_NAME                                                                                                                   
-------------------- ------------------------------ ------------------------------ ---------------------------------------- -------------------------                                                                                                     
Ellen                Sales                          Oxford                         United Kingdom                           Europe                                                                                                                        
Sundar               Sales                          Oxford                         United Kingdom                           Europe                                                                                                                        
Mozhe                Shipping                       South San Francisco            United States of America                 Americas                                                                                                                      
David                IT                             Southlake                      United States of America                 Americas                                                                                                                      
Hermann              Public Relations               Munich                         Germany                                  Europe                                                                                                                        
Shelli               Purchasing                     Seattle                        United States of America                 Americas                                                                                                                      
Amit                 Sales                          Oxford                         United Kingdom                           Europe                                                                                                                        
Elizabeth            Sales                          Oxford                         United Kingdom                           Europe                                                                                                                        
Sarah                Shipping                       South San Francisco            United States of America                 Americas                                                                                                                      
David                Sales                          Oxford                         United Kingdom                           Europe                                                                                                                        
Laura                Shipping                       South San Francisco            United States of America                 Americas                                                                                                                      

FIRST_NAME           DEPARTMENT_NAME                CITY                           COUNTRY_NAME                             REGION_NAME                                                                                                                   
-------------------- ------------------------------ ------------------------------ ---------------------------------------- -------------------------                                                                                                     
Harrison             Sales                          Oxford                         United Kingdom                           Europe                                                                                                                        
Alexis               Shipping                       South San Francisco            United States of America                 Americas                                                                                                                      
Anthony              Shipping                       South San Francisco            United States of America                 Americas                                                                                                                      
Gerald               Sales                          Oxford                         United Kingdom                           Europe                                                                                                                        
Nanette              Sales                          Oxford                         United Kingdom                           Europe                                                                                                                        
John                 Finance                        Seattle                        United States of America                 Americas                                                                                                                      
Kelly                Shipping                       South San Francisco            United States of America                 Americas                                                                                                                      
Karen                Purchasing                     Seattle                        United States of America                 Americas                                                                                                                      
Curtis               Shipping                       South San Francisco            United States of America                 Americas                                                                                                                      
Lex                  Executive                      Seattle                        United States of America                 Americas                                                                                                                      
Julia                Shipping                       South San Francisco            United States of America                 Americas                                                                                                                      

FIRST_NAME           DEPARTMENT_NAME                CITY                           COUNTRY_NAME                             REGION_NAME                                                                                                                   
-------------------- ------------------------------ ------------------------------ ---------------------------------------- -------------------------                                                                                                     
Jennifer             Shipping                       South San Francisco            United States of America                 Americas                                                                                                                      
Louise               Sales                          Oxford                         United Kingdom                           Europe                                                                                                                        
Bruce                IT                             Southlake                      United States of America                 Americas                                                                                                                      
Alberto              Sales                          Oxford                         United Kingdom                           Europe                                                                                                                        
Britney              Shipping                       South San Francisco            United States of America                 Americas                                                                                                                      
Daniel               Finance                        Seattle                        United States of America                 Americas                                                                                                                      
Pat                  Marketing                      Toronto                        Canada                                   Americas                                                                                                                      
Kevin                Shipping                       South San Francisco            United States of America                 Americas                                                                                                                      
Jean                 Shipping                       South San Francisco            United States of America                 Americas                                                                                                                      
Tayler               Sales                          Oxford                         United Kingdom                           Europe                                                                                                                        
Adam                 Shipping                       South San Francisco            United States of America                 Americas                                                                                                                      

FIRST_NAME           DEPARTMENT_NAME                CITY                           COUNTRY_NAME                             REGION_NAME                                                                                                                   
-------------------- ------------------------------ ------------------------------ ---------------------------------------- -------------------------                                                                                                     
Timothy              Shipping                       South San Francisco            United States of America                 Americas                                                                                                                      
Ki                   Shipping                       South San Francisco            United States of America                 Americas                                                                                                                      
Girard               Shipping                       South San Francisco            United States of America                 Americas                                                                                                                      
William              Accounting                     Seattle                        United States of America                 Americas                                                                                                                      
Douglas              Shipping                       South San Francisco            United States of America                 Americas                                                                                                                      
Nancy                Finance                        Seattle                        United States of America                 Americas                                                                                                                      
Danielle             Sales                          Oxford                         United Kingdom                           Europe                                                                                                                        
Peter                Sales                          Oxford                         United Kingdom                           Europe                                                                                                                        
Michael              Marketing                      Toronto                        Canada                                   Americas                                                                                                                      
Shelley              Accounting                     Seattle                        United States of America                 Americas                                                                                                                      
Guy                  Purchasing                     Seattle                        United States of America                 Americas                                                                                                                      

FIRST_NAME           DEPARTMENT_NAME                CITY                           COUNTRY_NAME                             REGION_NAME                                                                                                                   
-------------------- ------------------------------ ------------------------------ ---------------------------------------- -------------------------                                                                                                     
Alexander            IT                             Southlake                      United States of America                 Americas                                                                                                                      
Alyssa               Sales                          Oxford                         United Kingdom                           Europe                                                                                                                        
Charles              Sales                          Oxford                         United Kingdom                           Europe                                                                                                                        
Vance                Shipping                       South San Francisco            United States of America                 Americas                                                                                                                      
Payam                Shipping                       South San Francisco            United States of America                 Americas                                                                                                                      
Alexander            Purchasing                     Seattle                        United States of America                 Americas                                                                                                                      
Janette              Sales                          Oxford                         United Kingdom                           Europe                                                                                                                        
Steven               Executive                      Seattle                        United States of America                 Americas                                                                                                                      
Neena                Executive                      Seattle                        United States of America                 Americas                                                                                                                      
Sundita              Sales                          Oxford                         United Kingdom                           Europe                                                                                                                        
Renske               Shipping                       South San Francisco            United States of America                 Americas                                                                                                                      

FIRST_NAME           DEPARTMENT_NAME                CITY                           COUNTRY_NAME                             REGION_NAME                                                                                                                   
-------------------- ------------------------------ ------------------------------ ---------------------------------------- -------------------------                                                                                                     
James                Shipping                       South San Francisco            United States of America                 Americas                                                                                                                      
David                Sales                          Oxford                         United Kingdom                           Europe                                                                                                                        
Jack                 Sales                          Oxford                         United Kingdom                           Europe                                                                                                                        
Diana                IT                             Southlake                      United States of America                 Americas                                                                                                                      
Jason                Shipping                       South San Francisco            United States of America                 Americas                                                                                                                      
Steven               Shipping                       South San Francisco            United States of America                 Americas                                                                                                                      
James                Shipping                       South San Francisco            United States of America                 Americas                                                                                                                      
Mattea               Sales                          Oxford                         United Kingdom                           Europe                                                                                                                        
Randall              Shipping                       South San Francisco            United States of America                 Americas                                                                                                                      
Susan                Human Resources                London                         United Kingdom                           Europe                                                                                                                        
Samuel               Shipping                       South San Francisco            United States of America                 Americas                                                                                                                      

FIRST_NAME           DEPARTMENT_NAME                CITY                           COUNTRY_NAME                             REGION_NAME                                                                                                                   
-------------------- ------------------------------ ------------------------------ ---------------------------------------- -------------------------                                                                                                     
Allan                Sales                          Oxford                         United Kingdom                           Europe                                                                                                                        
Irene                Shipping                       South San Francisco            United States of America                 Americas                                                                                                                      
Kevin                Shipping                       South San Francisco            United States of America                 Americas                                                                                                                      
Julia                Shipping                       South San Francisco            United States of America                 Americas                                                                                                                      
Donald               Shipping                       South San Francisco            United States of America                 Americas                                                                                                                      
Christopher          Sales                          Oxford                         United Kingdom                           Europe                                                                                                                        
TJ                   Shipping                       South San Francisco            United States of America                 Americas                                                                                                                      
Lisa                 Sales                          Oxford                         United Kingdom                           Europe                                                                                                                        
Karen                Sales                          Oxford                         United Kingdom                           Europe                                                                                                                        
Valli                IT                             Southlake                      United States of America                 Americas                                                                                                                      
Joshua               Shipping                       South San Francisco            United States of America                 Americas                                                                                                                      

FIRST_NAME           DEPARTMENT_NAME                CITY                           COUNTRY_NAME                             REGION_NAME                                                                                                                   
-------------------- ------------------------------ ------------------------------ ---------------------------------------- -------------------------                                                                                                     
Randall              Shipping                       South San Francisco            United States of America                 Americas                                                                                                                      
Hazel                Shipping                       South San Francisco            United States of America                 Americas                                                                                                                      
Luis                 Finance                        Seattle                        United States of America                 Americas                                                                                                                      
Trenna               Shipping                       South San Francisco            United States of America                 Americas                                                                                                                      
Den                  Purchasing                     Seattle                        United States of America                 Americas                                                                                                                      
Michael              Shipping                       South San Francisco            United States of America                 Americas                                                                                                                      
John                 Sales                          Oxford                         United Kingdom                           Europe                                                                                                                        
Nandita              Shipping                       South San Francisco            United States of America                 Americas                                                                                                                      
Ismael               Finance                        Seattle                        United States of America                 Americas                                                                                                                      
John                 Shipping                       South San Francisco            United States of America                 Americas                                                                                                                      
Sarath               Sales                          Oxford                         United Kingdom                           Europe                                                                                                                        

FIRST_NAME           DEPARTMENT_NAME                CITY                           COUNTRY_NAME                             REGION_NAME                                                                                                                   
-------------------- ------------------------------ ------------------------------ ---------------------------------------- -------------------------                                                                                                     
Lindsey              Sales                          Oxford                         United Kingdom                           Europe                                                                                                                        
William              Sales                          Oxford                         United Kingdom                           Europe                                                                                                                        
Stephen              Shipping                       South San Francisco            United States of America                 Americas                                                                                                                      
Martha               Shipping                       South San Francisco            United States of America                 Americas                                                                                                                      
Patrick              Sales                          Oxford                         United Kingdom                           Europe                                                                                                                        
Jonathon             Sales                          Oxford                         United Kingdom                           Europe                                                                                                                        
Winston              Shipping                       South San Francisco            United States of America                 Americas                                                                                                                      
Sigal                Purchasing                     Seattle                        United States of America                 Americas                                                                                                                      
Peter                Sales                          Oxford                         United Kingdom                           Europe                                                                                                                        
Oliver               Sales                          Oxford                         United Kingdom                           Europe                                                                                                                        
Jose Manuel          Finance                        Seattle                        United States of America                 Americas                                                                                                                      

FIRST_NAME           DEPARTMENT_NAME                CITY                           COUNTRY_NAME                             REGION_NAME                                                                                                                   
-------------------- ------------------------------ ------------------------------ ---------------------------------------- -------------------------                                                                                                     
Peter                Shipping                       South San Francisco            United States of America                 Americas                                                                                                                      
Clara                Sales                          Oxford                         United Kingdom                           Europe                                                                                                                        
Shanta               Shipping                       South San Francisco            United States of America                 Americas                                                                                                                      
Alana                Shipping                       South San Francisco            United States of America                 Americas                                                                                                                      
Matthew              Shipping                       South San Francisco            United States of America                 Americas                                                                                                                      
Jennifer             Administration                 Seattle                        United States of America                 Americas                                                                                                                      
Eleni                Sales                          Oxford                         United Kingdom                           Europe                                                                                                                        

106 rows selected.

SQL> desc employees;
 Name                                                                                                                                            Null?    Type
 ----------------------------------------------------------------------------------------------------------------------------------------------- -------- ------------------------------------------------------------------------------------------------
 EMPLOYEE_ID                                                                                                                                     NOT NULL NUMBER(6)
 FIRST_NAME                                                                                                                                               VARCHAR2(20)
 LAST_NAME                                                                                                                                       NOT NULL VARCHAR2(25)
 EMAIL                                                                                                                                           NOT NULL VARCHAR2(25)
 PHONE_NUMBER                                                                                                                                             VARCHAR2(20)
 HIRE_DATE                                                                                                                                       NOT NULL DATE
 JOB_ID                                                                                                                                          NOT NULL VARCHAR2(10)
 SALARY                                                                                                                                                   NUMBER(8,2)
 COMMISSION_PCT                                                                                                                                           NUMBER(2,2)
 MANAGER_ID                                                                                                                                               NUMBER(6)
 DEPARTMENT_ID                                                                                                                                            NUMBER(4)

SQL> desc regions;
 Name                                                                                                                                            Null?    Type
 ----------------------------------------------------------------------------------------------------------------------------------------------- -------- ------------------------------------------------------------------------------------------------
 REGION_ID                                                                                                                                       NOT NULL NUMBER
 REGION_NAME                                                                                                                                              VARCHAR2(25)

SQL> select first_name,region_name from employees join departments using(department_id)
  2  join region using (region_id);
join region using (region_id)
     *
ERROR at line 2:
ORA-00942: table or view does not exist 


SQL> select first_name,region_name from employees join departments using(department_id)
  2  join departments using (department_id)
  3  join regions using (region_id);
join regions using (region_id)
                    *
ERROR at line 3:
ORA-00904: "from$_subquery$_005"."REGION_ID": invalid identifier 


SQL> select first_name,department_name,city,country_name from employees
  2  join departments on (employees.department_id=departments.department_id)
  3  join locations l on (departments.location_id=l.location_id)
  4  join countrires c on (l.country_id=c.country_id)
  5  join regions r on (c.region_id=r.region_id);
join countrires c on (l.country_id=c.country_id)
     *
ERROR at line 4:
ORA-00942: table or view does not exist 


SQL> select first_name,department_name,city,country_name from employees
  2  join departments using (department_id)
  3  join regions using (region_id);
join regions using (region_id)
                    *
ERROR at line 3:
ORA-00904: "from$_subquery$_003"."REGION_ID": invalid identifier 


SQL> select first_name,department_name,city,country_name from employees
  2  join departments d on (employees.department_id=d.departments_id)
  3  join locations l on (d.location_id=l.location_id)
  4  join countries c on (l.country_id=c.country_id)
  5  join regions r on (c.region_id=r.region_id);
join departments d on (employees.department_id=d.departments_id)
                                               *
ERROR at line 2:
ORA-00904: "D"."DEPARTMENTS_ID": invalid identifier 


SQL> select first_name,department_name,city,country_name from employees join departments using (department_id) join locations using(location_id) join countrie using(country_id) join regions;
select first_name,department_name,city,country_name from employees join departments using (department_id) join locations using(location_id) join countrie using(country_id) join regions
                                                                                                                                                                                       *
ERROR at line 1:
ORA-00905: missing keyword 


SQL> REM Inner JOin
SQL> select first_name,department_name,city,country_name from employees join departments using (department_id) join locations using(location_id) join countries using(country_id);

FIRST_NAME           DEPARTMENT_NAME                CITY                           COUNTRY_NAME                                                                                                                                                           
-------------------- ------------------------------ ------------------------------ ----------------------------------------                                                                                                                               
Ellen                Sales                          Oxford                         United Kingdom                                                                                                                                                         
Sundar               Sales                          Oxford                         United Kingdom                                                                                                                                                         
Mozhe                Shipping                       South San Francisco            United States of America                                                                                                                                               
David                IT                             Southlake                      United States of America                                                                                                                                               
Hermann              Public Relations               Munich                         Germany                                                                                                                                                                
Shelli               Purchasing                     Seattle                        United States of America                                                                                                                                               
Amit                 Sales                          Oxford                         United Kingdom                                                                                                                                                         
Elizabeth            Sales                          Oxford                         United Kingdom                                                                                                                                                         
Sarah                Shipping                       South San Francisco            United States of America                                                                                                                                               
David                Sales                          Oxford                         United Kingdom                                                                                                                                                         
Laura                Shipping                       South San Francisco            United States of America                                                                                                                                               

FIRST_NAME           DEPARTMENT_NAME                CITY                           COUNTRY_NAME                                                                                                                                                           
-------------------- ------------------------------ ------------------------------ ----------------------------------------                                                                                                                               
Harrison             Sales                          Oxford                         United Kingdom                                                                                                                                                         
Alexis               Shipping                       South San Francisco            United States of America                                                                                                                                               
Anthony              Shipping                       South San Francisco            United States of America                                                                                                                                               
Gerald               Sales                          Oxford                         United Kingdom                                                                                                                                                         
Nanette              Sales                          Oxford                         United Kingdom                                                                                                                                                         
John                 Finance                        Seattle                        United States of America                                                                                                                                               
Kelly                Shipping                       South San Francisco            United States of America                                                                                                                                               
Karen                Purchasing                     Seattle                        United States of America                                                                                                                                               
Curtis               Shipping                       South San Francisco            United States of America                                                                                                                                               
Lex                  Executive                      Seattle                        United States of America                                                                                                                                               
Julia                Shipping                       South San Francisco            United States of America                                                                                                                                               

FIRST_NAME           DEPARTMENT_NAME                CITY                           COUNTRY_NAME                                                                                                                                                           
-------------------- ------------------------------ ------------------------------ ----------------------------------------                                                                                                                               
Jennifer             Shipping                       South San Francisco            United States of America                                                                                                                                               
Louise               Sales                          Oxford                         United Kingdom                                                                                                                                                         
Bruce                IT                             Southlake                      United States of America                                                                                                                                               
Alberto              Sales                          Oxford                         United Kingdom                                                                                                                                                         
Britney              Shipping                       South San Francisco            United States of America                                                                                                                                               
Daniel               Finance                        Seattle                        United States of America                                                                                                                                               
Pat                  Marketing                      Toronto                        Canada                                                                                                                                                                 
Kevin                Shipping                       South San Francisco            United States of America                                                                                                                                               
Jean                 Shipping                       South San Francisco            United States of America                                                                                                                                               
Tayler               Sales                          Oxford                         United Kingdom                                                                                                                                                         
Adam                 Shipping                       South San Francisco            United States of America                                                                                                                                               

FIRST_NAME           DEPARTMENT_NAME                CITY                           COUNTRY_NAME                                                                                                                                                           
-------------------- ------------------------------ ------------------------------ ----------------------------------------                                                                                                                               
Timothy              Shipping                       South San Francisco            United States of America                                                                                                                                               
Ki                   Shipping                       South San Francisco            United States of America                                                                                                                                               
Girard               Shipping                       South San Francisco            United States of America                                                                                                                                               
William              Accounting                     Seattle                        United States of America                                                                                                                                               
Douglas              Shipping                       South San Francisco            United States of America                                                                                                                                               
Nancy                Finance                        Seattle                        United States of America                                                                                                                                               
Danielle             Sales                          Oxford                         United Kingdom                                                                                                                                                         
Peter                Sales                          Oxford                         United Kingdom                                                                                                                                                         
Michael              Marketing                      Toronto                        Canada                                                                                                                                                                 
Shelley              Accounting                     Seattle                        United States of America                                                                                                                                               
Guy                  Purchasing                     Seattle                        United States of America                                                                                                                                               

FIRST_NAME           DEPARTMENT_NAME                CITY                           COUNTRY_NAME                                                                                                                                                           
-------------------- ------------------------------ ------------------------------ ----------------------------------------                                                                                                                               
Alexander            IT                             Southlake                      United States of America                                                                                                                                               
Alyssa               Sales                          Oxford                         United Kingdom                                                                                                                                                         
Charles              Sales                          Oxford                         United Kingdom                                                                                                                                                         
Vance                Shipping                       South San Francisco            United States of America                                                                                                                                               
Payam                Shipping                       South San Francisco            United States of America                                                                                                                                               
Alexander            Purchasing                     Seattle                        United States of America                                                                                                                                               
Janette              Sales                          Oxford                         United Kingdom                                                                                                                                                         
Steven               Executive                      Seattle                        United States of America                                                                                                                                               
Neena                Executive                      Seattle                        United States of America                                                                                                                                               
Sundita              Sales                          Oxford                         United Kingdom                                                                                                                                                         
Renske               Shipping                       South San Francisco            United States of America                                                                                                                                               

FIRST_NAME           DEPARTMENT_NAME                CITY                           COUNTRY_NAME                                                                                                                                                           
-------------------- ------------------------------ ------------------------------ ----------------------------------------                                                                                                                               
James                Shipping                       South San Francisco            United States of America                                                                                                                                               
David                Sales                          Oxford                         United Kingdom                                                                                                                                                         
Jack                 Sales                          Oxford                         United Kingdom                                                                                                                                                         
Diana                IT                             Southlake                      United States of America                                                                                                                                               
Jason                Shipping                       South San Francisco            United States of America                                                                                                                                               
Steven               Shipping                       South San Francisco            United States of America                                                                                                                                               
James                Shipping                       South San Francisco            United States of America                                                                                                                                               
Mattea               Sales                          Oxford                         United Kingdom                                                                                                                                                         
Randall              Shipping                       South San Francisco            United States of America                                                                                                                                               
Susan                Human Resources                London                         United Kingdom                                                                                                                                                         
Samuel               Shipping                       South San Francisco            United States of America                                                                                                                                               

FIRST_NAME           DEPARTMENT_NAME                CITY                           COUNTRY_NAME                                                                                                                                                           
-------------------- ------------------------------ ------------------------------ ----------------------------------------                                                                                                                               
Allan                Sales                          Oxford                         United Kingdom                                                                                                                                                         
Irene                Shipping                       South San Francisco            United States of America                                                                                                                                               
Kevin                Shipping                       South San Francisco            United States of America                                                                                                                                               
Julia                Shipping                       South San Francisco            United States of America                                                                                                                                               
Donald               Shipping                       South San Francisco            United States of America                                                                                                                                               
Christopher          Sales                          Oxford                         United Kingdom                                                                                                                                                         
TJ                   Shipping                       South San Francisco            United States of America                                                                                                                                               
Lisa                 Sales                          Oxford                         United Kingdom                                                                                                                                                         
Karen                Sales                          Oxford                         United Kingdom                                                                                                                                                         
Valli                IT                             Southlake                      United States of America                                                                                                                                               
Joshua               Shipping                       South San Francisco            United States of America                                                                                                                                               

FIRST_NAME           DEPARTMENT_NAME                CITY                           COUNTRY_NAME                                                                                                                                                           
-------------------- ------------------------------ ------------------------------ ----------------------------------------                                                                                                                               
Randall              Shipping                       South San Francisco            United States of America                                                                                                                                               
Hazel                Shipping                       South San Francisco            United States of America                                                                                                                                               
Luis                 Finance                        Seattle                        United States of America                                                                                                                                               
Trenna               Shipping                       South San Francisco            United States of America                                                                                                                                               
Den                  Purchasing                     Seattle                        United States of America                                                                                                                                               
Michael              Shipping                       South San Francisco            United States of America                                                                                                                                               
John                 Sales                          Oxford                         United Kingdom                                                                                                                                                         
Nandita              Shipping                       South San Francisco            United States of America                                                                                                                                               
Ismael               Finance                        Seattle                        United States of America                                                                                                                                               
John                 Shipping                       South San Francisco            United States of America                                                                                                                                               
Sarath               Sales                          Oxford                         United Kingdom                                                                                                                                                         

FIRST_NAME           DEPARTMENT_NAME                CITY                           COUNTRY_NAME                                                                                                                                                           
-------------------- ------------------------------ ------------------------------ ----------------------------------------                                                                                                                               
Lindsey              Sales                          Oxford                         United Kingdom                                                                                                                                                         
William              Sales                          Oxford                         United Kingdom                                                                                                                                                         
Stephen              Shipping                       South San Francisco            United States of America                                                                                                                                               
Martha               Shipping                       South San Francisco            United States of America                                                                                                                                               
Patrick              Sales                          Oxford                         United Kingdom                                                                                                                                                         
Jonathon             Sales                          Oxford                         United Kingdom                                                                                                                                                         
Winston              Shipping                       South San Francisco            United States of America                                                                                                                                               
Sigal                Purchasing                     Seattle                        United States of America                                                                                                                                               
Peter                Sales                          Oxford                         United Kingdom                                                                                                                                                         
Oliver               Sales                          Oxford                         United Kingdom                                                                                                                                                         
Jose Manuel          Finance                        Seattle                        United States of America                                                                                                                                               

FIRST_NAME           DEPARTMENT_NAME                CITY                           COUNTRY_NAME                                                                                                                                                           
-------------------- ------------------------------ ------------------------------ ----------------------------------------                                                                                                                               
Peter                Shipping                       South San Francisco            United States of America                                                                                                                                               
Clara                Sales                          Oxford                         United Kingdom                                                                                                                                                         
Shanta               Shipping                       South San Francisco            United States of America                                                                                                                                               
Alana                Shipping                       South San Francisco            United States of America                                                                                                                                               
Matthew              Shipping                       South San Francisco            United States of America                                                                                                                                               
Jennifer             Administration                 Seattle                        United States of America                                                                                                                                               
Eleni                Sales                          Oxford                         United Kingdom                                                                                                                                                         

106 rows selected.

SQL> select first_name,regions from employees join departments using (department_id) join locations using(location_id) join countries using(country_id) join regions using (region_id);
select first_name,regions from employees join departments using (department_id) join locations using(location_id) join countries using(country_id) join regions using (region_id)
                  *
ERROR at line 1:
ORA-00904: "REGIONS": invalid identifier 


SQL> select first_name,region_name from employees join departments using (department_id) join locations using(location_id) join countries using(country_id) join regions using (region_id);

FIRST_NAME           REGION_NAME                                                                                                                                                                                                                          
-------------------- -------------------------                                                                                                                                                                                                            
Ellen                Europe                                                                                                                                                                                                                               
Sundar               Europe                                                                                                                                                                                                                               
Mozhe                Americas                                                                                                                                                                                                                             
David                Americas                                                                                                                                                                                                                             
Hermann              Europe                                                                                                                                                                                                                               
Shelli               Americas                                                                                                                                                                                                                             
Amit                 Europe                                                                                                                                                                                                                               
Elizabeth            Europe                                                                                                                                                                                                                               
Sarah                Americas                                                                                                                                                                                                                             
David                Europe                                                                                                                                                                                                                               
Laura                Americas                                                                                                                                                                                                                             

FIRST_NAME           REGION_NAME                                                                                                                                                                                                                          
-------------------- -------------------------                                                                                                                                                                                                            
Harrison             Europe                                                                                                                                                                                                                               
Alexis               Americas                                                                                                                                                                                                                             
Anthony              Americas                                                                                                                                                                                                                             
Gerald               Europe                                                                                                                                                                                                                               
Nanette              Europe                                                                                                                                                                                                                               
John                 Americas                                                                                                                                                                                                                             
Kelly                Americas                                                                                                                                                                                                                             
Karen                Americas                                                                                                                                                                                                                             
Curtis               Americas                                                                                                                                                                                                                             
Lex                  Americas                                                                                                                                                                                                                             
Julia                Americas                                                                                                                                                                                                                             

FIRST_NAME           REGION_NAME                                                                                                                                                                                                                          
-------------------- -------------------------                                                                                                                                                                                                            
Jennifer             Americas                                                                                                                                                                                                                             
Louise               Europe                                                                                                                                                                                                                               
Bruce                Americas                                                                                                                                                                                                                             
Alberto              Europe                                                                                                                                                                                                                               
Britney              Americas                                                                                                                                                                                                                             
Daniel               Americas                                                                                                                                                                                                                             
Pat                  Americas                                                                                                                                                                                                                             
Kevin                Americas                                                                                                                                                                                                                             
Jean                 Americas                                                                                                                                                                                                                             
Tayler               Europe                                                                                                                                                                                                                               
Adam                 Americas                                                                                                                                                                                                                             

FIRST_NAME           REGION_NAME                                                                                                                                                                                                                          
-------------------- -------------------------                                                                                                                                                                                                            
Timothy              Americas                                                                                                                                                                                                                             
Ki                   Americas                                                                                                                                                                                                                             
Girard               Americas                                                                                                                                                                                                                             
William              Americas                                                                                                                                                                                                                             
Douglas              Americas                                                                                                                                                                                                                             
Nancy                Americas                                                                                                                                                                                                                             
Danielle             Europe                                                                                                                                                                                                                               
Peter                Europe                                                                                                                                                                                                                               
Michael              Americas                                                                                                                                                                                                                             
Shelley              Americas                                                                                                                                                                                                                             
Guy                  Americas                                                                                                                                                                                                                             

FIRST_NAME           REGION_NAME                                                                                                                                                                                                                          
-------------------- -------------------------                                                                                                                                                                                                            
Alexander            Americas                                                                                                                                                                                                                             
Alyssa               Europe                                                                                                                                                                                                                               
Charles              Europe                                                                                                                                                                                                                               
Vance                Americas                                                                                                                                                                                                                             
Payam                Americas                                                                                                                                                                                                                             
Alexander            Americas                                                                                                                                                                                                                             
Janette              Europe                                                                                                                                                                                                                               
Steven               Americas                                                                                                                                                                                                                             
Neena                Americas                                                                                                                                                                                                                             
Sundita              Europe                                                                                                                                                                                                                               
Renske               Americas                                                                                                                                                                                                                             

FIRST_NAME           REGION_NAME                                                                                                                                                                                                                          
-------------------- -------------------------                                                                                                                                                                                                            
James                Americas                                                                                                                                                                                                                             
David                Europe                                                                                                                                                                                                                               
Jack                 Europe                                                                                                                                                                                                                               
Diana                Americas                                                                                                                                                                                                                             
Jason                Americas                                                                                                                                                                                                                             
Steven               Americas                                                                                                                                                                                                                             
James                Americas                                                                                                                                                                                                                             
Mattea               Europe                                                                                                                                                                                                                               
Randall              Americas                                                                                                                                                                                                                             
Susan                Europe                                                                                                                                                                                                                               
Samuel               Americas                                                                                                                                                                                                                             

FIRST_NAME           REGION_NAME                                                                                                                                                                                                                          
-------------------- -------------------------                                                                                                                                                                                                            
Allan                Europe                                                                                                                                                                                                                               
Irene                Americas                                                                                                                                                                                                                             
Kevin                Americas                                                                                                                                                                                                                             
Julia                Americas                                                                                                                                                                                                                             
Donald               Americas                                                                                                                                                                                                                             
Christopher          Europe                                                                                                                                                                                                                               
TJ                   Americas                                                                                                                                                                                                                             
Lisa                 Europe                                                                                                                                                                                                                               
Karen                Europe                                                                                                                                                                                                                               
Valli                Americas                                                                                                                                                                                                                             
Joshua               Americas                                                                                                                                                                                                                             

FIRST_NAME           REGION_NAME                                                                                                                                                                                                                          
-------------------- -------------------------                                                                                                                                                                                                            
Randall              Americas                                                                                                                                                                                                                             
Hazel                Americas                                                                                                                                                                                                                             
Luis                 Americas                                                                                                                                                                                                                             
Trenna               Americas                                                                                                                                                                                                                             
Den                  Americas                                                                                                                                                                                                                             
Michael              Americas                                                                                                                                                                                                                             
John                 Europe                                                                                                                                                                                                                               
Nandita              Americas                                                                                                                                                                                                                             
Ismael               Americas                                                                                                                                                                                                                             
John                 Americas                                                                                                                                                                                                                             
Sarath               Europe                                                                                                                                                                                                                               

FIRST_NAME           REGION_NAME                                                                                                                                                                                                                          
-------------------- -------------------------                                                                                                                                                                                                            
Lindsey              Europe                                                                                                                                                                                                                               
William              Europe                                                                                                                                                                                                                               
Stephen              Americas                                                                                                                                                                                                                             
Martha               Americas                                                                                                                                                                                                                             
Patrick              Europe                                                                                                                                                                                                                               
Jonathon             Europe                                                                                                                                                                                                                               
Winston              Americas                                                                                                                                                                                                                             
Sigal                Americas                                                                                                                                                                                                                             
Peter                Europe                                                                                                                                                                                                                               
Oliver               Europe                                                                                                                                                                                                                               
Jose Manuel          Americas                                                                                                                                                                                                                             

FIRST_NAME           REGION_NAME                                                                                                                                                                                                                          
-------------------- -------------------------                                                                                                                                                                                                            
Peter                Americas                                                                                                                                                                                                                             
Clara                Europe                                                                                                                                                                                                                               
Shanta               Americas                                                                                                                                                                                                                             
Alana                Americas                                                                                                                                                                                                                             
Matthew              Americas                                                                                                                                                                                                                             
Jennifer             Americas                                                                                                                                                                                                                             
Eleni                Europe                                                                                                                                                                                                                               

106 rows selected.

SQL> spool off
