SQL> rem synonym
SQL> create synonym em for employees;

Synonym created.

SQL> create synonym de for departments;

Synonym created.

SQL> rem drop synonym synonym name
SQL> create synonym lo for locations;

Synonym created.

SQL> create synonym re for regions;

Synonym created.

SQL> create synonym co for countries;

Synonym created.

SQL> desc table;
ERROR:
ORA-00931: missing identifier 


SQL> select * from table;
select * from table
                  *
ERROR at line 1:
ORA-00906: missing left parenthesis 


SQL> desc em
 Name                                      Null?    Type
 ----------------------------------------- -------- ----------------------------
 EMPLOYEE_ID                               NOT NULL NUMBER(6)
 FIRST_NAME                                         VARCHAR2(20)
 LAST_NAME                                 NOT NULL VARCHAR2(25)
 EMAIL                                     NOT NULL VARCHAR2(25)
 PHONE_NUMBER                                       VARCHAR2(20)
 HIRE_DATE                                 NOT NULL DATE
 JOB_ID                                    NOT NULL VARCHAR2(10)
 SALARY                                             NUMBER(8,2)
 COMMISSION_PCT                                     NUMBER(2,2)
 MANAGER_ID                                         NUMBER(6)
 DEPARTMENT_ID                                      NUMBER(4)

SQL> select * from tab;

TNAME                                                                           
--------------------------------------------------------------------------------
TABTYPE  CLUSTERID                                                              
------- ----------                                                              
BIN$YKi/D0jxTve7vyCOKEFjJw==$0                                                  
TABLE                                                                           
                                                                                
CO                                                                              
SYNONYM                                                                         
                                                                                
COUNTRIES                                                                       
TABLE                                                                           
                                                                                

TNAME                                                                           
--------------------------------------------------------------------------------
TABTYPE  CLUSTERID                                                              
------- ----------                                                              
DE                                                                              
SYNONYM                                                                         
                                                                                
DEP100                                                                          
VIEW                                                                            
                                                                                
DEP110                                                                          
VIEW                                                                            
                                                                                

TNAME                                                                           
--------------------------------------------------------------------------------
TABTYPE  CLUSTERID                                                              
------- ----------                                                              
DEP20                                                                           
VIEW                                                                            
                                                                                
DEP30                                                                           
VIEW                                                                            
                                                                                
DEP40                                                                           
VIEW                                                                            
                                                                                

TNAME                                                                           
--------------------------------------------------------------------------------
TABTYPE  CLUSTERID                                                              
------- ----------                                                              
DEP50                                                                           
VIEW                                                                            
                                                                                
DEP60                                                                           
VIEW                                                                            
                                                                                
DEP70                                                                           
VIEW                                                                            
                                                                                

TNAME                                                                           
--------------------------------------------------------------------------------
TABTYPE  CLUSTERID                                                              
------- ----------                                                              
DEP80                                                                           
VIEW                                                                            
                                                                                
DEP90                                                                           
VIEW                                                                            
                                                                                
DEPARTMENTS                                                                     
TABLE                                                                           
                                                                                

TNAME                                                                           
--------------------------------------------------------------------------------
TABTYPE  CLUSTERID                                                              
------- ----------                                                              
DEP_ID                                                                          
VIEW                                                                            
                                                                                
EM                                                                              
SYNONYM                                                                         
                                                                                
EMPLOYEES                                                                       
TABLE                                                                           
                                                                                

TNAME                                                                           
--------------------------------------------------------------------------------
TABTYPE  CLUSTERID                                                              
------- ----------                                                              
EMP_DETAILS_VIEW                                                                
VIEW                                                                            
                                                                                
EMP_VIEW                                                                        
VIEW                                                                            
                                                                                
HERO                                                                            
TABLE                                                                           
                                                                                

TNAME                                                                           
--------------------------------------------------------------------------------
TABTYPE  CLUSTERID                                                              
------- ----------                                                              
JOBS                                                                            
TABLE                                                                           
                                                                                
JOB_HISTORY                                                                     
TABLE                                                                           
                                                                                
LO                                                                              
SYNONYM                                                                         
                                                                                

TNAME                                                                           
--------------------------------------------------------------------------------
TABTYPE  CLUSTERID                                                              
------- ----------                                                              
LOCATIONS                                                                       
TABLE                                                                           
                                                                                
RE                                                                              
SYNONYM                                                                         
                                                                                
REGIONS                                                                         
TABLE                                                                           
                                                                                

TNAME                                                                           
--------------------------------------------------------------------------------
TABTYPE  CLUSTERID                                                              
------- ----------                                                              
TIGER                                                                           
TABLE                                                                           
                                                                                
TIGER1                                                                          
TABLE                                                                           
                                                                                
VIEW_COMPLEX                                                                    
VIEW                                                                            
                                                                                

TNAME                                                                           
--------------------------------------------------------------------------------
TABTYPE  CLUSTERID                                                              
------- ----------                                                              
VIEW_HERO                                                                       
VIEW                                                                            
                                                                                
VIEW_HIRE                                                                       
VIEW                                                                            
                                                                                
VIEW_HIRE1                                                                      
VIEW                                                                            
                                                                                

TNAME                                                                           
--------------------------------------------------------------------------------
TABTYPE  CLUSTERID                                                              
------- ----------                                                              
VIEW_NAM                                                                        
VIEW                                                                            
                                                                                
VIEW_NAME                                                                       
VIEW                                                                            
                                                                                
VIEW_NAME1                                                                      
VIEW                                                                            
                                                                                

36 rows selected.

SQL> set lines 2000
SQL> select * from tab;

TNAME                                                                                                                            TABTYPE  CLUSTERID                                                                                                                                                                                                                                                                                                                                                                                                                                                                                                                                                                                                                                                                                                                                                                                                                                                                                                                                                                                                                                                                                                                                                                                                                                                                                                                                                                                                                                                                                                                                                                                                                                                                                                                                                                                                                                                                                                                             
-------------------------------------------------------------------------------------------------------------------------------- ------- ----------                                                                                                                                                                                                                                                                                                                                                                                                                                                                                                                                                                                                                                                                                                                                                                                                                                                                                                                                                                                                                                                                                                                                                                                                                                                                                                                                                                                                                                                                                                                                                                                                                                                                                                                                                                                                                                                                                                                             
BIN$YKi/D0jxTve7vyCOKEFjJw==$0                                                                                                   TABLE                                                                                                                                                                                                                                                                                                                                                                                                                                                                                                                                                                                                                                                                                                                                                                                                                                                                                                                                                                                                                                                                                                                                                                                                                                                                                                                                                                                                                                                                                                                                                                                                                                                                                                                                                                                                                                                                                                                                          
CO                                                                                                                               SYNONYM                                                                                                                                                                                                                                                                                                                                                                                                                                                                                                                                                                                                                                                                                                                                                                                                                                                                                                                                                                                                                                                                                                                                                                                                                                                                                                                                                                                                                                                                                                                                                                                                                                                                                                                                                                                                                                                                                                                                        
COUNTRIES                                                                                                                        TABLE                                                                                                                                                                                                                                                                                                                                                                                                                                                                                                                                                                                                                                                                                                                                                                                                                                                                                                                                                                                                                                                                                                                                                                                                                                                                                                                                                                                                                                                                                                                                                                                                                                                                                                                                                                                                                                                                                                                                          
DE                                                                                                                               SYNONYM                                                                                                                                                                                                                                                                                                                                                                                                                                                                                                                                                                                                                                                                                                                                                                                                                                                                                                                                                                                                                                                                                                                                                                                                                                                                                                                                                                                                                                                                                                                                                                                                                                                                                                                                                                                                                                                                                                                                        
DEP100                                                                                                                           VIEW                                                                                                                                                                                                                                                                                                                                                                                                                                                                                                                                                                                                                                                                                                                                                                                                                                                                                                                                                                                                                                                                                                                                                                                                                                                                                                                                                                                                                                                                                                                                                                                                                                                                                                                                                                                                                                                                                                                                           
DEP110                                                                                                                           VIEW                                                                                                                                                                                                                                                                                                                                                                                                                                                                                                                                                                                                                                                                                                                                                                                                                                                                                                                                                                                                                                                                                                                                                                                                                                                                                                                                                                                                                                                                                                                                                                                                                                                                                                                                                                                                                                                                                                                                           
DEP20                                                                                                                            VIEW                                                                                                                                                                                                                                                                                                                                                                                                                                                                                                                                                                                                                                                                                                                                                                                                                                                                                                                                                                                                                                                                                                                                                                                                                                                                                                                                                                                                                                                                                                                                                                                                                                                                                                                                                                                                                                                                                                                                           
DEP30                                                                                                                            VIEW                                                                                                                                                                                                                                                                                                                                                                                                                                                                                                                                                                                                                                                                                                                                                                                                                                                                                                                                                                                                                                                                                                                                                                                                                                                                                                                                                                                                                                                                                                                                                                                                                                                                                                                                                                                                                                                                                                                                           
DEP40                                                                                                                            VIEW                                                                                                                                                                                                                                                                                                                                                                                                                                                                                                                                                                                                                                                                                                                                                                                                                                                                                                                                                                                                                                                                                                                                                                                                                                                                                                                                                                                                                                                                                                                                                                                                                                                                                                                                                                                                                                                                                                                                           
DEP50                                                                                                                            VIEW                                                                                                                                                                                                                                                                                                                                                                                                                                                                                                                                                                                                                                                                                                                                                                                                                                                                                                                                                                                                                                                                                                                                                                                                                                                                                                                                                                                                                                                                                                                                                                                                                                                                                                                                                                                                                                                                                                                                           
DEP60                                                                                                                            VIEW                                                                                                                                                                                                                                                                                                                                                                                                                                                                                                                                                                                                                                                                                                                                                                                                                                                                                                                                                                                                                                                                                                                                                                                                                                                                                                                                                                                                                                                                                                                                                                                                                                                                                                                                                                                                                                                                                                                                           

TNAME                                                                                                                            TABTYPE  CLUSTERID                                                                                                                                                                                                                                                                                                                                                                                                                                                                                                                                                                                                                                                                                                                                                                                                                                                                                                                                                                                                                                                                                                                                                                                                                                                                                                                                                                                                                                                                                                                                                                                                                                                                                                                                                                                                                                                                                                                             
-------------------------------------------------------------------------------------------------------------------------------- ------- ----------                                                                                                                                                                                                                                                                                                                                                                                                                                                                                                                                                                                                                                                                                                                                                                                                                                                                                                                                                                                                                                                                                                                                                                                                                                                                                                                                                                                                                                                                                                                                                                                                                                                                                                                                                                                                                                                                                                                             
DEP70                                                                                                                            VIEW                                                                                                                                                                                                                                                                                                                                                                                                                                                                                                                                                                                                                                                                                                                                                                                                                                                                                                                                                                                                                                                                                                                                                                                                                                                                                                                                                                                                                                                                                                                                                                                                                                                                                                                                                                                                                                                                                                                                           
DEP80                                                                                                                            VIEW                                                                                                                                                                                                                                                                                                                                                                                                                                                                                                                                                                                                                                                                                                                                                                                                                                                                                                                                                                                                                                                                                                                                                                                                                                                                                                                                                                                                                                                                                                                                                                                                                                                                                                                                                                                                                                                                                                                                           
DEP90                                                                                                                            VIEW                                                                                                                                                                                                                                                                                                                                                                                                                                                                                                                                                                                                                                                                                                                                                                                                                                                                                                                                                                                                                                                                                                                                                                                                                                                                                                                                                                                                                                                                                                                                                                                                                                                                                                                                                                                                                                                                                                                                           
DEPARTMENTS                                                                                                                      TABLE                                                                                                                                                                                                                                                                                                                                                                                                                                                                                                                                                                                                                                                                                                                                                                                                                                                                                                                                                                                                                                                                                                                                                                                                                                                                                                                                                                                                                                                                                                                                                                                                                                                                                                                                                                                                                                                                                                                                          
DEP_ID                                                                                                                           VIEW                                                                                                                                                                                                                                                                                                                                                                                                                                                                                                                                                                                                                                                                                                                                                                                                                                                                                                                                                                                                                                                                                                                                                                                                                                                                                                                                                                                                                                                                                                                                                                                                                                                                                                                                                                                                                                                                                                                                           
EM                                                                                                                               SYNONYM                                                                                                                                                                                                                                                                                                                                                                                                                                                                                                                                                                                                                                                                                                                                                                                                                                                                                                                                                                                                                                                                                                                                                                                                                                                                                                                                                                                                                                                                                                                                                                                                                                                                                                                                                                                                                                                                                                                                        
EMPLOYEES                                                                                                                        TABLE                                                                                                                                                                                                                                                                                                                                                                                                                                                                                                                                                                                                                                                                                                                                                                                                                                                                                                                                                                                                                                                                                                                                                                                                                                                                                                                                                                                                                                                                                                                                                                                                                                                                                                                                                                                                                                                                                                                                          
EMP_DETAILS_VIEW                                                                                                                 VIEW                                                                                                                                                                                                                                                                                                                                                                                                                                                                                                                                                                                                                                                                                                                                                                                                                                                                                                                                                                                                                                                                                                                                                                                                                                                                                                                                                                                                                                                                                                                                                                                                                                                                                                                                                                                                                                                                                                                                           
EMP_VIEW                                                                                                                         VIEW                                                                                                                                                                                                                                                                                                                                                                                                                                                                                                                                                                                                                                                                                                                                                                                                                                                                                                                                                                                                                                                                                                                                                                                                                                                                                                                                                                                                                                                                                                                                                                                                                                                                                                                                                                                                                                                                                                                                           
HERO                                                                                                                             TABLE                                                                                                                                                                                                                                                                                                                                                                                                                                                                                                                                                                                                                                                                                                                                                                                                                                                                                                                                                                                                                                                                                                                                                                                                                                                                                                                                                                                                                                                                                                                                                                                                                                                                                                                                                                                                                                                                                                                                          
JOBS                                                                                                                             TABLE                                                                                                                                                                                                                                                                                                                                                                                                                                                                                                                                                                                                                                                                                                                                                                                                                                                                                                                                                                                                                                                                                                                                                                                                                                                                                                                                                                                                                                                                                                                                                                                                                                                                                                                                                                                                                                                                                                                                          

TNAME                                                                                                                            TABTYPE  CLUSTERID                                                                                                                                                                                                                                                                                                                                                                                                                                                                                                                                                                                                                                                                                                                                                                                                                                                                                                                                                                                                                                                                                                                                                                                                                                                                                                                                                                                                                                                                                                                                                                                                                                                                                                                                                                                                                                                                                                                             
-------------------------------------------------------------------------------------------------------------------------------- ------- ----------                                                                                                                                                                                                                                                                                                                                                                                                                                                                                                                                                                                                                                                                                                                                                                                                                                                                                                                                                                                                                                                                                                                                                                                                                                                                                                                                                                                                                                                                                                                                                                                                                                                                                                                                                                                                                                                                                                                             
JOB_HISTORY                                                                                                                      TABLE                                                                                                                                                                                                                                                                                                                                                                                                                                                                                                                                                                                                                                                                                                                                                                                                                                                                                                                                                                                                                                                                                                                                                                                                                                                                                                                                                                                                                                                                                                                                                                                                                                                                                                                                                                                                                                                                                                                                          
LO                                                                                                                               SYNONYM                                                                                                                                                                                                                                                                                                                                                                                                                                                                                                                                                                                                                                                                                                                                                                                                                                                                                                                                                                                                                                                                                                                                                                                                                                                                                                                                                                                                                                                                                                                                                                                                                                                                                                                                                                                                                                                                                                                                        
LOCATIONS                                                                                                                        TABLE                                                                                                                                                                                                                                                                                                                                                                                                                                                                                                                                                                                                                                                                                                                                                                                                                                                                                                                                                                                                                                                                                                                                                                                                                                                                                                                                                                                                                                                                                                                                                                                                                                                                                                                                                                                                                                                                                                                                          
RE                                                                                                                               SYNONYM                                                                                                                                                                                                                                                                                                                                                                                                                                                                                                                                                                                                                                                                                                                                                                                                                                                                                                                                                                                                                                                                                                                                                                                                                                                                                                                                                                                                                                                                                                                                                                                                                                                                                                                                                                                                                                                                                                                                        
REGIONS                                                                                                                          TABLE                                                                                                                                                                                                                                                                                                                                                                                                                                                                                                                                                                                                                                                                                                                                                                                                                                                                                                                                                                                                                                                                                                                                                                                                                                                                                                                                                                                                                                                                                                                                                                                                                                                                                                                                                                                                                                                                                                                                          
TIGER                                                                                                                            TABLE                                                                                                                                                                                                                                                                                                                                                                                                                                                                                                                                                                                                                                                                                                                                                                                                                                                                                                                                                                                                                                                                                                                                                                                                                                                                                                                                                                                                                                                                                                                                                                                                                                                                                                                                                                                                                                                                                                                                          
TIGER1                                                                                                                           TABLE                                                                                                                                                                                                                                                                                                                                                                                                                                                                                                                                                                                                                                                                                                                                                                                                                                                                                                                                                                                                                                                                                                                                                                                                                                                                                                                                                                                                                                                                                                                                                                                                                                                                                                                                                                                                                                                                                                                                          
VIEW_COMPLEX                                                                                                                     VIEW                                                                                                                                                                                                                                                                                                                                                                                                                                                                                                                                                                                                                                                                                                                                                                                                                                                                                                                                                                                                                                                                                                                                                                                                                                                                                                                                                                                                                                                                                                                                                                                                                                                                                                                                                                                                                                                                                                                                           
VIEW_HERO                                                                                                                        VIEW                                                                                                                                                                                                                                                                                                                                                                                                                                                                                                                                                                                                                                                                                                                                                                                                                                                                                                                                                                                                                                                                                                                                                                                                                                                                                                                                                                                                                                                                                                                                                                                                                                                                                                                                                                                                                                                                                                                                           
VIEW_HIRE                                                                                                                        VIEW                                                                                                                                                                                                                                                                                                                                                                                                                                                                                                                                                                                                                                                                                                                                                                                                                                                                                                                                                                                                                                                                                                                                                                                                                                                                                                                                                                                                                                                                                                                                                                                                                                                                                                                                                                                                                                                                                                                                           
VIEW_HIRE1                                                                                                                       VIEW                                                                                                                                                                                                                                                                                                                                                                                                                                                                                                                                                                                                                                                                                                                                                                                                                                                                                                                                                                                                                                                                                                                                                                                                                                                                                                                                                                                                                                                                                                                                                                                                                                                                                                                                                                                                                                                                                                                                           

TNAME                                                                                                                            TABTYPE  CLUSTERID                                                                                                                                                                                                                                                                                                                                                                                                                                                                                                                                                                                                                                                                                                                                                                                                                                                                                                                                                                                                                                                                                                                                                                                                                                                                                                                                                                                                                                                                                                                                                                                                                                                                                                                                                                                                                                                                                                                             
-------------------------------------------------------------------------------------------------------------------------------- ------- ----------                                                                                                                                                                                                                                                                                                                                                                                                                                                                                                                                                                                                                                                                                                                                                                                                                                                                                                                                                                                                                                                                                                                                                                                                                                                                                                                                                                                                                                                                                                                                                                                                                                                                                                                                                                                                                                                                                                                             
VIEW_NAM                                                                                                                         VIEW                                                                                                                                                                                                                                                                                                                                                                                                                                                                                                                                                                                                                                                                                                                                                                                                                                                                                                                                                                                                                                                                                                                                                                                                                                                                                                                                                                                                                                                                                                                                                                                                                                                                                                                                                                                                                                                                                                                                           
VIEW_NAME                                                                                                                        VIEW                                                                                                                                                                                                                                                                                                                                                                                                                                                                                                                                                                                                                                                                                                                                                                                                                                                                                                                                                                                                                                                                                                                                                                                                                                                                                                                                                                                                                                                                                                                                                                                                                                                                                                                                                                                                                                                                                                                                           
VIEW_NAME1                                                                                                                       VIEW                                                                                                                                                                                                                                                                                                                                                                                                                                                                                                                                                                                                                                                                                                                                                                                                                                                                                                                                                                                                                                                                                                                                                                                                                                                                                                                                                                                                                                                                                                                                                                                                                                                                                                                                                                                                                                                                                                                                           

36 rows selected.

SQL> create synonym vie from view_hero;
create synonym vie from view_hero
                   *
ERROR at line 1:
ORA-00905: missing keyword 


SQL> create synonym vie for view_hero;

Synonym created.

SQL> create synonym vc for view_complex;

Synonym created.

SQL> create synonym vh for view_hire;

Synonym created.

SQL> rem sequence
SQL> create sequence royal_seq
  2  
SQL> create sequence royal_seq;

Sequence created.

SQL> rem create sequence r-seq start woth 10 incremenr by 4 maxvalue 100;
SQL> rem truncate tavle tt;
SQL> rem insert into tt values(req_seq.nextval,'s',2e3re);
SQL> rem currval from dual;
SQL> rem alter sqeunce req_seq inxremenr by 10 maxcalue 60;
SQL> insert into tt values(r_sq.nextval);
insert into tt values(r_sq.nextval)
            *
ERROR at line 1:
ORA-00942: table or view does not exist 


SQL> rem insert into tt values(r_sq.nextval);
SQL> select royal_seq.nextval from dual;

   NEXTVAL                                                                                                                                                                                                                                                                                                                                                                                                                                                                                                                                                                                                                                                                                                                                                                                                                                                                                                                                                                                                                                                                                                                                                                                                                                                                                                                                                                                                                                                                                                                                                                                                                                                                                                                                                                                                                                                                                                                                                                                                                                                                      
----------                                                                                                                                                                                                                                                                                                                                                                                                                                                                                                                                                                                                                                                                                                                                                                                                                                                                                                                                                                                                                                                                                                                                                                                                                                                                                                                                                                                                                                                                                                                                                                                                                                                                                                                                                                                                                                                                                                                                                                                                                                                                      
         1                                                                                                                                                                                                                                                                                                                                                                                                                                                                                                                                                                                                                                                                                                                                                                                                                                                                                                                                                                                                                                                                                                                                                                                                                                                                                                                                                                                                                                                                                                                                                                                                                                                                                                                                                                                                                                                                                                                                                                                                                                                                      

SQL> /

   NEXTVAL                                                                                                                                                                                                                                                                                                                                                                                                                                                                                                                                                                                                                                                                                                                                                                                                                                                                                                                                                                                                                                                                                                                                                                                                                                                                                                                                                                                                                                                                                                                                                                                                                                                                                                                                                                                                                                                                                                                                                                                                                                                                      
----------                                                                                                                                                                                                                                                                                                                                                                                                                                                                                                                                                                                                                                                                                                                                                                                                                                                                                                                                                                                                                                                                                                                                                                                                                                                                                                                                                                                                                                                                                                                                                                                                                                                                                                                                                                                                                                                                                                                                                                                                                                                                      
         2                                                                                                                                                                                                                                                                                                                                                                                                                                                                                                                                                                                                                                                                                                                                                                                                                                                                                                                                                                                                                                                                                                                                                                                                                                                                                                                                                                                                                                                                                                                                                                                                                                                                                                                                                                                                                                                                                                                                                                                                                                                                      

SQL> /

   NEXTVAL                                                                                                                                                                                                                                                                                                                                                                                                                                                                                                                                                                                                                                                                                                                                                                                                                                                                                                                                                                                                                                                                                                                                                                                                                                                                                                                                                                                                                                                                                                                                                                                                                                                                                                                                                                                                                                                                                                                                                                                                                                                                      
----------                                                                                                                                                                                                                                                                                                                                                                                                                                                                                                                                                                                                                                                                                                                                                                                                                                                                                                                                                                                                                                                                                                                                                                                                                                                                                                                                                                                                                                                                                                                                                                                                                                                                                                                                                                                                                                                                                                                                                                                                                                                                      
         3                                                                                                                                                                                                                                                                                                                                                                                                                                                                                                                                                                                                                                                                                                                                                                                                                                                                                                                                                                                                                                                                                                                                                                                                                                                                                                                                                                                                                                                                                                                                                                                                                                                                                                                                                                                                                                                                                                                                                                                                                                                                      

SQL> /

   NEXTVAL                                                                                                                                                                                                                                                                                                                                                                                                                                                                                                                                                                                                                                                                                                                                                                                                                                                                                                                                                                                                                                                                                                                                                                                                                                                                                                                                                                                                                                                                                                                                                                                                                                                                                                                                                                                                                                                                                                                                                                                                                                                                      
----------                                                                                                                                                                                                                                                                                                                                                                                                                                                                                                                                                                                                                                                                                                                                                                                                                                                                                                                                                                                                                                                                                                                                                                                                                                                                                                                                                                                                                                                                                                                                                                                                                                                                                                                                                                                                                                                                                                                                                                                                                                                                      
         4                                                                                                                                                                                                                                                                                                                                                                                                                                                                                                                                                                                                                                                                                                                                                                                                                                                                                                                                                                                                                                                                                                                                                                                                                                                                                                                                                                                                                                                                                                                                                                                                                                                                                                                                                                                                                                                                                                                                                                                                                                                                      

SQL> select royal_seq.currval from dual;

   CURRVAL                                                                                                                                                                                                                                                                                                                                                                                                                                                                                                                                                                                                                                                                                                                                                                                                                                                                                                                                                                                                                                                                                                                                                                                                                                                                                                                                                                                                                                                                                                                                                                                                                                                                                                                                                                                                                                                                                                                                                                                                                                                                      
----------                                                                                                                                                                                                                                                                                                                                                                                                                                                                                                                                                                                                                                                                                                                                                                                                                                                                                                                                                                                                                                                                                                                                                                                                                                                                                                                                                                                                                                                                                                                                                                                                                                                                                                                                                                                                                                                                                                                                                                                                                                                                      
         4                                                                                                                                                                                                                                                                                                                                                                                                                                                                                                                                                                                                                                                                                                                                                                                                                                                                                                                                                                                                                                                                                                                                                                                                                                                                                                                                                                                                                                                                                                                                                                                                                                                                                                                                                                                                                                                                                                                                                                                                                                                                      

SQL> rem select table_name from user_tables;
SQL>  select table_name from user_tables;

TABLE_NAME                                                                                                                                                                                                                                                                                                                                                                                                                                                                                                                                                                                                                                                                                                                                                                                                                                                                                                                                                                                                                                                                                                                                                                                                                                                                                                                                                                                                                                                                                                                                                                                                                                                                                                                                                                                                                                                                                                                                                                                                                                                                      
--------------------------------------------------------------------------------------------------------------------------------                                                                                                                                                                                                                                                                                                                                                                                                                                                                                                                                                                                                                                                                                                                                                                                                                                                                                                                                                                                                                                                                                                                                                                                                                                                                                                                                                                                                                                                                                                                                                                                                                                                                                                                                                                                                                                                                                                                                                
REGIONS                                                                                                                                                                                                                                                                                                                                                                                                                                                                                                                                                                                                                                                                                                                                                                                                                                                                                                                                                                                                                                                                                                                                                                                                                                                                                                                                                                                                                                                                                                                                                                                                                                                                                                                                                                                                                                                                                                                                                                                                                                                                         
COUNTRIES                                                                                                                                                                                                                                                                                                                                                                                                                                                                                                                                                                                                                                                                                                                                                                                                                                                                                                                                                                                                                                                                                                                                                                                                                                                                                                                                                                                                                                                                                                                                                                                                                                                                                                                                                                                                                                                                                                                                                                                                                                                                       
LOCATIONS                                                                                                                                                                                                                                                                                                                                                                                                                                                                                                                                                                                                                                                                                                                                                                                                                                                                                                                                                                                                                                                                                                                                                                                                                                                                                                                                                                                                                                                                                                                                                                                                                                                                                                                                                                                                                                                                                                                                                                                                                                                                       
DEPARTMENTS                                                                                                                                                                                                                                                                                                                                                                                                                                                                                                                                                                                                                                                                                                                                                                                                                                                                                                                                                                                                                                                                                                                                                                                                                                                                                                                                                                                                                                                                                                                                                                                                                                                                                                                                                                                                                                                                                                                                                                                                                                                                     
JOBS                                                                                                                                                                                                                                                                                                                                                                                                                                                                                                                                                                                                                                                                                                                                                                                                                                                                                                                                                                                                                                                                                                                                                                                                                                                                                                                                                                                                                                                                                                                                                                                                                                                                                                                                                                                                                                                                                                                                                                                                                                                                            
EMPLOYEES                                                                                                                                                                                                                                                                                                                                                                                                                                                                                                                                                                                                                                                                                                                                                                                                                                                                                                                                                                                                                                                                                                                                                                                                                                                                                                                                                                                                                                                                                                                                                                                                                                                                                                                                                                                                                                                                                                                                                                                                                                                                       
JOB_HISTORY                                                                                                                                                                                                                                                                                                                                                                                                                                                                                                                                                                                                                                                                                                                                                                                                                                                                                                                                                                                                                                                                                                                                                                                                                                                                                                                                                                                                                                                                                                                                                                                                                                                                                                                                                                                                                                                                                                                                                                                                                                                                     
HERO                                                                                                                                                                                                                                                                                                                                                                                                                                                                                                                                                                                                                                                                                                                                                                                                                                                                                                                                                                                                                                                                                                                                                                                                                                                                                                                                                                                                                                                                                                                                                                                                                                                                                                                                                                                                                                                                                                                                                                                                                                                                            
TIGER                                                                                                                                                                                                                                                                                                                                                                                                                                                                                                                                                                                                                                                                                                                                                                                                                                                                                                                                                                                                                                                                                                                                                                                                                                                                                                                                                                                                                                                                                                                                                                                                                                                                                                                                                                                                                                                                                                                                                                                                                                                                           
TIGER1                                                                                                                                                                                                                                                                                                                                                                                                                                                                                                                                                                                                                                                                                                                                                                                                                                                                                                                                                                                                                                                                                                                                                                                                                                                                                                                                                                                                                                                                                                                                                                                                                                                                                                                                                                                                                                                                                                                                                                                                                                                                          

10 rows selected.

SQL> desc vh
 Name                                                                                                                                                                                                                                                                                                                                                                                                                                                                                                                                                                                                                                                                                                                                                                                                                                                                                                                                                                                                                                                                                                                                                                                                                                      Null?    Type
 ----------------------------------------------------------------------------------------------------------------------------------------------------------------------------------------------------------------------------------------------------------------------------------------------------------------------------------------------------------------------------------------------------------------------------------------------------------------------------------------------------------------------------------------------------------------------------------------------------------------------------------------------------------------------------------------------------------------------------------------------------------------------------------------------------------------------------------------------------------------------------------------------------------------------------------------------------------------------------------------------------------------------------------------------------------------------------------------------------------------------------------------------------------------------------------------------------------------------------------------- -------- ----------------------------------------------------------------------------------------------------------------------------------------------------------------------------------------------------------------------------------------------------------------------------------------------------------------------------------------------------------------------------------------------------------------------------------------------------------------------------------------------------------------------------------------------------------------------------------------------------------------------------------------------------------------------------------------------------------------------------------------------------------------------------------------------------------------------------
 FIRST_NAME                                                                                                                                                                                                                                                                                                                                                                                                                                                                                                                                                                                                                                                                                                                                                                                                                                                                                                                                                                                                                                                                                                                                                                                                                                         VARCHAR2(20)
 HIRE_DATE                                                                                                                                                                                                                                                                                                                                                                                                                                                                                                                                                                                                                                                                                                                                                                                                                                                                                                                                                                                                                                                                                                                                                                                                                                 NOT NULL DATE

SQL> set line 200
SQL> desc vh
 Name                                                                                                              Null?    Type
 ----------------------------------------------------------------------------------------------------------------- -------- ----------------------------------------------------------------------------
 FIRST_NAME                                                                                                                 VARCHAR2(20)
 HIRE_DATE                                                                                                         NOT NULL DATE

SQL> alter table vh add column(No number);
alter table vh add column(No number)
                   *
ERROR at line 1:
ORA-00904: : invalid identifier 


SQL> desc hero;
 Name                                                                                                              Null?    Type
 ----------------------------------------------------------------------------------------------------------------- -------- ----------------------------------------------------------------------------
 NO                                                                                                                NOT NULL NUMBER(5)
 NAME                                                                                                                       VARCHAR2(40)
 SAL                                                                                                                        NUMBER(8,2)
 HIREDATE                                                                                                                   DATE

SQL> truncate table hero;

Table truncated.

SQL> select * from hero;

no rows selected

SQL> insert into hero values(royal_seq.nextval,'karshil',32000,'12-JAN-2019');

1 row created.

SQL> insert into hero values(10,'karshil',32000,'12-JAN-2019');

1 row created.

SQL> select * from hero;

        NO NAME                                            SAL HIREDATE                                                                                                                                 
---------- ---------------------------------------- ---------- ---------                                                                                                                                
         5 karshil                                       32000 12-JAN-19                                                                                                                                
        10 karshil                                       32000 12-JAN-19                                                                                                                                

SQL> insert into hero values(royal_seq.nextval,'karsh',3000,'12-JAN-2019');

1 row created.

SQL> /

1 row created.

SQL> /

1 row created.

SQL> /

1 row created.

SQL> /
insert into hero values(royal_seq.nextval,'karsh',3000,'12-JAN-2019')
*
ERROR at line 1:
ORA-00001: unique constraint (HR.SYS_C008350) violated 


SQL> insert into hero values(royal_seq.nextval,'karsh',3000,'12-JAN-2019');

1 row created.

SQL> select * from hero;

        NO NAME                                            SAL HIREDATE                                                                                                                                 
---------- ---------------------------------------- ---------- ---------                                                                                                                                
         5 karshil                                       32000 12-JAN-19                                                                                                                                
        10 karshil                                       32000 12-JAN-19                                                                                                                                
         6 karsh                                          3000 12-JAN-19                                                                                                                                
         7 karsh                                          3000 12-JAN-19                                                                                                                                
         8 karsh                                          3000 12-JAN-19                                                                                                                                
         9 karsh                                          3000 12-JAN-19                                                                                                                                
        11 karsh                                          3000 12-JAN-19                                                                                                                                

7 rows selected.

SQL> /

        NO NAME                                            SAL HIREDATE                                                                                                                                 
---------- ---------------------------------------- ---------- ---------                                                                                                                                
         5 karshil                                       32000 12-JAN-19                                                                                                                                
        10 karshil                                       32000 12-JAN-19                                                                                                                                
         6 karsh                                          3000 12-JAN-19                                                                                                                                
         7 karsh                                          3000 12-JAN-19                                                                                                                                
         8 karsh                                          3000 12-JAN-19                                                                                                                                
         9 karsh                                          3000 12-JAN-19                                                                                                                                
        11 karsh                                          3000 12-JAN-19                                                                                                                                

7 rows selected.

SQL> insert into hero values(royal_seq.nextval,'karsh',3000,'12-JAN-2019');

1 row created.

SQL> /

1 row created.

SQL> /

1 row created.

SQL> select * from hero;

        NO NAME                                            SAL HIREDATE                                                                                                                                 
---------- ---------------------------------------- ---------- ---------                                                                                                                                
         5 karshil                                       32000 12-JAN-19                                                                                                                                
        10 karshil                                       32000 12-JAN-19                                                                                                                                
         6 karsh                                          3000 12-JAN-19                                                                                                                                
         7 karsh                                          3000 12-JAN-19                                                                                                                                
         8 karsh                                          3000 12-JAN-19                                                                                                                                
         9 karsh                                          3000 12-JAN-19                                                                                                                                
        11 karsh                                          3000 12-JAN-19                                                                                                                                
        12 karsh                                          3000 12-JAN-19                                                                                                                                
        13 karsh                                          3000 12-JAN-19                                                                                                                                
        14 karsh                                          3000 12-JAN-19                                                                                                                                

10 rows selected.

SQL> rem gap in table and rollback
SQL> alter sqeunce royal_seq increment by 10 maxvalue 60;
alter sqeunce royal_seq increment by 10 maxvalue 60
      *
ERROR at line 1:
ORA-00940: invalid ALTER command 


SQL> alter seqeunce royal_seq increment by 10 maxvalue 60;
alter seqeunce royal_seq increment by 10 maxvalue 60
      *
ERROR at line 1:
ORA-00940: invalid ALTER command 


SQL> alter sequence royal_seq increment by 10 maxvalue 60;

Sequence altered.

SQL> insert into hero values(royal_seq,'sfrf',23334,'1-JAN-2004');
insert into hero values(royal_seq,'sfrf',23334,'1-JAN-2004')
                        *
ERROR at line 1:
ORA-00984: column not allowed here 


SQL> insert into hero values(royal_seq.nextval,'sfrf',23334,'1-JAN-2004');

1 row created.

SQL> /

1 row created.

SQL> 
SQL> /

1 row created.

SQL> /

1 row created.

SQL> select * from hero;

        NO NAME                                            SAL HIREDATE                                                                                                                                 
---------- ---------------------------------------- ---------- ---------                                                                                                                                
         5 karshil                                       32000 12-JAN-19                                                                                                                                
        10 karshil                                       32000 12-JAN-19                                                                                                                                
         6 karsh                                          3000 12-JAN-19                                                                                                                                
         7 karsh                                          3000 12-JAN-19                                                                                                                                
         8 karsh                                          3000 12-JAN-19                                                                                                                                
         9 karsh                                          3000 12-JAN-19                                                                                                                                
        11 karsh                                          3000 12-JAN-19                                                                                                                                
        12 karsh                                          3000 12-JAN-19                                                                                                                                
        13 karsh                                          3000 12-JAN-19                                                                                                                                
        14 karsh                                          3000 12-JAN-19                                                                                                                                
        24 sfrf                                          23334 01-JAN-04                                                                                                                                

        NO NAME                                            SAL HIREDATE                                                                                                                                 
---------- ---------------------------------------- ---------- ---------                                                                                                                                
        34 sfrf                                          23334 01-JAN-04                                                                                                                                
        44 sfrf                                          23334 01-JAN-04                                                                                                                                
        54 sfrf                                          23334 01-JAN-04                                                                                                                                

14 rows selected.

SQL> rem drop sequence seuqncename
SQL> insert into hero values(royal_seq.nextval,'sfrf',23334,'1-JAN-2004');
insert into hero values(royal_seq.nextval,'sfrf',23334,'1-JAN-2004')
*
ERROR at line 1:
ORA-08004: sequence ROYAL_SEQ.NEXTVAL exceeds MAXVALUE and cannot be instantiated 


SQL> drop sequence royal_seq;

Sequence dropped.

SQL> select  * from hero;

        NO NAME                                            SAL HIREDATE                                                                                                                                 
---------- ---------------------------------------- ---------- ---------                                                                                                                                
         5 karshil                                       32000 12-JAN-19                                                                                                                                
        10 karshil                                       32000 12-JAN-19                                                                                                                                
         6 karsh                                          3000 12-JAN-19                                                                                                                                
         7 karsh                                          3000 12-JAN-19                                                                                                                                
         8 karsh                                          3000 12-JAN-19                                                                                                                                
         9 karsh                                          3000 12-JAN-19                                                                                                                                
        11 karsh                                          3000 12-JAN-19                                                                                                                                
        12 karsh                                          3000 12-JAN-19                                                                                                                                
        13 karsh                                          3000 12-JAN-19                                                                                                                                
        14 karsh                                          3000 12-JAN-19                                                                                                                                
        24 sfrf                                          23334 01-JAN-04                                                                                                                                

        NO NAME                                            SAL HIREDATE                                                                                                                                 
---------- ---------------------------------------- ---------- ---------                                                                                                                                
        34 sfrf                                          23334 01-JAN-04                                                                                                                                
        44 sfrf                                          23334 01-JAN-04                                                                                                                                
        54 sfrf                                          23334 01-JAN-04                                                                                                                                

14 rows selected.

SQL> insert into hero values(royal_seq.nextval,'sfrf',23334,'1-JAN-2004');
insert into hero values(royal_seq.nextval,'sfrf',23334,'1-JAN-2004')
                        *
ERROR at line 1:
ORA-02289: sequence does not exist 


SQL> insert into hero values(royal_seq.nextval,'sfrf',23334,'1-JAN-2004');
insert into hero values(royal_seq.nextval,'sfrf',23334,'1-JAN-2004')
                        *
ERROR at line 1:
ORA-02289: sequence does not exist 


SQL> desc user_sequences;
 Name                                                                                                              Null?    Type
 ----------------------------------------------------------------------------------------------------------------- -------- ----------------------------------------------------------------------------
 SEQUENCE_NAME                                                                                                     NOT NULL VARCHAR2(128)
 MIN_VALUE                                                                                                                  NUMBER
 MAX_VALUE                                                                                                                  NUMBER
 INCREMENT_BY                                                                                                      NOT NULL NUMBER
 CYCLE_FLAG                                                                                                                 VARCHAR2(1)
 ORDER_FLAG                                                                                                                 VARCHAR2(1)
 CACHE_SIZE                                                                                                        NOT NULL NUMBER
 LAST_NUMBER                                                                                                       NOT NULL NUMBER
 SCALE_FLAG                                                                                                                 VARCHAR2(1)
 EXTEND_FLAG                                                                                                                VARCHAR2(1)
 SESSION_FLAG                                                                                                               VARCHAR2(1)
 KEEP_VALUE                                                                                                                 VARCHAR2(1)

SQL> select * from user_sequence;
select * from user_sequence
              *
ERROR at line 1:
ORA-00942: table or view does not exist 


SQL> select * from user_sequences;

SEQUENCE_NAME                                                                                                                     MIN_VALUE  MAX_VALUE INCREMENT_BY C O CACHE_SIZE LAST_NUMBER S E S K  
-------------------------------------------------------------------------------------------------------------------------------- ---------- ---------- ------------ - - ---------- ----------- - - - -  
DEPARTMENTS_SEQ                                                                                                                           1       9990           10 N N          0         280 N N N N  
EMPLOYEES_SEQ                                                                                                                             1 1.0000E+28            1 N N          0         207 N N N N  
LOCATIONS_SEQ                                                                                                                             1       9900          100 N N          0        3300 N N N N  

SQL> select * from user_synonyms;

SYNONYM_NAME                                                                                                                                                                                            
--------------------------------------------------------------------------------------------------------------------------------                                                                        
TABLE_OWNER                                                                                                                                                                                             
--------------------------------------------------------------------------------------------------------------------------------                                                                        
TABLE_NAME                                                                                                                                                                                              
--------------------------------------------------------------------------------------------------------------------------------                                                                        
DB_LINK                                                                                                                          ORIGIN_CON_ID                                                          
-------------------------------------------------------------------------------------------------------------------------------- -------------                                                          
CO                                                                                                                                                                                                      
HR                                                                                                                                                                                                      
COUNTRIES                                                                                                                                                                                               
                                                                                                                                             0                                                          
                                                                                                                                                                                                        

SYNONYM_NAME                                                                                                                                                                                            
--------------------------------------------------------------------------------------------------------------------------------                                                                        
TABLE_OWNER                                                                                                                                                                                             
--------------------------------------------------------------------------------------------------------------------------------                                                                        
TABLE_NAME                                                                                                                                                                                              
--------------------------------------------------------------------------------------------------------------------------------                                                                        
DB_LINK                                                                                                                          ORIGIN_CON_ID                                                          
-------------------------------------------------------------------------------------------------------------------------------- -------------                                                          
DE                                                                                                                                                                                                      
HR                                                                                                                                                                                                      
DEPARTMENTS                                                                                                                                                                                             
                                                                                                                                             0                                                          
                                                                                                                                                                                                        

SYNONYM_NAME                                                                                                                                                                                            
--------------------------------------------------------------------------------------------------------------------------------                                                                        
TABLE_OWNER                                                                                                                                                                                             
--------------------------------------------------------------------------------------------------------------------------------                                                                        
TABLE_NAME                                                                                                                                                                                              
--------------------------------------------------------------------------------------------------------------------------------                                                                        
DB_LINK                                                                                                                          ORIGIN_CON_ID                                                          
-------------------------------------------------------------------------------------------------------------------------------- -------------                                                          
EM                                                                                                                                                                                                      
HR                                                                                                                                                                                                      
EMPLOYEES                                                                                                                                                                                               
                                                                                                                                             0                                                          
                                                                                                                                                                                                        

SYNONYM_NAME                                                                                                                                                                                            
--------------------------------------------------------------------------------------------------------------------------------                                                                        
TABLE_OWNER                                                                                                                                                                                             
--------------------------------------------------------------------------------------------------------------------------------                                                                        
TABLE_NAME                                                                                                                                                                                              
--------------------------------------------------------------------------------------------------------------------------------                                                                        
DB_LINK                                                                                                                          ORIGIN_CON_ID                                                          
-------------------------------------------------------------------------------------------------------------------------------- -------------                                                          
LO                                                                                                                                                                                                      
HR                                                                                                                                                                                                      
LOCATIONS                                                                                                                                                                                               
                                                                                                                                             0                                                          
                                                                                                                                                                                                        

SYNONYM_NAME                                                                                                                                                                                            
--------------------------------------------------------------------------------------------------------------------------------                                                                        
TABLE_OWNER                                                                                                                                                                                             
--------------------------------------------------------------------------------------------------------------------------------                                                                        
TABLE_NAME                                                                                                                                                                                              
--------------------------------------------------------------------------------------------------------------------------------                                                                        
DB_LINK                                                                                                                          ORIGIN_CON_ID                                                          
-------------------------------------------------------------------------------------------------------------------------------- -------------                                                          
RE                                                                                                                                                                                                      
HR                                                                                                                                                                                                      
REGIONS                                                                                                                                                                                                 
                                                                                                                                             0                                                          
                                                                                                                                                                                                        

SYNONYM_NAME                                                                                                                                                                                            
--------------------------------------------------------------------------------------------------------------------------------                                                                        
TABLE_OWNER                                                                                                                                                                                             
--------------------------------------------------------------------------------------------------------------------------------                                                                        
TABLE_NAME                                                                                                                                                                                              
--------------------------------------------------------------------------------------------------------------------------------                                                                        
DB_LINK                                                                                                                          ORIGIN_CON_ID                                                          
-------------------------------------------------------------------------------------------------------------------------------- -------------                                                          
VC                                                                                                                                                                                                      
HR                                                                                                                                                                                                      
VIEW_COMPLEX                                                                                                                                                                                            
                                                                                                                                             0                                                          
                                                                                                                                                                                                        

SYNONYM_NAME                                                                                                                                                                                            
--------------------------------------------------------------------------------------------------------------------------------                                                                        
TABLE_OWNER                                                                                                                                                                                             
--------------------------------------------------------------------------------------------------------------------------------                                                                        
TABLE_NAME                                                                                                                                                                                              
--------------------------------------------------------------------------------------------------------------------------------                                                                        
DB_LINK                                                                                                                          ORIGIN_CON_ID                                                          
-------------------------------------------------------------------------------------------------------------------------------- -------------                                                          
VH                                                                                                                                                                                                      
HR                                                                                                                                                                                                      
VIEW_HIRE                                                                                                                                                                                               
                                                                                                                                             0                                                          
                                                                                                                                                                                                        

SYNONYM_NAME                                                                                                                                                                                            
--------------------------------------------------------------------------------------------------------------------------------                                                                        
TABLE_OWNER                                                                                                                                                                                             
--------------------------------------------------------------------------------------------------------------------------------                                                                        
TABLE_NAME                                                                                                                                                                                              
--------------------------------------------------------------------------------------------------------------------------------                                                                        
DB_LINK                                                                                                                          ORIGIN_CON_ID                                                          
-------------------------------------------------------------------------------------------------------------------------------- -------------                                                          
VIE                                                                                                                                                                                                     
HR                                                                                                                                                                                                      
VIEW_HERO                                                                                                                                                                                               
                                                                                                                                             0                                                          
                                                                                                                                                                                                        

8 rows selected.

SQL> set pages 250;
SQL> select * from user_synonyms;

SYNONYM_NAME                                                                                                                                                                                            
--------------------------------------------------------------------------------------------------------------------------------                                                                        
TABLE_OWNER                                                                                                                                                                                             
--------------------------------------------------------------------------------------------------------------------------------                                                                        
TABLE_NAME                                                                                                                                                                                              
--------------------------------------------------------------------------------------------------------------------------------                                                                        
DB_LINK                                                                                                                          ORIGIN_CON_ID                                                          
-------------------------------------------------------------------------------------------------------------------------------- -------------                                                          
CO                                                                                                                                                                                                      
HR                                                                                                                                                                                                      
COUNTRIES                                                                                                                                                                                               
                                                                                                                                             0                                                          
                                                                                                                                                                                                        
DE                                                                                                                                                                                                      
HR                                                                                                                                                                                                      
DEPARTMENTS                                                                                                                                                                                             
                                                                                                                                             0                                                          
                                                                                                                                                                                                        
EM                                                                                                                                                                                                      
HR                                                                                                                                                                                                      
EMPLOYEES                                                                                                                                                                                               
                                                                                                                                             0                                                          
                                                                                                                                                                                                        
LO                                                                                                                                                                                                      
HR                                                                                                                                                                                                      
LOCATIONS                                                                                                                                                                                               
                                                                                                                                             0                                                          
                                                                                                                                                                                                        
RE                                                                                                                                                                                                      
HR                                                                                                                                                                                                      
REGIONS                                                                                                                                                                                                 
                                                                                                                                             0                                                          
                                                                                                                                                                                                        
VC                                                                                                                                                                                                      
HR                                                                                                                                                                                                      
VIEW_COMPLEX                                                                                                                                                                                            
                                                                                                                                             0                                                          
                                                                                                                                                                                                        
VH                                                                                                                                                                                                      
HR                                                                                                                                                                                                      
VIEW_HIRE                                                                                                                                                                                               
                                                                                                                                             0                                                          
                                                                                                                                                                                                        
VIE                                                                                                                                                                                                     
HR                                                                                                                                                                                                      
VIEW_HERO                                                                                                                                                                                               
                                                                                                                                             0                                                          
                                                                                                                                                                                                        

8 rows selected.

SQL> select synonyms_name,table_name from user_synonyms;
select synonyms_name,table_name from user_synonyms
       *
ERROR at line 1:
ORA-00904: "SYNONYMS_NAME": invalid identifier 


SQL> select synonym_name,table_name from user_synonyms;

SYNONYM_NAME                                                                                                                                                                                            
--------------------------------------------------------------------------------------------------------------------------------                                                                        
TABLE_NAME                                                                                                                                                                                              
--------------------------------------------------------------------------------------------------------------------------------                                                                        
CO                                                                                                                                                                                                      
COUNTRIES                                                                                                                                                                                               
                                                                                                                                                                                                        
DE                                                                                                                                                                                                      
DEPARTMENTS                                                                                                                                                                                             
                                                                                                                                                                                                        
EM                                                                                                                                                                                                      
EMPLOYEES                                                                                                                                                                                               
                                                                                                                                                                                                        
LO                                                                                                                                                                                                      
LOCATIONS                                                                                                                                                                                               
                                                                                                                                                                                                        
RE                                                                                                                                                                                                      
REGIONS                                                                                                                                                                                                 
                                                                                                                                                                                                        
VC                                                                                                                                                                                                      
VIEW_COMPLEX                                                                                                                                                                                            
                                                                                                                                                                                                        
VH                                                                                                                                                                                                      
VIEW_HIRE                                                                                                                                                                                               
                                                                                                                                                                                                        
VIE                                                                                                                                                                                                     
VIEW_HERO                                                                                                                                                                                               
                                                                                                                                                                                                        

8 rows selected.

SQL> select synonym_name,table_name,view_name from user_synonyms;
select synonym_name,table_name,view_name from user_synonyms
                               *
ERROR at line 1:
ORA-00904: "VIEW_NAME": invalid identifier 


SQL> rem user_tables,user_sequences,
SQL> spool off
