SQL> select first_name,salary from employees where salary<(select salary from employees where first_name='Den');

FIRST_NAME               SALARY                                                 
-------------------- ----------                                                 
Alexander                  9000                                                 
Bruce                      6000                                                 
David                      4800                                                 
Valli                      4800                                                 
Diana                      4200                                                 
Daniel                     9000                                                 
John                       8200                                                 
Ismael                     7700                                                 
Jose Manuel                7800                                                 
Luis                       6900                                                 
Alexander                  3100                                                 

FIRST_NAME               SALARY                                                 
-------------------- ----------                                                 
Shelli                     2900                                                 
Sigal                      2800                                                 
Guy                        2600                                                 
Karen                      2500                                                 
Matthew                    8000                                                 
Adam                       8200                                                 
Payam                      7900                                                 
Shanta                     6500                                                 
Kevin                      5800                                                 
Julia                      3200                                                 
Irene                      2700                                                 

FIRST_NAME               SALARY                                                 
-------------------- ----------                                                 
James                      2400                                                 
Steven                     2200                                                 
Laura                      3300                                                 
Mozhe                      2800                                                 
James                      2500                                                 
TJ                         2100                                                 
Jason                      3300                                                 
Michael                    2900                                                 
Ki                         2400                                                 
Hazel                      2200                                                 
Renske                     3600                                                 

FIRST_NAME               SALARY                                                 
-------------------- ----------                                                 
Stephen                    3200                                                 
John                       2700                                                 
Joshua                     2500                                                 
Trenna                     3500                                                 
Curtis                     3100                                                 
Randall                    2600                                                 
Peter                      2500                                                 
Eleni                     10500                                                 
Peter                     10000                                                 
David                      9500                                                 
Peter                      9000                                                 

FIRST_NAME               SALARY                                                 
-------------------- ----------                                                 
Christopher                8000                                                 
Nanette                    7500                                                 
Oliver                     7000                                                 
Janette                   10000                                                 
Patrick                    9500                                                 
Allan                      9000                                                 
Lindsey                    8000                                                 
Louise                     7500                                                 
Sarath                     7000                                                 
Clara                     10500                                                 
Danielle                   9500                                                 

FIRST_NAME               SALARY                                                 
-------------------- ----------                                                 
Mattea                     7200                                                 
David                      6800                                                 
Sundar                     6400                                                 
Amit                       6200                                                 
Harrison                  10000                                                 
Tayler                     9600                                                 
William                    7400                                                 
Elizabeth                  7300                                                 
Sundita                    6100                                                 
Alyssa                     8800                                                 
Jonathon                   8600                                                 

FIRST_NAME               SALARY                                                 
-------------------- ----------                                                 
Jack                       8400                                                 
Kimberely                  7000                                                 
Charles                    6200                                                 
Winston                    3200                                                 
Jean                       3100                                                 
Martha                     2500                                                 
Girard                     2800                                                 
Nandita                    4200                                                 
Alexis                     4100                                                 
Julia                      3400                                                 
Anthony                    3000                                                 

FIRST_NAME               SALARY                                                 
-------------------- ----------                                                 
Kelly                      3800                                                 
Jennifer                   3600                                                 
Timothy                    2900                                                 
Randall                    2500                                                 
Sarah                      4000                                                 
Britney                    3900                                                 
Samuel                     3200                                                 
Vance                      2800                                                 
Alana                      3100                                                 
Kevin                      3000                                                 
Donald                     2600                                                 

FIRST_NAME               SALARY                                                 
-------------------- ----------                                                 
Douglas                    2600                                                 
Jennifer                   4400                                                 
Pat                        6000                                                 
Susan                      6500                                                 
Hermann                   10000                                                 
William                    8300                                                 

94 rows selected.

SQL> rem subqueries
SQL> rem 3 types single row, multiple, and multiple column
SQL> rem single row
SQL> select first_name,salary from employees where salary<(select salary from employees where first_name='Den');

FIRST_NAME               SALARY                                                 
-------------------- ----------                                                 
Alexander                  9000                                                 
Bruce                      6000                                                 
David                      4800                                                 
Valli                      4800                                                 
Diana                      4200                                                 
Daniel                     9000                                                 
John                       8200                                                 
Ismael                     7700                                                 
Jose Manuel                7800                                                 
Luis                       6900                                                 
Alexander                  3100                                                 

FIRST_NAME               SALARY                                                 
-------------------- ----------                                                 
Shelli                     2900                                                 
Sigal                      2800                                                 
Guy                        2600                                                 
Karen                      2500                                                 
Matthew                    8000                                                 
Adam                       8200                                                 
Payam                      7900                                                 
Shanta                     6500                                                 
Kevin                      5800                                                 
Julia                      3200                                                 
Irene                      2700                                                 

FIRST_NAME               SALARY                                                 
-------------------- ----------                                                 
James                      2400                                                 
Steven                     2200                                                 
Laura                      3300                                                 
Mozhe                      2800                                                 
James                      2500                                                 
TJ                         2100                                                 
Jason                      3300                                                 
Michael                    2900                                                 
Ki                         2400                                                 
Hazel                      2200                                                 
Renske                     3600                                                 

FIRST_NAME               SALARY                                                 
-------------------- ----------                                                 
Stephen                    3200                                                 
John                       2700                                                 
Joshua                     2500                                                 
Trenna                     3500                                                 
Curtis                     3100                                                 
Randall                    2600                                                 
Peter                      2500                                                 
Eleni                     10500                                                 
Peter                     10000                                                 
David                      9500                                                 
Peter                      9000                                                 

FIRST_NAME               SALARY                                                 
-------------------- ----------                                                 
Christopher                8000                                                 
Nanette                    7500                                                 
Oliver                     7000                                                 
Janette                   10000                                                 
Patrick                    9500                                                 
Allan                      9000                                                 
Lindsey                    8000                                                 
Louise                     7500                                                 
Sarath                     7000                                                 
Clara                     10500                                                 
Danielle                   9500                                                 

FIRST_NAME               SALARY                                                 
-------------------- ----------                                                 
Mattea                     7200                                                 
David                      6800                                                 
Sundar                     6400                                                 
Amit                       6200                                                 
Harrison                  10000                                                 
Tayler                     9600                                                 
William                    7400                                                 
Elizabeth                  7300                                                 
Sundita                    6100                                                 
Alyssa                     8800                                                 
Jonathon                   8600                                                 

FIRST_NAME               SALARY                                                 
-------------------- ----------                                                 
Jack                       8400                                                 
Kimberely                  7000                                                 
Charles                    6200                                                 
Winston                    3200                                                 
Jean                       3100                                                 
Martha                     2500                                                 
Girard                     2800                                                 
Nandita                    4200                                                 
Alexis                     4100                                                 
Julia                      3400                                                 
Anthony                    3000                                                 

FIRST_NAME               SALARY                                                 
-------------------- ----------                                                 
Kelly                      3800                                                 
Jennifer                   3600                                                 
Timothy                    2900                                                 
Randall                    2500                                                 
Sarah                      4000                                                 
Britney                    3900                                                 
Samuel                     3200                                                 
Vance                      2800                                                 
Alana                      3100                                                 
Kevin                      3000                                                 
Donald                     2600                                                 

FIRST_NAME               SALARY                                                 
-------------------- ----------                                                 
Douglas                    2600                                                 
Jennifer                   4400                                                 
Pat                        6000                                                 
Susan                      6500                                                 
Hermann                   10000                                                 
William                    8300                                                 

94 rows selected.

SQL> rem multiple row   OPerators::::in, any, all
SQL> select first_name,salary from employees where salary>(select salary from employees where first_name='Kevin');
select first_name,salary from employees where salary>(select salary from employees where first_name='Kevin')
                                                      *
ERROR at line 1:
ORA-01427: single-row subquery returns more than one row 


SQL> select first_name,salary from employees where salary<(select salary from employees where first_name='Kevin');
select first_name,salary from employees where salary<(select salary from employees where first_name='Kevin')
                                                      *
ERROR at line 1:
ORA-01427: single-row subquery returns more than one row 


SQL> select salary from employess where first_name='kevin';
select salary from employess where first_name='kevin'
                   *
ERROR at line 1:
ORA-00942: table or view does not exist 


SQL> select salary from employees where first_name='kevin';

no rows selected

SQL> select salary from employees where first_name='Kevin';

    SALARY                                                                      
----------                                                                      
      3000                                                                      
      5800                                                                      

SQL> rem >all,,<all,,<any>
SQL> select first_name,salary from employees where salary<all(select salary from employees where first_name='Kevin');

FIRST_NAME               SALARY                                                 
-------------------- ----------                                                 
Shelli                     2900                                                 
Timothy                    2900                                                 
Michael                    2900                                                 
Sigal                      2800                                                 
Vance                      2800                                                 
Girard                     2800                                                 
Mozhe                      2800                                                 
John                       2700                                                 
Irene                      2700                                                 
Guy                        2600                                                 
Douglas                    2600                                                 

FIRST_NAME               SALARY                                                 
-------------------- ----------                                                 
Donald                     2600                                                 
Randall                    2600                                                 
Karen                      2500                                                 
James                      2500                                                 
Randall                    2500                                                 
Peter                      2500                                                 
Martha                     2500                                                 
Joshua                     2500                                                 
Ki                         2400                                                 
James                      2400                                                 
Hazel                      2200                                                 

FIRST_NAME               SALARY                                                 
-------------------- ----------                                                 
Steven                     2200                                                 
TJ                         2100                                                 

24 rows selected.

SQL> select first_name,salary from employees where salary<in(select salary from employees where first_name='Kevin');
select first_name,salary from employees where salary<in(select salary from employees where first_name='Kevin')
                                                     *
ERROR at line 1:
ORA-00936: missing expression 


SQL> select first_name,salary from employees where salary <in(select salary from employees where first_name='Kevin');
select first_name,salary from employees where salary <in(select salary from employees where first_name='Kevin')
                                                      *
ERROR at line 1:
ORA-00936: missing expression 


SQL> select first_name,salary from employees where salary<in(select salary from employees where first_name='Kevin');
select first_name,salary from employees where salary<in(select salary from employees where first_name='Kevin')
                                                     *
ERROR at line 1:
ORA-00936: missing expression 


SQL> select first_name,salary from employees where salary in (select salary from employees where first_name='Kevin');

FIRST_NAME               SALARY                                                 
-------------------- ----------                                                 
Anthony                    3000                                                 
Kevin                      3000                                                 
Kevin                      5800                                                 

SQL> select first_name,salary from employees where salary <any (select salary from employees where first_name='Kevin');

FIRST_NAME               SALARY                                                 
-------------------- ----------                                                 
TJ                         2100                                                 
Steven                     2200                                                 
Hazel                      2200                                                 
James                      2400                                                 
Ki                         2400                                                 
Karen                      2500                                                 
James                      2500                                                 
Joshua                     2500                                                 
Peter                      2500                                                 
Martha                     2500                                                 
Randall                    2500                                                 

FIRST_NAME               SALARY                                                 
-------------------- ----------                                                 
Guy                        2600                                                 
Randall                    2600                                                 
Donald                     2600                                                 
Douglas                    2600                                                 
Irene                      2700                                                 
John                       2700                                                 
Sigal                      2800                                                 
Mozhe                      2800                                                 
Girard                     2800                                                 
Vance                      2800                                                 
Shelli                     2900                                                 

FIRST_NAME               SALARY                                                 
-------------------- ----------                                                 
Michael                    2900                                                 
Timothy                    2900                                                 
Anthony                    3000                                                 
Kevin                      3000                                                 
Alexander                  3100                                                 
Curtis                     3100                                                 
Jean                       3100                                                 
Alana                      3100                                                 
Julia                      3200                                                 
Stephen                    3200                                                 
Winston                    3200                                                 

FIRST_NAME               SALARY                                                 
-------------------- ----------                                                 
Samuel                     3200                                                 
Laura                      3300                                                 
Jason                      3300                                                 
Julia                      3400                                                 
Trenna                     3500                                                 
Renske                     3600                                                 
Jennifer                   3600                                                 
Kelly                      3800                                                 
Britney                    3900                                                 
Sarah                      4000                                                 
Alexis                     4100                                                 

FIRST_NAME               SALARY                                                 
-------------------- ----------                                                 
Diana                      4200                                                 
Nandita                    4200                                                 
Jennifer                   4400                                                 
David                      4800                                                 
Valli                      4800                                                 

49 rows selected.

SQL> rem NOT EQUAL TO ::::--  ^=  ,  !=,  <>
SQL> set lines 200
SQL> set pages 250
SQL> select first_name,salary from employees where salary <any (select salary from employees where first_name='Kevin') order by salary;

FIRST_NAME               SALARY                                                                                                                                                                         
-------------------- ----------                                                                                                                                                                         
TJ                         2100                                                                                                                                                                         
Steven                     2200                                                                                                                                                                         
Hazel                      2200                                                                                                                                                                         
James                      2400                                                                                                                                                                         
Ki                         2400                                                                                                                                                                         
Karen                      2500                                                                                                                                                                         
James                      2500                                                                                                                                                                         
Joshua                     2500                                                                                                                                                                         
Peter                      2500                                                                                                                                                                         
Martha                     2500                                                                                                                                                                         
Randall                    2500                                                                                                                                                                         
Guy                        2600                                                                                                                                                                         
Randall                    2600                                                                                                                                                                         
Donald                     2600                                                                                                                                                                         
Douglas                    2600                                                                                                                                                                         
Irene                      2700                                                                                                                                                                         
John                       2700                                                                                                                                                                         
Sigal                      2800                                                                                                                                                                         
Mozhe                      2800                                                                                                                                                                         
Girard                     2800                                                                                                                                                                         
Vance                      2800                                                                                                                                                                         
Shelli                     2900                                                                                                                                                                         
Michael                    2900                                                                                                                                                                         
Timothy                    2900                                                                                                                                                                         
Anthony                    3000                                                                                                                                                                         
Kevin                      3000                                                                                                                                                                         
Alexander                  3100                                                                                                                                                                         
Curtis                     3100                                                                                                                                                                         
Jean                       3100                                                                                                                                                                         
Alana                      3100                                                                                                                                                                         
Julia                      3200                                                                                                                                                                         
Stephen                    3200                                                                                                                                                                         
Winston                    3200                                                                                                                                                                         
Samuel                     3200                                                                                                                                                                         
Laura                      3300                                                                                                                                                                         
Jason                      3300                                                                                                                                                                         
Julia                      3400                                                                                                                                                                         
Trenna                     3500                                                                                                                                                                         
Renske                     3600                                                                                                                                                                         
Jennifer                   3600                                                                                                                                                                         
Kelly                      3800                                                                                                                                                                         
Britney                    3900                                                                                                                                                                         
Sarah                      4000                                                                                                                                                                         
Alexis                     4100                                                                                                                                                                         
Diana                      4200                                                                                                                                                                         
Nandita                    4200                                                                                                                                                                         
Jennifer                   4400                                                                                                                                                                         
David                      4800                                                                                                                                                                         
Valli                      4800                                                                                                                                                                         

49 rows selected.

SQL> rem multiple column:-- pair wise and non pair wise
SQL> select first_name,salary from employees where salary <any (select salary from employees where first_name='Kevin') order by salary
  2  select first_name,salary from employees where salary <any (select salary from employees where first_name='Kevin') order by salary;
select first_name,salary from employees where salary <any (select salary from employees where first_name='Kevin') order by salary
*
ERROR at line 2:
ORA-00933: SQL command not properly ended 


SQL> select job_id from employees where first_name='Den';

JOB_ID                                                                                                                                                                                                  
----------                                                                                                                                                                                              
PU_MAN                                                                                                                                                                                                  

SQL> select job_id from employees where first_name='Kevin';

JOB_ID                                                                                                                                                                                                  
----------                                                                                                                                                                                              
SH_CLERK                                                                                                                                                                                                
ST_MAN                                                                                                                                                                                                  

SQL> select first_name,job_id from employees where first_name='Kevin';

FIRST_NAME           JOB_ID                                                                                                                                                                             
-------------------- ----------                                                                                                                                                                         
Kevin                SH_CLERK                                                                                                                                                                           
Kevin                ST_MAN                                                                                                                                                                             

SQL> select first_name,job_id from employees where in (select job_id from employees where first_name='Kevin');
select first_name,job_id from employees where in (select job_id from employees where first_name='Kevin')
                                              *
ERROR at line 1:
ORA-00936: missing expression 


SQL> select first_name,job_id from employees where in job_id (select job_id from employees where first_name='Kevin');
select first_name,job_id from employees where in job_id (select job_id from employees where first_name='Kevin')
                                              *
ERROR at line 1:
ORA-00936: missing expression 


SQL> select first_name,job_id from employees where  job_id in (select job_id from employees where first_name='Kevin');

FIRST_NAME           JOB_ID                                                                                                                                                                             
-------------------- ----------                                                                                                                                                                         
Winston              SH_CLERK                                                                                                                                                                           
Jean                 SH_CLERK                                                                                                                                                                           
Martha               SH_CLERK                                                                                                                                                                           
Girard               SH_CLERK                                                                                                                                                                           
Nandita              SH_CLERK                                                                                                                                                                           
Alexis               SH_CLERK                                                                                                                                                                           
Julia                SH_CLERK                                                                                                                                                                           
Anthony              SH_CLERK                                                                                                                                                                           
Kelly                SH_CLERK                                                                                                                                                                           
Jennifer             SH_CLERK                                                                                                                                                                           
Timothy              SH_CLERK                                                                                                                                                                           
Randall              SH_CLERK                                                                                                                                                                           
Sarah                SH_CLERK                                                                                                                                                                           
Britney              SH_CLERK                                                                                                                                                                           
Samuel               SH_CLERK                                                                                                                                                                           
Vance                SH_CLERK                                                                                                                                                                           
Alana                SH_CLERK                                                                                                                                                                           
Kevin                SH_CLERK                                                                                                                                                                           
Donald               SH_CLERK                                                                                                                                                                           
Douglas              SH_CLERK                                                                                                                                                                           
Matthew              ST_MAN                                                                                                                                                                             
Adam                 ST_MAN                                                                                                                                                                             
Payam                ST_MAN                                                                                                                                                                             
Shanta               ST_MAN                                                                                                                                                                             
Kevin                ST_MAN                                                                                                                                                                             

25 rows selected.

SQL> select first_name,job_id from employees where  job_id all (select job_id from employees where first_name='Kevin');
select first_name,job_id from employees where  job_id all (select job_id from employees where first_name='Kevin')
                                                      *
ERROR at line 1:
ORA-00920: invalid relational operator 


SQL> select first_name,job_id from employees where  job_id <all (select job_id from employees where first_name='Kevin');

FIRST_NAME           JOB_ID                                                                                                                                                                             
-------------------- ----------                                                                                                                                                                         
Ellen                SA_REP                                                                                                                                                                             
Clara                SA_REP                                                                                                                                                                             
Amit                 SA_REP                                                                                                                                                                             
Elizabeth            SA_REP                                                                                                                                                                             
David                SA_REP                                                                                                                                                                             
Harrison             SA_REP                                                                                                                                                                             
Nanette              SA_REP                                                                                                                                                                             
Louise               SA_REP                                                                                                                                                                             
Tayler               SA_REP                                                                                                                                                                             
Kimberely            SA_REP                                                                                                                                                                             
Danielle             SA_REP                                                                                                                                                                             
Peter                SA_REP                                                                                                                                                                             
Alyssa               SA_REP                                                                                                                                                                             
Charles              SA_REP                                                                                                                                                                             
Janette              SA_REP                                                                                                                                                                             
Sundita              SA_REP                                                                                                                                                                             
David                SA_REP                                                                                                                                                                             
Jack                 SA_REP                                                                                                                                                                             
Mattea               SA_REP                                                                                                                                                                             
Allan                SA_REP                                                                                                                                                                             
Christopher          SA_REP                                                                                                                                                                             
Lisa                 SA_REP                                                                                                                                                                             
Sarath               SA_REP                                                                                                                                                                             
Lindsey              SA_REP                                                                                                                                                                             
William              SA_REP                                                                                                                                                                             
Patrick              SA_REP                                                                                                                                                                             
Jonathon             SA_REP                                                                                                                                                                             
Peter                SA_REP                                                                                                                                                                             
Oliver               SA_REP                                                                                                                                                                             
Sundar               SA_REP                                                                                                                                                                             
Gerald               SA_MAN                                                                                                                                                                             
Alberto              SA_MAN                                                                                                                                                                             
Karen                SA_MAN                                                                                                                                                                             
John                 SA_MAN                                                                                                                                                                             
Eleni                SA_MAN                                                                                                                                                                             
Den                  PU_MAN                                                                                                                                                                             
Sigal                PU_CLERK                                                                                                                                                                           
Shelli               PU_CLERK                                                                                                                                                                           
Alexander            PU_CLERK                                                                                                                                                                           
Karen                PU_CLERK                                                                                                                                                                           
Guy                  PU_CLERK                                                                                                                                                                           
Hermann              PR_REP                                                                                                                                                                             
Pat                  MK_REP                                                                                                                                                                             
Michael              MK_MAN                                                                                                                                                                             
Bruce                IT_PROG                                                                                                                                                                            
Diana                IT_PROG                                                                                                                                                                            
David                IT_PROG                                                                                                                                                                            
Valli                IT_PROG                                                                                                                                                                            
Alexander            IT_PROG                                                                                                                                                                            
Susan                HR_REP                                                                                                                                                                             
Nancy                FI_MGR                                                                                                                                                                             
John                 FI_ACCOUNT                                                                                                                                                                         
Daniel               FI_ACCOUNT                                                                                                                                                                         
Jose Manuel          FI_ACCOUNT                                                                                                                                                                         
Ismael               FI_ACCOUNT                                                                                                                                                                         
Luis                 FI_ACCOUNT                                                                                                                                                                         
Lex                  AD_VP                                                                                                                                                                              
Neena                AD_VP                                                                                                                                                                              
Steven               AD_PRES                                                                                                                                                                            
Jennifer             AD_ASST                                                                                                                                                                            
Shelley              AC_MGR                                                                                                                                                                             
William              AC_ACCOUNT                                                                                                                                                                         

62 rows selected.

SQL> select first_name,job_id,hire_date from employees where  hire_date =any (select hire_date from employees where first_name='Peter');

FIRST_NAME           JOB_ID     HIRE_DATE                                                                                                                                                               
-------------------- ---------- ---------                                                                                                                                                               
Laura                ST_CLERK   20-AUG-05                                                                                                                                                               
Peter                SA_REP     20-AUG-05                                                                                                                                                               
Peter                SA_REP     30-JAN-05                                                                                                                                                               
Peter                ST_CLERK   09-JUL-06                                                                                                                                                               

SQL> select first_name,job_id,last_name,hire_date from employees where  hire_date =any (select hire_date from employees where first_name='Peter');

FIRST_NAME           JOB_ID     LAST_NAME                 HIRE_DATE                                                                                                                                     
-------------------- ---------- ------------------------- ---------                                                                                                                                     
Laura                ST_CLERK   Bissot                    20-AUG-05                                                                                                                                     
Peter                SA_REP     Hall                      20-AUG-05                                                                                                                                     
Peter                SA_REP     Tucker                    30-JAN-05                                                                                                                                     
Peter                ST_CLERK   Vargas                    09-JUL-06                                                                                                                                     

SQL> select first_name,last_name,hire_date from employees where  hire_date =any (select hire_date from employees where first_name='Peter');

FIRST_NAME           LAST_NAME                 HIRE_DATE                                                                                                                                                
-------------------- ------------------------- ---------                                                                                                                                                
Laura                Bissot                    20-AUG-05                                                                                                                                                
Peter                Hall                      20-AUG-05                                                                                                                                                
Peter                Tucker                    30-JAN-05                                                                                                                                                
Peter                Vargas                    09-JUL-06                                                                                                                                                

SQL> select first_name,last_name,hire_date from employees where  hire_date =all (select hire_date from employees where first_name='Peter');

no rows selected

SQL> select first_name,last_name,hire_date from employees where  hire_date =in (select hire_date from employees where first_name='Peter');
select first_name,last_name,hire_date from employees where  hire_date =in (select hire_date from employees where first_name='Peter')
                                                                       *
ERROR at line 1:
ORA-00936: missing expression 


SQL> select first_name,last_name,hire_date from employees where  hire_date in (select hire_date from employees where first_name='Peter');

FIRST_NAME           LAST_NAME                 HIRE_DATE                                                                                                                                                
-------------------- ------------------------- ---------                                                                                                                                                
Laura                Bissot                    20-AUG-05                                                                                                                                                
Peter                Hall                      20-AUG-05                                                                                                                                                
Peter                Tucker                    30-JAN-05                                                                                                                                                
Peter                Vargas                    09-JUL-06                                                                                                                                                

SQL> select first_name,last_name,hire_date from employees where  hire_date in (select hire_date from employees where first_name='Peter' and hire_date='20-AUG-05');

FIRST_NAME           LAST_NAME                 HIRE_DATE                                                                                                                                                
-------------------- ------------------------- ---------                                                                                                                                                
Laura                Bissot                    20-AUG-05                                                                                                                                                
Peter                Hall                      20-AUG-05                                                                                                                                                

SQL> select first_name,last_name,hire_date from employees where  hire_date <any (select hire_date from employees where hire_date='1-JAN-01');

no rows selected

SQL> select first_name,last_name,hire_date from employees where  hire_date <all (select hire_date from employees where hire_date='1-JAN-01');

FIRST_NAME           LAST_NAME                 HIRE_DATE                                                                                                                                                
-------------------- ------------------------- ---------                                                                                                                                                
Sundita              Kumar                     21-APR-08                                                                                                                                                
Amit                 Banda                     21-APR-08                                                                                                                                                
Sundar               Ande                      24-MAR-08                                                                                                                                                
Steven               Markle                    08-MAR-08                                                                                                                                                
David                Lee                       23-FEB-08                                                                                                                                                
Hazel                Philtanker                06-FEB-08                                                                                                                                                
Girard               Geoni                     03-FEB-08                                                                                                                                                
Eleni                Zlotkey                   29-JAN-08                                                                                                                                                
Mattea               Marvins                   24-JAN-08                                                                                                                                                
Douglas              Grant                     13-JAN-08                                                                                                                                                
Charles              Johnson                   04-JAN-08                                                                                                                                                
Randall              Perkins                   19-DEC-07                                                                                                                                                
Ki                   Gee                       12-DEC-07                                                                                                                                                
Luis                 Popp                      07-DEC-07                                                                                                                                                
Oliver               Tuvault                   23-NOV-07                                                                                                                                                
Kevin                Mourgos                   16-NOV-07                                                                                                                                                
Gerald               Cambrault                 15-OCT-07                                                                                                                                                
Karen                Colmenares                10-AUG-07                                                                                                                                                
Donald               OConnell                  21-JUN-07                                                                                                                                                
Martha               Sullivan                  21-JUN-07                                                                                                                                                
Kimberely            Grant                     24-MAY-07                                                                                                                                                
Bruce                Ernst                     21-MAY-07                                                                                                                                                
TJ                   Olson                     10-APR-07                                                                                                                                                
Elizabeth            Bates                     24-MAR-07                                                                                                                                                
Danielle             Greene                    19-MAR-07                                                                                                                                                
Vance                Jones                     17-MAR-07                                                                                                                                                
William              Smith                     23-FEB-07                                                                                                                                                
Anthony              Cabrio                    07-FEB-07                                                                                                                                                
Diana                Lorentz                   07-FEB-07                                                                                                                                                
James                Landry                    14-JAN-07                                                                                                                                                
Nanette              Cambrault                 09-DEC-06                                                                                                                                                
Guy                  Himuro                    15-NOV-06                                                                                                                                                
Sarath               Sewall                    03-NOV-06                                                                                                                                                
Irene                Mikkilineni               28-SEP-06                                                                                                                                                
Michael              Rogers                    26-AUG-06                                                                                                                                                
Timothy              Gates                     11-JUL-06                                                                                                                                                
Peter                Vargas                    09-JUL-06                                                                                                                                                
Samuel               McCain                    01-JUL-06                                                                                                                                                
Julia                Dellinger                 24-JUN-06                                                                                                                                                
Kevin                Feeney                    23-MAY-06                                                                                                                                                
Alana                Walsh                     24-APR-06                                                                                                                                                
Jack                 Livingston                23-APR-06                                                                                                                                                
Joshua               Patel                     06-APR-06                                                                                                                                                
Christopher          Olsen                     30-MAR-06                                                                                                                                                
Jonathon             Taylor                    24-MAR-06                                                                                                                                                
Harrison             Bloom                     23-MAR-06                                                                                                                                                
Randall              Matos                     15-MAR-06                                                                                                                                                
Jose Manuel          Urman                     07-MAR-06                                                                                                                                                
Jean                 Fleaur                    23-FEB-06                                                                                                                                                
John                 Seo                       12-FEB-06                                                                                                                                                
Valli                Pataballa                 05-FEB-06                                                                                                                                                
Tayler               Fox                       24-JAN-06                                                                                                                                                
Winston              Taylor                    24-JAN-06                                                                                                                                                
Alexander            Hunold                    03-JAN-06                                                                                                                                                
Shelli               Baida                     24-DEC-05                                                                                                                                                
Louise               Doran                     15-DEC-05                                                                                                                                                
Clara                Vishney                   11-NOV-05                                                                                                                                                
Mozhe                Atkinson                  30-OCT-05                                                                                                                                                
Stephen              Stiles                    26-OCT-05                                                                                                                                                
Shanta               Vollman                   10-OCT-05                                                                                                                                                
Ismael               Sciarra                   30-SEP-05                                                                                                                                                
John                 Chen                      28-SEP-05                                                                                                                                                
Neena                Kochhar                   21-SEP-05                                                                                                                                                
Laura                Bissot                    20-AUG-05                                                                                                                                                
Peter                Hall                      20-AUG-05                                                                                                                                                
Pat                  Fay                       17-AUG-05                                                                                                                                                
Jennifer             Dilly                     13-AUG-05                                                                                                                                                
Sigal                Tobias                    24-JUL-05                                                                                                                                                
Julia                Nayer                     16-JUL-05                                                                                                                                                
David                Austin                    25-JUN-05                                                                                                                                                
Kelly                Chung                     14-JUN-05                                                                                                                                                
Adam                 Fripp                     10-APR-05                                                                                                                                                
David                Bernstein                 24-MAR-05                                                                                                                                                
Alyssa               Hutton                    19-MAR-05                                                                                                                                                
Lisa                 Ozer                      11-MAR-05                                                                                                                                                
Lindsey              Smith                     10-MAR-05                                                                                                                                                
Alberto              Errazuriz                 10-MAR-05                                                                                                                                                
Britney              Everett                   03-MAR-05                                                                                                                                                
Alexis               Bull                      20-FEB-05                                                                                                                                                
James                Marlow                    16-FEB-05                                                                                                                                                
Peter                Tucker                    30-JAN-05                                                                                                                                                
Curtis               Davies                    29-JAN-05                                                                                                                                                
Karen                Partners                  05-JAN-05                                                                                                                                                
John                 Russell                   01-OCT-04                                                                                                                                                
Allan                McEwen                    01-AUG-04                                                                                                                                                
Matthew              Weiss                     18-JUL-04                                                                                                                                                
Jason                Mallin                    14-JUN-04                                                                                                                                                
Ellen                Abel                      11-MAY-04                                                                                                                                                
Patrick              Sully                     04-MAR-04                                                                                                                                                
Michael              Hartstein                 17-FEB-04                                                                                                                                                
Sarah                Bell                      04-FEB-04                                                                                                                                                
Janette              King                      30-JAN-04                                                                                                                                                
Nandita              Sarchand                  27-JAN-04                                                                                                                                                
Trenna               Rajs                      17-OCT-03                                                                                                                                                
Jennifer             Whalen                    17-SEP-03                                                                                                                                                
Renske               Ladwig                    14-JUL-03                                                                                                                                                
Steven               King                      17-JUN-03                                                                                                                                                
Alexander            Khoo                      18-MAY-03                                                                                                                                                
Payam                Kaufling                  01-MAY-03                                                                                                                                                
Den                  Raphaely                  07-DEC-02                                                                                                                                                
Nancy                Greenberg                 17-AUG-02                                                                                                                                                
Daniel               Faviet                    16-AUG-02                                                                                                                                                
William              Gietz                     07-JUN-02                                                                                                                                                
Susan                Mavris                    07-JUN-02                                                                                                                                                
Hermann              Baer                      07-JUN-02                                                                                                                                                
Shelley              Higgins                   07-JUN-02                                                                                                                                                
Lex                  De Haan                   13-JAN-01                                                                                                                                                

107 rows selected.

SQL> select first_name,last_name,hire_date from employees where  hire_date !=any (select hire_date from employees where hire_date='1-JAN-01');

no rows selected

SQL> select first_name,last_name,hire_date from employees where  hire_date in (select hire_date from employees where hire_date !='JAN');
select first_name,last_name,hire_date from employees where  hire_date in (select hire_date from employees where hire_date !='JAN')
                                                                                                                            *
ERROR at line 1:
ORA-01858: a non-numeric character was found where a numeric was expected 


SQL> select first_name,last_name,hire_date from employees where  hire_date in (select hire_date from employees where hire_date !='-JAN-');
select first_name,last_name,hire_date from employees where  hire_date in (select hire_date from employees where hire_date !='-JAN-')
                                                                                                                            *
ERROR at line 1:
ORA-01858: a non-numeric character was found where a numeric was expected 


SQL> select first_name,last_name,hire_date from employees where  hire_date in (select hire_date from employees where hire_date !='-JAN-');
select first_name,last_name,hire_date from employees where  hire_date in (select hire_date from employees where hire_date !='-JAN-')
                                                                                                                            *
ERROR at line 1:
ORA-01858: a non-numeric character was found where a numeric was expected 


SQL> select first_name,last_name,hire_date from employees where  hire_date not between '01-jan-01' to '01-jan-09';
select first_name,last_name,hire_date from employees where  hire_date not between '01-jan-01' to '01-jan-09'
                                                                                              *
ERROR at line 1:
ORA-00905: missing keyword 


SQL> select first_name,last_name,hire_date from employees where  hire_date not between '01-jan-01' and '01-jan-09';

no rows selected

SQL> select first_name,last_name,hire_date from employees where substr(hire_date,3,1);
select first_name,last_name,hire_date from employees where substr(hire_date,3,1)
                                                                               *
ERROR at line 1:
ORA-00920: invalid relational operator 


SQL> select first_name,last_name,hire_date from employees where substr(hire_date,4,3) !='JAN';

FIRST_NAME           LAST_NAME                 HIRE_DATE                                                                                                                                                
-------------------- ------------------------- ---------                                                                                                                                                
Steven               King                      17-JUN-03                                                                                                                                                
Neena                Kochhar                   21-SEP-05                                                                                                                                                
Bruce                Ernst                     21-MAY-07                                                                                                                                                
David                Austin                    25-JUN-05                                                                                                                                                
Valli                Pataballa                 05-FEB-06                                                                                                                                                
Diana                Lorentz                   07-FEB-07                                                                                                                                                
Nancy                Greenberg                 17-AUG-02                                                                                                                                                
Daniel               Faviet                    16-AUG-02                                                                                                                                                
John                 Chen                      28-SEP-05                                                                                                                                                
Ismael               Sciarra                   30-SEP-05                                                                                                                                                
Jose Manuel          Urman                     07-MAR-06                                                                                                                                                
Luis                 Popp                      07-DEC-07                                                                                                                                                
Den                  Raphaely                  07-DEC-02                                                                                                                                                
Alexander            Khoo                      18-MAY-03                                                                                                                                                
Shelli               Baida                     24-DEC-05                                                                                                                                                
Sigal                Tobias                    24-JUL-05                                                                                                                                                
Guy                  Himuro                    15-NOV-06                                                                                                                                                
Karen                Colmenares                10-AUG-07                                                                                                                                                
Matthew              Weiss                     18-JUL-04                                                                                                                                                
Adam                 Fripp                     10-APR-05                                                                                                                                                
Payam                Kaufling                  01-MAY-03                                                                                                                                                
Shanta               Vollman                   10-OCT-05                                                                                                                                                
Kevin                Mourgos                   16-NOV-07                                                                                                                                                
Julia                Nayer                     16-JUL-05                                                                                                                                                
Irene                Mikkilineni               28-SEP-06                                                                                                                                                
Steven               Markle                    08-MAR-08                                                                                                                                                
Laura                Bissot                    20-AUG-05                                                                                                                                                
Mozhe                Atkinson                  30-OCT-05                                                                                                                                                
James                Marlow                    16-FEB-05                                                                                                                                                
TJ                   Olson                     10-APR-07                                                                                                                                                
Jason                Mallin                    14-JUN-04                                                                                                                                                
Michael              Rogers                    26-AUG-06                                                                                                                                                
Ki                   Gee                       12-DEC-07                                                                                                                                                
Hazel                Philtanker                06-FEB-08                                                                                                                                                
Renske               Ladwig                    14-JUL-03                                                                                                                                                
Stephen              Stiles                    26-OCT-05                                                                                                                                                
John                 Seo                       12-FEB-06                                                                                                                                                
Joshua               Patel                     06-APR-06                                                                                                                                                
Trenna               Rajs                      17-OCT-03                                                                                                                                                
Randall              Matos                     15-MAR-06                                                                                                                                                
Peter                Vargas                    09-JUL-06                                                                                                                                                
John                 Russell                   01-OCT-04                                                                                                                                                
Alberto              Errazuriz                 10-MAR-05                                                                                                                                                
Gerald               Cambrault                 15-OCT-07                                                                                                                                                
David                Bernstein                 24-MAR-05                                                                                                                                                
Peter                Hall                      20-AUG-05                                                                                                                                                
Christopher          Olsen                     30-MAR-06                                                                                                                                                
Nanette              Cambrault                 09-DEC-06                                                                                                                                                
Oliver               Tuvault                   23-NOV-07                                                                                                                                                
Patrick              Sully                     04-MAR-04                                                                                                                                                
Allan                McEwen                    01-AUG-04                                                                                                                                                
Lindsey              Smith                     10-MAR-05                                                                                                                                                
Louise               Doran                     15-DEC-05                                                                                                                                                
Sarath               Sewall                    03-NOV-06                                                                                                                                                
Clara                Vishney                   11-NOV-05                                                                                                                                                
Danielle             Greene                    19-MAR-07                                                                                                                                                
David                Lee                       23-FEB-08                                                                                                                                                
Sundar               Ande                      24-MAR-08                                                                                                                                                
Amit                 Banda                     21-APR-08                                                                                                                                                
Lisa                 Ozer                      11-MAR-05                                                                                                                                                
Harrison             Bloom                     23-MAR-06                                                                                                                                                
William              Smith                     23-FEB-07                                                                                                                                                
Elizabeth            Bates                     24-MAR-07                                                                                                                                                
Sundita              Kumar                     21-APR-08                                                                                                                                                
Ellen                Abel                      11-MAY-04                                                                                                                                                
Alyssa               Hutton                    19-MAR-05                                                                                                                                                
Jonathon             Taylor                    24-MAR-06                                                                                                                                                
Jack                 Livingston                23-APR-06                                                                                                                                                
Kimberely            Grant                     24-MAY-07                                                                                                                                                
Jean                 Fleaur                    23-FEB-06                                                                                                                                                
Martha               Sullivan                  21-JUN-07                                                                                                                                                
Girard               Geoni                     03-FEB-08                                                                                                                                                
Alexis               Bull                      20-FEB-05                                                                                                                                                
Julia                Dellinger                 24-JUN-06                                                                                                                                                
Anthony              Cabrio                    07-FEB-07                                                                                                                                                
Kelly                Chung                     14-JUN-05                                                                                                                                                
Jennifer             Dilly                     13-AUG-05                                                                                                                                                
Timothy              Gates                     11-JUL-06                                                                                                                                                
Randall              Perkins                   19-DEC-07                                                                                                                                                
Sarah                Bell                      04-FEB-04                                                                                                                                                
Britney              Everett                   03-MAR-05                                                                                                                                                
Samuel               McCain                    01-JUL-06                                                                                                                                                
Vance                Jones                     17-MAR-07                                                                                                                                                
Alana                Walsh                     24-APR-06                                                                                                                                                
Kevin                Feeney                    23-MAY-06                                                                                                                                                
Donald               OConnell                  21-JUN-07                                                                                                                                                
Jennifer             Whalen                    17-SEP-03                                                                                                                                                
Michael              Hartstein                 17-FEB-04                                                                                                                                                
Pat                  Fay                       17-AUG-05                                                                                                                                                
Susan                Mavris                    07-JUN-02                                                                                                                                                
Hermann              Baer                      07-JUN-02                                                                                                                                                
Shelley              Higgins                   07-JUN-02                                                                                                                                                
William              Gietz                     07-JUN-02                                                                                                                                                

93 rows selected.

SQL> select first_name,last_name,hire_date from employees where hire_date != all(select hire_date from employees where hire_date like '%JAN%');

FIRST_NAME           LAST_NAME                 HIRE_DATE                                                                                                                                                
-------------------- ------------------------- ---------                                                                                                                                                
Ismael               Sciarra                   30-SEP-05                                                                                                                                                
Trenna               Rajs                      17-OCT-03                                                                                                                                                
Shanta               Vollman                   10-OCT-05                                                                                                                                                
Kevin                Feeney                    23-MAY-06                                                                                                                                                
Mozhe                Atkinson                  30-OCT-05                                                                                                                                                
Girard               Geoni                     03-FEB-08                                                                                                                                                
Luis                 Popp                      07-DEC-07                                                                                                                                                
Gerald               Cambrault                 15-OCT-07                                                                                                                                                
Alana                Walsh                     24-APR-06                                                                                                                                                
David                Lee                       23-FEB-08                                                                                                                                                
Kimberely            Grant                     24-MAY-07                                                                                                                                                
Karen                Colmenares                10-AUG-07                                                                                                                                                
Sarath               Sewall                    03-NOV-06                                                                                                                                                
Danielle             Greene                    19-MAR-07                                                                                                                                                
Guy                  Himuro                    15-NOV-06                                                                                                                                                
Neena                Kochhar                   21-SEP-05                                                                                                                                                
TJ                   Olson                     10-APR-07                                                                                                                                                
Jennifer             Whalen                    17-SEP-03                                                                                                                                                
Valli                Pataballa                 05-FEB-06                                                                                                                                                
Jose Manuel          Urman                     07-MAR-06                                                                                                                                                
Alexander            Khoo                      18-MAY-03                                                                                                                                                
Peter                Vargas                    09-JUL-06                                                                                                                                                
Nanette              Cambrault                 09-DEC-06                                                                                                                                                
Louise               Doran                     15-DEC-05                                                                                                                                                
Steven               King                      17-JUN-03                                                                                                                                                
Diana                Lorentz                   07-FEB-07                                                                                                                                                
Anthony              Cabrio                    07-FEB-07                                                                                                                                                
Oliver               Tuvault                   23-NOV-07                                                                                                                                                
Jack                 Livingston                23-APR-06                                                                                                                                                
Jonathon             Taylor                    24-MAR-06                                                                                                                                                
Harrison             Bloom                     23-MAR-06                                                                                                                                                
Nancy                Greenberg                 17-AUG-02                                                                                                                                                
John                 Seo                       12-FEB-06                                                                                                                                                
Christopher          Olsen                     30-MAR-06                                                                                                                                                
Julia                Dellinger                 24-JUN-06                                                                                                                                                
Michael              Rogers                    26-AUG-06                                                                                                                                                
Elizabeth            Bates                     24-MAR-07                                                                                                                                                
Randall              Matos                     15-MAR-06                                                                                                                                                
John                 Russell                   01-OCT-04                                                                                                                                                
Timothy              Gates                     11-JUL-06                                                                                                                                                
Laura                Bissot                    20-AUG-05                                                                                                                                                
Peter                Hall                      20-AUG-05                                                                                                                                                
Hazel                Philtanker                06-FEB-08                                                                                                                                                
Allan                McEwen                    01-AUG-04                                                                                                                                                
Sundar               Ande                      24-MAR-08                                                                                                                                                
Bruce                Ernst                     21-MAY-07                                                                                                                                                
Adam                 Fripp                     10-APR-05                                                                                                                                                
Sarah                Bell                      04-FEB-04                                                                                                                                                
David                Austin                    25-JUN-05                                                                                                                                                
Den                  Raphaely                  07-DEC-02                                                                                                                                                
Patrick              Sully                     04-MAR-04                                                                                                                                                
Lisa                 Ozer                      11-MAR-05                                                                                                                                                
Shelli               Baida                     24-DEC-05                                                                                                                                                
Matthew              Weiss                     18-JUL-04                                                                                                                                                
Susan                Mavris                    07-JUN-02                                                                                                                                                
Hermann              Baer                      07-JUN-02                                                                                                                                                
Shelley              Higgins                   07-JUN-02                                                                                                                                                
William              Gietz                     07-JUN-02                                                                                                                                                
James                Marlow                    16-FEB-05                                                                                                                                                
Alyssa               Hutton                    19-MAR-05                                                                                                                                                
Randall              Perkins                   19-DEC-07                                                                                                                                                
Daniel               Faviet                    16-AUG-02                                                                                                                                                
Sigal                Tobias                    24-JUL-05                                                                                                                                                
Joshua               Patel                     06-APR-06                                                                                                                                                
David                Bernstein                 24-MAR-05                                                                                                                                                
Kevin                Mourgos                   16-NOV-07                                                                                                                                                
Clara                Vishney                   11-NOV-05                                                                                                                                                
William              Smith                     23-FEB-07                                                                                                                                                
Martha               Sullivan                  21-JUN-07                                                                                                                                                
Donald               OConnell                  21-JUN-07                                                                                                                                                
Ki                   Gee                       12-DEC-07                                                                                                                                                
Stephen              Stiles                    26-OCT-05                                                                                                                                                
Samuel               McCain                    01-JUL-06                                                                                                                                                
Vance                Jones                     17-MAR-07                                                                                                                                                
Kelly                Chung                     14-JUN-05                                                                                                                                                
Michael              Hartstein                 17-FEB-04                                                                                                                                                
Jennifer             Dilly                     13-AUG-05                                                                                                                                                
John                 Chen                      28-SEP-05                                                                                                                                                
Amit                 Banda                     21-APR-08                                                                                                                                                
Sundita              Kumar                     21-APR-08                                                                                                                                                
Jean                 Fleaur                    23-FEB-06                                                                                                                                                
Alexis               Bull                      20-FEB-05                                                                                                                                                
Alberto              Errazuriz                 10-MAR-05                                                                                                                                                
Lindsey              Smith                     10-MAR-05                                                                                                                                                
Julia                Nayer                     16-JUL-05                                                                                                                                                
Irene                Mikkilineni               28-SEP-06                                                                                                                                                
Jason                Mallin                    14-JUN-04                                                                                                                                                
Britney              Everett                   03-MAR-05                                                                                                                                                
Payam                Kaufling                  01-MAY-03                                                                                                                                                
Steven               Markle                    08-MAR-08                                                                                                                                                
Renske               Ladwig                    14-JUL-03                                                                                                                                                
Ellen                Abel                      11-MAY-04                                                                                                                                                
Pat                  Fay                       17-AUG-05                                                                                                                                                

93 rows selected.

SQL> select first_name,last_name,hire_date from employees where hire_date != all(select hire_date from employees where hire_date != '%JAN%');
select first_name,last_name,hire_date from employees where hire_date != all(select hire_date from employees where hire_date != '%JAN%')
                                                                                                                               *
ERROR at line 1:
ORA-01861: literal does not match format string 


SQL> select first_name,last_name,hire_date from employees where hire_date != all(select hire_date from employees where hire_date not equal '%JAN%');
select first_name,last_name,hire_date from employees where hire_date != all(select hire_date from employees where hire_date not equal '%JAN%')
                                                                                                                                *
ERROR at line 1:
ORA-00920: invalid relational operator 


SQL> select first_name,last_name,hire_date from employees where hire_date != all(select hire_date from employees where hire_date != 'JAN');
select first_name,last_name,hire_date from employees where hire_date != all(select hire_date from employees where hire_date != 'JAN')
                                                                                                                               *
ERROR at line 1:
ORA-01858: a non-numeric character was found where a numeric was expected 


SQL> select first_name,last_name,hire_date from employees where hire_date  =all(select hire_date from employees where hire_date != 'JAN');
select first_name,last_name,hire_date from employees where hire_date  =all(select hire_date from employees where hire_date != 'JAN')
                                                                                                                              *
ERROR at line 1:
ORA-01858: a non-numeric character was found where a numeric was expected 


SQL> select first_name,last_name,hire_date from employees where hire_date  =all(select hire_date from employees where hire_date != 'JAN');
select first_name,last_name,hire_date from employees where hire_date  =all(select hire_date from employees where hire_date != 'JAN')
                                                                                                                              *
ERROR at line 1:
ORA-01858: a non-numeric character was found where a numeric was expected 


SQL> select first_name,salary from employee
  2  where (salary,department_id)=(select salary,department_id from employees where first_name='Den');
select first_name,salary from employee
                              *
ERROR at line 1:
ORA-00942: table or view does not exist 


SQL> select first_name,salary from employees
  2  where (salary,department_id)=(select salary,department_id from employees where first_name='Den');

FIRST_NAME               SALARY                                                                                                                                                                         
-------------------- ----------                                                                                                                                                                         
Den                       11000                                                                                                                                                                         

SQL> select first_name,salary from employees
  2  where(salary,job_id)in (select salary,job_id from employees wehre first_name='Peter') order by 1;
where(salary,job_id)in (select salary,job_id from employees wehre first_name='Peter') order by 1
                                                                  *
ERROR at line 2:
ORA-00920: invalid relational operator 


SQL> select first_name,salary from employees
  2  where(salary,job_id)in (select salary,job_id from employees where first_name='Peter') order by 1;

FIRST_NAME               SALARY                                                                                                                                                                         
-------------------- ----------                                                                                                                                                                         
Allan                      9000                                                                                                                                                                         
Harrison                  10000                                                                                                                                                                         
James                      2500                                                                                                                                                                         
Janette                   10000                                                                                                                                                                         
Joshua                     2500                                                                                                                                                                         
Peter                     10000                                                                                                                                                                         
Peter                      9000                                                                                                                                                                         
Peter                      2500                                                                                                                                                                         

8 rows selected.

SQL> select first_name,salary,job_id from employees
  2  where(salary,job_id)in (select salary,job_id from employees where first_name='Peter') order by 1;

FIRST_NAME               SALARY JOB_ID                                                                                                                                                                  
-------------------- ---------- ----------                                                                                                                                                              
Allan                      9000 SA_REP                                                                                                                                                                  
Harrison                  10000 SA_REP                                                                                                                                                                  
James                      2500 ST_CLERK                                                                                                                                                                
Janette                   10000 SA_REP                                                                                                                                                                  
Joshua                     2500 ST_CLERK                                                                                                                                                                
Peter                     10000 SA_REP                                                                                                                                                                  
Peter                      9000 SA_REP                                                                                                                                                                  
Peter                      2500 ST_CLERK                                                                                                                                                                

8 rows selected.

SQL> spool off
