SQL> select first_name, commission_pct, nvl(commission_pct,1) from employees where salary>10000;

FIRST_NAME           COMMISSION_PCT NVL(COMMISSION_PCT,1)                       
-------------------- -------------- ---------------------                       
Steven                                                  1                       
Neena                                                   1                       
Lex                                                     1                       
Nancy                                                   1                       
Den                                                     1                       
John                             .4                    .4                       
Karen                            .3                    .3                       
Alberto                          .3                    .3                       
Gerald                           .3                    .3                       
Eleni                            .2                    .2                       
Clara                           .25                   .25                       

FIRST_NAME           COMMISSION_PCT NVL(COMMISSION_PCT,1)                       
-------------------- -------------- ---------------------                       
Lisa                            .25                   .25                       
Ellen                            .3                    .3                       
Michael                                                 1                       
Shelley                                                 1                       

15 rows selected.

SQL> select first_name, commission_pct, nvl(commission_pct) from employees where salary>10000;
select first_name, commission_pct, nvl(commission_pct) from employees where salary>10000
                                   *
ERROR at line 1:
ORA-00909: invalid number of arguments 


SQL> select first_name, commission_pct from employees where salary>10000;

FIRST_NAME           COMMISSION_PCT                                             
-------------------- --------------                                             
Steven                                                                          
Neena                                                                           
Lex                                                                             
Nancy                                                                           
Den                                                                             
John                             .4                                             
Karen                            .3                                             
Alberto                          .3                                             
Gerald                           .3                                             
Eleni                            .2                                             
Clara                           .25                                             

FIRST_NAME           COMMISSION_PCT                                             
-------------------- --------------                                             
Lisa                            .25                                             
Ellen                            .3                                             
Michael                                                                         
Shelley                                                                         

15 rows selected.

SQL> select first_name, commission_pct, nvl(commission_pct,1,2) from employees where salary>10000;
select first_name, commission_pct, nvl(commission_pct,1,2) from employees where salary>10000
                                   *
ERROR at line 1:
ORA-00909: invalid number of arguments 


SQL> select first_name, commission_pct, nvl2(commission_pct,1,2) from employees where salary>10000;

FIRST_NAME           COMMISSION_PCT NVL2(COMMISSION_PCT,1,2)                    
-------------------- -------------- ------------------------                    
Steven                                                     2                    
Neena                                                      2                    
Lex                                                        2                    
Nancy                                                      2                    
Den                                                        2                    
John                             .4                        1                    
Karen                            .3                        1                    
Alberto                          .3                        1                    
Gerald                           .3                        1                    
Eleni                            .2                        1                    
Clara                           .25                        1                    

FIRST_NAME           COMMISSION_PCT NVL2(COMMISSION_PCT,1,2)                    
-------------------- -------------- ------------------------                    
Lisa                            .25                        1                    
Ellen                            .3                        1                    
Michael                                                    2                    
Shelley                                                    2                    

15 rows selected.

SQL> select first_name, commission_pct, nvl2(commission_pct,'SAL+COMM','NO COMM') from employees where salary>10000;

FIRST_NAME           COMMISSION_PCT NVL2(COM                                    
-------------------- -------------- --------                                    
Steven                              NO COMM                                     
Neena                               NO COMM                                     
Lex                                 NO COMM                                     
Nancy                               NO COMM                                     
Den                                 NO COMM                                     
John                             .4 SAL+COMM                                    
Karen                            .3 SAL+COMM                                    
Alberto                          .3 SAL+COMM                                    
Gerald                           .3 SAL+COMM                                    
Eleni                            .2 SAL+COMM                                    
Clara                           .25 SAL+COMM                                    

FIRST_NAME           COMMISSION_PCT NVL2(COM                                    
-------------------- -------------- --------                                    
Lisa                            .25 SAL+COMM                                    
Ellen                            .3 SAL+COMM                                    
Michael                             NO COMM                                     
Shelley                             NO COMM                                     

15 rows selected.

SQL> select sysdate,lastdate(sysdate) from dual;
select sysdate,lastdate(sysdate) from dual
               *
ERROR at line 1:
ORA-00904: "LASTDATE": invalid identifier 


SQL> select sysdate,last_day(sysdate) from dual;

SYSDATE   LAST_DAY(                                                             
--------- ---------                                                             
22-JAN-19 31-JAN-19                                                             

SQL> select last_day from dual
  2  ;
select last_day from dual
       *
ERROR at line 1:
ORA-00904: "LAST_DAY": invalid identifier 


SQL> select last_day from dual;
select last_day from dual
       *
ERROR at line 1:
ORA-00904: "LAST_DAY": invalid identifier 


SQL> select last_day(sysdate, 'FMDD-MONTH-RRRRDAYDYWWW') from dual;
select last_day(sysdate, 'FMDD-MONTH-RRRRDAYDYWWW') from dual
       *
ERROR at line 1:
ORA-00909: invalid number of arguments 


SQL> select last_day('FMDD-MONTH-RRRRDAYDYWWW') from dual;
select last_day('FMDD-MONTH-RRRRDAYDYWWW') from dual
                *
ERROR at line 1:
ORA-01858: a non-numeric character was found where a numeric was expected 


SQL> select last_day(sysdate('FMDD-MONTH-RRRRDAYDYWWW')) from dual;
select last_day(sysdate('FMDD-MONTH-RRRRDAYDYWWW')) from dual
                       *
ERROR at line 1:
ORA-00907: missing right parenthesis 


SQL> select last_day(TO_CHAR(sysdate('FMDD-MONTH-RRRRDAYDYWWW'))) from dual;
select last_day(TO_CHAR(sysdate('FMDD-MONTH-RRRRDAYDYWWW'))) from dual
                               *
ERROR at line 1:
ORA-00907: missing right parenthesis 


SQL> select (TO_CHAR(sysdate('FMDD-MONTH-RRRRDAYDYWWW')) from dual;
select (TO_CHAR(sysdate('FMDD-MONTH-RRRRDAYDYWWW')) from dual
                       *
ERROR at line 1:
ORA-00907: missing right parenthesis 


SQL> select (TO_CHAR(last_day(sysdate),'FMDD-MONTH-RRRRDAYDYWWW') from dual;
select (TO_CHAR(last_day(sysdate),'FMDD-MONTH-RRRRDAYDYWWW') from dual
                                                             *
ERROR at line 1:
ORA-00907: missing right parenthesis 


SQL> select (TO_CHAR(sysdate,'FMDD-MONTH-RRRRDAYDYWWW') from dual;
select (TO_CHAR(sysdate,'FMDD-MONTH-RRRRDAYDYWWW') from dual
                                                   *
ERROR at line 1:
ORA-00907: missing right parenthesis 


SQL> select (TO_CHAR(sysdate,'DAY') from dual;
select (TO_CHAR(sysdate,'DAY') from dual
                               *
ERROR at line 1:
ORA-00907: missing right parenthesis 


SQL> select TO_CHAR(sysdate,'DAY') from dual;

TO_CHAR(SYSDATE,'DAY')                                                          
------------------------------------                                            
TUESDAY                                                                         

SQL> select TO_CHAR(last_day(sysdate),'DAY') from dual;

TO_CHAR(LAST_DAY(SYSDATE),'DAY')                                                
------------------------------------                                            
THURSDAY                                                                        

SQL> select sysdate,TO_CHAR(last_day(sysdate),'DAY') from dual;

SYSDATE   TO_CHAR(LAST_DAY(SYSDATE),'DAY')                                      
--------- ------------------------------------                                  
22-JAN-19 THURSDAY                                                              

SQL> select next_day(sysdate) from dual;
select next_day(sysdate) from dual
       *
ERROR at line 1:
ORA-00909: invalid number of arguments 


SQL> select last_day(sysdate)*2 from dual;
select last_day(sysdate)*2 from dual
       *
ERROR at line 1:
ORA-00932: inconsistent datatypes: expected NUMBER got DATE 


SQL> select last_day(sysdate,1) from dual;
select last_day(sysdate,1) from dual
       *
ERROR at line 1:
ORA-00909: invalid number of arguments 


SQL> select last_day(sysdate)*10 from dual;
select last_day(sysdate)*10 from dual
       *
ERROR at line 1:
ORA-00932: inconsistent datatypes: expected NUMBER got DATE 


SQL> select last_day(sysdate)+10 from dual;

LAST_DAY(                                                                       
---------                                                                       
10-FEB-19                                                                       

SQL> select next_day(last_day(sysdate)+7,'saturday') from dual;

NEXT_DAY(                                                                       
---------                                                                       
09-FEB-19                                                                       

SQL> select next_day(last_day(sysdate)+14,'saturday') from dual;

NEXT_DAY(                                                                       
---------                                                                       
16-FEB-19                                                                       

SQL> select next_day(last_day(sysdate),'saturday') from dual;

NEXT_DAY(                                                                       
---------                                                                       
02-FEB-19                                                                       

SQL> select next_day(last_day(sysdate),'saturday')+7 from dual;

NEXT_DAY(                                                                       
---------                                                                       
09-FEB-19                                                                       

SQL> select next_day(last_day(sysdate),'monday')+7 from dual;

NEXT_DAY(                                                                       
---------                                                                       
11-FEB-19                                                                       

SQL> select last_day(last_day(sysdate),'saturday') from dual;
select last_day(last_day(sysdate),'saturday') from dual
       *
ERROR at line 1:
ORA-00909: invalid number of arguments 


SQL> select next_day(last_day(sysdate),'monday')+365 from dual;

NEXT_DAY(                                                                       
---------                                                                       
04-FEB-20                                                                       

SQL> select next_day(last_day(sysdate),'monday')+365*10 from dual;

NEXT_DAY(                                                                       
---------                                                                       
01-FEB-29                                                                       

SQL> select sysdate+365*10 from dual;

SYSDATE+3                                                                       
---------                                                                       
19-JAN-29                                                                       

SQL> select (sysdate,'TUESDAY')+365*10 from dual;
select (sysdate,'TUESDAY')+365*10 from dual
               *
ERROR at line 1:
ORA-00907: missing right parenthesis 


SQL> select sysdate('TUESDAY')+365*10 from dual;
select sysdate('TUESDAY')+365*10 from dual
              *
ERROR at line 1:
ORA-00923: FROM keyword not found where expected 


SQL> select sysdate+365*10+3 from dual;

SYSDATE+3                                                                       
---------                                                                       
22-JAN-29                                                                       

SQL> select TO_CHAR(sysdate+365*10+3,'DAY') from dual;

TO_CHAR(SYSDATE+365*10+3,'DAY')                                                 
------------------------------------                                            
MONDAY                                                                          

SQL> select TO_CHAR(sysdate+365*10,'DAY') from dual;

TO_CHAR(SYSDATE+365*10,'DAY')                                                   
------------------------------------                                            
FRIDAY                                                                          

SQL> select TO_CHAR(ADD_Months(10),'DAY') from dual;
select TO_CHAR(ADD_Months(10),'DAY') from dual
               *
ERROR at line 1:
ORA-00909: invalid number of arguments 


SQL> select TO_CHAR(ADD_Months(SYSDATE,120),'DAY') from dual;

TO_CHAR(ADD_MONTHS(SYSDATE,120),'DAY                                            
------------------------------------                                            
MONDAY                                                                          

SQL> select TO_CHAR(ADD_Months(SYSDATE,10),'DAY') from dual;

TO_CHAR(ADD_MONTHS(SYSDATE,10),'DAY'                                            
------------------------------------                                            
FRIDAY                                                                          

SQL> select TO_CHAR(ADD_Months(SYSDATE,120),'DAY') from dual;

TO_CHAR(ADD_MONTHS(SYSDATE,120),'DAY                                            
------------------------------------                                            
MONDAY                                                                          

SQL> select &cn from &tn;
Enter value for cn: first_name,last_name
Enter value for tn: employees
old   1: select &cn from &tn
new   1: select first_name,last_name from employees

FIRST_NAME           LAST_NAME                                                  
-------------------- -------------------------                                  
Ellen                Abel                                                       
Sundar               Ande                                                       
Mozhe                Atkinson                                                   
David                Austin                                                     
Hermann              Baer                                                       
Shelli               Baida                                                      
Amit                 Banda                                                      
Elizabeth            Bates                                                      
Sarah                Bell                                                       
David                Bernstein                                                  
Laura                Bissot                                                     

FIRST_NAME           LAST_NAME                                                  
-------------------- -------------------------                                  
Harrison             Bloom                                                      
Alexis               Bull                                                       
Anthony              Cabrio                                                     
Gerald               Cambrault                                                  
Nanette              Cambrault                                                  
John                 Chen                                                       
Kelly                Chung                                                      
Karen                Colmenares                                                 
Curtis               Davies                                                     
Lex                  De Haan                                                    
Julia                Dellinger                                                  

FIRST_NAME           LAST_NAME                                                  
-------------------- -------------------------                                  
Jennifer             Dilly                                                      
Louise               Doran                                                      
Bruce                Ernst                                                      
Alberto              Errazuriz                                                  
Britney              Everett                                                    
Daniel               Faviet                                                     
Pat                  Fay                                                        
Kevin                Feeney                                                     
Jean                 Fleaur                                                     
Tayler               Fox                                                        
Adam                 Fripp                                                      

FIRST_NAME           LAST_NAME                                                  
-------------------- -------------------------                                  
Timothy              Gates                                                      
Ki                   Gee                                                        
Girard               Geoni                                                      
William              Gietz                                                      
Douglas              Grant                                                      
Kimberely            Grant                                                      
Nancy                Greenberg                                                  
Danielle             Greene                                                     
Peter                Hall                                                       
Michael              Hartstein                                                  
Shelley              Higgins                                                    

FIRST_NAME           LAST_NAME                                                  
-------------------- -------------------------                                  
Guy                  Himuro                                                     
Alexander            Hunold                                                     
Alyssa               Hutton                                                     
Charles              Johnson                                                    
Vance                Jones                                                      
Payam                Kaufling                                                   
Alexander            Khoo                                                       
Janette              King                                                       
Steven               King                                                       
Neena                Kochhar                                                    
Sundita              Kumar                                                      

FIRST_NAME           LAST_NAME                                                  
-------------------- -------------------------                                  
Renske               Ladwig                                                     
James                Landry                                                     
David                Lee                                                        
Jack                 Livingston                                                 
Diana                Lorentz                                                    
Jason                Mallin                                                     
Steven               Markle                                                     
James                Marlow                                                     
Mattea               Marvins                                                    
Randall              Matos                                                      
Susan                Mavris                                                     

FIRST_NAME           LAST_NAME                                                  
-------------------- -------------------------                                  
Samuel               McCain                                                     
Allan                McEwen                                                     
Irene                Mikkilineni                                                
Kevin                Mourgos                                                    
Julia                Nayer                                                      
Donald               OConnell                                                   
Christopher          Olsen                                                      
TJ                   Olson                                                      
Lisa                 Ozer                                                       
Karen                Partners                                                   
Valli                Pataballa                                                  

FIRST_NAME           LAST_NAME                                                  
-------------------- -------------------------                                  
Joshua               Patel                                                      
Randall              Perkins                                                    
Hazel                Philtanker                                                 
Luis                 Popp                                                       
Trenna               Rajs                                                       
Den                  Raphaely                                                   
Michael              Rogers                                                     
John                 Russell                                                    
Nandita              Sarchand                                                   
Ismael               Sciarra                                                    
John                 Seo                                                        

FIRST_NAME           LAST_NAME                                                  
-------------------- -------------------------                                  
Sarath               Sewall                                                     
Lindsey              Smith                                                      
William              Smith                                                      
Stephen              Stiles                                                     
Martha               Sullivan                                                   
Patrick              Sully                                                      
Jonathon             Taylor                                                     
Winston              Taylor                                                     
Sigal                Tobias                                                     
Peter                Tucker                                                     
Oliver               Tuvault                                                    

FIRST_NAME           LAST_NAME                                                  
-------------------- -------------------------                                  
Jose Manuel          Urman                                                      
Peter                Vargas                                                     
Clara                Vishney                                                    
Shanta               Vollman                                                    
Alana                Walsh                                                      
Matthew              Weiss                                                      
Jennifer             Whalen                                                     
Eleni                Zlotkey                                                    

107 rows selected.

SQL> /
Enter value for cn: first_name,last_name
Enter value for tn: employees
old   1: select &cn from &tn
new   1: select first_name,last_name from employees

FIRST_NAME           LAST_NAME                                                  
-------------------- -------------------------                                  
Ellen                Abel                                                       
Sundar               Ande                                                       
Mozhe                Atkinson                                                   
David                Austin                                                     
Hermann              Baer                                                       
Shelli               Baida                                                      
Amit                 Banda                                                      
Elizabeth            Bates                                                      
Sarah                Bell                                                       
David                Bernstein                                                  
Laura                Bissot                                                     

FIRST_NAME           LAST_NAME                                                  
-------------------- -------------------------                                  
Harrison             Bloom                                                      
Alexis               Bull                                                       
Anthony              Cabrio                                                     
Gerald               Cambrault                                                  
Nanette              Cambrault                                                  
John                 Chen                                                       
Kelly                Chung                                                      
Karen                Colmenares                                                 
Curtis               Davies                                                     
Lex                  De Haan                                                    
Julia                Dellinger                                                  

FIRST_NAME           LAST_NAME                                                  
-------------------- -------------------------                                  
Jennifer             Dilly                                                      
Louise               Doran                                                      
Bruce                Ernst                                                      
Alberto              Errazuriz                                                  
Britney              Everett                                                    
Daniel               Faviet                                                     
Pat                  Fay                                                        
Kevin                Feeney                                                     
Jean                 Fleaur                                                     
Tayler               Fox                                                        
Adam                 Fripp                                                      

FIRST_NAME           LAST_NAME                                                  
-------------------- -------------------------                                  
Timothy              Gates                                                      
Ki                   Gee                                                        
Girard               Geoni                                                      
William              Gietz                                                      
Douglas              Grant                                                      
Kimberely            Grant                                                      
Nancy                Greenberg                                                  
Danielle             Greene                                                     
Peter                Hall                                                       
Michael              Hartstein                                                  
Shelley              Higgins                                                    

FIRST_NAME           LAST_NAME                                                  
-------------------- -------------------------                                  
Guy                  Himuro                                                     
Alexander            Hunold                                                     
Alyssa               Hutton                                                     
Charles              Johnson                                                    
Vance                Jones                                                      
Payam                Kaufling                                                   
Alexander            Khoo                                                       
Janette              King                                                       
Steven               King                                                       
Neena                Kochhar                                                    
Sundita              Kumar                                                      

FIRST_NAME           LAST_NAME                                                  
-------------------- -------------------------                                  
Renske               Ladwig                                                     
James                Landry                                                     
David                Lee                                                        
Jack                 Livingston                                                 
Diana                Lorentz                                                    
Jason                Mallin                                                     
Steven               Markle                                                     
James                Marlow                                                     
Mattea               Marvins                                                    
Randall              Matos                                                      
Susan                Mavris                                                     

FIRST_NAME           LAST_NAME                                                  
-------------------- -------------------------                                  
Samuel               McCain                                                     
Allan                McEwen                                                     
Irene                Mikkilineni                                                
Kevin                Mourgos                                                    
Julia                Nayer                                                      
Donald               OConnell                                                   
Christopher          Olsen                                                      
TJ                   Olson                                                      
Lisa                 Ozer                                                       
Karen                Partners                                                   
Valli                Pataballa                                                  

FIRST_NAME           LAST_NAME                                                  
-------------------- -------------------------                                  
Joshua               Patel                                                      
Randall              Perkins                                                    
Hazel                Philtanker                                                 
Luis                 Popp                                                       
Trenna               Rajs                                                       
Den                  Raphaely                                                   
Michael              Rogers                                                     
John                 Russell                                                    
Nandita              Sarchand                                                   
Ismael               Sciarra                                                    
John                 Seo                                                        

FIRST_NAME           LAST_NAME                                                  
-------------------- -------------------------                                  
Sarath               Sewall                                                     
Lindsey              Smith                                                      
William              Smith                                                      
Stephen              Stiles                                                     
Martha               Sullivan                                                   
Patrick              Sully                                                      
Jonathon             Taylor                                                     
Winston              Taylor                                                     
Sigal                Tobias                                                     
Peter                Tucker                                                     
Oliver               Tuvault                                                    

FIRST_NAME           LAST_NAME                                                  
-------------------- -------------------------                                  
Jose Manuel          Urman                                                      
Peter                Vargas                                                     
Clara                Vishney                                                    
Shanta               Vollman                                                    
Alana                Walsh                                                      
Matthew              Weiss                                                      
Jennifer             Whalen                                                     
Eleni                Zlotkey                                                    

107 rows selected.

SQL> desc employees
 Name                                      Null?    Type
 ----------------------------------------- -------- ----------------------------
 EMPLOYEE_ID                               NOT NULL NUMBER(6)
 FIRST_NAME                                         VARCHAR2(20)
 LAST_NAME                                 NOT NULL VARCHAR2(25)
 EMAIL                                     NOT NULL VARCHAR2(25)
 PHONE_NUMBER                                       VARCHAR2(20)
 HIRE_DATE                                 NOT NULL DATE
 JOB_ID                                    NOT NULL VARCHAR2(10)
 SALARY                                             NUMBER(8,2)
 COMMISSION_PCT                                     NUMBER(2,2)
 MANAGER_ID                                         NUMBER(6)
 DEPARTMENT_ID                                      NUMBER(4)

SQL> /
Enter value for cn: department_name,department_id
Enter value for tn: deaprtment
old   1: select &cn from &tn
new   1: select department_name,department_id from deaprtment
select department_name,department_id from deaprtment
                                          *
ERROR at line 1:
ORA-00942: table or view does not exist 


SQL> select &cn from &tn;
Enter value for cn: first_name,salary*12
Enter value for tn: employees
old   1: select &cn from &tn
new   1: select first_name,salary*12 from employees

FIRST_NAME            SALARY*12                                                 
-------------------- ----------                                                 
Steven                   288000                                                 
Neena                    204000                                                 
Lex                      204000                                                 
Alexander                108000                                                 
Bruce                     72000                                                 
David                     57600                                                 
Valli                     57600                                                 
Diana                     50400                                                 
Nancy                    144096                                                 
Daniel                   108000                                                 
John                      98400                                                 

FIRST_NAME            SALARY*12                                                 
-------------------- ----------                                                 
Ismael                    92400                                                 
Jose Manuel               93600                                                 
Luis                      82800                                                 
Den                      132000                                                 
Alexander                 37200                                                 
Shelli                    34800                                                 
Sigal                     33600                                                 
Guy                       31200                                                 
Karen                     30000                                                 
Matthew                   96000                                                 
Adam                      98400                                                 

FIRST_NAME            SALARY*12                                                 
-------------------- ----------                                                 
Payam                     94800                                                 
Shanta                    78000                                                 
Kevin                     69600                                                 
Julia                     38400                                                 
Irene                     32400                                                 
James                     28800                                                 
Steven                    26400                                                 
Laura                     39600                                                 
Mozhe                     33600                                                 
James                     30000                                                 
TJ                        25200                                                 

FIRST_NAME            SALARY*12                                                 
-------------------- ----------                                                 
Jason                     39600                                                 
Michael                   34800                                                 
Ki                        28800                                                 
Hazel                     26400                                                 
Renske                    43200                                                 
Stephen                   38400                                                 
John                      32400                                                 
Joshua                    30000                                                 
Trenna                    42000                                                 
Curtis                    37200                                                 
Randall                   31200                                                 

FIRST_NAME            SALARY*12                                                 
-------------------- ----------                                                 
Peter                     30000                                                 
John                     168000                                                 
Karen                    162000                                                 
Alberto                  144000                                                 
Gerald                   132000                                                 
Eleni                    126000                                                 
Peter                    120000                                                 
David                    114000                                                 
Peter                    108000                                                 
Christopher               96000                                                 
Nanette                   90000                                                 

FIRST_NAME            SALARY*12                                                 
-------------------- ----------                                                 
Oliver                    84000                                                 
Janette                  120000                                                 
Patrick                  114000                                                 
Allan                    108000                                                 
Lindsey                   96000                                                 
Louise                    90000                                                 
Sarath                    84000                                                 
Clara                    126000                                                 
Danielle                 114000                                                 
Mattea                    86400                                                 
David                     81600                                                 

FIRST_NAME            SALARY*12                                                 
-------------------- ----------                                                 
Sundar                    76800                                                 
Amit                      74400                                                 
Lisa                     138000                                                 
Harrison                 120000                                                 
Tayler                   115200                                                 
William                   88800                                                 
Elizabeth                 87600                                                 
Sundita                   73200                                                 
Ellen                    132000                                                 
Alyssa                   105600                                                 
Jonathon                 103200                                                 

FIRST_NAME            SALARY*12                                                 
-------------------- ----------                                                 
Jack                     100800                                                 
Kimberely                 84000                                                 
Charles                   74400                                                 
Winston                   38400                                                 
Jean                      37200                                                 
Martha                    30000                                                 
Girard                    33600                                                 
Nandita                   50400                                                 
Alexis                    49200                                                 
Julia                     40800                                                 
Anthony                   36000                                                 

FIRST_NAME            SALARY*12                                                 
-------------------- ----------                                                 
Kelly                     45600                                                 
Jennifer                  43200                                                 
Timothy                   34800                                                 
Randall                   30000                                                 
Sarah                     48000                                                 
Britney                   46800                                                 
Samuel                    38400                                                 
Vance                     33600                                                 
Alana                     37200                                                 
Kevin                     36000                                                 
Donald                    31200                                                 

FIRST_NAME            SALARY*12                                                 
-------------------- ----------                                                 
Douglas                   31200                                                 
Jennifer                  52800                                                 
Michael                  156000                                                 
Pat                       72000                                                 
Susan                     78000                                                 
Hermann                  120000                                                 
Shelley                  144096                                                 
William                   99600                                                 

107 rows selected.

SQL> select &cn from &tn where &con;
Enter value for cn: first_name,last_name
Enter value for tn: employees
Enter value for con: salary>10000
old   1: select &cn from &tn where &con
new   1: select first_name,last_name from employees where salary>10000

FIRST_NAME           LAST_NAME                                                  
-------------------- -------------------------                                  
Steven               King                                                       
Neena                Kochhar                                                    
Lex                  De Haan                                                    
Nancy                Greenberg                                                  
Den                  Raphaely                                                   
John                 Russell                                                    
Karen                Partners                                                   
Alberto              Errazuriz                                                  
Gerald               Cambrault                                                  
Eleni                Zlotkey                                                    
Clara                Vishney                                                    

FIRST_NAME           LAST_NAME                                                  
-------------------- -------------------------                                  
Lisa                 Ozer                                                       
Ellen                Abel                                                       
Michael              Hartstein                                                  
Shelley              Higgins                                                    

15 rows selected.

SQL> /
Enter value for cn: first_name,last_name,salary
Enter value for tn: employees
Enter value for con: salary<10000
old   1: select &cn from &tn where &con
new   1: select first_name,last_name,salary from employees where salary<10000

FIRST_NAME           LAST_NAME                     SALARY                       
-------------------- ------------------------- ----------                       
Alexander            Hunold                          9000                       
Bruce                Ernst                           6000                       
David                Austin                          4800                       
Valli                Pataballa                       4800                       
Diana                Lorentz                         4200                       
Daniel               Faviet                          9000                       
John                 Chen                            8200                       
Ismael               Sciarra                         7700                       
Jose Manuel          Urman                           7800                       
Luis                 Popp                            6900                       
Alexander            Khoo                            3100                       

FIRST_NAME           LAST_NAME                     SALARY                       
-------------------- ------------------------- ----------                       
Shelli               Baida                           2900                       
Sigal                Tobias                          2800                       
Guy                  Himuro                          2600                       
Karen                Colmenares                      2500                       
Matthew              Weiss                           8000                       
Adam                 Fripp                           8200                       
Payam                Kaufling                        7900                       
Shanta               Vollman                         6500                       
Kevin                Mourgos                         5800                       
Julia                Nayer                           3200                       
Irene                Mikkilineni                     2700                       

FIRST_NAME           LAST_NAME                     SALARY                       
-------------------- ------------------------- ----------                       
James                Landry                          2400                       
Steven               Markle                          2200                       
Laura                Bissot                          3300                       
Mozhe                Atkinson                        2800                       
James                Marlow                          2500                       
TJ                   Olson                           2100                       
Jason                Mallin                          3300                       
Michael              Rogers                          2900                       
Ki                   Gee                             2400                       
Hazel                Philtanker                      2200                       
Renske               Ladwig                          3600                       

FIRST_NAME           LAST_NAME                     SALARY                       
-------------------- ------------------------- ----------                       
Stephen              Stiles                          3200                       
John                 Seo                             2700                       
Joshua               Patel                           2500                       
Trenna               Rajs                            3500                       
Curtis               Davies                          3100                       
Randall              Matos                           2600                       
Peter                Vargas                          2500                       
David                Bernstein                       9500                       
Peter                Hall                            9000                       
Christopher          Olsen                           8000                       
Nanette              Cambrault                       7500                       

FIRST_NAME           LAST_NAME                     SALARY                       
-------------------- ------------------------- ----------                       
Oliver               Tuvault                         7000                       
Patrick              Sully                           9500                       
Allan                McEwen                          9000                       
Lindsey              Smith                           8000                       
Louise               Doran                           7500                       
Sarath               Sewall                          7000                       
Danielle             Greene                          9500                       
Mattea               Marvins                         7200                       
David                Lee                             6800                       
Sundar               Ande                            6400                       
Amit                 Banda                           6200                       

FIRST_NAME           LAST_NAME                     SALARY                       
-------------------- ------------------------- ----------                       
Tayler               Fox                             9600                       
William              Smith                           7400                       
Elizabeth            Bates                           7300                       
Sundita              Kumar                           6100                       
Alyssa               Hutton                          8800                       
Jonathon             Taylor                          8600                       
Jack                 Livingston                      8400                       
Kimberely            Grant                           7000                       
Charles              Johnson                         6200                       
Winston              Taylor                          3200                       
Jean                 Fleaur                          3100                       

FIRST_NAME           LAST_NAME                     SALARY                       
-------------------- ------------------------- ----------                       
Martha               Sullivan                        2500                       
Girard               Geoni                           2800                       
Nandita              Sarchand                        4200                       
Alexis               Bull                            4100                       
Julia                Dellinger                       3400                       
Anthony              Cabrio                          3000                       
Kelly                Chung                           3800                       
Jennifer             Dilly                           3600                       
Timothy              Gates                           2900                       
Randall              Perkins                         2500                       
Sarah                Bell                            4000                       

FIRST_NAME           LAST_NAME                     SALARY                       
-------------------- ------------------------- ----------                       
Britney              Everett                         3900                       
Samuel               McCain                          3200                       
Vance                Jones                           2800                       
Alana                Walsh                           3100                       
Kevin                Feeney                          3000                       
Donald               OConnell                        2600                       
Douglas              Grant                           2600                       
Jennifer             Whalen                          4400                       
Pat                  Fay                             6000                       
Susan                Mavris                          6500                       
William              Gietz                           8300                       

88 rows selected.

SQL> select &ka from &&tn;
Enter value for ka: first_name,last_name,salary
Enter value for tn: employees
old   1: select &ka from &&tn
new   1: select first_name,last_name,salary from employees

FIRST_NAME           LAST_NAME                     SALARY                       
-------------------- ------------------------- ----------                       
Steven               King                           24000                       
Neena                Kochhar                        17000                       
Lex                  De Haan                        17000                       
Alexander            Hunold                          9000                       
Bruce                Ernst                           6000                       
David                Austin                          4800                       
Valli                Pataballa                       4800                       
Diana                Lorentz                         4200                       
Nancy                Greenberg                      12008                       
Daniel               Faviet                          9000                       
John                 Chen                            8200                       

FIRST_NAME           LAST_NAME                     SALARY                       
-------------------- ------------------------- ----------                       
Ismael               Sciarra                         7700                       
Jose Manuel          Urman                           7800                       
Luis                 Popp                            6900                       
Den                  Raphaely                       11000                       
Alexander            Khoo                            3100                       
Shelli               Baida                           2900                       
Sigal                Tobias                          2800                       
Guy                  Himuro                          2600                       
Karen                Colmenares                      2500                       
Matthew              Weiss                           8000                       
Adam                 Fripp                           8200                       

FIRST_NAME           LAST_NAME                     SALARY                       
-------------------- ------------------------- ----------                       
Payam                Kaufling                        7900                       
Shanta               Vollman                         6500                       
Kevin                Mourgos                         5800                       
Julia                Nayer                           3200                       
Irene                Mikkilineni                     2700                       
James                Landry                          2400                       
Steven               Markle                          2200                       
Laura                Bissot                          3300                       
Mozhe                Atkinson                        2800                       
James                Marlow                          2500                       
TJ                   Olson                           2100                       

FIRST_NAME           LAST_NAME                     SALARY                       
-------------------- ------------------------- ----------                       
Jason                Mallin                          3300                       
Michael              Rogers                          2900                       
Ki                   Gee                             2400                       
Hazel                Philtanker                      2200                       
Renske               Ladwig                          3600                       
Stephen              Stiles                          3200                       
John                 Seo                             2700                       
Joshua               Patel                           2500                       
Trenna               Rajs                            3500                       
Curtis               Davies                          3100                       
Randall              Matos                           2600                       

FIRST_NAME           LAST_NAME                     SALARY                       
-------------------- ------------------------- ----------                       
Peter                Vargas                          2500                       
John                 Russell                        14000                       
Karen                Partners                       13500                       
Alberto              Errazuriz                      12000                       
Gerald               Cambrault                      11000                       
Eleni                Zlotkey                        10500                       
Peter                Tucker                         10000                       
David                Bernstein                       9500                       
Peter                Hall                            9000                       
Christopher          Olsen                           8000                       
Nanette              Cambrault                       7500                       

FIRST_NAME           LAST_NAME                     SALARY                       
-------------------- ------------------------- ----------                       
Oliver               Tuvault                         7000                       
Janette              King                           10000                       
Patrick              Sully                           9500                       
Allan                McEwen                          9000                       
Lindsey              Smith                           8000                       
Louise               Doran                           7500                       
Sarath               Sewall                          7000                       
Clara                Vishney                        10500                       
Danielle             Greene                          9500                       
Mattea               Marvins                         7200                       
David                Lee                             6800                       

FIRST_NAME           LAST_NAME                     SALARY                       
-------------------- ------------------------- ----------                       
Sundar               Ande                            6400                       
Amit                 Banda                           6200                       
Lisa                 Ozer                           11500                       
Harrison             Bloom                          10000                       
Tayler               Fox                             9600                       
William              Smith                           7400                       
Elizabeth            Bates                           7300                       
Sundita              Kumar                           6100                       
Ellen                Abel                           11000                       
Alyssa               Hutton                          8800                       
Jonathon             Taylor                          8600                       

FIRST_NAME           LAST_NAME                     SALARY                       
-------------------- ------------------------- ----------                       
Jack                 Livingston                      8400                       
Kimberely            Grant                           7000                       
Charles              Johnson                         6200                       
Winston              Taylor                          3200                       
Jean                 Fleaur                          3100                       
Martha               Sullivan                        2500                       
Girard               Geoni                           2800                       
Nandita              Sarchand                        4200                       
Alexis               Bull                            4100                       
Julia                Dellinger                       3400                       
Anthony              Cabrio                          3000                       

FIRST_NAME           LAST_NAME                     SALARY                       
-------------------- ------------------------- ----------                       
Kelly                Chung                           3800                       
Jennifer             Dilly                           3600                       
Timothy              Gates                           2900                       
Randall              Perkins                         2500                       
Sarah                Bell                            4000                       
Britney              Everett                         3900                       
Samuel               McCain                          3200                       
Vance                Jones                           2800                       
Alana                Walsh                           3100                       
Kevin                Feeney                          3000                       
Donald               OConnell                        2600                       

FIRST_NAME           LAST_NAME                     SALARY                       
-------------------- ------------------------- ----------                       
Douglas              Grant                           2600                       
Jennifer             Whalen                          4400                       
Michael              Hartstein                      13000                       
Pat                  Fay                             6000                       
Susan                Mavris                          6500                       
Hermann              Baer                           10000                       
Shelley              Higgins                        12008                       
William              Gietz                           8300                       

107 rows selected.

SQL> select &&&ka from &&tn;
Enter value for ka: first_name
old   1: select &&&ka from &&tn
new   1: select &&first_name from employees
select &&first_name from employees
        *
ERROR at line 1:
ORA-01745: invalid host/bind variable name 


SQL> select &&ka from &&tn order by &o;
Enter value for ka: first_name,last_name,salary
Enter value for o: 1
old   1: select &&ka from &&tn order by &o
new   1: select first_name,last_name,salary from employees order by 1

FIRST_NAME           LAST_NAME                     SALARY                       
-------------------- ------------------------- ----------                       
Adam                 Fripp                           8200                       
Alana                Walsh                           3100                       
Alberto              Errazuriz                      12000                       
Alexander            Hunold                          9000                       
Alexander            Khoo                            3100                       
Alexis               Bull                            4100                       
Allan                McEwen                          9000                       
Alyssa               Hutton                          8800                       
Amit                 Banda                           6200                       
Anthony              Cabrio                          3000                       
Britney              Everett                         3900                       

FIRST_NAME           LAST_NAME                     SALARY                       
-------------------- ------------------------- ----------                       
Bruce                Ernst                           6000                       
Charles              Johnson                         6200                       
Christopher          Olsen                           8000                       
Clara                Vishney                        10500                       
Curtis               Davies                          3100                       
Daniel               Faviet                          9000                       
Danielle             Greene                          9500                       
David                Austin                          4800                       
David                Bernstein                       9500                       
David                Lee                             6800                       
Den                  Raphaely                       11000                       

FIRST_NAME           LAST_NAME                     SALARY                       
-------------------- ------------------------- ----------                       
Diana                Lorentz                         4200                       
Donald               OConnell                        2600                       
Douglas              Grant                           2600                       
Eleni                Zlotkey                        10500                       
Elizabeth            Bates                           7300                       
Ellen                Abel                           11000                       
Gerald               Cambrault                      11000                       
Girard               Geoni                           2800                       
Guy                  Himuro                          2600                       
Harrison             Bloom                          10000                       
Hazel                Philtanker                      2200                       

FIRST_NAME           LAST_NAME                     SALARY                       
-------------------- ------------------------- ----------                       
Hermann              Baer                           10000                       
Irene                Mikkilineni                     2700                       
Ismael               Sciarra                         7700                       
Jack                 Livingston                      8400                       
James                Marlow                          2500                       
James                Landry                          2400                       
Janette              King                           10000                       
Jason                Mallin                          3300                       
Jean                 Fleaur                          3100                       
Jennifer             Whalen                          4400                       
Jennifer             Dilly                           3600                       

FIRST_NAME           LAST_NAME                     SALARY                       
-------------------- ------------------------- ----------                       
John                 Seo                             2700                       
John                 Russell                        14000                       
John                 Chen                            8200                       
Jonathon             Taylor                          8600                       
Jose Manuel          Urman                           7800                       
Joshua               Patel                           2500                       
Julia                Dellinger                       3400                       
Julia                Nayer                           3200                       
Karen                Colmenares                      2500                       
Karen                Partners                       13500                       
Kelly                Chung                           3800                       

FIRST_NAME           LAST_NAME                     SALARY                       
-------------------- ------------------------- ----------                       
Kevin                Feeney                          3000                       
Kevin                Mourgos                         5800                       
Ki                   Gee                             2400                       
Kimberely            Grant                           7000                       
Laura                Bissot                          3300                       
Lex                  De Haan                        17000                       
Lindsey              Smith                           8000                       
Lisa                 Ozer                           11500                       
Louise               Doran                           7500                       
Luis                 Popp                            6900                       
Martha               Sullivan                        2500                       

FIRST_NAME           LAST_NAME                     SALARY                       
-------------------- ------------------------- ----------                       
Mattea               Marvins                         7200                       
Matthew              Weiss                           8000                       
Michael              Hartstein                      13000                       
Michael              Rogers                          2900                       
Mozhe                Atkinson                        2800                       
Nancy                Greenberg                      12008                       
Nandita              Sarchand                        4200                       
Nanette              Cambrault                       7500                       
Neena                Kochhar                        17000                       
Oliver               Tuvault                         7000                       
Pat                  Fay                             6000                       

FIRST_NAME           LAST_NAME                     SALARY                       
-------------------- ------------------------- ----------                       
Patrick              Sully                           9500                       
Payam                Kaufling                        7900                       
Peter                Hall                            9000                       
Peter                Vargas                          2500                       
Peter                Tucker                         10000                       
Randall              Matos                           2600                       
Randall              Perkins                         2500                       
Renske               Ladwig                          3600                       
Samuel               McCain                          3200                       
Sarah                Bell                            4000                       
Sarath               Sewall                          7000                       

FIRST_NAME           LAST_NAME                     SALARY                       
-------------------- ------------------------- ----------                       
Shanta               Vollman                         6500                       
Shelley              Higgins                        12008                       
Shelli               Baida                           2900                       
Sigal                Tobias                          2800                       
Stephen              Stiles                          3200                       
Steven               King                           24000                       
Steven               Markle                          2200                       
Sundar               Ande                            6400                       
Sundita              Kumar                           6100                       
Susan                Mavris                          6500                       
TJ                   Olson                           2100                       

FIRST_NAME           LAST_NAME                     SALARY                       
-------------------- ------------------------- ----------                       
Tayler               Fox                             9600                       
Timothy              Gates                           2900                       
Trenna               Rajs                            3500                       
Valli                Pataballa                       4800                       
Vance                Jones                           2800                       
William              Gietz                           8300                       
William              Smith                           7400                       
Winston              Taylor                          3200                       

107 rows selected.

SQL> /
Enter value for o: 3
old   1: select &&ka from &&tn order by &o
new   1: select first_name,last_name,salary from employees order by 3

FIRST_NAME           LAST_NAME                     SALARY                       
-------------------- ------------------------- ----------                       
TJ                   Olson                           2100                       
Steven               Markle                          2200                       
Hazel                Philtanker                      2200                       
James                Landry                          2400                       
Ki                   Gee                             2400                       
Karen                Colmenares                      2500                       
James                Marlow                          2500                       
Joshua               Patel                           2500                       
Peter                Vargas                          2500                       
Martha               Sullivan                        2500                       
Randall              Perkins                         2500                       

FIRST_NAME           LAST_NAME                     SALARY                       
-------------------- ------------------------- ----------                       
Guy                  Himuro                          2600                       
Randall              Matos                           2600                       
Donald               OConnell                        2600                       
Douglas              Grant                           2600                       
Irene                Mikkilineni                     2700                       
John                 Seo                             2700                       
Sigal                Tobias                          2800                       
Mozhe                Atkinson                        2800                       
Girard               Geoni                           2800                       
Vance                Jones                           2800                       
Shelli               Baida                           2900                       

FIRST_NAME           LAST_NAME                     SALARY                       
-------------------- ------------------------- ----------                       
Michael              Rogers                          2900                       
Timothy              Gates                           2900                       
Anthony              Cabrio                          3000                       
Kevin                Feeney                          3000                       
Alexander            Khoo                            3100                       
Curtis               Davies                          3100                       
Jean                 Fleaur                          3100                       
Alana                Walsh                           3100                       
Julia                Nayer                           3200                       
Stephen              Stiles                          3200                       
Winston              Taylor                          3200                       

FIRST_NAME           LAST_NAME                     SALARY                       
-------------------- ------------------------- ----------                       
Samuel               McCain                          3200                       
Laura                Bissot                          3300                       
Jason                Mallin                          3300                       
Julia                Dellinger                       3400                       
Trenna               Rajs                            3500                       
Renske               Ladwig                          3600                       
Jennifer             Dilly                           3600                       
Kelly                Chung                           3800                       
Britney              Everett                         3900                       
Sarah                Bell                            4000                       
Alexis               Bull                            4100                       

FIRST_NAME           LAST_NAME                     SALARY                       
-------------------- ------------------------- ----------                       
Diana                Lorentz                         4200                       
Nandita              Sarchand                        4200                       
Jennifer             Whalen                          4400                       
David                Austin                          4800                       
Valli                Pataballa                       4800                       
Kevin                Mourgos                         5800                       
Bruce                Ernst                           6000                       
Pat                  Fay                             6000                       
Sundita              Kumar                           6100                       
Amit                 Banda                           6200                       
Charles              Johnson                         6200                       

FIRST_NAME           LAST_NAME                     SALARY                       
-------------------- ------------------------- ----------                       
Sundar               Ande                            6400                       
Shanta               Vollman                         6500                       
Susan                Mavris                          6500                       
David                Lee                             6800                       
Luis                 Popp                            6900                       
Oliver               Tuvault                         7000                       
Sarath               Sewall                          7000                       
Kimberely            Grant                           7000                       
Mattea               Marvins                         7200                       
Elizabeth            Bates                           7300                       
William              Smith                           7400                       

FIRST_NAME           LAST_NAME                     SALARY                       
-------------------- ------------------------- ----------                       
Nanette              Cambrault                       7500                       
Louise               Doran                           7500                       
Ismael               Sciarra                         7700                       
Jose Manuel          Urman                           7800                       
Payam                Kaufling                        7900                       
Matthew              Weiss                           8000                       
Christopher          Olsen                           8000                       
Lindsey              Smith                           8000                       
John                 Chen                            8200                       
Adam                 Fripp                           8200                       
William              Gietz                           8300                       

FIRST_NAME           LAST_NAME                     SALARY                       
-------------------- ------------------------- ----------                       
Jack                 Livingston                      8400                       
Jonathon             Taylor                          8600                       
Alyssa               Hutton                          8800                       
Alexander            Hunold                          9000                       
Daniel               Faviet                          9000                       
Peter                Hall                            9000                       
Allan                McEwen                          9000                       
Patrick              Sully                           9500                       
Danielle             Greene                          9500                       
David                Bernstein                       9500                       
Tayler               Fox                             9600                       

FIRST_NAME           LAST_NAME                     SALARY                       
-------------------- ------------------------- ----------                       
Hermann              Baer                           10000                       
Harrison             Bloom                          10000                       
Janette              King                           10000                       
Peter                Tucker                         10000                       
Clara                Vishney                        10500                       
Eleni                Zlotkey                        10500                       
Gerald               Cambrault                      11000                       
Den                  Raphaely                       11000                       
Ellen                Abel                           11000                       
Lisa                 Ozer                           11500                       
Alberto              Errazuriz                      12000                       

FIRST_NAME           LAST_NAME                     SALARY                       
-------------------- ------------------------- ----------                       
Shelley              Higgins                        12008                       
Nancy                Greenberg                      12008                       
Michael              Hartstein                      13000                       
Karen                Partners                       13500                       
John                 Russell                        14000                       
Lex                  De Haan                        17000                       
Neena                Kochhar                        17000                       
Steven               King                           24000                       

107 rows selected.

SQL> undefine tn
SQL> undefine ka
SQL> /
Enter value for ka: first_name
Enter value for tn: employees
Enter value for o: desc 1
old   1: select &&ka from &&tn order by &o
new   1: select first_name from employees order by desc 1
select first_name from employees order by desc 1
                                          *
ERROR at line 1:
ORA-00936: missing expression 


SQL> undefine ka
SQL> /
Enter value for ka: sdfg
Enter value for o: e
old   1: select &&ka from &&tn order by &o
new   1: select sdfg from employees order by e
select sdfg from employees order by e
                                    *
ERROR at line 1:
ORA-00904: "E": invalid identifier 


SQL> undefine ka
SQL> /
Enter value for ka: first_name
Enter value for o: 1
old   1: select &&ka from &&tn order by &o
new   1: select first_name from employees order by 1

FIRST_NAME                                                                      
--------------------                                                            
Adam                                                                            
Alana                                                                           
Alberto                                                                         
Alexander                                                                       
Alexander                                                                       
Alexis                                                                          
Allan                                                                           
Alyssa                                                                          
Amit                                                                            
Anthony                                                                         
Britney                                                                         

FIRST_NAME                                                                      
--------------------                                                            
Bruce                                                                           
Charles                                                                         
Christopher                                                                     
Clara                                                                           
Curtis                                                                          
Daniel                                                                          
Danielle                                                                        
David                                                                           
David                                                                           
David                                                                           
Den                                                                             

FIRST_NAME                                                                      
--------------------                                                            
Diana                                                                           
Donald                                                                          
Douglas                                                                         
Eleni                                                                           
Elizabeth                                                                       
Ellen                                                                           
Gerald                                                                          
Girard                                                                          
Guy                                                                             
Harrison                                                                        
Hazel                                                                           

FIRST_NAME                                                                      
--------------------                                                            
Hermann                                                                         
Irene                                                                           
Ismael                                                                          
Jack                                                                            
James                                                                           
James                                                                           
Janette                                                                         
Jason                                                                           
Jean                                                                            
Jennifer                                                                        
Jennifer                                                                        

FIRST_NAME                                                                      
--------------------                                                            
John                                                                            
John                                                                            
John                                                                            
Jonathon                                                                        
Jose Manuel                                                                     
Joshua                                                                          
Julia                                                                           
Julia                                                                           
Karen                                                                           
Karen                                                                           
Kelly                                                                           

FIRST_NAME                                                                      
--------------------                                                            
Kevin                                                                           
Kevin                                                                           
Ki                                                                              
Kimberely                                                                       
Laura                                                                           
Lex                                                                             
Lindsey                                                                         
Lisa                                                                            
Louise                                                                          
Luis                                                                            
Martha                                                                          

FIRST_NAME                                                                      
--------------------                                                            
Mattea                                                                          
Matthew                                                                         
Michael                                                                         
Michael                                                                         
Mozhe                                                                           
Nancy                                                                           
Nandita                                                                         
Nanette                                                                         
Neena                                                                           
Oliver                                                                          
Pat                                                                             

FIRST_NAME                                                                      
--------------------                                                            
Patrick                                                                         
Payam                                                                           
Peter                                                                           
Peter                                                                           
Peter                                                                           
Randall                                                                         
Randall                                                                         
Renske                                                                          
Samuel                                                                          
Sarah                                                                           
Sarath                                                                          

FIRST_NAME                                                                      
--------------------                                                            
Shanta                                                                          
Shelley                                                                         
Shelli                                                                          
Sigal                                                                           
Stephen                                                                         
Steven                                                                          
Steven                                                                          
Sundar                                                                          
Sundita                                                                         
Susan                                                                           
TJ                                                                              

FIRST_NAME                                                                      
--------------------                                                            
Tayler                                                                          
Timothy                                                                         
Trenna                                                                          
Valli                                                                           
Vance                                                                           
William                                                                         
William                                                                         
Winston                                                                         

107 rows selected.

SQL> /
Enter value for o: 
old   1: select &&ka from &&tn order by &o
new   1: select first_name from employees order by 
select first_name from employees order by 
                                         *
ERROR at line 1:
ORA-00936: missing expression 


SQL> 
SQL> undefine ka
SQL> /
Enter value for ka: df
Enter value for o: dsf
old   1: select &&ka from &&tn order by &o
new   1: select df from employees order by dsf
select df from employees order by dsf
                                  *
ERROR at line 1:
ORA-00904: "DSF": invalid identifier 


SQL> rem for descending 1 desc
SQL> save F:"\sub.sql"
SP2-0110: Cannot create save file "F:"\sub.sql""
SQL> save "F:\sub.sql"
Created file F:\sub.sql
SQL> run "F:\sub.sql"
  1* select &&ka from &&tn order by &o
Enter value for o: 1
old   1: select &&ka from &&tn order by &o
new   1: select df from employees order by 1
select df from employees order by 1
       *
ERROR at line 1:
ORA-00904: "DF": invalid identifier 


SQL> select sysdate from dual;

SYSDATE                                                                         
---------                                                                       
22-JAN-19                                                                       

SQL> save "F:\\sub.sql"
SP2-0540: File "F:\\sub.sql" already exists.
Use "SAVE filename[.ext] REPLACE".
SQL> save "F:\\sub.sql" REPLACE
Wrote file F:\\sub.sql
SQL> @ "F:\\sub.sql" REPLACE

SYSDATE                                                                         
---------                                                                       
22-JAN-19                                                                       

SQL> r "F:\\sub.sql" REPLACE
  1* select sysdate from dual

SYSDATE                                                                         
---------                                                                       
22-JAN-19                                                                       

SQL> ru "F:\\sub.sql" REPLACE
  1* select sysdate from dual

SYSDATE                                                                         
---------                                                                       
22-JAN-19                                                                       

SQL> u "F:\\sub.sql" REPLACE
SP2-0734: unknown command beginning "u "F:\\sub..." - rest of line ignored.
SQL> rem self cross inner outer Joins
SQL> OUTER:- LEFT RIGHT FULL
SP2-0734: unknown command beginning "OUTER:- LE..." - rest of line ignored.
SQL> rem OUTER:- LEFT RIGHT FULL
SQL> SPOOL OFF
