SQL> select upper(first_name), lower(first_name), INITCAP(first_name)  from employees;

UPPER(FIRST_NAME)    LOWER(FIRST_NAME)    INITCAP(FIRST_NAME)                   
-------------------- -------------------- --------------------                  
ELLEN                ellen                Ellen                                 
SUNDAR               sundar               Sundar                                
MOZHE                mozhe                Mozhe                                 
DAVID                david                David                                 
HERMANN              hermann              Hermann                               
SHELLI               shelli               Shelli                                
AMIT                 amit                 Amit                                  
ELIZABETH            elizabeth            Elizabeth                             
SARAH                sarah                Sarah                                 
DAVID                david                David                                 
LAURA                laura                Laura                                 

UPPER(FIRST_NAME)    LOWER(FIRST_NAME)    INITCAP(FIRST_NAME)                   
-------------------- -------------------- --------------------                  
HARRISON             harrison             Harrison                              
ALEXIS               alexis               Alexis                                
ANTHONY              anthony              Anthony                               
GERALD               gerald               Gerald                                
NANETTE              nanette              Nanette                               
JOHN                 john                 John                                  
KELLY                kelly                Kelly                                 
KAREN                karen                Karen                                 
CURTIS               curtis               Curtis                                
LEX                  lex                  Lex                                   
JULIA                julia                Julia                                 

UPPER(FIRST_NAME)    LOWER(FIRST_NAME)    INITCAP(FIRST_NAME)                   
-------------------- -------------------- --------------------                  
JENNIFER             jennifer             Jennifer                              
LOUISE               louise               Louise                                
BRUCE                bruce                Bruce                                 
ALBERTO              alberto              Alberto                               
BRITNEY              britney              Britney                               
DANIEL               daniel               Daniel                                
PAT                  pat                  Pat                                   
KEVIN                kevin                Kevin                                 
JEAN                 jean                 Jean                                  
TAYLER               tayler               Tayler                                
ADAM                 adam                 Adam                                  

UPPER(FIRST_NAME)    LOWER(FIRST_NAME)    INITCAP(FIRST_NAME)                   
-------------------- -------------------- --------------------                  
TIMOTHY              timothy              Timothy                               
KI                   ki                   Ki                                    
GIRARD               girard               Girard                                
WILLIAM              william              William                               
DOUGLAS              douglas              Douglas                               
KIMBERELY            kimberely            Kimberely                             
NANCY                nancy                Nancy                                 
DANIELLE             danielle             Danielle                              
PETER                peter                Peter                                 
MICHAEL              michael              Michael                               
SHELLEY              shelley              Shelley                               

UPPER(FIRST_NAME)    LOWER(FIRST_NAME)    INITCAP(FIRST_NAME)                   
-------------------- -------------------- --------------------                  
GUY                  guy                  Guy                                   
ALEXANDER            alexander            Alexander                             
ALYSSA               alyssa               Alyssa                                
CHARLES              charles              Charles                               
VANCE                vance                Vance                                 
PAYAM                payam                Payam                                 
ALEXANDER            alexander            Alexander                             
JANETTE              janette              Janette                               
STEVEN               steven               Steven                                
NEENA                neena                Neena                                 
SUNDITA              sundita              Sundita                               

UPPER(FIRST_NAME)    LOWER(FIRST_NAME)    INITCAP(FIRST_NAME)                   
-------------------- -------------------- --------------------                  
RENSKE               renske               Renske                                
JAMES                james                James                                 
DAVID                david                David                                 
JACK                 jack                 Jack                                  
DIANA                diana                Diana                                 
JASON                jason                Jason                                 
STEVEN               steven               Steven                                
JAMES                james                James                                 
MATTEA               mattea               Mattea                                
RANDALL              randall              Randall                               
SUSAN                susan                Susan                                 

UPPER(FIRST_NAME)    LOWER(FIRST_NAME)    INITCAP(FIRST_NAME)                   
-------------------- -------------------- --------------------                  
SAMUEL               samuel               Samuel                                
ALLAN                allan                Allan                                 
IRENE                irene                Irene                                 
KEVIN                kevin                Kevin                                 
JULIA                julia                Julia                                 
DONALD               donald               Donald                                
CHRISTOPHER          christopher          Christopher                           
TJ                   tj                   Tj                                    
LISA                 lisa                 Lisa                                  
KAREN                karen                Karen                                 
VALLI                valli                Valli                                 

UPPER(FIRST_NAME)    LOWER(FIRST_NAME)    INITCAP(FIRST_NAME)                   
-------------------- -------------------- --------------------                  
JOSHUA               joshua               Joshua                                
RANDALL              randall              Randall                               
HAZEL                hazel                Hazel                                 
LUIS                 luis                 Luis                                  
TRENNA               trenna               Trenna                                
DEN                  den                  Den                                   
MICHAEL              michael              Michael                               
JOHN                 john                 John                                  
NANDITA              nandita              Nandita                               
ISMAEL               ismael               Ismael                                
JOHN                 john                 John                                  

UPPER(FIRST_NAME)    LOWER(FIRST_NAME)    INITCAP(FIRST_NAME)                   
-------------------- -------------------- --------------------                  
SARATH               sarath               Sarath                                
LINDSEY              lindsey              Lindsey                               
WILLIAM              william              William                               
STEPHEN              stephen              Stephen                               
MARTHA               martha               Martha                                
PATRICK              patrick              Patrick                               
JONATHON             jonathon             Jonathon                              
WINSTON              winston              Winston                               
SIGAL                sigal                Sigal                                 
PETER                peter                Peter                                 
OLIVER               oliver               Oliver                                

UPPER(FIRST_NAME)    LOWER(FIRST_NAME)    INITCAP(FIRST_NAME)                   
-------------------- -------------------- --------------------                  
JOSE MANUEL          jose manuel          Jose Manuel                           
PETER                peter                Peter                                 
CLARA                clara                Clara                                 
SHANTA               shanta               Shanta                                
ALANA                alana                Alana                                 
MATTHEW              matthew              Matthew                               
JENNIFER             jennifer             Jennifer                              
ELENI                eleni                Eleni                                 

107 rows selected.

SQL> select upper(first_name), lower(first_name)  from employees;

UPPER(FIRST_NAME)    LOWER(FIRST_NAME)                                          
-------------------- --------------------                                       
ELLEN                ellen                                                      
SUNDAR               sundar                                                     
MOZHE                mozhe                                                      
DAVID                david                                                      
HERMANN              hermann                                                    
SHELLI               shelli                                                     
AMIT                 amit                                                       
ELIZABETH            elizabeth                                                  
SARAH                sarah                                                      
DAVID                david                                                      
LAURA                laura                                                      

UPPER(FIRST_NAME)    LOWER(FIRST_NAME)                                          
-------------------- --------------------                                       
HARRISON             harrison                                                   
ALEXIS               alexis                                                     
ANTHONY              anthony                                                    
GERALD               gerald                                                     
NANETTE              nanette                                                    
JOHN                 john                                                       
KELLY                kelly                                                      
KAREN                karen                                                      
CURTIS               curtis                                                     
LEX                  lex                                                        
JULIA                julia                                                      

UPPER(FIRST_NAME)    LOWER(FIRST_NAME)                                          
-------------------- --------------------                                       
JENNIFER             jennifer                                                   
LOUISE               louise                                                     
BRUCE                bruce                                                      
ALBERTO              alberto                                                    
BRITNEY              britney                                                    
DANIEL               daniel                                                     
PAT                  pat                                                        
KEVIN                kevin                                                      
JEAN                 jean                                                       
TAYLER               tayler                                                     
ADAM                 adam                                                       

UPPER(FIRST_NAME)    LOWER(FIRST_NAME)                                          
-------------------- --------------------                                       
TIMOTHY              timothy                                                    
KI                   ki                                                         
GIRARD               girard                                                     
WILLIAM              william                                                    
DOUGLAS              douglas                                                    
KIMBERELY            kimberely                                                  
NANCY                nancy                                                      
DANIELLE             danielle                                                   
PETER                peter                                                      
MICHAEL              michael                                                    
SHELLEY              shelley                                                    

UPPER(FIRST_NAME)    LOWER(FIRST_NAME)                                          
-------------------- --------------------                                       
GUY                  guy                                                        
ALEXANDER            alexander                                                  
ALYSSA               alyssa                                                     
CHARLES              charles                                                    
VANCE                vance                                                      
PAYAM                payam                                                      
ALEXANDER            alexander                                                  
JANETTE              janette                                                    
STEVEN               steven                                                     
NEENA                neena                                                      
SUNDITA              sundita                                                    

UPPER(FIRST_NAME)    LOWER(FIRST_NAME)                                          
-------------------- --------------------                                       
RENSKE               renske                                                     
JAMES                james                                                      
DAVID                david                                                      
JACK                 jack                                                       
DIANA                diana                                                      
JASON                jason                                                      
STEVEN               steven                                                     
JAMES                james                                                      
MATTEA               mattea                                                     
RANDALL              randall                                                    
SUSAN                susan                                                      

UPPER(FIRST_NAME)    LOWER(FIRST_NAME)                                          
-------------------- --------------------                                       
SAMUEL               samuel                                                     
ALLAN                allan                                                      
IRENE                irene                                                      
KEVIN                kevin                                                      
JULIA                julia                                                      
DONALD               donald                                                     
CHRISTOPHER          christopher                                                
TJ                   tj                                                         
LISA                 lisa                                                       
KAREN                karen                                                      
VALLI                valli                                                      

UPPER(FIRST_NAME)    LOWER(FIRST_NAME)                                          
-------------------- --------------------                                       
JOSHUA               joshua                                                     
RANDALL              randall                                                    
HAZEL                hazel                                                      
LUIS                 luis                                                       
TRENNA               trenna                                                     
DEN                  den                                                        
MICHAEL              michael                                                    
JOHN                 john                                                       
NANDITA              nandita                                                    
ISMAEL               ismael                                                     
JOHN                 john                                                       

UPPER(FIRST_NAME)    LOWER(FIRST_NAME)                                          
-------------------- --------------------                                       
SARATH               sarath                                                     
LINDSEY              lindsey                                                    
WILLIAM              william                                                    
STEPHEN              stephen                                                    
MARTHA               martha                                                     
PATRICK              patrick                                                    
JONATHON             jonathon                                                   
WINSTON              winston                                                    
SIGAL                sigal                                                      
PETER                peter                                                      
OLIVER               oliver                                                     

UPPER(FIRST_NAME)    LOWER(FIRST_NAME)                                          
-------------------- --------------------                                       
JOSE MANUEL          jose manuel                                                
PETER                peter                                                      
CLARA                clara                                                      
SHANTA               shanta                                                     
ALANA                alana                                                      
MATTHEW              matthew                                                    
JENNIFER             jennifer                                                   
ELENI                eleni                                                      

107 rows selected.

SQL> select upper(first_name), lower(first_name), init(first_name) from employees;
select upper(first_name), lower(first_name), init(first_name) from employees
                                             *
ERROR at line 1:
ORA-00904: "INIT": invalid identifier 


SQL> select upper(first_name), lower(first_name), INITCAP(first_name)  from employees;

UPPER(FIRST_NAME)    LOWER(FIRST_NAME)    INITCAP(FIRST_NAME)                   
-------------------- -------------------- --------------------                  
ELLEN                ellen                Ellen                                 
SUNDAR               sundar               Sundar                                
MOZHE                mozhe                Mozhe                                 
DAVID                david                David                                 
HERMANN              hermann              Hermann                               
SHELLI               shelli               Shelli                                
AMIT                 amit                 Amit                                  
ELIZABETH            elizabeth            Elizabeth                             
SARAH                sarah                Sarah                                 
DAVID                david                David                                 
LAURA                laura                Laura                                 

UPPER(FIRST_NAME)    LOWER(FIRST_NAME)    INITCAP(FIRST_NAME)                   
-------------------- -------------------- --------------------                  
HARRISON             harrison             Harrison                              
ALEXIS               alexis               Alexis                                
ANTHONY              anthony              Anthony                               
GERALD               gerald               Gerald                                
NANETTE              nanette              Nanette                               
JOHN                 john                 John                                  
KELLY                kelly                Kelly                                 
KAREN                karen                Karen                                 
CURTIS               curtis               Curtis                                
LEX                  lex                  Lex                                   
JULIA                julia                Julia                                 

UPPER(FIRST_NAME)    LOWER(FIRST_NAME)    INITCAP(FIRST_NAME)                   
-------------------- -------------------- --------------------                  
JENNIFER             jennifer             Jennifer                              
LOUISE               louise               Louise                                
BRUCE                bruce                Bruce                                 
ALBERTO              alberto              Alberto                               
BRITNEY              britney              Britney                               
DANIEL               daniel               Daniel                                
PAT                  pat                  Pat                                   
KEVIN                kevin                Kevin                                 
JEAN                 jean                 Jean                                  
TAYLER               tayler               Tayler                                
ADAM                 adam                 Adam                                  

UPPER(FIRST_NAME)    LOWER(FIRST_NAME)    INITCAP(FIRST_NAME)                   
-------------------- -------------------- --------------------                  
TIMOTHY              timothy              Timothy                               
KI                   ki                   Ki                                    
GIRARD               girard               Girard                                
WILLIAM              william              William                               
DOUGLAS              douglas              Douglas                               
KIMBERELY            kimberely            Kimberely                             
NANCY                nancy                Nancy                                 
DANIELLE             danielle             Danielle                              
PETER                peter                Peter                                 
MICHAEL              michael              Michael                               
SHELLEY              shelley              Shelley                               

UPPER(FIRST_NAME)    LOWER(FIRST_NAME)    INITCAP(FIRST_NAME)                   
-------------------- -------------------- --------------------                  
GUY                  guy                  Guy                                   
ALEXANDER            alexander            Alexander                             
ALYSSA               alyssa               Alyssa                                
CHARLES              charles              Charles                               
VANCE                vance                Vance                                 
PAYAM                payam                Payam                                 
ALEXANDER            alexander            Alexander                             
JANETTE              janette              Janette                               
STEVEN               steven               Steven                                
NEENA                neena                Neena                                 
SUNDITA              sundita              Sundita                               

UPPER(FIRST_NAME)    LOWER(FIRST_NAME)    INITCAP(FIRST_NAME)                   
-------------------- -------------------- --------------------                  
RENSKE               renske               Renske                                
JAMES                james                James                                 
DAVID                david                David                                 
JACK                 jack                 Jack                                  
DIANA                diana                Diana                                 
JASON                jason                Jason                                 
STEVEN               steven               Steven                                
JAMES                james                James                                 
MATTEA               mattea               Mattea                                
RANDALL              randall              Randall                               
SUSAN                susan                Susan                                 

UPPER(FIRST_NAME)    LOWER(FIRST_NAME)    INITCAP(FIRST_NAME)                   
-------------------- -------------------- --------------------                  
SAMUEL               samuel               Samuel                                
ALLAN                allan                Allan                                 
IRENE                irene                Irene                                 
KEVIN                kevin                Kevin                                 
JULIA                julia                Julia                                 
DONALD               donald               Donald                                
CHRISTOPHER          christopher          Christopher                           
TJ                   tj                   Tj                                    
LISA                 lisa                 Lisa                                  
KAREN                karen                Karen                                 
VALLI                valli                Valli                                 

UPPER(FIRST_NAME)    LOWER(FIRST_NAME)    INITCAP(FIRST_NAME)                   
-------------------- -------------------- --------------------                  
JOSHUA               joshua               Joshua                                
RANDALL              randall              Randall                               
HAZEL                hazel                Hazel                                 
LUIS                 luis                 Luis                                  
TRENNA               trenna               Trenna                                
DEN                  den                  Den                                   
MICHAEL              michael              Michael                               
JOHN                 john                 John                                  
NANDITA              nandita              Nandita                               
ISMAEL               ismael               Ismael                                
JOHN                 john                 John                                  

UPPER(FIRST_NAME)    LOWER(FIRST_NAME)    INITCAP(FIRST_NAME)                   
-------------------- -------------------- --------------------                  
SARATH               sarath               Sarath                                
LINDSEY              lindsey              Lindsey                               
WILLIAM              william              William                               
STEPHEN              stephen              Stephen                               
MARTHA               martha               Martha                                
PATRICK              patrick              Patrick                               
JONATHON             jonathon             Jonathon                              
WINSTON              winston              Winston                               
SIGAL                sigal                Sigal                                 
PETER                peter                Peter                                 
OLIVER               oliver               Oliver                                

UPPER(FIRST_NAME)    LOWER(FIRST_NAME)    INITCAP(FIRST_NAME)                   
-------------------- -------------------- --------------------                  
JOSE MANUEL          jose manuel          Jose Manuel                           
PETER                peter                Peter                                 
CLARA                clara                Clara                                 
SHANTA               shanta               Shanta                                
ALANA                alana                Alana                                 
MATTHEW              matthew              Matthew                               
JENNIFER             jennifer             Jennifer                              
ELENI                eleni                Eleni                                 

107 rows selected.

SQL> select first_name,substr(first_name,1,3)  from employees;

FIRST_NAME           SUBSTR(FIRST                                               
-------------------- ------------                                               
Ellen                Ell                                                        
Sundar               Sun                                                        
Mozhe                Moz                                                        
David                Dav                                                        
Hermann              Her                                                        
Shelli               She                                                        
Amit                 Ami                                                        
Elizabeth            Eli                                                        
Sarah                Sar                                                        
David                Dav                                                        
Laura                Lau                                                        

FIRST_NAME           SUBSTR(FIRST                                               
-------------------- ------------                                               
Harrison             Har                                                        
Alexis               Ale                                                        
Anthony              Ant                                                        
Gerald               Ger                                                        
Nanette              Nan                                                        
John                 Joh                                                        
Kelly                Kel                                                        
Karen                Kar                                                        
Curtis               Cur                                                        
Lex                  Lex                                                        
Julia                Jul                                                        

FIRST_NAME           SUBSTR(FIRST                                               
-------------------- ------------                                               
Jennifer             Jen                                                        
Louise               Lou                                                        
Bruce                Bru                                                        
Alberto              Alb                                                        
Britney              Bri                                                        
Daniel               Dan                                                        
Pat                  Pat                                                        
Kevin                Kev                                                        
Jean                 Jea                                                        
Tayler               Tay                                                        
Adam                 Ada                                                        

FIRST_NAME           SUBSTR(FIRST                                               
-------------------- ------------                                               
Timothy              Tim                                                        
Ki                   Ki                                                         
Girard               Gir                                                        
William              Wil                                                        
Douglas              Dou                                                        
Kimberely            Kim                                                        
Nancy                Nan                                                        
Danielle             Dan                                                        
Peter                Pet                                                        
Michael              Mic                                                        
Shelley              She                                                        

FIRST_NAME           SUBSTR(FIRST                                               
-------------------- ------------                                               
Guy                  Guy                                                        
Alexander            Ale                                                        
Alyssa               Aly                                                        
Charles              Cha                                                        
Vance                Van                                                        
Payam                Pay                                                        
Alexander            Ale                                                        
Janette              Jan                                                        
Steven               Ste                                                        
Neena                Nee                                                        
Sundita              Sun                                                        

FIRST_NAME           SUBSTR(FIRST                                               
-------------------- ------------                                               
Renske               Ren                                                        
James                Jam                                                        
David                Dav                                                        
Jack                 Jac                                                        
Diana                Dia                                                        
Jason                Jas                                                        
Steven               Ste                                                        
James                Jam                                                        
Mattea               Mat                                                        
Randall              Ran                                                        
Susan                Sus                                                        

FIRST_NAME           SUBSTR(FIRST                                               
-------------------- ------------                                               
Samuel               Sam                                                        
Allan                All                                                        
Irene                Ire                                                        
Kevin                Kev                                                        
Julia                Jul                                                        
Donald               Don                                                        
Christopher          Chr                                                        
TJ                   TJ                                                         
Lisa                 Lis                                                        
Karen                Kar                                                        
Valli                Val                                                        

FIRST_NAME           SUBSTR(FIRST                                               
-------------------- ------------                                               
Joshua               Jos                                                        
Randall              Ran                                                        
Hazel                Haz                                                        
Luis                 Lui                                                        
Trenna               Tre                                                        
Den                  Den                                                        
Michael              Mic                                                        
John                 Joh                                                        
Nandita              Nan                                                        
Ismael               Ism                                                        
John                 Joh                                                        

FIRST_NAME           SUBSTR(FIRST                                               
-------------------- ------------                                               
Sarath               Sar                                                        
Lindsey              Lin                                                        
William              Wil                                                        
Stephen              Ste                                                        
Martha               Mar                                                        
Patrick              Pat                                                        
Jonathon             Jon                                                        
Winston              Win                                                        
Sigal                Sig                                                        
Peter                Pet                                                        
Oliver               Oli                                                        

FIRST_NAME           SUBSTR(FIRST                                               
-------------------- ------------                                               
Jose Manuel          Jos                                                        
Peter                Pet                                                        
Clara                Cla                                                        
Shanta               Sha                                                        
Alana                Ala                                                        
Matthew              Mat                                                        
Jennifer             Jen                                                        
Eleni                Ele                                                        

107 rows selected.

SQL> select first_name,substr(first_name,3)  from employees;

FIRST_NAME                                                                      
--------------------                                                            
SUBSTR(FIRST_NAME,3)                                                            
------------------------------------------------------------------------        
Ellen                                                                           
len                                                                             
                                                                                
Sundar                                                                          
ndar                                                                            
                                                                                
Mozhe                                                                           
zhe                                                                             
                                                                                

FIRST_NAME                                                                      
--------------------                                                            
SUBSTR(FIRST_NAME,3)                                                            
------------------------------------------------------------------------        
David                                                                           
vid                                                                             
                                                                                
Hermann                                                                         
rmann                                                                           
                                                                                
Shelli                                                                          
elli                                                                            
                                                                                

FIRST_NAME                                                                      
--------------------                                                            
SUBSTR(FIRST_NAME,3)                                                            
------------------------------------------------------------------------        
Amit                                                                            
it                                                                              
                                                                                
Elizabeth                                                                       
izabeth                                                                         
                                                                                
Sarah                                                                           
rah                                                                             
                                                                                

FIRST_NAME                                                                      
--------------------                                                            
SUBSTR(FIRST_NAME,3)                                                            
------------------------------------------------------------------------        
David                                                                           
vid                                                                             
                                                                                
Laura                                                                           
ura                                                                             
                                                                                
Harrison                                                                        
rrison                                                                          
                                                                                

FIRST_NAME                                                                      
--------------------                                                            
SUBSTR(FIRST_NAME,3)                                                            
------------------------------------------------------------------------        
Alexis                                                                          
exis                                                                            
                                                                                
Anthony                                                                         
thony                                                                           
                                                                                
Gerald                                                                          
rald                                                                            
                                                                                

FIRST_NAME                                                                      
--------------------                                                            
SUBSTR(FIRST_NAME,3)                                                            
------------------------------------------------------------------------        
Nanette                                                                         
nette                                                                           
                                                                                
John                                                                            
hn                                                                              
                                                                                
Kelly                                                                           
lly                                                                             
                                                                                

FIRST_NAME                                                                      
--------------------                                                            
SUBSTR(FIRST_NAME,3)                                                            
------------------------------------------------------------------------        
Karen                                                                           
ren                                                                             
                                                                                
Curtis                                                                          
rtis                                                                            
                                                                                
Lex                                                                             
x                                                                               
                                                                                

FIRST_NAME                                                                      
--------------------                                                            
SUBSTR(FIRST_NAME,3)                                                            
------------------------------------------------------------------------        
Julia                                                                           
lia                                                                             
                                                                                
Jennifer                                                                        
nnifer                                                                          
                                                                                
Louise                                                                          
uise                                                                            
                                                                                

FIRST_NAME                                                                      
--------------------                                                            
SUBSTR(FIRST_NAME,3)                                                            
------------------------------------------------------------------------        
Bruce                                                                           
uce                                                                             
                                                                                
Alberto                                                                         
berto                                                                           
                                                                                
Britney                                                                         
itney                                                                           
                                                                                

FIRST_NAME                                                                      
--------------------                                                            
SUBSTR(FIRST_NAME,3)                                                            
------------------------------------------------------------------------        
Daniel                                                                          
niel                                                                            
                                                                                
Pat                                                                             
t                                                                               
                                                                                
Kevin                                                                           
vin                                                                             
                                                                                

FIRST_NAME                                                                      
--------------------                                                            
SUBSTR(FIRST_NAME,3)                                                            
------------------------------------------------------------------------        
Jean                                                                            
an                                                                              
                                                                                
Tayler                                                                          
yler                                                                            
                                                                                
Adam                                                                            
am                                                                              
                                                                                

FIRST_NAME                                                                      
--------------------                                                            
SUBSTR(FIRST_NAME,3)                                                            
------------------------------------------------------------------------        
Timothy                                                                         
mothy                                                                           
                                                                                
Ki                                                                              
                                                                                
                                                                                
Girard                                                                          
rard                                                                            
                                                                                

FIRST_NAME                                                                      
--------------------                                                            
SUBSTR(FIRST_NAME,3)                                                            
------------------------------------------------------------------------        
William                                                                         
lliam                                                                           
                                                                                
Douglas                                                                         
uglas                                                                           
                                                                                
Kimberely                                                                       
mberely                                                                         
                                                                                

FIRST_NAME                                                                      
--------------------                                                            
SUBSTR(FIRST_NAME,3)                                                            
------------------------------------------------------------------------        
Nancy                                                                           
ncy                                                                             
                                                                                
Danielle                                                                        
nielle                                                                          
                                                                                
Peter                                                                           
ter                                                                             
                                                                                

FIRST_NAME                                                                      
--------------------                                                            
SUBSTR(FIRST_NAME,3)                                                            
------------------------------------------------------------------------        
Michael                                                                         
chael                                                                           
                                                                                
Shelley                                                                         
elley                                                                           
                                                                                
Guy                                                                             
y                                                                               
                                                                                

FIRST_NAME                                                                      
--------------------                                                            
SUBSTR(FIRST_NAME,3)                                                            
------------------------------------------------------------------------        
Alexander                                                                       
exander                                                                         
                                                                                
Alyssa                                                                          
yssa                                                                            
                                                                                
Charles                                                                         
arles                                                                           
                                                                                

FIRST_NAME                                                                      
--------------------                                                            
SUBSTR(FIRST_NAME,3)                                                            
------------------------------------------------------------------------        
Vance                                                                           
nce                                                                             
                                                                                
Payam                                                                           
yam                                                                             
                                                                                
Alexander                                                                       
exander                                                                         
                                                                                

FIRST_NAME                                                                      
--------------------                                                            
SUBSTR(FIRST_NAME,3)                                                            
------------------------------------------------------------------------        
Janette                                                                         
nette                                                                           
                                                                                
Steven                                                                          
even                                                                            
                                                                                
Neena                                                                           
ena                                                                             
                                                                                

FIRST_NAME                                                                      
--------------------                                                            
SUBSTR(FIRST_NAME,3)                                                            
------------------------------------------------------------------------        
Sundita                                                                         
ndita                                                                           
                                                                                
Renske                                                                          
nske                                                                            
                                                                                
James                                                                           
mes                                                                             
                                                                                

FIRST_NAME                                                                      
--------------------                                                            
SUBSTR(FIRST_NAME,3)                                                            
------------------------------------------------------------------------        
David                                                                           
vid                                                                             
                                                                                
Jack                                                                            
ck                                                                              
                                                                                
Diana                                                                           
ana                                                                             
                                                                                

FIRST_NAME                                                                      
--------------------                                                            
SUBSTR(FIRST_NAME,3)                                                            
------------------------------------------------------------------------        
Jason                                                                           
son                                                                             
                                                                                
Steven                                                                          
even                                                                            
                                                                                
James                                                                           
mes                                                                             
                                                                                

FIRST_NAME                                                                      
--------------------                                                            
SUBSTR(FIRST_NAME,3)                                                            
------------------------------------------------------------------------        
Mattea                                                                          
ttea                                                                            
                                                                                
Randall                                                                         
ndall                                                                           
                                                                                
Susan                                                                           
san                                                                             
                                                                                

FIRST_NAME                                                                      
--------------------                                                            
SUBSTR(FIRST_NAME,3)                                                            
------------------------------------------------------------------------        
Samuel                                                                          
muel                                                                            
                                                                                
Allan                                                                           
lan                                                                             
                                                                                
Irene                                                                           
ene                                                                             
                                                                                

FIRST_NAME                                                                      
--------------------                                                            
SUBSTR(FIRST_NAME,3)                                                            
------------------------------------------------------------------------        
Kevin                                                                           
vin                                                                             
                                                                                
Julia                                                                           
lia                                                                             
                                                                                
Donald                                                                          
nald                                                                            
                                                                                

FIRST_NAME                                                                      
--------------------                                                            
SUBSTR(FIRST_NAME,3)                                                            
------------------------------------------------------------------------        
Christopher                                                                     
ristopher                                                                       
                                                                                
TJ                                                                              
                                                                                
                                                                                
Lisa                                                                            
sa                                                                              
                                                                                

FIRST_NAME                                                                      
--------------------                                                            
SUBSTR(FIRST_NAME,3)                                                            
------------------------------------------------------------------------        
Karen                                                                           
ren                                                                             
                                                                                
Valli                                                                           
lli                                                                             
                                                                                
Joshua                                                                          
shua                                                                            
                                                                                

FIRST_NAME                                                                      
--------------------                                                            
SUBSTR(FIRST_NAME,3)                                                            
------------------------------------------------------------------------        
Randall                                                                         
ndall                                                                           
                                                                                
Hazel                                                                           
zel                                                                             
                                                                                
Luis                                                                            
is                                                                              
                                                                                

FIRST_NAME                                                                      
--------------------                                                            
SUBSTR(FIRST_NAME,3)                                                            
------------------------------------------------------------------------        
Trenna                                                                          
enna                                                                            
                                                                                
Den                                                                             
n                                                                               
                                                                                
Michael                                                                         
chael                                                                           
                                                                                

FIRST_NAME                                                                      
--------------------                                                            
SUBSTR(FIRST_NAME,3)                                                            
------------------------------------------------------------------------        
John                                                                            
hn                                                                              
                                                                                
Nandita                                                                         
ndita                                                                           
                                                                                
Ismael                                                                          
mael                                                                            
                                                                                

FIRST_NAME                                                                      
--------------------                                                            
SUBSTR(FIRST_NAME,3)                                                            
------------------------------------------------------------------------        
John                                                                            
hn                                                                              
                                                                                
Sarath                                                                          
rath                                                                            
                                                                                
Lindsey                                                                         
ndsey                                                                           
                                                                                

FIRST_NAME                                                                      
--------------------                                                            
SUBSTR(FIRST_NAME,3)                                                            
------------------------------------------------------------------------        
William                                                                         
lliam                                                                           
                                                                                
Stephen                                                                         
ephen                                                                           
                                                                                
Martha                                                                          
rtha                                                                            
                                                                                

FIRST_NAME                                                                      
--------------------                                                            
SUBSTR(FIRST_NAME,3)                                                            
------------------------------------------------------------------------        
Patrick                                                                         
trick                                                                           
                                                                                
Jonathon                                                                        
nathon                                                                          
                                                                                
Winston                                                                         
nston                                                                           
                                                                                

FIRST_NAME                                                                      
--------------------                                                            
SUBSTR(FIRST_NAME,3)                                                            
------------------------------------------------------------------------        
Sigal                                                                           
gal                                                                             
                                                                                
Peter                                                                           
ter                                                                             
                                                                                
Oliver                                                                          
iver                                                                            
                                                                                

FIRST_NAME                                                                      
--------------------                                                            
SUBSTR(FIRST_NAME,3)                                                            
------------------------------------------------------------------------        
Jose Manuel                                                                     
se Manuel                                                                       
                                                                                
Peter                                                                           
ter                                                                             
                                                                                
Clara                                                                           
ara                                                                             
                                                                                

FIRST_NAME                                                                      
--------------------                                                            
SUBSTR(FIRST_NAME,3)                                                            
------------------------------------------------------------------------        
Shanta                                                                          
anta                                                                            
                                                                                
Alana                                                                           
ana                                                                             
                                                                                
Matthew                                                                         
tthew                                                                           
                                                                                

FIRST_NAME                                                                      
--------------------                                                            
SUBSTR(FIRST_NAME,3)                                                            
------------------------------------------------------------------------        
Jennifer                                                                        
nnifer                                                                          
                                                                                
Eleni                                                                           
eni                                                                             
                                                                                

107 rows selected.

SQL> select first_name,substr(first_name,3,3)  from employees;

FIRST_NAME           SUBSTR(FIRST                                               
-------------------- ------------                                               
Ellen                len                                                        
Sundar               nda                                                        
Mozhe                zhe                                                        
David                vid                                                        
Hermann              rma                                                        
Shelli               ell                                                        
Amit                 it                                                         
Elizabeth            iza                                                        
Sarah                rah                                                        
David                vid                                                        
Laura                ura                                                        

FIRST_NAME           SUBSTR(FIRST                                               
-------------------- ------------                                               
Harrison             rri                                                        
Alexis               exi                                                        
Anthony              tho                                                        
Gerald               ral                                                        
Nanette              net                                                        
John                 hn                                                         
Kelly                lly                                                        
Karen                ren                                                        
Curtis               rti                                                        
Lex                  x                                                          
Julia                lia                                                        

FIRST_NAME           SUBSTR(FIRST                                               
-------------------- ------------                                               
Jennifer             nni                                                        
Louise               uis                                                        
Bruce                uce                                                        
Alberto              ber                                                        
Britney              itn                                                        
Daniel               nie                                                        
Pat                  t                                                          
Kevin                vin                                                        
Jean                 an                                                         
Tayler               yle                                                        
Adam                 am                                                         

FIRST_NAME           SUBSTR(FIRST                                               
-------------------- ------------                                               
Timothy              mot                                                        
Ki                                                                              
Girard               rar                                                        
William              lli                                                        
Douglas              ugl                                                        
Kimberely            mbe                                                        
Nancy                ncy                                                        
Danielle             nie                                                        
Peter                ter                                                        
Michael              cha                                                        
Shelley              ell                                                        

FIRST_NAME           SUBSTR(FIRST                                               
-------------------- ------------                                               
Guy                  y                                                          
Alexander            exa                                                        
Alyssa               yss                                                        
Charles              arl                                                        
Vance                nce                                                        
Payam                yam                                                        
Alexander            exa                                                        
Janette              net                                                        
Steven               eve                                                        
Neena                ena                                                        
Sundita              ndi                                                        

FIRST_NAME           SUBSTR(FIRST                                               
-------------------- ------------                                               
Renske               nsk                                                        
James                mes                                                        
David                vid                                                        
Jack                 ck                                                         
Diana                ana                                                        
Jason                son                                                        
Steven               eve                                                        
James                mes                                                        
Mattea               tte                                                        
Randall              nda                                                        
Susan                san                                                        

FIRST_NAME           SUBSTR(FIRST                                               
-------------------- ------------                                               
Samuel               mue                                                        
Allan                lan                                                        
Irene                ene                                                        
Kevin                vin                                                        
Julia                lia                                                        
Donald               nal                                                        
Christopher          ris                                                        
TJ                                                                              
Lisa                 sa                                                         
Karen                ren                                                        
Valli                lli                                                        

FIRST_NAME           SUBSTR(FIRST                                               
-------------------- ------------                                               
Joshua               shu                                                        
Randall              nda                                                        
Hazel                zel                                                        
Luis                 is                                                         
Trenna               enn                                                        
Den                  n                                                          
Michael              cha                                                        
John                 hn                                                         
Nandita              ndi                                                        
Ismael               mae                                                        
John                 hn                                                         

FIRST_NAME           SUBSTR(FIRST                                               
-------------------- ------------                                               
Sarath               rat                                                        
Lindsey              nds                                                        
William              lli                                                        
Stephen              eph                                                        
Martha               rth                                                        
Patrick              tri                                                        
Jonathon             nat                                                        
Winston              nst                                                        
Sigal                gal                                                        
Peter                ter                                                        
Oliver               ive                                                        

FIRST_NAME           SUBSTR(FIRST                                               
-------------------- ------------                                               
Jose Manuel          se                                                         
Peter                ter                                                        
Clara                ara                                                        
Shanta               ant                                                        
Alana                ana                                                        
Matthew              tth                                                        
Jennifer             nni                                                        
Eleni                eni                                                        

107 rows selected.

SQL> select first_name,substr(first_name,3,1)  from employees;

FIRST_NAME           SUBS                                                       
-------------------- ----                                                       
Ellen                l                                                          
Sundar               n                                                          
Mozhe                z                                                          
David                v                                                          
Hermann              r                                                          
Shelli               e                                                          
Amit                 i                                                          
Elizabeth            i                                                          
Sarah                r                                                          
David                v                                                          
Laura                u                                                          

FIRST_NAME           SUBS                                                       
-------------------- ----                                                       
Harrison             r                                                          
Alexis               e                                                          
Anthony              t                                                          
Gerald               r                                                          
Nanette              n                                                          
John                 h                                                          
Kelly                l                                                          
Karen                r                                                          
Curtis               r                                                          
Lex                  x                                                          
Julia                l                                                          

FIRST_NAME           SUBS                                                       
-------------------- ----                                                       
Jennifer             n                                                          
Louise               u                                                          
Bruce                u                                                          
Alberto              b                                                          
Britney              i                                                          
Daniel               n                                                          
Pat                  t                                                          
Kevin                v                                                          
Jean                 a                                                          
Tayler               y                                                          
Adam                 a                                                          

FIRST_NAME           SUBS                                                       
-------------------- ----                                                       
Timothy              m                                                          
Ki                                                                              
Girard               r                                                          
William              l                                                          
Douglas              u                                                          
Kimberely            m                                                          
Nancy                n                                                          
Danielle             n                                                          
Peter                t                                                          
Michael              c                                                          
Shelley              e                                                          

FIRST_NAME           SUBS                                                       
-------------------- ----                                                       
Guy                  y                                                          
Alexander            e                                                          
Alyssa               y                                                          
Charles              a                                                          
Vance                n                                                          
Payam                y                                                          
Alexander            e                                                          
Janette              n                                                          
Steven               e                                                          
Neena                e                                                          
Sundita              n                                                          

FIRST_NAME           SUBS                                                       
-------------------- ----                                                       
Renske               n                                                          
James                m                                                          
David                v                                                          
Jack                 c                                                          
Diana                a                                                          
Jason                s                                                          
Steven               e                                                          
James                m                                                          
Mattea               t                                                          
Randall              n                                                          
Susan                s                                                          

FIRST_NAME           SUBS                                                       
-------------------- ----                                                       
Samuel               m                                                          
Allan                l                                                          
Irene                e                                                          
Kevin                v                                                          
Julia                l                                                          
Donald               n                                                          
Christopher          r                                                          
TJ                                                                              
Lisa                 s                                                          
Karen                r                                                          
Valli                l                                                          

FIRST_NAME           SUBS                                                       
-------------------- ----                                                       
Joshua               s                                                          
Randall              n                                                          
Hazel                z                                                          
Luis                 i                                                          
Trenna               e                                                          
Den                  n                                                          
Michael              c                                                          
John                 h                                                          
Nandita              n                                                          
Ismael               m                                                          
John                 h                                                          

FIRST_NAME           SUBS                                                       
-------------------- ----                                                       
Sarath               r                                                          
Lindsey              n                                                          
William              l                                                          
Stephen              e                                                          
Martha               r                                                          
Patrick              t                                                          
Jonathon             n                                                          
Winston              n                                                          
Sigal                g                                                          
Peter                t                                                          
Oliver               i                                                          

FIRST_NAME           SUBS                                                       
-------------------- ----                                                       
Jose Manuel          s                                                          
Peter                t                                                          
Clara                a                                                          
Shanta               a                                                          
Alana                a                                                          
Matthew              t                                                          
Jennifer             n                                                          
Eleni                e                                                          

107 rows selected.

SQL> select first_name,substr(first_name,6,1)  from employees;

FIRST_NAME           SUBS                                                       
-------------------- ----                                                       
Ellen                                                                           
Sundar               r                                                          
Mozhe                                                                           
David                                                                           
Hermann              n                                                          
Shelli               i                                                          
Amit                                                                            
Elizabeth            b                                                          
Sarah                                                                           
David                                                                           
Laura                                                                           

FIRST_NAME           SUBS                                                       
-------------------- ----                                                       
Harrison             s                                                          
Alexis               s                                                          
Anthony              n                                                          
Gerald               d                                                          
Nanette              t                                                          
John                                                                            
Kelly                                                                           
Karen                                                                           
Curtis               s                                                          
Lex                                                                             
Julia                                                                           

FIRST_NAME           SUBS                                                       
-------------------- ----                                                       
Jennifer             f                                                          
Louise               e                                                          
Bruce                                                                           
Alberto              t                                                          
Britney              e                                                          
Daniel               l                                                          
Pat                                                                             
Kevin                                                                           
Jean                                                                            
Tayler               r                                                          
Adam                                                                            

FIRST_NAME           SUBS                                                       
-------------------- ----                                                       
Timothy              h                                                          
Ki                                                                              
Girard               d                                                          
William              a                                                          
Douglas              a                                                          
Kimberely            r                                                          
Nancy                                                                           
Danielle             l                                                          
Peter                                                                           
Michael              e                                                          
Shelley              e                                                          

FIRST_NAME           SUBS                                                       
-------------------- ----                                                       
Guy                                                                             
Alexander            n                                                          
Alyssa               a                                                          
Charles              e                                                          
Vance                                                                           
Payam                                                                           
Alexander            n                                                          
Janette              t                                                          
Steven               n                                                          
Neena                                                                           
Sundita              t                                                          

FIRST_NAME           SUBS                                                       
-------------------- ----                                                       
Renske               e                                                          
James                                                                           
David                                                                           
Jack                                                                            
Diana                                                                           
Jason                                                                           
Steven               n                                                          
James                                                                           
Mattea               a                                                          
Randall              l                                                          
Susan                                                                           

FIRST_NAME           SUBS                                                       
-------------------- ----                                                       
Samuel               l                                                          
Allan                                                                           
Irene                                                                           
Kevin                                                                           
Julia                                                                           
Donald               d                                                          
Christopher          t                                                          
TJ                                                                              
Lisa                                                                            
Karen                                                                           
Valli                                                                           

FIRST_NAME           SUBS                                                       
-------------------- ----                                                       
Joshua               a                                                          
Randall              l                                                          
Hazel                                                                           
Luis                                                                            
Trenna               a                                                          
Den                                                                             
Michael              e                                                          
John                                                                            
Nandita              t                                                          
Ismael               l                                                          
John                                                                            

FIRST_NAME           SUBS                                                       
-------------------- ----                                                       
Sarath               h                                                          
Lindsey              e                                                          
William              a                                                          
Stephen              e                                                          
Martha               a                                                          
Patrick              c                                                          
Jonathon             h                                                          
Winston              o                                                          
Sigal                                                                           
Peter                                                                           
Oliver               r                                                          

FIRST_NAME           SUBS                                                       
-------------------- ----                                                       
Jose Manuel          M                                                          
Peter                                                                           
Clara                                                                           
Shanta               a                                                          
Alana                                                                           
Matthew              e                                                          
Jennifer             f                                                          
Eleni                                                                           

107 rows selected.

SQL> select first_name,substr(first_name,1,1)  from employees;

FIRST_NAME           SUBS                                                       
-------------------- ----                                                       
Ellen                E                                                          
Sundar               S                                                          
Mozhe                M                                                          
David                D                                                          
Hermann              H                                                          
Shelli               S                                                          
Amit                 A                                                          
Elizabeth            E                                                          
Sarah                S                                                          
David                D                                                          
Laura                L                                                          

FIRST_NAME           SUBS                                                       
-------------------- ----                                                       
Harrison             H                                                          
Alexis               A                                                          
Anthony              A                                                          
Gerald               G                                                          
Nanette              N                                                          
John                 J                                                          
Kelly                K                                                          
Karen                K                                                          
Curtis               C                                                          
Lex                  L                                                          
Julia                J                                                          

FIRST_NAME           SUBS                                                       
-------------------- ----                                                       
Jennifer             J                                                          
Louise               L                                                          
Bruce                B                                                          
Alberto              A                                                          
Britney              B                                                          
Daniel               D                                                          
Pat                  P                                                          
Kevin                K                                                          
Jean                 J                                                          
Tayler               T                                                          
Adam                 A                                                          

FIRST_NAME           SUBS                                                       
-------------------- ----                                                       
Timothy              T                                                          
Ki                   K                                                          
Girard               G                                                          
William              W                                                          
Douglas              D                                                          
Kimberely            K                                                          
Nancy                N                                                          
Danielle             D                                                          
Peter                P                                                          
Michael              M                                                          
Shelley              S                                                          

FIRST_NAME           SUBS                                                       
-------------------- ----                                                       
Guy                  G                                                          
Alexander            A                                                          
Alyssa               A                                                          
Charles              C                                                          
Vance                V                                                          
Payam                P                                                          
Alexander            A                                                          
Janette              J                                                          
Steven               S                                                          
Neena                N                                                          
Sundita              S                                                          

FIRST_NAME           SUBS                                                       
-------------------- ----                                                       
Renske               R                                                          
James                J                                                          
David                D                                                          
Jack                 J                                                          
Diana                D                                                          
Jason                J                                                          
Steven               S                                                          
James                J                                                          
Mattea               M                                                          
Randall              R                                                          
Susan                S                                                          

FIRST_NAME           SUBS                                                       
-------------------- ----                                                       
Samuel               S                                                          
Allan                A                                                          
Irene                I                                                          
Kevin                K                                                          
Julia                J                                                          
Donald               D                                                          
Christopher          C                                                          
TJ                   T                                                          
Lisa                 L                                                          
Karen                K                                                          
Valli                V                                                          

FIRST_NAME           SUBS                                                       
-------------------- ----                                                       
Joshua               J                                                          
Randall              R                                                          
Hazel                H                                                          
Luis                 L                                                          
Trenna               T                                                          
Den                  D                                                          
Michael              M                                                          
John                 J                                                          
Nandita              N                                                          
Ismael               I                                                          
John                 J                                                          

FIRST_NAME           SUBS                                                       
-------------------- ----                                                       
Sarath               S                                                          
Lindsey              L                                                          
William              W                                                          
Stephen              S                                                          
Martha               M                                                          
Patrick              P                                                          
Jonathon             J                                                          
Winston              W                                                          
Sigal                S                                                          
Peter                P                                                          
Oliver               O                                                          

FIRST_NAME           SUBS                                                       
-------------------- ----                                                       
Jose Manuel          J                                                          
Peter                P                                                          
Clara                C                                                          
Shanta               S                                                          
Alana                A                                                          
Matthew              M                                                          
Jennifer             J                                                          
Eleni                E                                                          

107 rows selected.

SQL> select first_name,substr(first_name,-1,1)  from employees;

FIRST_NAME           SUBS                                                       
-------------------- ----                                                       
Ellen                n                                                          
Sundar               r                                                          
Mozhe                e                                                          
David                d                                                          
Hermann              n                                                          
Shelli               i                                                          
Amit                 t                                                          
Elizabeth            h                                                          
Sarah                h                                                          
David                d                                                          
Laura                a                                                          

FIRST_NAME           SUBS                                                       
-------------------- ----                                                       
Harrison             n                                                          
Alexis               s                                                          
Anthony              y                                                          
Gerald               d                                                          
Nanette              e                                                          
John                 n                                                          
Kelly                y                                                          
Karen                n                                                          
Curtis               s                                                          
Lex                  x                                                          
Julia                a                                                          

FIRST_NAME           SUBS                                                       
-------------------- ----                                                       
Jennifer             r                                                          
Louise               e                                                          
Bruce                e                                                          
Alberto              o                                                          
Britney              y                                                          
Daniel               l                                                          
Pat                  t                                                          
Kevin                n                                                          
Jean                 n                                                          
Tayler               r                                                          
Adam                 m                                                          

FIRST_NAME           SUBS                                                       
-------------------- ----                                                       
Timothy              y                                                          
Ki                   i                                                          
Girard               d                                                          
William              m                                                          
Douglas              s                                                          
Kimberely            y                                                          
Nancy                y                                                          
Danielle             e                                                          
Peter                r                                                          
Michael              l                                                          
Shelley              y                                                          

FIRST_NAME           SUBS                                                       
-------------------- ----                                                       
Guy                  y                                                          
Alexander            r                                                          
Alyssa               a                                                          
Charles              s                                                          
Vance                e                                                          
Payam                m                                                          
Alexander            r                                                          
Janette              e                                                          
Steven               n                                                          
Neena                a                                                          
Sundita              a                                                          

FIRST_NAME           SUBS                                                       
-------------------- ----                                                       
Renske               e                                                          
James                s                                                          
David                d                                                          
Jack                 k                                                          
Diana                a                                                          
Jason                n                                                          
Steven               n                                                          
James                s                                                          
Mattea               a                                                          
Randall              l                                                          
Susan                n                                                          

FIRST_NAME           SUBS                                                       
-------------------- ----                                                       
Samuel               l                                                          
Allan                n                                                          
Irene                e                                                          
Kevin                n                                                          
Julia                a                                                          
Donald               d                                                          
Christopher          r                                                          
TJ                   J                                                          
Lisa                 a                                                          
Karen                n                                                          
Valli                i                                                          

FIRST_NAME           SUBS                                                       
-------------------- ----                                                       
Joshua               a                                                          
Randall              l                                                          
Hazel                l                                                          
Luis                 s                                                          
Trenna               a                                                          
Den                  n                                                          
Michael              l                                                          
John                 n                                                          
Nandita              a                                                          
Ismael               l                                                          
John                 n                                                          

FIRST_NAME           SUBS                                                       
-------------------- ----                                                       
Sarath               h                                                          
Lindsey              y                                                          
William              m                                                          
Stephen              n                                                          
Martha               a                                                          
Patrick              k                                                          
Jonathon             n                                                          
Winston              n                                                          
Sigal                l                                                          
Peter                r                                                          
Oliver               r                                                          

FIRST_NAME           SUBS                                                       
-------------------- ----                                                       
Jose Manuel          l                                                          
Peter                r                                                          
Clara                a                                                          
Shanta               a                                                          
Alana                a                                                          
Matthew              w                                                          
Jennifer             r                                                          
Eleni                i                                                          

107 rows selected.

SQL> select first_name,substr(first_name,-2,1)  from employees;

FIRST_NAME           SUBS                                                       
-------------------- ----                                                       
Ellen                e                                                          
Sundar               a                                                          
Mozhe                h                                                          
David                i                                                          
Hermann              n                                                          
Shelli               l                                                          
Amit                 i                                                          
Elizabeth            t                                                          
Sarah                a                                                          
David                i                                                          
Laura                r                                                          

FIRST_NAME           SUBS                                                       
-------------------- ----                                                       
Harrison             o                                                          
Alexis               i                                                          
Anthony              n                                                          
Gerald               l                                                          
Nanette              t                                                          
John                 h                                                          
Kelly                l                                                          
Karen                e                                                          
Curtis               i                                                          
Lex                  e                                                          
Julia                i                                                          

FIRST_NAME           SUBS                                                       
-------------------- ----                                                       
Jennifer             e                                                          
Louise               s                                                          
Bruce                c                                                          
Alberto              t                                                          
Britney              e                                                          
Daniel               e                                                          
Pat                  a                                                          
Kevin                i                                                          
Jean                 a                                                          
Tayler               e                                                          
Adam                 a                                                          

FIRST_NAME           SUBS                                                       
-------------------- ----                                                       
Timothy              h                                                          
Ki                   K                                                          
Girard               r                                                          
William              a                                                          
Douglas              a                                                          
Kimberely            l                                                          
Nancy                c                                                          
Danielle             l                                                          
Peter                e                                                          
Michael              e                                                          
Shelley              e                                                          

FIRST_NAME           SUBS                                                       
-------------------- ----                                                       
Guy                  u                                                          
Alexander            e                                                          
Alyssa               s                                                          
Charles              e                                                          
Vance                c                                                          
Payam                a                                                          
Alexander            e                                                          
Janette              t                                                          
Steven               e                                                          
Neena                n                                                          
Sundita              t                                                          

FIRST_NAME           SUBS                                                       
-------------------- ----                                                       
Renske               k                                                          
James                e                                                          
David                i                                                          
Jack                 c                                                          
Diana                n                                                          
Jason                o                                                          
Steven               e                                                          
James                e                                                          
Mattea               e                                                          
Randall              l                                                          
Susan                a                                                          

FIRST_NAME           SUBS                                                       
-------------------- ----                                                       
Samuel               e                                                          
Allan                a                                                          
Irene                n                                                          
Kevin                i                                                          
Julia                i                                                          
Donald               l                                                          
Christopher          e                                                          
TJ                   T                                                          
Lisa                 s                                                          
Karen                e                                                          
Valli                l                                                          

FIRST_NAME           SUBS                                                       
-------------------- ----                                                       
Joshua               u                                                          
Randall              l                                                          
Hazel                e                                                          
Luis                 i                                                          
Trenna               n                                                          
Den                  e                                                          
Michael              e                                                          
John                 h                                                          
Nandita              t                                                          
Ismael               e                                                          
John                 h                                                          

FIRST_NAME           SUBS                                                       
-------------------- ----                                                       
Sarath               t                                                          
Lindsey              e                                                          
William              a                                                          
Stephen              e                                                          
Martha               h                                                          
Patrick              c                                                          
Jonathon             o                                                          
Winston              o                                                          
Sigal                a                                                          
Peter                e                                                          
Oliver               e                                                          

FIRST_NAME           SUBS                                                       
-------------------- ----                                                       
Jose Manuel          e                                                          
Peter                e                                                          
Clara                r                                                          
Shanta               t                                                          
Alana                n                                                          
Matthew              e                                                          
Jennifer             e                                                          
Eleni                n                                                          

107 rows selected.

SQL> select first_name,substr(first_name,-2,2)  from employees;

FIRST_NAME           SUBSTR(F                                                   
-------------------- --------                                                   
Ellen                en                                                         
Sundar               ar                                                         
Mozhe                he                                                         
David                id                                                         
Hermann              nn                                                         
Shelli               li                                                         
Amit                 it                                                         
Elizabeth            th                                                         
Sarah                ah                                                         
David                id                                                         
Laura                ra                                                         

FIRST_NAME           SUBSTR(F                                                   
-------------------- --------                                                   
Harrison             on                                                         
Alexis               is                                                         
Anthony              ny                                                         
Gerald               ld                                                         
Nanette              te                                                         
John                 hn                                                         
Kelly                ly                                                         
Karen                en                                                         
Curtis               is                                                         
Lex                  ex                                                         
Julia                ia                                                         

FIRST_NAME           SUBSTR(F                                                   
-------------------- --------                                                   
Jennifer             er                                                         
Louise               se                                                         
Bruce                ce                                                         
Alberto              to                                                         
Britney              ey                                                         
Daniel               el                                                         
Pat                  at                                                         
Kevin                in                                                         
Jean                 an                                                         
Tayler               er                                                         
Adam                 am                                                         

FIRST_NAME           SUBSTR(F                                                   
-------------------- --------                                                   
Timothy              hy                                                         
Ki                   Ki                                                         
Girard               rd                                                         
William              am                                                         
Douglas              as                                                         
Kimberely            ly                                                         
Nancy                cy                                                         
Danielle             le                                                         
Peter                er                                                         
Michael              el                                                         
Shelley              ey                                                         

FIRST_NAME           SUBSTR(F                                                   
-------------------- --------                                                   
Guy                  uy                                                         
Alexander            er                                                         
Alyssa               sa                                                         
Charles              es                                                         
Vance                ce                                                         
Payam                am                                                         
Alexander            er                                                         
Janette              te                                                         
Steven               en                                                         
Neena                na                                                         
Sundita              ta                                                         

FIRST_NAME           SUBSTR(F                                                   
-------------------- --------                                                   
Renske               ke                                                         
James                es                                                         
David                id                                                         
Jack                 ck                                                         
Diana                na                                                         
Jason                on                                                         
Steven               en                                                         
James                es                                                         
Mattea               ea                                                         
Randall              ll                                                         
Susan                an                                                         

FIRST_NAME           SUBSTR(F                                                   
-------------------- --------                                                   
Samuel               el                                                         
Allan                an                                                         
Irene                ne                                                         
Kevin                in                                                         
Julia                ia                                                         
Donald               ld                                                         
Christopher          er                                                         
TJ                   TJ                                                         
Lisa                 sa                                                         
Karen                en                                                         
Valli                li                                                         

FIRST_NAME           SUBSTR(F                                                   
-------------------- --------                                                   
Joshua               ua                                                         
Randall              ll                                                         
Hazel                el                                                         
Luis                 is                                                         
Trenna               na                                                         
Den                  en                                                         
Michael              el                                                         
John                 hn                                                         
Nandita              ta                                                         
Ismael               el                                                         
John                 hn                                                         

FIRST_NAME           SUBSTR(F                                                   
-------------------- --------                                                   
Sarath               th                                                         
Lindsey              ey                                                         
William              am                                                         
Stephen              en                                                         
Martha               ha                                                         
Patrick              ck                                                         
Jonathon             on                                                         
Winston              on                                                         
Sigal                al                                                         
Peter                er                                                         
Oliver               er                                                         

FIRST_NAME           SUBSTR(F                                                   
-------------------- --------                                                   
Jose Manuel          el                                                         
Peter                er                                                         
Clara                ra                                                         
Shanta               ta                                                         
Alana                na                                                         
Matthew              ew                                                         
Jennifer             er                                                         
Eleni                ni                                                         

107 rows selected.

SQL> #last two characters
SP2-0734: unknown command beginning "last two c..." - rest of line ignored.
SQL> #last two characters;
SP2-0734: unknown command beginning "last two c..." - rest of line ignored.
SQL> #lasttwocharacters;
SP2-0734: unknown command beginning "lasttwocha..." - rest of line ignored.
SQL> # last two characters;
SP2-0734: unknown command beginning "last two c..." - rest of line ignored.
SP2-0044: For a list of known commands enter HELP
and to leave enter EXIT.
SQL> # last two characters
SP2-0734: unknown command beginning "last two c..." - rest of line ignored.
SQL> rem last two characters
SQL> select first_name,substr(first_name,-3,2)  from employees;

FIRST_NAME           SUBSTR(F                                                   
-------------------- --------                                                   
Ellen                le                                                         
Sundar               da                                                         
Mozhe                zh                                                         
David                vi                                                         
Hermann              an                                                         
Shelli               ll                                                         
Amit                 mi                                                         
Elizabeth            et                                                         
Sarah                ra                                                         
David                vi                                                         
Laura                ur                                                         

FIRST_NAME           SUBSTR(F                                                   
-------------------- --------                                                   
Harrison             so                                                         
Alexis               xi                                                         
Anthony              on                                                         
Gerald               al                                                         
Nanette              tt                                                         
John                 oh                                                         
Kelly                ll                                                         
Karen                re                                                         
Curtis               ti                                                         
Lex                  Le                                                         
Julia                li                                                         

FIRST_NAME           SUBSTR(F                                                   
-------------------- --------                                                   
Jennifer             fe                                                         
Louise               is                                                         
Bruce                uc                                                         
Alberto              rt                                                         
Britney              ne                                                         
Daniel               ie                                                         
Pat                  Pa                                                         
Kevin                vi                                                         
Jean                 ea                                                         
Tayler               le                                                         
Adam                 da                                                         

FIRST_NAME           SUBSTR(F                                                   
-------------------- --------                                                   
Timothy              th                                                         
Ki                                                                              
Girard               ar                                                         
William              ia                                                         
Douglas              la                                                         
Kimberely            el                                                         
Nancy                nc                                                         
Danielle             ll                                                         
Peter                te                                                         
Michael              ae                                                         
Shelley              le                                                         

FIRST_NAME           SUBSTR(F                                                   
-------------------- --------                                                   
Guy                  Gu                                                         
Alexander            de                                                         
Alyssa               ss                                                         
Charles              le                                                         
Vance                nc                                                         
Payam                ya                                                         
Alexander            de                                                         
Janette              tt                                                         
Steven               ve                                                         
Neena                en                                                         
Sundita              it                                                         

FIRST_NAME           SUBSTR(F                                                   
-------------------- --------                                                   
Renske               sk                                                         
James                me                                                         
David                vi                                                         
Jack                 ac                                                         
Diana                an                                                         
Jason                so                                                         
Steven               ve                                                         
James                me                                                         
Mattea               te                                                         
Randall              al                                                         
Susan                sa                                                         

FIRST_NAME           SUBSTR(F                                                   
-------------------- --------                                                   
Samuel               ue                                                         
Allan                la                                                         
Irene                en                                                         
Kevin                vi                                                         
Julia                li                                                         
Donald               al                                                         
Christopher          he                                                         
TJ                                                                              
Lisa                 is                                                         
Karen                re                                                         
Valli                ll                                                         

FIRST_NAME           SUBSTR(F                                                   
-------------------- --------                                                   
Joshua               hu                                                         
Randall              al                                                         
Hazel                ze                                                         
Luis                 ui                                                         
Trenna               nn                                                         
Den                  De                                                         
Michael              ae                                                         
John                 oh                                                         
Nandita              it                                                         
Ismael               ae                                                         
John                 oh                                                         

FIRST_NAME           SUBSTR(F                                                   
-------------------- --------                                                   
Sarath               at                                                         
Lindsey              se                                                         
William              ia                                                         
Stephen              he                                                         
Martha               th                                                         
Patrick              ic                                                         
Jonathon             ho                                                         
Winston              to                                                         
Sigal                ga                                                         
Peter                te                                                         
Oliver               ve                                                         

FIRST_NAME           SUBSTR(F                                                   
-------------------- --------                                                   
Jose Manuel          ue                                                         
Peter                te                                                         
Clara                ar                                                         
Shanta               nt                                                         
Alana                an                                                         
Matthew              he                                                         
Jennifer             fe                                                         
Eleni                en                                                         

107 rows selected.

SQL> select first_name,substr(first_name,'i')  from employees;
select first_name,substr(first_name,'i')  from employees
                                    *
ERROR at line 1:
ORA-01722: invalid number 


SQL> select first_name,substr(first_name,-1,'i')  from employees;
select first_name,substr(first_name,-1,'i')  from employees
                                       *
ERROR at line 1:
ORA-01722: invalid number 


SQL> select first_name,substr(first_name,-1,-1)  from employees;

FIRST_NAME           S                                                          
-------------------- -                                                          
Ellen                                                                           
Sundar                                                                          
Mozhe                                                                           
David                                                                           
Hermann                                                                         
Shelli                                                                          
Amit                                                                            
Elizabeth                                                                       
Sarah                                                                           
David                                                                           
Laura                                                                           

FIRST_NAME           S                                                          
-------------------- -                                                          
Harrison                                                                        
Alexis                                                                          
Anthony                                                                         
Gerald                                                                          
Nanette                                                                         
John                                                                            
Kelly                                                                           
Karen                                                                           
Curtis                                                                          
Lex                                                                             
Julia                                                                           

FIRST_NAME           S                                                          
-------------------- -                                                          
Jennifer                                                                        
Louise                                                                          
Bruce                                                                           
Alberto                                                                         
Britney                                                                         
Daniel                                                                          
Pat                                                                             
Kevin                                                                           
Jean                                                                            
Tayler                                                                          
Adam                                                                            

FIRST_NAME           S                                                          
-------------------- -                                                          
Timothy                                                                         
Ki                                                                              
Girard                                                                          
William                                                                         
Douglas                                                                         
Kimberely                                                                       
Nancy                                                                           
Danielle                                                                        
Peter                                                                           
Michael                                                                         
Shelley                                                                         

FIRST_NAME           S                                                          
-------------------- -                                                          
Guy                                                                             
Alexander                                                                       
Alyssa                                                                          
Charles                                                                         
Vance                                                                           
Payam                                                                           
Alexander                                                                       
Janette                                                                         
Steven                                                                          
Neena                                                                           
Sundita                                                                         

FIRST_NAME           S                                                          
-------------------- -                                                          
Renske                                                                          
James                                                                           
David                                                                           
Jack                                                                            
Diana                                                                           
Jason                                                                           
Steven                                                                          
James                                                                           
Mattea                                                                          
Randall                                                                         
Susan                                                                           

FIRST_NAME           S                                                          
-------------------- -                                                          
Samuel                                                                          
Allan                                                                           
Irene                                                                           
Kevin                                                                           
Julia                                                                           
Donald                                                                          
Christopher                                                                     
TJ                                                                              
Lisa                                                                            
Karen                                                                           
Valli                                                                           

FIRST_NAME           S                                                          
-------------------- -                                                          
Joshua                                                                          
Randall                                                                         
Hazel                                                                           
Luis                                                                            
Trenna                                                                          
Den                                                                             
Michael                                                                         
John                                                                            
Nandita                                                                         
Ismael                                                                          
John                                                                            

FIRST_NAME           S                                                          
-------------------- -                                                          
Sarath                                                                          
Lindsey                                                                         
William                                                                         
Stephen                                                                         
Martha                                                                          
Patrick                                                                         
Jonathon                                                                        
Winston                                                                         
Sigal                                                                           
Peter                                                                           
Oliver                                                                          

FIRST_NAME           S                                                          
-------------------- -                                                          
Jose Manuel                                                                     
Peter                                                                           
Clara                                                                           
Shanta                                                                          
Alana                                                                           
Matthew                                                                         
Jennifer                                                                        
Eleni                                                                           

107 rows selected.

SQL> select first_name,substr(first_name,-1,1)  from employees;

FIRST_NAME           SUBS                                                       
-------------------- ----                                                       
Ellen                n                                                          
Sundar               r                                                          
Mozhe                e                                                          
David                d                                                          
Hermann              n                                                          
Shelli               i                                                          
Amit                 t                                                          
Elizabeth            h                                                          
Sarah                h                                                          
David                d                                                          
Laura                a                                                          

FIRST_NAME           SUBS                                                       
-------------------- ----                                                       
Harrison             n                                                          
Alexis               s                                                          
Anthony              y                                                          
Gerald               d                                                          
Nanette              e                                                          
John                 n                                                          
Kelly                y                                                          
Karen                n                                                          
Curtis               s                                                          
Lex                  x                                                          
Julia                a                                                          

FIRST_NAME           SUBS                                                       
-------------------- ----                                                       
Jennifer             r                                                          
Louise               e                                                          
Bruce                e                                                          
Alberto              o                                                          
Britney              y                                                          
Daniel               l                                                          
Pat                  t                                                          
Kevin                n                                                          
Jean                 n                                                          
Tayler               r                                                          
Adam                 m                                                          

FIRST_NAME           SUBS                                                       
-------------------- ----                                                       
Timothy              y                                                          
Ki                   i                                                          
Girard               d                                                          
William              m                                                          
Douglas              s                                                          
Kimberely            y                                                          
Nancy                y                                                          
Danielle             e                                                          
Peter                r                                                          
Michael              l                                                          
Shelley              y                                                          

FIRST_NAME           SUBS                                                       
-------------------- ----                                                       
Guy                  y                                                          
Alexander            r                                                          
Alyssa               a                                                          
Charles              s                                                          
Vance                e                                                          
Payam                m                                                          
Alexander            r                                                          
Janette              e                                                          
Steven               n                                                          
Neena                a                                                          
Sundita              a                                                          

FIRST_NAME           SUBS                                                       
-------------------- ----                                                       
Renske               e                                                          
James                s                                                          
David                d                                                          
Jack                 k                                                          
Diana                a                                                          
Jason                n                                                          
Steven               n                                                          
James                s                                                          
Mattea               a                                                          
Randall              l                                                          
Susan                n                                                          

FIRST_NAME           SUBS                                                       
-------------------- ----                                                       
Samuel               l                                                          
Allan                n                                                          
Irene                e                                                          
Kevin                n                                                          
Julia                a                                                          
Donald               d                                                          
Christopher          r                                                          
TJ                   J                                                          
Lisa                 a                                                          
Karen                n                                                          
Valli                i                                                          

FIRST_NAME           SUBS                                                       
-------------------- ----                                                       
Joshua               a                                                          
Randall              l                                                          
Hazel                l                                                          
Luis                 s                                                          
Trenna               a                                                          
Den                  n                                                          
Michael              l                                                          
John                 n                                                          
Nandita              a                                                          
Ismael               l                                                          
John                 n                                                          

FIRST_NAME           SUBS                                                       
-------------------- ----                                                       
Sarath               h                                                          
Lindsey              y                                                          
William              m                                                          
Stephen              n                                                          
Martha               a                                                          
Patrick              k                                                          
Jonathon             n                                                          
Winston              n                                                          
Sigal                l                                                          
Peter                r                                                          
Oliver               r                                                          

FIRST_NAME           SUBS                                                       
-------------------- ----                                                       
Jose Manuel          l                                                          
Peter                r                                                          
Clara                a                                                          
Shanta               a                                                          
Alana                a                                                          
Matthew              w                                                          
Jennifer             r                                                          
Eleni                i                                                          

107 rows selected.

SQL> select first_name,substr(first_name,-1,1)  from employees where first_name='i';

no rows selected

SQL> select first_name,substr(first_name,-1,1)  from employees where substr(first_name,-1,1)='i';

FIRST_NAME           SUBS                                                       
-------------------- ----                                                       
Shelli               i                                                          
Ki                   i                                                          
Valli                i                                                          
Eleni                i                                                          

SQL> select first_name,substr(first_name,-1,1)='i'  from employees ;
select first_name,substr(first_name,-1,1)='i'  from employees 
                                         *
ERROR at line 1:
ORA-00923: FROM keyword not found where expected 


SQL> select first_name,substr(first_name,-1,1)  from employees where substr(first_name,-1,1)='i' ;

FIRST_NAME           SUBS                                                       
-------------------- ----                                                       
Shelli               i                                                          
Ki                   i                                                          
Valli                i                                                          
Eleni                i                                                          

SQL> select first_name,substr(first_name,-1,1) from employees like 'i';
select first_name,substr(first_name,-1,1) from employees like 'i'
                                                         *
ERROR at line 1:
ORA-00933: SQL command not properly ended 


SQL> select first_name,substr(first_name,-1,1) from employees like substr(first_name,-1,1)='i';
select first_name,substr(first_name,-1,1) from employees like substr(first_name,-1,1)='i'
                                                         *
ERROR at line 1:
ORA-00933: SQL command not properly ended 


SQL> select first_name,substr(first_name,-1,1) like 'i' from employees ;
select first_name,substr(first_name,-1,1) like 'i' from employees 
                                          *
ERROR at line 1:
ORA-00923: FROM keyword not found where expected 


SQL> select first_name from employees where substr(first_name,-1,1) like 'i';

FIRST_NAME                                                                      
--------------------                                                            
Shelli                                                                          
Ki                                                                              
Valli                                                                           
Eleni                                                                           

SQL> select first_name,substr(first_name,-1,1) from employees like substr(first_name,-1,1) like 'i';
select first_name,substr(first_name,-1,1) from employees like substr(first_name,-1,1) like 'i'
                                                         *
ERROR at line 1:
ORA-00933: SQL command not properly ended 


SQL> select first_name,substr(first_name,-1,1) from employees like substr(first_name,-1,1) like 'i';
select first_name,substr(first_name,-1,1) from employees like substr(first_name,-1,1) like 'i'
                                                         *
ERROR at line 1:
ORA-00933: SQL command not properly ended 


SQL> select first_name,substr(first_name,-1,1) from employees substr(first_name,-1,1) like 'i';
select first_name,substr(first_name,-1,1) from employees substr(first_name,-1,1) like 'i'
                                                               *
ERROR at line 1:
ORA-00933: SQL command not properly ended 


SQL> select first_name from employees where first_name like '%i';

FIRST_NAME                                                                      
--------------------                                                            
Shelli                                                                          
Ki                                                                              
Valli                                                                           
Eleni                                                                           

SQL> select first_name,substr(first_name,-1,1) like 'i' from employees ;
select first_name,substr(first_name,-1,1) like 'i' from employees 
                                          *
ERROR at line 1:
ORA-00923: FROM keyword not found where expected 


SQL> select first_name from employees where substr(first_name,-1,1) like 'i';

FIRST_NAME                                                                      
--------------------                                                            
Shelli                                                                          
Ki                                                                              
Valli                                                                           
Eleni                                                                           

SQL> select first_name, hire_date from employees;

FIRST_NAME           HIRE_DATE                                                  
-------------------- ---------                                                  
Steven               17-JUN-03                                                  
Neena                21-SEP-05                                                  
Lex                  13-JAN-01                                                  
Alexander            03-JAN-06                                                  
Bruce                21-MAY-07                                                  
David                25-JUN-05                                                  
Valli                05-FEB-06                                                  
Diana                07-FEB-07                                                  
Nancy                17-AUG-02                                                  
Daniel               16-AUG-02                                                  
John                 28-SEP-05                                                  

FIRST_NAME           HIRE_DATE                                                  
-------------------- ---------                                                  
Ismael               30-SEP-05                                                  
Jose Manuel          07-MAR-06                                                  
Luis                 07-DEC-07                                                  
Den                  07-DEC-02                                                  
Alexander            18-MAY-03                                                  
Shelli               24-DEC-05                                                  
Sigal                24-JUL-05                                                  
Guy                  15-NOV-06                                                  
Karen                10-AUG-07                                                  
Matthew              18-JUL-04                                                  
Adam                 10-APR-05                                                  

FIRST_NAME           HIRE_DATE                                                  
-------------------- ---------                                                  
Payam                01-MAY-03                                                  
Shanta               10-OCT-05                                                  
Kevin                16-NOV-07                                                  
Julia                16-JUL-05                                                  
Irene                28-SEP-06                                                  
James                14-JAN-07                                                  
Steven               08-MAR-08                                                  
Laura                20-AUG-05                                                  
Mozhe                30-OCT-05                                                  
James                16-FEB-05                                                  
TJ                   10-APR-07                                                  

FIRST_NAME           HIRE_DATE                                                  
-------------------- ---------                                                  
Jason                14-JUN-04                                                  
Michael              26-AUG-06                                                  
Ki                   12-DEC-07                                                  
Hazel                06-FEB-08                                                  
Renske               14-JUL-03                                                  
Stephen              26-OCT-05                                                  
John                 12-FEB-06                                                  
Joshua               06-APR-06                                                  
Trenna               17-OCT-03                                                  
Curtis               29-JAN-05                                                  
Randall              15-MAR-06                                                  

FIRST_NAME           HIRE_DATE                                                  
-------------------- ---------                                                  
Peter                09-JUL-06                                                  
John                 01-OCT-04                                                  
Karen                05-JAN-05                                                  
Alberto              10-MAR-05                                                  
Gerald               15-OCT-07                                                  
Eleni                29-JAN-08                                                  
Peter                30-JAN-05                                                  
David                24-MAR-05                                                  
Peter                20-AUG-05                                                  
Christopher          30-MAR-06                                                  
Nanette              09-DEC-06                                                  

FIRST_NAME           HIRE_DATE                                                  
-------------------- ---------                                                  
Oliver               23-NOV-07                                                  
Janette              30-JAN-04                                                  
Patrick              04-MAR-04                                                  
Allan                01-AUG-04                                                  
Lindsey              10-MAR-05                                                  
Louise               15-DEC-05                                                  
Sarath               03-NOV-06                                                  
Clara                11-NOV-05                                                  
Danielle             19-MAR-07                                                  
Mattea               24-JAN-08                                                  
David                23-FEB-08                                                  

FIRST_NAME           HIRE_DATE                                                  
-------------------- ---------                                                  
Sundar               24-MAR-08                                                  
Amit                 21-APR-08                                                  
Lisa                 11-MAR-05                                                  
Harrison             23-MAR-06                                                  
Tayler               24-JAN-06                                                  
William              23-FEB-07                                                  
Elizabeth            24-MAR-07                                                  
Sundita              21-APR-08                                                  
Ellen                11-MAY-04                                                  
Alyssa               19-MAR-05                                                  
Jonathon             24-MAR-06                                                  

FIRST_NAME           HIRE_DATE                                                  
-------------------- ---------                                                  
Jack                 23-APR-06                                                  
Kimberely            24-MAY-07                                                  
Charles              04-JAN-08                                                  
Winston              24-JAN-06                                                  
Jean                 23-FEB-06                                                  
Martha               21-JUN-07                                                  
Girard               03-FEB-08                                                  
Nandita              27-JAN-04                                                  
Alexis               20-FEB-05                                                  
Julia                24-JUN-06                                                  
Anthony              07-FEB-07                                                  

FIRST_NAME           HIRE_DATE                                                  
-------------------- ---------                                                  
Kelly                14-JUN-05                                                  
Jennifer             13-AUG-05                                                  
Timothy              11-JUL-06                                                  
Randall              19-DEC-07                                                  
Sarah                04-FEB-04                                                  
Britney              03-MAR-05                                                  
Samuel               01-JUL-06                                                  
Vance                17-MAR-07                                                  
Alana                24-APR-06                                                  
Kevin                23-MAY-06                                                  
Donald               21-JUN-07                                                  

FIRST_NAME           HIRE_DATE                                                  
-------------------- ---------                                                  
Douglas              13-JAN-08                                                  
Jennifer             17-SEP-03                                                  
Michael              17-FEB-04                                                  
Pat                  17-AUG-05                                                  
Susan                07-JUN-02                                                  
Hermann              07-JUN-02                                                  
Shelley              07-JUN-02                                                  
William              07-JUN-02                                                  

107 rows selected.

SQL> select first_name, hire_date from employees where substr(hire_data,-1,1)='JUN';
select first_name, hire_date from employees where substr(hire_data,-1,1)='JUN'
                                                         *
ERROR at line 1:
ORA-00904: "HIRE_DATA": invalid identifier 


SQL> select first_name, hire_date from employees where substr(hire_date,-1,1)='JUN';

no rows selected

SQL> select first_name, hire_date from employees where substr(hire_date,-1,3)='JUN';

no rows selected

SQL> select first_name, hire_date from employees where substr(hire_date,-3,3)='JUN';

no rows selected

SQL> select first_name, hire_date from employees where substr(hire_date,4,3)='JUN';

FIRST_NAME           HIRE_DATE                                                  
-------------------- ---------                                                  
Steven               17-JUN-03                                                  
David                25-JUN-05                                                  
Jason                14-JUN-04                                                  
Martha               21-JUN-07                                                  
Julia                24-JUN-06                                                  
Kelly                14-JUN-05                                                  
Donald               21-JUN-07                                                  
Susan                07-JUN-02                                                  
Hermann              07-JUN-02                                                  
Shelley              07-JUN-02                                                  
William              07-JUN-02                                                  

11 rows selected.

SQL> select first_name, hire_date from employees where substr(hire_date,-2,2)='02';

FIRST_NAME           HIRE_DATE                                                  
-------------------- ---------                                                  
Nancy                17-AUG-02                                                  
Daniel               16-AUG-02                                                  
Den                  07-DEC-02                                                  
Susan                07-JUN-02                                                  
Hermann              07-JUN-02                                                  
Shelley              07-JUN-02                                                  
William              07-JUN-02                                                  

7 rows selected.

SQL> select first_name, hire_date from employees where substr(hire_date,-2,2)='06';

FIRST_NAME           HIRE_DATE                                                  
-------------------- ---------                                                  
Alexander            03-JAN-06                                                  
Valli                05-FEB-06                                                  
Jose Manuel          07-MAR-06                                                  
Guy                  15-NOV-06                                                  
Irene                28-SEP-06                                                  
Michael              26-AUG-06                                                  
John                 12-FEB-06                                                  
Joshua               06-APR-06                                                  
Randall              15-MAR-06                                                  
Peter                09-JUL-06                                                  
Christopher          30-MAR-06                                                  

FIRST_NAME           HIRE_DATE                                                  
-------------------- ---------                                                  
Nanette              09-DEC-06                                                  
Sarath               03-NOV-06                                                  
Harrison             23-MAR-06                                                  
Tayler               24-JAN-06                                                  
Jonathon             24-MAR-06                                                  
Jack                 23-APR-06                                                  
Winston              24-JAN-06                                                  
Jean                 23-FEB-06                                                  
Julia                24-JUN-06                                                  
Timothy              11-JUL-06                                                  
Samuel               01-JUL-06                                                  

FIRST_NAME           HIRE_DATE                                                  
-------------------- ---------                                                  
Alana                24-APR-06                                                  
Kevin                23-MAY-06                                                  

24 rows selected.

SQL> select first_name, hire_date from employees where insubstr(hire_date,-2,2)='06';
select first_name, hire_date from employees where insubstr(hire_date,-2,2)='06'
                                                  *
ERROR at line 1:
ORA-00904: "INSUBSTR": invalid identifier 


SQL> select first_name, hire_date from employees where insubstr(first_name,-1,1)='i';
select first_name, hire_date from employees where insubstr(first_name,-1,1)='i'
                                                  *
ERROR at line 1:
ORA-00904: "INSUBSTR": invalid identifier 


SQL> select first_name from employees where instr(first_name,-1,1)='i';
select first_name from employees where instr(first_name,-1,1)='i'
                                                              *
ERROR at line 1:
ORA-01722: invalid number 


SQL> select first_name,instr(first_name,-1,1)='i' from employees;
select first_name,instr(first_name,-1,1)='i' from employees
                                        *
ERROR at line 1:
ORA-00923: FROM keyword not found where expected 


SQL> select first_name,instr(first_name,'i') from employees;

FIRST_NAME           INSTR(FIRST_NAME,'I')                                      
-------------------- ---------------------                                      
Ellen                                    0                                      
Sundar                                   0                                      
Mozhe                                    0                                      
David                                    4                                      
Hermann                                  0                                      
Shelli                                   6                                      
Amit                                     3                                      
Elizabeth                                3                                      
Sarah                                    0                                      
David                                    4                                      
Laura                                    0                                      

FIRST_NAME           INSTR(FIRST_NAME,'I')                                      
-------------------- ---------------------                                      
Harrison                                 5                                      
Alexis                                   5                                      
Anthony                                  0                                      
Gerald                                   0                                      
Nanette                                  0                                      
John                                     0                                      
Kelly                                    0                                      
Karen                                    0                                      
Curtis                                   5                                      
Lex                                      0                                      
Julia                                    4                                      

FIRST_NAME           INSTR(FIRST_NAME,'I')                                      
-------------------- ---------------------                                      
Jennifer                                 5                                      
Louise                                   4                                      
Bruce                                    0                                      
Alberto                                  0                                      
Britney                                  3                                      
Daniel                                   4                                      
Pat                                      0                                      
Kevin                                    4                                      
Jean                                     0                                      
Tayler                                   0                                      
Adam                                     0                                      

FIRST_NAME           INSTR(FIRST_NAME,'I')                                      
-------------------- ---------------------                                      
Timothy                                  2                                      
Ki                                       2                                      
Girard                                   2                                      
William                                  2                                      
Douglas                                  0                                      
Kimberely                                2                                      
Nancy                                    0                                      
Danielle                                 4                                      
Peter                                    0                                      
Michael                                  2                                      
Shelley                                  0                                      

FIRST_NAME           INSTR(FIRST_NAME,'I')                                      
-------------------- ---------------------                                      
Guy                                      0                                      
Alexander                                0                                      
Alyssa                                   0                                      
Charles                                  0                                      
Vance                                    0                                      
Payam                                    0                                      
Alexander                                0                                      
Janette                                  0                                      
Steven                                   0                                      
Neena                                    0                                      
Sundita                                  5                                      

FIRST_NAME           INSTR(FIRST_NAME,'I')                                      
-------------------- ---------------------                                      
Renske                                   0                                      
James                                    0                                      
David                                    4                                      
Jack                                     0                                      
Diana                                    2                                      
Jason                                    0                                      
Steven                                   0                                      
James                                    0                                      
Mattea                                   0                                      
Randall                                  0                                      
Susan                                    0                                      

FIRST_NAME           INSTR(FIRST_NAME,'I')                                      
-------------------- ---------------------                                      
Samuel                                   0                                      
Allan                                    0                                      
Irene                                    0                                      
Kevin                                    4                                      
Julia                                    4                                      
Donald                                   0                                      
Christopher                              4                                      
TJ                                       0                                      
Lisa                                     2                                      
Karen                                    0                                      
Valli                                    5                                      

FIRST_NAME           INSTR(FIRST_NAME,'I')                                      
-------------------- ---------------------                                      
Joshua                                   0                                      
Randall                                  0                                      
Hazel                                    0                                      
Luis                                     3                                      
Trenna                                   0                                      
Den                                      0                                      
Michael                                  2                                      
John                                     0                                      
Nandita                                  5                                      
Ismael                                   0                                      
John                                     0                                      

FIRST_NAME           INSTR(FIRST_NAME,'I')                                      
-------------------- ---------------------                                      
Sarath                                   0                                      
Lindsey                                  2                                      
William                                  2                                      
Stephen                                  0                                      
Martha                                   0                                      
Patrick                                  5                                      
Jonathon                                 0                                      
Winston                                  2                                      
Sigal                                    2                                      
Peter                                    0                                      
Oliver                                   3                                      

FIRST_NAME           INSTR(FIRST_NAME,'I')                                      
-------------------- ---------------------                                      
Jose Manuel                              0                                      
Peter                                    0                                      
Clara                                    0                                      
Shanta                                   0                                      
Alana                                    0                                      
Matthew                                  0                                      
Jennifer                                 5                                      
Eleni                                    5                                      

107 rows selected.

SQL> select first_name, len(first_name) from employees;
select first_name, len(first_name) from employees
                   *
ERROR at line 1:
ORA-00904: "LEN": invalid identifier 


SQL> select first_name, LEN(first_name) from employees;
select first_name, LEN(first_name) from employees
                   *
ERROR at line 1:
ORA-00904: "LEN": invalid identifier 


SQL> select first_name, length(first_name) from employees;

FIRST_NAME           LENGTH(FIRST_NAME)                                         
-------------------- ------------------                                         
Ellen                                 5                                         
Sundar                                6                                         
Mozhe                                 5                                         
David                                 5                                         
Hermann                               7                                         
Shelli                                6                                         
Amit                                  4                                         
Elizabeth                             9                                         
Sarah                                 5                                         
David                                 5                                         
Laura                                 5                                         

FIRST_NAME           LENGTH(FIRST_NAME)                                         
-------------------- ------------------                                         
Harrison                              8                                         
Alexis                                6                                         
Anthony                               7                                         
Gerald                                6                                         
Nanette                               7                                         
John                                  4                                         
Kelly                                 5                                         
Karen                                 5                                         
Curtis                                6                                         
Lex                                   3                                         
Julia                                 5                                         

FIRST_NAME           LENGTH(FIRST_NAME)                                         
-------------------- ------------------                                         
Jennifer                              8                                         
Louise                                6                                         
Bruce                                 5                                         
Alberto                               7                                         
Britney                               7                                         
Daniel                                6                                         
Pat                                   3                                         
Kevin                                 5                                         
Jean                                  4                                         
Tayler                                6                                         
Adam                                  4                                         

FIRST_NAME           LENGTH(FIRST_NAME)                                         
-------------------- ------------------                                         
Timothy                               7                                         
Ki                                    2                                         
Girard                                6                                         
William                               7                                         
Douglas                               7                                         
Kimberely                             9                                         
Nancy                                 5                                         
Danielle                              8                                         
Peter                                 5                                         
Michael                               7                                         
Shelley                               7                                         

FIRST_NAME           LENGTH(FIRST_NAME)                                         
-------------------- ------------------                                         
Guy                                   3                                         
Alexander                             9                                         
Alyssa                                6                                         
Charles                               7                                         
Vance                                 5                                         
Payam                                 5                                         
Alexander                             9                                         
Janette                               7                                         
Steven                                6                                         
Neena                                 5                                         
Sundita                               7                                         

FIRST_NAME           LENGTH(FIRST_NAME)                                         
-------------------- ------------------                                         
Renske                                6                                         
James                                 5                                         
David                                 5                                         
Jack                                  4                                         
Diana                                 5                                         
Jason                                 5                                         
Steven                                6                                         
James                                 5                                         
Mattea                                6                                         
Randall                               7                                         
Susan                                 5                                         

FIRST_NAME           LENGTH(FIRST_NAME)                                         
-------------------- ------------------                                         
Samuel                                6                                         
Allan                                 5                                         
Irene                                 5                                         
Kevin                                 5                                         
Julia                                 5                                         
Donald                                6                                         
Christopher                          11                                         
TJ                                    2                                         
Lisa                                  4                                         
Karen                                 5                                         
Valli                                 5                                         

FIRST_NAME           LENGTH(FIRST_NAME)                                         
-------------------- ------------------                                         
Joshua                                6                                         
Randall                               7                                         
Hazel                                 5                                         
Luis                                  4                                         
Trenna                                6                                         
Den                                   3                                         
Michael                               7                                         
John                                  4                                         
Nandita                               7                                         
Ismael                                6                                         
John                                  4                                         

FIRST_NAME           LENGTH(FIRST_NAME)                                         
-------------------- ------------------                                         
Sarath                                6                                         
Lindsey                               7                                         
William                               7                                         
Stephen                               7                                         
Martha                                6                                         
Patrick                               7                                         
Jonathon                              8                                         
Winston                               7                                         
Sigal                                 5                                         
Peter                                 5                                         
Oliver                                6                                         

FIRST_NAME           LENGTH(FIRST_NAME)                                         
-------------------- ------------------                                         
Jose Manuel                          11                                         
Peter                                 5                                         
Clara                                 5                                         
Shanta                                6                                         
Alana                                 5                                         
Matthew                               7                                         
Jennifer                              8                                         
Eleni                                 5                                         

107 rows selected.

SQL> select first_name, length(salary,4) from employees;
select first_name, length(salary,4) from employees
                   *
ERROR at line 1:
ORA-00909: invalid number of arguments 


SQL> select first_name, length(salary=4) from employees;
select first_name, length(salary=4) from employees
                                *
ERROR at line 1:
ORA-00907: missing right parenthesis 


SQL> select first_name, length(salary)=4  from employees;
select first_name, length(salary)=4  from employees
                                 *
ERROR at line 1:
ORA-00923: FROM keyword not found where expected 


SQL> select first_name, salary  from employees where lenght(salary)='4';
select first_name, salary  from employees where lenght(salary)='4'
                                                *
ERROR at line 1:
ORA-00904: "LENGHT": invalid identifier 


SQL> select first_name, salary  from employees where lenght(salary)=4
  2  select first_name, salary  from employees where lenght(salary)=4;
select first_name, salary  from employees where lenght(salary)=4
*
ERROR at line 2:
ORA-00933: SQL command not properly ended 


SQL> select first_name, salary  from employees where lenght(salary)=4;
select first_name, salary  from employees where lenght(salary)=4
                                                *
ERROR at line 1:
ORA-00904: "LENGHT": invalid identifier 


SQL> select first_name, salary  from employees where length(salary)=4;

FIRST_NAME               SALARY                                                 
-------------------- ----------                                                 
Alexander                  9000                                                 
Bruce                      6000                                                 
David                      4800                                                 
Valli                      4800                                                 
Diana                      4200                                                 
Daniel                     9000                                                 
John                       8200                                                 
Ismael                     7700                                                 
Jose Manuel                7800                                                 
Luis                       6900                                                 
Alexander                  3100                                                 

FIRST_NAME               SALARY                                                 
-------------------- ----------                                                 
Shelli                     2900                                                 
Sigal                      2800                                                 
Guy                        2600                                                 
Karen                      2500                                                 
Matthew                    8000                                                 
Adam                       8200                                                 
Payam                      7900                                                 
Shanta                     6500                                                 
Kevin                      5800                                                 
Julia                      3200                                                 
Irene                      2700                                                 

FIRST_NAME               SALARY                                                 
-------------------- ----------                                                 
James                      2400                                                 
Steven                     2200                                                 
Laura                      3300                                                 
Mozhe                      2800                                                 
James                      2500                                                 
TJ                         2100                                                 
Jason                      3300                                                 
Michael                    2900                                                 
Ki                         2400                                                 
Hazel                      2200                                                 
Renske                     3600                                                 

FIRST_NAME               SALARY                                                 
-------------------- ----------                                                 
Stephen                    3200                                                 
John                       2700                                                 
Joshua                     2500                                                 
Trenna                     3500                                                 
Curtis                     3100                                                 
Randall                    2600                                                 
Peter                      2500                                                 
David                      9500                                                 
Peter                      9000                                                 
Christopher                8000                                                 
Nanette                    7500                                                 

FIRST_NAME               SALARY                                                 
-------------------- ----------                                                 
Oliver                     7000                                                 
Patrick                    9500                                                 
Allan                      9000                                                 
Lindsey                    8000                                                 
Louise                     7500                                                 
Sarath                     7000                                                 
Danielle                   9500                                                 
Mattea                     7200                                                 
David                      6800                                                 
Sundar                     6400                                                 
Amit                       6200                                                 

FIRST_NAME               SALARY                                                 
-------------------- ----------                                                 
Tayler                     9600                                                 
William                    7400                                                 
Elizabeth                  7300                                                 
Sundita                    6100                                                 
Alyssa                     8800                                                 
Jonathon                   8600                                                 
Jack                       8400                                                 
Kimberely                  7000                                                 
Charles                    6200                                                 
Winston                    3200                                                 
Jean                       3100                                                 

FIRST_NAME               SALARY                                                 
-------------------- ----------                                                 
Martha                     2500                                                 
Girard                     2800                                                 
Nandita                    4200                                                 
Alexis                     4100                                                 
Julia                      3400                                                 
Anthony                    3000                                                 
Kelly                      3800                                                 
Jennifer                   3600                                                 
Timothy                    2900                                                 
Randall                    2500                                                 
Sarah                      4000                                                 

FIRST_NAME               SALARY                                                 
-------------------- ----------                                                 
Britney                    3900                                                 
Samuel                     3200                                                 
Vance                      2800                                                 
Alana                      3100                                                 
Kevin                      3000                                                 
Donald                     2600                                                 
Douglas                    2600                                                 
Jennifer                   4400                                                 
Pat                        6000                                                 
Susan                      6500                                                 
William                    8300                                                 

88 rows selected.

SQL> set autotrace on;
SP2-0618: Cannot find the Session Identifier.  Check PLUSTRACE role is enabled
SP2-0611: Error enabling STATISTICS report
SQL> select first_name, salary  from employees where length(salary)=4;

FIRST_NAME               SALARY                                                 
-------------------- ----------                                                 
Alexander                  9000                                                 
Bruce                      6000                                                 
David                      4800                                                 
Valli                      4800                                                 
Diana                      4200                                                 
Daniel                     9000                                                 
John                       8200                                                 
Ismael                     7700                                                 
Jose Manuel                7800                                                 
Luis                       6900                                                 
Alexander                  3100                                                 

FIRST_NAME               SALARY                                                 
-------------------- ----------                                                 
Shelli                     2900                                                 
Sigal                      2800                                                 
Guy                        2600                                                 
Karen                      2500                                                 
Matthew                    8000                                                 
Adam                       8200                                                 
Payam                      7900                                                 
Shanta                     6500                                                 
Kevin                      5800                                                 
Julia                      3200                                                 
Irene                      2700                                                 

FIRST_NAME               SALARY                                                 
-------------------- ----------                                                 
James                      2400                                                 
Steven                     2200                                                 
Laura                      3300                                                 
Mozhe                      2800                                                 
James                      2500                                                 
TJ                         2100                                                 
Jason                      3300                                                 
Michael                    2900                                                 
Ki                         2400                                                 
Hazel                      2200                                                 
Renske                     3600                                                 

FIRST_NAME               SALARY                                                 
-------------------- ----------                                                 
Stephen                    3200                                                 
John                       2700                                                 
Joshua                     2500                                                 
Trenna                     3500                                                 
Curtis                     3100                                                 
Randall                    2600                                                 
Peter                      2500                                                 
David                      9500                                                 
Peter                      9000                                                 
Christopher                8000                                                 
Nanette                    7500                                                 

FIRST_NAME               SALARY                                                 
-------------------- ----------                                                 
Oliver                     7000                                                 
Patrick                    9500                                                 
Allan                      9000                                                 
Lindsey                    8000                                                 
Louise                     7500                                                 
Sarath                     7000                                                 
Danielle                   9500                                                 
Mattea                     7200                                                 
David                      6800                                                 
Sundar                     6400                                                 
Amit                       6200                                                 

FIRST_NAME               SALARY                                                 
-------------------- ----------                                                 
Tayler                     9600                                                 
William                    7400                                                 
Elizabeth                  7300                                                 
Sundita                    6100                                                 
Alyssa                     8800                                                 
Jonathon                   8600                                                 
Jack                       8400                                                 
Kimberely                  7000                                                 
Charles                    6200                                                 
Winston                    3200                                                 
Jean                       3100                                                 

FIRST_NAME               SALARY                                                 
-------------------- ----------                                                 
Martha                     2500                                                 
Girard                     2800                                                 
Nandita                    4200                                                 
Alexis                     4100                                                 
Julia                      3400                                                 
Anthony                    3000                                                 
Kelly                      3800                                                 
Jennifer                   3600                                                 
Timothy                    2900                                                 
Randall                    2500                                                 
Sarah                      4000                                                 

FIRST_NAME               SALARY                                                 
-------------------- ----------                                                 
Britney                    3900                                                 
Samuel                     3200                                                 
Vance                      2800                                                 
Alana                      3100                                                 
Kevin                      3000                                                 
Donald                     2600                                                 
Douglas                    2600                                                 
Jennifer                   4400                                                 
Pat                        6000                                                 
Susan                      6500                                                 
William                    8300                                                 

88 rows selected.


Execution Plan
----------------------------------------------------------                      
Plan hash value: 1445457117                                                     
                                                                                
------------------------------------------------------------------------------- 
| Id  | Operation         | Name      | Rows  | Bytes | Cost (%CPU)| Time     | 
------------------------------------------------------------------------------- 
|   0 | SELECT STATEMENT  |           |     1 |    11 |     3   (0)| 00:00:01 | 
|*  1 |  TABLE ACCESS FULL| EMPLOYEES |     1 |    11 |     3   (0)| 00:00:01 | 
------------------------------------------------------------------------------- 
                                                                                
Predicate Information (identified by operation id):                             
---------------------------------------------------                             
                                                                                
   1 - filter(LENGTH(TO_CHAR("SALARY"))=4)                                      

SQL> rem concatenation
SQL> select concat(first_name,last_name)  from employees;

CONCAT(FIRST_NAME,LAST_NAME)                                                    
---------------------------------------------                                   
EllenAbel                                                                       
SundarAnde                                                                      
MozheAtkinson                                                                   
DavidAustin                                                                     
HermannBaer                                                                     
ShelliBaida                                                                     
AmitBanda                                                                       
ElizabethBates                                                                  
SarahBell                                                                       
DavidBernstein                                                                  
LauraBissot                                                                     

CONCAT(FIRST_NAME,LAST_NAME)                                                    
---------------------------------------------                                   
HarrisonBloom                                                                   
AlexisBull                                                                      
AnthonyCabrio                                                                   
GeraldCambrault                                                                 
NanetteCambrault                                                                
JohnChen                                                                        
KellyChung                                                                      
KarenColmenares                                                                 
CurtisDavies                                                                    
LexDe Haan                                                                      
JuliaDellinger                                                                  

CONCAT(FIRST_NAME,LAST_NAME)                                                    
---------------------------------------------                                   
JenniferDilly                                                                   
LouiseDoran                                                                     
BruceErnst                                                                      
AlbertoErrazuriz                                                                
BritneyEverett                                                                  
DanielFaviet                                                                    
PatFay                                                                          
KevinFeeney                                                                     
JeanFleaur                                                                      
TaylerFox                                                                       
AdamFripp                                                                       

CONCAT(FIRST_NAME,LAST_NAME)                                                    
---------------------------------------------                                   
TimothyGates                                                                    
KiGee                                                                           
GirardGeoni                                                                     
WilliamGietz                                                                    
DouglasGrant                                                                    
KimberelyGrant                                                                  
NancyGreenberg                                                                  
DanielleGreene                                                                  
PeterHall                                                                       
MichaelHartstein                                                                
ShelleyHiggins                                                                  

CONCAT(FIRST_NAME,LAST_NAME)                                                    
---------------------------------------------                                   
GuyHimuro                                                                       
AlexanderHunold                                                                 
AlyssaHutton                                                                    
CharlesJohnson                                                                  
VanceJones                                                                      
PayamKaufling                                                                   
AlexanderKhoo                                                                   
JanetteKing                                                                     
StevenKing                                                                      
NeenaKochhar                                                                    
SunditaKumar                                                                    

CONCAT(FIRST_NAME,LAST_NAME)                                                    
---------------------------------------------                                   
RenskeLadwig                                                                    
JamesLandry                                                                     
DavidLee                                                                        
JackLivingston                                                                  
DianaLorentz                                                                    
JasonMallin                                                                     
StevenMarkle                                                                    
JamesMarlow                                                                     
MatteaMarvins                                                                   
RandallMatos                                                                    
SusanMavris                                                                     

CONCAT(FIRST_NAME,LAST_NAME)                                                    
---------------------------------------------                                   
SamuelMcCain                                                                    
AllanMcEwen                                                                     
IreneMikkilineni                                                                
KevinMourgos                                                                    
JuliaNayer                                                                      
DonaldOConnell                                                                  
ChristopherOlsen                                                                
TJOlson                                                                         
LisaOzer                                                                        
KarenPartners                                                                   
ValliPataballa                                                                  

CONCAT(FIRST_NAME,LAST_NAME)                                                    
---------------------------------------------                                   
JoshuaPatel                                                                     
RandallPerkins                                                                  
HazelPhiltanker                                                                 
LuisPopp                                                                        
TrennaRajs                                                                      
DenRaphaely                                                                     
MichaelRogers                                                                   
JohnRussell                                                                     
NanditaSarchand                                                                 
IsmaelSciarra                                                                   
JohnSeo                                                                         

CONCAT(FIRST_NAME,LAST_NAME)                                                    
---------------------------------------------                                   
SarathSewall                                                                    
LindseySmith                                                                    
WilliamSmith                                                                    
StephenStiles                                                                   
MarthaSullivan                                                                  
PatrickSully                                                                    
JonathonTaylor                                                                  
WinstonTaylor                                                                   
SigalTobias                                                                     
PeterTucker                                                                     
OliverTuvault                                                                   

CONCAT(FIRST_NAME,LAST_NAME)                                                    
---------------------------------------------                                   
Jose ManuelUrman                                                                
PeterVargas                                                                     
ClaraVishney                                                                    
ShantaVollman                                                                   
AlanaWalsh                                                                      
MatthewWeiss                                                                    
JenniferWhalen                                                                  
EleniZlotkey                                                                    

107 rows selected.


Execution Plan
----------------------------------------------------------                      
Plan hash value: 2228653197                                                     
                                                                                
--------------------------------------------------------------------------------
| Id  | Operation        | Name        | Rows  | Bytes | Cost (%CPU)| Time     |
--------------------------------------------------------------------------------
|   0 | SELECT STATEMENT |             |   107 |  1605 |     1   (0)| 00:00:01 |
|   1 |  INDEX FULL SCAN | EMP_NAME_IX |   107 |  1605 |     1   (0)| 00:00:01 |
--------------------------------------------------------------------------------

SQL> select concat(first_name,' ',last_name)  from employees;
select concat(first_name,' ',last_name)  from employees
       *
ERROR at line 1:
ORA-00909: invalid number of arguments 


SQL> select concat(first_name, ,last_name)  from employees;
select concat(first_name, ,last_name)  from employees
                          *
ERROR at line 1:
ORA-00936: missing expression 


SQL> select concat(first_name,' '),last_name)  from employees;
select concat(first_name,' '),last_name)  from employees
                                       *
ERROR at line 1:
ORA-00923: FROM keyword not found where expected 


SQL> select concat(concat(first_name,' ')last_name)  from employees;
select concat(concat(first_name,' ')last_name)  from employees
       *
ERROR at line 1:
ORA-00909: invalid number of arguments 


SQL> select concat(concat(first_name,' '),last_name)  from employees;

CONCAT(CONCAT(FIRST_NAME,''),LAST_NAME)                                         
----------------------------------------------                                  
Ellen Abel                                                                      
Sundar Ande                                                                     
Mozhe Atkinson                                                                  
David Austin                                                                    
Hermann Baer                                                                    
Shelli Baida                                                                    
Amit Banda                                                                      
Elizabeth Bates                                                                 
Sarah Bell                                                                      
David Bernstein                                                                 
Laura Bissot                                                                    

CONCAT(CONCAT(FIRST_NAME,''),LAST_NAME)                                         
----------------------------------------------                                  
Harrison Bloom                                                                  
Alexis Bull                                                                     
Anthony Cabrio                                                                  
Gerald Cambrault                                                                
Nanette Cambrault                                                               
John Chen                                                                       
Kelly Chung                                                                     
Karen Colmenares                                                                
Curtis Davies                                                                   
Lex De Haan                                                                     
Julia Dellinger                                                                 

CONCAT(CONCAT(FIRST_NAME,''),LAST_NAME)                                         
----------------------------------------------                                  
Jennifer Dilly                                                                  
Louise Doran                                                                    
Bruce Ernst                                                                     
Alberto Errazuriz                                                               
Britney Everett                                                                 
Daniel Faviet                                                                   
Pat Fay                                                                         
Kevin Feeney                                                                    
Jean Fleaur                                                                     
Tayler Fox                                                                      
Adam Fripp                                                                      

CONCAT(CONCAT(FIRST_NAME,''),LAST_NAME)                                         
----------------------------------------------                                  
Timothy Gates                                                                   
Ki Gee                                                                          
Girard Geoni                                                                    
William Gietz                                                                   
Douglas Grant                                                                   
Kimberely Grant                                                                 
Nancy Greenberg                                                                 
Danielle Greene                                                                 
Peter Hall                                                                      
Michael Hartstein                                                               
Shelley Higgins                                                                 

CONCAT(CONCAT(FIRST_NAME,''),LAST_NAME)                                         
----------------------------------------------                                  
Guy Himuro                                                                      
Alexander Hunold                                                                
Alyssa Hutton                                                                   
Charles Johnson                                                                 
Vance Jones                                                                     
Payam Kaufling                                                                  
Alexander Khoo                                                                  
Janette King                                                                    
Steven King                                                                     
Neena Kochhar                                                                   
Sundita Kumar                                                                   

CONCAT(CONCAT(FIRST_NAME,''),LAST_NAME)                                         
----------------------------------------------                                  
Renske Ladwig                                                                   
James Landry                                                                    
David Lee                                                                       
Jack Livingston                                                                 
Diana Lorentz                                                                   
Jason Mallin                                                                    
Steven Markle                                                                   
James Marlow                                                                    
Mattea Marvins                                                                  
Randall Matos                                                                   
Susan Mavris                                                                    

CONCAT(CONCAT(FIRST_NAME,''),LAST_NAME)                                         
----------------------------------------------                                  
Samuel McCain                                                                   
Allan McEwen                                                                    
Irene Mikkilineni                                                               
Kevin Mourgos                                                                   
Julia Nayer                                                                     
Donald OConnell                                                                 
Christopher Olsen                                                               
TJ Olson                                                                        
Lisa Ozer                                                                       
Karen Partners                                                                  
Valli Pataballa                                                                 

CONCAT(CONCAT(FIRST_NAME,''),LAST_NAME)                                         
----------------------------------------------                                  
Joshua Patel                                                                    
Randall Perkins                                                                 
Hazel Philtanker                                                                
Luis Popp                                                                       
Trenna Rajs                                                                     
Den Raphaely                                                                    
Michael Rogers                                                                  
John Russell                                                                    
Nandita Sarchand                                                                
Ismael Sciarra                                                                  
John Seo                                                                        

CONCAT(CONCAT(FIRST_NAME,''),LAST_NAME)                                         
----------------------------------------------                                  
Sarath Sewall                                                                   
Lindsey Smith                                                                   
William Smith                                                                   
Stephen Stiles                                                                  
Martha Sullivan                                                                 
Patrick Sully                                                                   
Jonathon Taylor                                                                 
Winston Taylor                                                                  
Sigal Tobias                                                                    
Peter Tucker                                                                    
Oliver Tuvault                                                                  

CONCAT(CONCAT(FIRST_NAME,''),LAST_NAME)                                         
----------------------------------------------                                  
Jose Manuel Urman                                                               
Peter Vargas                                                                    
Clara Vishney                                                                   
Shanta Vollman                                                                  
Alana Walsh                                                                     
Matthew Weiss                                                                   
Jennifer Whalen                                                                 
Eleni Zlotkey                                                                   

107 rows selected.


Execution Plan
----------------------------------------------------------                      
Plan hash value: 2228653197                                                     
                                                                                
--------------------------------------------------------------------------------
| Id  | Operation        | Name        | Rows  | Bytes | Cost (%CPU)| Time     |
--------------------------------------------------------------------------------
|   0 | SELECT STATEMENT |             |   107 |  1605 |     1   (0)| 00:00:01 |
|   1 |  INDEX FULL SCAN | EMP_NAME_IX |   107 |  1605 |     1   (0)| 00:00:01 |
--------------------------------------------------------------------------------

SQL> select first_name replace(first_name,'a','o')  from employees;
select first_name replace(first_name,'a','o')  from employees
                         *
ERROR at line 1:
ORA-00923: FROM keyword not found where expected 


SQL> select first_name replace first_name,'a','o'  from employees;
select first_name replace first_name,'a','o'  from employees
                          *
ERROR at line 1:
ORA-00923: FROM keyword not found where expected 


SQL> select first_name replace(first_name,'a','o')  from employees;
select first_name replace(first_name,'a','o')  from employees
                         *
ERROR at line 1:
ORA-00923: FROM keyword not found where expected 


SQL> select first_name, replace(first_name,'a','o')  from employees;

FIRST_NAME           REPLACE(FIRST_NAME,'                                       
-------------------- --------------------                                       
Ellen                Ellen                                                      
Sundar               Sundor                                                     
Mozhe                Mozhe                                                      
David                Dovid                                                      
Hermann              Hermonn                                                    
Shelli               Shelli                                                     
Amit                 Amit                                                       
Elizabeth            Elizobeth                                                  
Sarah                Soroh                                                      
David                Dovid                                                      
Laura                Louro                                                      

FIRST_NAME           REPLACE(FIRST_NAME,'                                       
-------------------- --------------------                                       
Harrison             Horrison                                                   
Alexis               Alexis                                                     
Anthony              Anthony                                                    
Gerald               Gerold                                                     
Nanette              Nonette                                                    
John                 John                                                       
Kelly                Kelly                                                      
Karen                Koren                                                      
Curtis               Curtis                                                     
Lex                  Lex                                                        
Julia                Julio                                                      

FIRST_NAME           REPLACE(FIRST_NAME,'                                       
-------------------- --------------------                                       
Jennifer             Jennifer                                                   
Louise               Louise                                                     
Bruce                Bruce                                                      
Alberto              Alberto                                                    
Britney              Britney                                                    
Daniel               Doniel                                                     
Pat                  Pot                                                        
Kevin                Kevin                                                      
Jean                 Jeon                                                       
Tayler               Toyler                                                     
Adam                 Adom                                                       

FIRST_NAME           REPLACE(FIRST_NAME,'                                       
-------------------- --------------------                                       
Timothy              Timothy                                                    
Ki                   Ki                                                         
Girard               Girord                                                     
William              Williom                                                    
Douglas              Douglos                                                    
Kimberely            Kimberely                                                  
Nancy                Noncy                                                      
Danielle             Donielle                                                   
Peter                Peter                                                      
Michael              Michoel                                                    
Shelley              Shelley                                                    

FIRST_NAME           REPLACE(FIRST_NAME,'                                       
-------------------- --------------------                                       
Guy                  Guy                                                        
Alexander            Alexonder                                                  
Alyssa               Alysso                                                     
Charles              Chorles                                                    
Vance                Vonce                                                      
Payam                Poyom                                                      
Alexander            Alexonder                                                  
Janette              Jonette                                                    
Steven               Steven                                                     
Neena                Neeno                                                      
Sundita              Sundito                                                    

FIRST_NAME           REPLACE(FIRST_NAME,'                                       
-------------------- --------------------                                       
Renske               Renske                                                     
James                Jomes                                                      
David                Dovid                                                      
Jack                 Jock                                                       
Diana                Diono                                                      
Jason                Joson                                                      
Steven               Steven                                                     
James                Jomes                                                      
Mattea               Motteo                                                     
Randall              Rondoll                                                    
Susan                Suson                                                      

FIRST_NAME           REPLACE(FIRST_NAME,'                                       
-------------------- --------------------                                       
Samuel               Somuel                                                     
Allan                Allon                                                      
Irene                Irene                                                      
Kevin                Kevin                                                      
Julia                Julio                                                      
Donald               Donold                                                     
Christopher          Christopher                                                
TJ                   TJ                                                         
Lisa                 Liso                                                       
Karen                Koren                                                      
Valli                Volli                                                      

FIRST_NAME           REPLACE(FIRST_NAME,'                                       
-------------------- --------------------                                       
Joshua               Joshuo                                                     
Randall              Rondoll                                                    
Hazel                Hozel                                                      
Luis                 Luis                                                       
Trenna               Trenno                                                     
Den                  Den                                                        
Michael              Michoel                                                    
John                 John                                                       
Nandita              Nondito                                                    
Ismael               Ismoel                                                     
John                 John                                                       

FIRST_NAME           REPLACE(FIRST_NAME,'                                       
-------------------- --------------------                                       
Sarath               Soroth                                                     
Lindsey              Lindsey                                                    
William              Williom                                                    
Stephen              Stephen                                                    
Martha               Mortho                                                     
Patrick              Potrick                                                    
Jonathon             Jonothon                                                   
Winston              Winston                                                    
Sigal                Sigol                                                      
Peter                Peter                                                      
Oliver               Oliver                                                     

FIRST_NAME           REPLACE(FIRST_NAME,'                                       
-------------------- --------------------                                       
Jose Manuel          Jose Monuel                                                
Peter                Peter                                                      
Clara                Cloro                                                      
Shanta               Shonto                                                     
Alana                Alono                                                      
Matthew              Motthew                                                    
Jennifer             Jennifer                                                   
Eleni                Eleni                                                      

107 rows selected.


Execution Plan
----------------------------------------------------------                      
Plan hash value: 2228653197                                                     
                                                                                
--------------------------------------------------------------------------------
| Id  | Operation        | Name        | Rows  | Bytes | Cost (%CPU)| Time     |
--------------------------------------------------------------------------------
|   0 | SELECT STATEMENT |             |   107 |   749 |     1   (0)| 00:00:01 |
|   1 |  INDEX FULL SCAN | EMP_NAME_IX |   107 |   749 |     1   (0)| 00:00:01 |
--------------------------------------------------------------------------------

SQL> select first_name, replace(replace(first_name,'A'),'o')  from employees;

FIRST_NAME           REPLACE(REPLACE(FIRS                                       
-------------------- --------------------                                       
Ellen                Ellen                                                      
Sundar               Sundar                                                     
Mozhe                Mzhe                                                       
David                David                                                      
Hermann              Hermann                                                    
Shelli               Shelli                                                     
Amit                 mit                                                        
Elizabeth            Elizabeth                                                  
Sarah                Sarah                                                      
David                David                                                      
Laura                Laura                                                      

FIRST_NAME           REPLACE(REPLACE(FIRS                                       
-------------------- --------------------                                       
Harrison             Harrisn                                                    
Alexis               lexis                                                      
Anthony              nthny                                                      
Gerald               Gerald                                                     
Nanette              Nanette                                                    
John                 Jhn                                                        
Kelly                Kelly                                                      
Karen                Karen                                                      
Curtis               Curtis                                                     
Lex                  Lex                                                        
Julia                Julia                                                      

FIRST_NAME           REPLACE(REPLACE(FIRS                                       
-------------------- --------------------                                       
Jennifer             Jennifer                                                   
Louise               Luise                                                      
Bruce                Bruce                                                      
Alberto              lbert                                                      
Britney              Britney                                                    
Daniel               Daniel                                                     
Pat                  Pat                                                        
Kevin                Kevin                                                      
Jean                 Jean                                                       
Tayler               Tayler                                                     
Adam                 dam                                                        

FIRST_NAME           REPLACE(REPLACE(FIRS                                       
-------------------- --------------------                                       
Timothy              Timthy                                                     
Ki                   Ki                                                         
Girard               Girard                                                     
William              William                                                    
Douglas              Duglas                                                     
Kimberely            Kimberely                                                  
Nancy                Nancy                                                      
Danielle             Danielle                                                   
Peter                Peter                                                      
Michael              Michael                                                    
Shelley              Shelley                                                    

FIRST_NAME           REPLACE(REPLACE(FIRS                                       
-------------------- --------------------                                       
Guy                  Guy                                                        
Alexander            lexander                                                   
Alyssa               lyssa                                                      
Charles              Charles                                                    
Vance                Vance                                                      
Payam                Payam                                                      
Alexander            lexander                                                   
Janette              Janette                                                    
Steven               Steven                                                     
Neena                Neena                                                      
Sundita              Sundita                                                    

FIRST_NAME           REPLACE(REPLACE(FIRS                                       
-------------------- --------------------                                       
Renske               Renske                                                     
James                James                                                      
David                David                                                      
Jack                 Jack                                                       
Diana                Diana                                                      
Jason                Jasn                                                       
Steven               Steven                                                     
James                James                                                      
Mattea               Mattea                                                     
Randall              Randall                                                    
Susan                Susan                                                      

FIRST_NAME           REPLACE(REPLACE(FIRS                                       
-------------------- --------------------                                       
Samuel               Samuel                                                     
Allan                llan                                                       
Irene                Irene                                                      
Kevin                Kevin                                                      
Julia                Julia                                                      
Donald               Dnald                                                      
Christopher          Christpher                                                 
TJ                   TJ                                                         
Lisa                 Lisa                                                       
Karen                Karen                                                      
Valli                Valli                                                      

FIRST_NAME           REPLACE(REPLACE(FIRS                                       
-------------------- --------------------                                       
Joshua               Jshua                                                      
Randall              Randall                                                    
Hazel                Hazel                                                      
Luis                 Luis                                                       
Trenna               Trenna                                                     
Den                  Den                                                        
Michael              Michael                                                    
John                 Jhn                                                        
Nandita              Nandita                                                    
Ismael               Ismael                                                     
John                 Jhn                                                        

FIRST_NAME           REPLACE(REPLACE(FIRS                                       
-------------------- --------------------                                       
Sarath               Sarath                                                     
Lindsey              Lindsey                                                    
William              William                                                    
Stephen              Stephen                                                    
Martha               Martha                                                     
Patrick              Patrick                                                    
Jonathon             Jnathn                                                     
Winston              Winstn                                                     
Sigal                Sigal                                                      
Peter                Peter                                                      
Oliver               Oliver                                                     

FIRST_NAME           REPLACE(REPLACE(FIRS                                       
-------------------- --------------------                                       
Jose Manuel          Jse Manuel                                                 
Peter                Peter                                                      
Clara                Clara                                                      
Shanta               Shanta                                                     
Alana                lana                                                       
Matthew              Matthew                                                    
Jennifer             Jennifer                                                   
Eleni                Eleni                                                      

107 rows selected.


Execution Plan
----------------------------------------------------------                      
Plan hash value: 2228653197                                                     
                                                                                
--------------------------------------------------------------------------------
| Id  | Operation        | Name        | Rows  | Bytes | Cost (%CPU)| Time     |
--------------------------------------------------------------------------------
|   0 | SELECT STATEMENT |             |   107 |   749 |     1   (0)| 00:00:01 |
|   1 |  INDEX FULL SCAN | EMP_NAME_IX |   107 |   749 |     1   (0)| 00:00:01 |
--------------------------------------------------------------------------------

SQL> select salary, rpad(salary,*)  from employees;
select salary, rpad(salary,*)  from employees
                           *
ERROR at line 1:
ORA-00936: missing expression 


SQL> select salary, lpad(salary,10,'*')  from employees;

    SALARY LPAD(SALARY,10,'*')                                                  
---------- ----------------------------------------                             
     24000 *****24000                                                           
     17000 *****17000                                                           
     17000 *****17000                                                           
      9000 ******9000                                                           
      6000 ******6000                                                           
      4800 ******4800                                                           
      4800 ******4800                                                           
      4200 ******4200                                                           
     12008 *****12008                                                           
      9000 ******9000                                                           
      8200 ******8200                                                           

    SALARY LPAD(SALARY,10,'*')                                                  
---------- ----------------------------------------                             
      7700 ******7700                                                           
      7800 ******7800                                                           
      6900 ******6900                                                           
     11000 *****11000                                                           
      3100 ******3100                                                           
      2900 ******2900                                                           
      2800 ******2800                                                           
      2600 ******2600                                                           
      2500 ******2500                                                           
      8000 ******8000                                                           
      8200 ******8200                                                           

    SALARY LPAD(SALARY,10,'*')                                                  
---------- ----------------------------------------                             
      7900 ******7900                                                           
      6500 ******6500                                                           
      5800 ******5800                                                           
      3200 ******3200                                                           
      2700 ******2700                                                           
      2400 ******2400                                                           
      2200 ******2200                                                           
      3300 ******3300                                                           
      2800 ******2800                                                           
      2500 ******2500                                                           
      2100 ******2100                                                           

    SALARY LPAD(SALARY,10,'*')                                                  
---------- ----------------------------------------                             
      3300 ******3300                                                           
      2900 ******2900                                                           
      2400 ******2400                                                           
      2200 ******2200                                                           
      3600 ******3600                                                           
      3200 ******3200                                                           
      2700 ******2700                                                           
      2500 ******2500                                                           
      3500 ******3500                                                           
      3100 ******3100                                                           
      2600 ******2600                                                           

    SALARY LPAD(SALARY,10,'*')                                                  
---------- ----------------------------------------                             
      2500 ******2500                                                           
     14000 *****14000                                                           
     13500 *****13500                                                           
     12000 *****12000                                                           
     11000 *****11000                                                           
     10500 *****10500                                                           
     10000 *****10000                                                           
      9500 ******9500                                                           
      9000 ******9000                                                           
      8000 ******8000                                                           
      7500 ******7500                                                           

    SALARY LPAD(SALARY,10,'*')                                                  
---------- ----------------------------------------                             
      7000 ******7000                                                           
     10000 *****10000                                                           
      9500 ******9500                                                           
      9000 ******9000                                                           
      8000 ******8000                                                           
      7500 ******7500                                                           
      7000 ******7000                                                           
     10500 *****10500                                                           
      9500 ******9500                                                           
      7200 ******7200                                                           
      6800 ******6800                                                           

    SALARY LPAD(SALARY,10,'*')                                                  
---------- ----------------------------------------                             
      6400 ******6400                                                           
      6200 ******6200                                                           
     11500 *****11500                                                           
     10000 *****10000                                                           
      9600 ******9600                                                           
      7400 ******7400                                                           
      7300 ******7300                                                           
      6100 ******6100                                                           
     11000 *****11000                                                           
      8800 ******8800                                                           
      8600 ******8600                                                           

    SALARY LPAD(SALARY,10,'*')                                                  
---------- ----------------------------------------                             
      8400 ******8400                                                           
      7000 ******7000                                                           
      6200 ******6200                                                           
      3200 ******3200                                                           
      3100 ******3100                                                           
      2500 ******2500                                                           
      2800 ******2800                                                           
      4200 ******4200                                                           
      4100 ******4100                                                           
      3400 ******3400                                                           
      3000 ******3000                                                           

    SALARY LPAD(SALARY,10,'*')                                                  
---------- ----------------------------------------                             
      3800 ******3800                                                           
      3600 ******3600                                                           
      2900 ******2900                                                           
      2500 ******2500                                                           
      4000 ******4000                                                           
      3900 ******3900                                                           
      3200 ******3200                                                           
      2800 ******2800                                                           
      3100 ******3100                                                           
      3000 ******3000                                                           
      2600 ******2600                                                           

    SALARY LPAD(SALARY,10,'*')                                                  
---------- ----------------------------------------                             
      2600 ******2600                                                           
      4400 ******4400                                                           
     13000 *****13000                                                           
      6000 ******6000                                                           
      6500 ******6500                                                           
     10000 *****10000                                                           
     12008 *****12008                                                           
      8300 ******8300                                                           

107 rows selected.


Execution Plan
----------------------------------------------------------                      
Plan hash value: 1445457117                                                     
                                                                                
------------------------------------------------------------------------------- 
| Id  | Operation         | Name      | Rows  | Bytes | Cost (%CPU)| Time     | 
------------------------------------------------------------------------------- 
|   0 | SELECT STATEMENT  |           |   107 |   428 |     3   (0)| 00:00:01 | 
|   1 |  TABLE ACCESS FULL| EMPLOYEES |   107 |   428 |     3   (0)| 00:00:01 | 
------------------------------------------------------------------------------- 

SQL> select salary, rpad(salary,10,'*')  from employees;

    SALARY RPAD(SALARY,10,'*')                                                  
---------- ----------------------------------------                             
     24000 24000*****                                                           
     17000 17000*****                                                           
     17000 17000*****                                                           
      9000 9000******                                                           
      6000 6000******                                                           
      4800 4800******                                                           
      4800 4800******                                                           
      4200 4200******                                                           
     12008 12008*****                                                           
      9000 9000******                                                           
      8200 8200******                                                           

    SALARY RPAD(SALARY,10,'*')                                                  
---------- ----------------------------------------                             
      7700 7700******                                                           
      7800 7800******                                                           
      6900 6900******                                                           
     11000 11000*****                                                           
      3100 3100******                                                           
      2900 2900******                                                           
      2800 2800******                                                           
      2600 2600******                                                           
      2500 2500******                                                           
      8000 8000******                                                           
      8200 8200******                                                           

    SALARY RPAD(SALARY,10,'*')                                                  
---------- ----------------------------------------                             
      7900 7900******                                                           
      6500 6500******                                                           
      5800 5800******                                                           
      3200 3200******                                                           
      2700 2700******                                                           
      2400 2400******                                                           
      2200 2200******                                                           
      3300 3300******                                                           
      2800 2800******                                                           
      2500 2500******                                                           
      2100 2100******                                                           

    SALARY RPAD(SALARY,10,'*')                                                  
---------- ----------------------------------------                             
      3300 3300******                                                           
      2900 2900******                                                           
      2400 2400******                                                           
      2200 2200******                                                           
      3600 3600******                                                           
      3200 3200******                                                           
      2700 2700******                                                           
      2500 2500******                                                           
      3500 3500******                                                           
      3100 3100******                                                           
      2600 2600******                                                           

    SALARY RPAD(SALARY,10,'*')                                                  
---------- ----------------------------------------                             
      2500 2500******                                                           
     14000 14000*****                                                           
     13500 13500*****                                                           
     12000 12000*****                                                           
     11000 11000*****                                                           
     10500 10500*****                                                           
     10000 10000*****                                                           
      9500 9500******                                                           
      9000 9000******                                                           
      8000 8000******                                                           
      7500 7500******                                                           

    SALARY RPAD(SALARY,10,'*')                                                  
---------- ----------------------------------------                             
      7000 7000******                                                           
     10000 10000*****                                                           
      9500 9500******                                                           
      9000 9000******                                                           
      8000 8000******                                                           
      7500 7500******                                                           
      7000 7000******                                                           
     10500 10500*****                                                           
      9500 9500******                                                           
      7200 7200******                                                           
      6800 6800******                                                           

    SALARY RPAD(SALARY,10,'*')                                                  
---------- ----------------------------------------                             
      6400 6400******                                                           
      6200 6200******                                                           
     11500 11500*****                                                           
     10000 10000*****                                                           
      9600 9600******                                                           
      7400 7400******                                                           
      7300 7300******                                                           
      6100 6100******                                                           
     11000 11000*****                                                           
      8800 8800******                                                           
      8600 8600******                                                           

    SALARY RPAD(SALARY,10,'*')                                                  
---------- ----------------------------------------                             
      8400 8400******                                                           
      7000 7000******                                                           
      6200 6200******                                                           
      3200 3200******                                                           
      3100 3100******                                                           
      2500 2500******                                                           
      2800 2800******                                                           
      4200 4200******                                                           
      4100 4100******                                                           
      3400 3400******                                                           
      3000 3000******                                                           

    SALARY RPAD(SALARY,10,'*')                                                  
---------- ----------------------------------------                             
      3800 3800******                                                           
      3600 3600******                                                           
      2900 2900******                                                           
      2500 2500******                                                           
      4000 4000******                                                           
      3900 3900******                                                           
      3200 3200******                                                           
      2800 2800******                                                           
      3100 3100******                                                           
      3000 3000******                                                           
      2600 2600******                                                           

    SALARY RPAD(SALARY,10,'*')                                                  
---------- ----------------------------------------                             
      2600 2600******                                                           
      4400 4400******                                                           
     13000 13000*****                                                           
      6000 6000******                                                           
      6500 6500******                                                           
     10000 10000*****                                                           
     12008 12008*****                                                           
      8300 8300******                                                           

107 rows selected.


Execution Plan
----------------------------------------------------------                      
Plan hash value: 1445457117                                                     
                                                                                
------------------------------------------------------------------------------- 
| Id  | Operation         | Name      | Rows  | Bytes | Cost (%CPU)| Time     | 
------------------------------------------------------------------------------- 
|   0 | SELECT STATEMENT  |           |   107 |   428 |     3   (0)| 00:00:01 | 
|   1 |  TABLE ACCESS FULL| EMPLOYEES |   107 |   428 |     3   (0)| 00:00:01 | 
------------------------------------------------------------------------------- 

SQL> select trim('a','akarshila','a') from dual;
select trim('a','akarshila','a') from dual
               *
ERROR at line 1:
ORA-00907: missing right parenthesis 


SQL> select trim('a'from 'akarshila' 'a') from dual;
select trim('a'from 'akarshila' 'a') from dual
                                *
ERROR at line 1:
ORA-00907: missing right parenthesis 


SQL> select trim('a'from 'akarshila') from dual;

TRIM('A                                                                         
-------                                                                         
karshil                                                                         


Execution Plan
----------------------------------------------------------                      
Plan hash value: 1388734953                                                     
                                                                                
-----------------------------------------------------------------               
| Id  | Operation        | Name | Rows  | Cost (%CPU)| Time     |               
-----------------------------------------------------------------               
|   0 | SELECT STATEMENT |      |     1 |     2   (0)| 00:00:01 |               
|   1 |  FAST DUAL       |      |     1 |     2   (0)| 00:00:01 |               
-----------------------------------------------------------------               

SQL> select trim(trim('a')from 'akarshila') from dual;

TRIM(TR                                                                         
-------                                                                         
karshil                                                                         


Execution Plan
----------------------------------------------------------                      
Plan hash value: 1388734953                                                     
                                                                                
-----------------------------------------------------------------               
| Id  | Operation        | Name | Rows  | Cost (%CPU)| Time     |               
-----------------------------------------------------------------               
|   0 | SELECT STATEMENT |      |     1 |     2   (0)| 00:00:01 |               
|   1 |  FAST DUAL       |      |     1 |     2   (0)| 00:00:01 |               
-----------------------------------------------------------------               

SQL> select ltrim( 'akarshila','a') from dual;

LTRIM('A                                                                        
--------                                                                        
karshila                                                                        


Execution Plan
----------------------------------------------------------                      
Plan hash value: 1388734953                                                     
                                                                                
-----------------------------------------------------------------               
| Id  | Operation        | Name | Rows  | Cost (%CPU)| Time     |               
-----------------------------------------------------------------               
|   0 | SELECT STATEMENT |      |     1 |     2   (0)| 00:00:01 |               
|   1 |  FAST DUAL       |      |     1 |     2   (0)| 00:00:01 |               
-----------------------------------------------------------------               

SQL> select rtrim( 'akarshila','a') from dual;

RTRIM('A                                                                        
--------                                                                        
akarshil                                                                        


Execution Plan
----------------------------------------------------------                      
Plan hash value: 1388734953                                                     
                                                                                
-----------------------------------------------------------------               
| Id  | Operation        | Name | Rows  | Cost (%CPU)| Time     |               
-----------------------------------------------------------------               
|   0 | SELECT STATEMENT |      |     1 |     2   (0)| 00:00:01 |               
|   1 |  FAST DUAL       |      |     1 |     2   (0)| 00:00:01 |               
-----------------------------------------------------------------               

SQL> select replace('oracle','o','mi')from dual;

REPLACE                                                                         
-------                                                                         
miracle                                                                         


Execution Plan
----------------------------------------------------------                      
Plan hash value: 1388734953                                                     
                                                                                
-----------------------------------------------------------------               
| Id  | Operation        | Name | Rows  | Cost (%CPU)| Time     |               
-----------------------------------------------------------------               
|   0 | SELECT STATEMENT |      |     1 |     2   (0)| 00:00:01 |               
|   1 |  FAST DUAL       |      |     1 |     2   (0)| 00:00:01 |               
-----------------------------------------------------------------               

SQL> SPOOL OFF
