SQL> rem GROUP BY
SQL> select department_id,count(*) from employees group by department_id;

DEPARTMENT_ID   COUNT(*)                                                        
------------- ----------                                                        
          100          6                                                        
           30          6                                                        
                       1                                                        
           90          3                                                        
           20          2                                                        
           70          1                                                        
          110          2                                                        
           50         45                                                        
           80         34                                                        
           40          1                                                        
           60          5                                                        

DEPARTMENT_ID   COUNT(*)                                                        
------------- ----------                                                        
           10          1                                                        

12 rows selected.

SQL> select department_id,count(*) from employees;
select department_id,count(*) from employees
       *
ERROR at line 1:
ORA-00937: not a single-group group function 


SQL> select department_id,count(*) from e;
select department_id,count(*) from e
                                   *
ERROR at line 1:
ORA-00942: table or view does not exist 


SQL> select count(*) from employees group by department_id;

  COUNT(*)                                                                      
----------                                                                      
         6                                                                      
         6                                                                      
         1                                                                      
         3                                                                      
         2                                                                      
         1                                                                      
         2                                                                      
        45                                                                      
        34                                                                      
         1                                                                      
         5                                                                      

  COUNT(*)                                                                      
----------                                                                      
         1                                                                      

12 rows selected.

SQL> select count(*) from employees;

  COUNT(*)                                                                      
----------                                                                      
       107                                                                      

SQL> select count(first_name) from employees;

COUNT(FIRST_NAME)                                                               
-----------------                                                               
              107                                                               

SQL> select sum(salary) from employee;
select sum(salary) from employee
                        *
ERROR at line 1:
ORA-00942: table or view does not exist 


SQL> select sum(salary) from employees;

SUM(SALARY)                                                                     
-----------                                                                     
     691416                                                                     

SQL> select sum(salary),avg(salary),min(salary),max(salary),count(*) from employees;

SUM(SALARY) AVG(SALARY) MIN(SALARY) MAX(SALARY)   COUNT(*)                      
----------- ----------- ----------- ----------- ----------                      
     691416  6461.83178        2100       24000        107                      

SQL> select department_id,sum(salary),avg(salary),min(salary),max(salary),count(*) from employees group by department_id;

DEPARTMENT_ID SUM(SALARY) AVG(SALARY) MIN(SALARY) MAX(SALARY)   COUNT(*)        
------------- ----------- ----------- ----------- ----------- ----------        
          100       51608  8601.33333        6900       12008          6        
           30       24900        4150        2500       11000          6        
                     7000        7000        7000        7000          1        
           90       58000  19333.3333       17000       24000          3        
           20       19000        9500        6000       13000          2        
           70       10000       10000       10000       10000          1        
          110       20308       10154        8300       12008          2        
           50      156400  3475.55556        2100        8200         45        
           80      304500  8955.88235        6100       14000         34        
           40        6500        6500        6500        6500          1        
           60       28800        5760        4200        9000          5        

DEPARTMENT_ID SUM(SALARY) AVG(SALARY) MIN(SALARY) MAX(SALARY)   COUNT(*)        
------------- ----------- ----------- ----------- ----------- ----------        
           10        4400        4400        4400        4400          1        

12 rows selected.

SQL> select department_id,sum(salary),avg(salary),count(*) from employees group by department_id;

DEPARTMENT_ID SUM(SALARY) AVG(SALARY)   COUNT(*)                                
------------- ----------- ----------- ----------                                
          100       51608  8601.33333          6                                
           30       24900        4150          6                                
                     7000        7000          1                                
           90       58000  19333.3333          3                                
           20       19000        9500          2                                
           70       10000       10000          1                                
          110       20308       10154          2                                
           50      156400  3475.55556         45                                
           80      304500  8955.88235         34                                
           40        6500        6500          1                                
           60       28800        5760          5                                

DEPARTMENT_ID SUM(SALARY) AVG(SALARY)   COUNT(*)                                
------------- ----------- ----------- ----------                                
           10        4400        4400          1                                

12 rows selected.

SQL> select first_name,sum(salary),avg(salary),count(*) from employees group by department_id;
select first_name,sum(salary),avg(salary),count(*) from employees group by department_id
       *
ERROR at line 1:
ORA-00979: not a GROUP BY expression 


SQL> select first_name,sum(salary),avg(salary),count(*) from employees group by first_name;

FIRST_NAME           SUM(SALARY) AVG(SALARY)   COUNT(*)                         
-------------------- ----------- ----------- ----------                         
Steven                     26200       13100          2                         
Nancy                      12008       12008          1                         
Jose Manuel                 7800        7800          1                         
Sigal                       2800        2800          1                         
Shanta                      6500        6500          1                         
Mozhe                       2800        2800          1                         
Michael                    15900        7950          2                         
Ki                          2400        2400          1                         
Peter                      21500  7166.66667          3                         
Alberto                    12000       12000          1                         
Christopher                 8000        8000          1                         

FIRST_NAME           SUM(SALARY) AVG(SALARY)   COUNT(*)                         
-------------------- ----------- ----------- ----------                         
Lindsey                     8000        8000          1                         
Ellen                      11000       11000          1                         
Jean                        3100        3100          1                         
Timothy                     2900        2900          1                         
Britney                     3900        3900          1                         
Samuel                      3200        3200          1                         
Hermann                    10000       10000          1                         
Shelley                    12008       12008          1                         
John                       24900        8300          3                         
Guy                         2600        2600          1                         
Payam                       7900        7900          1                         

FIRST_NAME           SUM(SALARY) AVG(SALARY)   COUNT(*)                         
-------------------- ----------- ----------- ----------                         
Julia                       6600        3300          2                         
Hazel                       2200        2200          1                         
Louise                      7500        7500          1                         
William                    15700        7850          2                         
Jonathon                    8600        8600          1                         
Jack                        8400        8400          1                         
Martha                      2500        2500          1                         
Girard                      2800        2800          1                         
Donald                      2600        2600          1                         
Diana                       4200        4200          1                         
Karen                      16000        8000          2                         

FIRST_NAME           SUM(SALARY) AVG(SALARY)   COUNT(*)                         
-------------------- ----------- ----------- ----------                         
Kevin                       8800        4400          2                         
Laura                       3300        3300          1                         
Renske                      3600        3600          1                         
Eleni                      10500       10500          1                         
Oliver                      7000        7000          1                         
Clara                      10500       10500          1                         
Harrison                   10000       10000          1                         
Tayler                      9600        9600          1                         
Sundita                     6100        6100          1                         
Alyssa                      8800        8800          1                         
Kimberely                   7000        7000          1                         

FIRST_NAME           SUM(SALARY) AVG(SALARY)   COUNT(*)                         
-------------------- ----------- ----------- ----------                         
Sarah                       4000        4000          1                         
Lex                        17000       17000          1                         
Irene                       2700        2700          1                         
TJ                          2100        2100          1                         
Gerald                     11000       11000          1                         
Charles                     6200        6200          1                         
Alana                       3100        3100          1                         
Bruce                       6000        6000          1                         
Den                        11000       11000          1                         
Curtis                      3100        3100          1                         
Nanette                     7500        7500          1                         

FIRST_NAME           SUM(SALARY) AVG(SALARY)   COUNT(*)                         
-------------------- ----------- ----------- ----------                         
Anthony                     3000        3000          1                         
Kelly                       3800        3800          1                         
Pat                         6000        6000          1                         
Trenna                      3500        3500          1                         
Patrick                     9500        9500          1                         
Danielle                    9500        9500          1                         
Amit                        6200        6200          1                         
Winston                     3200        3200          1                         
Douglas                     2600        2600          1                         
Neena                      17000       17000          1                         
David                      21100  7033.33333          3                         

FIRST_NAME           SUM(SALARY) AVG(SALARY)   COUNT(*)                         
-------------------- ----------- ----------- ----------                         
Daniel                      9000        9000          1                         
Shelli                      2900        2900          1                         
Jason                       3300        3300          1                         
Joshua                      2500        2500          1                         
Randall                     5100        2550          2                         
Janette                    10000       10000          1                         
Mattea                      7200        7200          1                         
Lisa                       11500       11500          1                         
Elizabeth                   7300        7300          1                         
Jennifer                    8000        4000          2                         
Vance                       2800        2800          1                         

FIRST_NAME           SUM(SALARY) AVG(SALARY)   COUNT(*)                         
-------------------- ----------- ----------- ----------                         
Alexander                  12100        6050          2                         
Valli                       4800        4800          1                         
Ismael                      7700        7700          1                         
Luis                        6900        6900          1                         
Matthew                     8000        8000          1                         
Adam                        8200        8200          1                         
James                       4900        2450          2                         
Stephen                     3200        3200          1                         
Allan                       9000        9000          1                         
Sarath                      7000        7000          1                         
Sundar                      6400        6400          1                         

FIRST_NAME           SUM(SALARY) AVG(SALARY)   COUNT(*)                         
-------------------- ----------- ----------- ----------                         
Nandita                     4200        4200          1                         
Alexis                      4100        4100          1                         
Susan                       6500        6500          1                         

91 rows selected.

SQL> select job_id,sum(salary),avg(salary),count(*) from employees group by job_id;

JOB_ID     SUM(SALARY) AVG(SALARY)   COUNT(*)                                   
---------- ----------- ----------- ----------                                   
IT_PROG          28800        5760          5                                   
AC_MGR           12008       12008          1                                   
AC_ACCOUNT        8300        8300          1                                   
ST_MAN           36400        7280          5                                   
PU_MAN           11000       11000          1                                   
AD_ASST           4400        4400          1                                   
AD_VP            34000       17000          2                                   
SH_CLERK         64300        3215         20                                   
FI_ACCOUNT       39600        7920          5                                   
FI_MGR           12008       12008          1                                   
PU_CLERK         13900        2780          5                                   

JOB_ID     SUM(SALARY) AVG(SALARY)   COUNT(*)                                   
---------- ----------- ----------- ----------                                   
SA_MAN           61000       12200          5                                   
MK_MAN           13000       13000          1                                   
PR_REP           10000       10000          1                                   
AD_PRES          24000       24000          1                                   
SA_REP          250500        8350         30                                   
MK_REP            6000        6000          1                                   
ST_CLERK         55700        2785         20                                   
HR_REP            6500        6500          1                                   

19 rows selected.

SQL> set lines 200
SQL> select job_id,sum(salary),avg(salary),count(*) from employees group by job_id;

JOB_ID     SUM(SALARY) AVG(SALARY)   COUNT(*)                                                                                                                                                           
---------- ----------- ----------- ----------                                                                                                                                                           
IT_PROG          28800        5760          5                                                                                                                                                           
AC_MGR           12008       12008          1                                                                                                                                                           
AC_ACCOUNT        8300        8300          1                                                                                                                                                           
ST_MAN           36400        7280          5                                                                                                                                                           
PU_MAN           11000       11000          1                                                                                                                                                           
AD_ASST           4400        4400          1                                                                                                                                                           
AD_VP            34000       17000          2                                                                                                                                                           
SH_CLERK         64300        3215         20                                                                                                                                                           
FI_ACCOUNT       39600        7920          5                                                                                                                                                           
FI_MGR           12008       12008          1                                                                                                                                                           
PU_CLERK         13900        2780          5                                                                                                                                                           

JOB_ID     SUM(SALARY) AVG(SALARY)   COUNT(*)                                                                                                                                                           
---------- ----------- ----------- ----------                                                                                                                                                           
SA_MAN           61000       12200          5                                                                                                                                                           
MK_MAN           13000       13000          1                                                                                                                                                           
PR_REP           10000       10000          1                                                                                                                                                           
AD_PRES          24000       24000          1                                                                                                                                                           
SA_REP          250500        8350         30                                                                                                                                                           
MK_REP            6000        6000          1                                                                                                                                                           
ST_CLERK         55700        2785         20                                                                                                                                                           
HR_REP            6500        6500          1                                                                                                                                                           

19 rows selected.

SQL> set pages 250
SQL> select job_id,sum(salary),avg(salary),count(*) from employees group by job_id;

JOB_ID     SUM(SALARY) AVG(SALARY)   COUNT(*)                                                                                                                                                           
---------- ----------- ----------- ----------                                                                                                                                                           
IT_PROG          28800        5760          5                                                                                                                                                           
AC_MGR           12008       12008          1                                                                                                                                                           
AC_ACCOUNT        8300        8300          1                                                                                                                                                           
ST_MAN           36400        7280          5                                                                                                                                                           
PU_MAN           11000       11000          1                                                                                                                                                           
AD_ASST           4400        4400          1                                                                                                                                                           
AD_VP            34000       17000          2                                                                                                                                                           
SH_CLERK         64300        3215         20                                                                                                                                                           
FI_ACCOUNT       39600        7920          5                                                                                                                                                           
FI_MGR           12008       12008          1                                                                                                                                                           
PU_CLERK         13900        2780          5                                                                                                                                                           
SA_MAN           61000       12200          5                                                                                                                                                           
MK_MAN           13000       13000          1                                                                                                                                                           
PR_REP           10000       10000          1                                                                                                                                                           
AD_PRES          24000       24000          1                                                                                                                                                           
SA_REP          250500        8350         30                                                                                                                                                           
MK_REP            6000        6000          1                                                                                                                                                           
ST_CLERK         55700        2785         20                                                                                                                                                           
HR_REP            6500        6500          1                                                                                                                                                           

19 rows selected.

SQL> rem Order of execution
SQL> rem select--- from tb---where----group by----having---- order by
SQL> rem having is used to rescrit summary
SQL> select department_id,max(salary),count(*) from employees group by department_id having salary>10000;
select department_id,max(salary),count(*) from employees group by department_id having salary>10000
                                                                                       *
ERROR at line 1:
ORA-00979: not a GROUP BY expression 


SQL> select department_id,max(salary),count(*) from employees group by department_id where salary>10000;
select department_id,max(salary),count(*) from employees group by department_id where salary>10000
                                                                                *
ERROR at line 1:
ORA-00933: SQL command not properly ended 


SQL> select department_id,max(salary),count(*) from employees where salary>10000 group by department_id;

DEPARTMENT_ID MAX(SALARY)   COUNT(*)                                                                                                                                                                    
------------- ----------- ----------                                                                                                                                                                    
          100       12008          1                                                                                                                                                                    
           30       11000          1                                                                                                                                                                    
           90       24000          3                                                                                                                                                                    
           20       13000          1                                                                                                                                                                    
          110       12008          1                                                                                                                                                                    
           80       14000          8                                                                                                                                                                    

6 rows selected.

SQL> select department_id,max(salary),count(*) from employees where salary<20000 group by department_id;

DEPARTMENT_ID MAX(SALARY)   COUNT(*)                                                                                                                                                                    
------------- ----------- ----------                                                                                                                                                                    
          100       12008          6                                                                                                                                                                    
           30       11000          6                                                                                                                                                                    
                     7000          1                                                                                                                                                                    
           90       17000          2                                                                                                                                                                    
           20       13000          2                                                                                                                                                                    
           70       10000          1                                                                                                                                                                    
          110       12008          2                                                                                                                                                                    
           50        8200         45                                                                                                                                                                    
           80       14000         34                                                                                                                                                                    
           40        6500          1                                                                                                                                                                    
           60        9000          5                                                                                                                                                                    
           10        4400          1                                                                                                                                                                    

12 rows selected.

SQL> select department_id,max(salary),count(*) from employees where salary=8200 group by department_id;

DEPARTMENT_ID MAX(SALARY)   COUNT(*)                                                                                                                                                                    
------------- ----------- ----------                                                                                                                                                                    
          100        8200          1                                                                                                                                                                    
           50        8200          1                                                                                                                                                                    

SQL> select department_id,max(salary),count(*) from employees where max(salary)=8200 group by department_id;
select department_id,max(salary),count(*) from employees where max(salary)=8200 group by department_id
                                                               *
ERROR at line 1:
ORA-00934: group function is not allowed here 


SQL> select department_id,max(salary),count(*) from employees group by department_id having max(salary) = 8200;

DEPARTMENT_ID MAX(SALARY)   COUNT(*)                                                                                                                                                                    
------------- ----------- ----------                                                                                                                                                                    
           50        8200         45                                                                                                                                                                    

SQL> select department_id,max(salary),count(*) from employees group by department_id having max(salary) = 8200 order by;
select department_id,max(salary),count(*) from employees group by department_id having max(salary) = 8200 order by
                                                                                                                 *
ERROR at line 1:
ORA-00936: missing expression 


SQL> select department_id,max(salary),count(*) from employees group by department_id having max(salary) = 8200 order by 1;

DEPARTMENT_ID MAX(SALARY)   COUNT(*)                                                                                                                                                                    
------------- ----------- ----------                                                                                                                                                                    
           50        8200         45                                                                                                                                                                    

SQL> select department_id,job_id,max(salary),count(*) from employees group by department_id,job_id order by 1;

DEPARTMENT_ID JOB_ID     MAX(SALARY)   COUNT(*)                                                                                                                                                         
------------- ---------- ----------- ----------                                                                                                                                                         
           10 AD_ASST           4400          1                                                                                                                                                         
           20 MK_MAN           13000          1                                                                                                                                                         
           20 MK_REP            6000          1                                                                                                                                                         
           30 PU_CLERK          3100          5                                                                                                                                                         
           30 PU_MAN           11000          1                                                                                                                                                         
           40 HR_REP            6500          1                                                                                                                                                         
           50 SH_CLERK          4200         20                                                                                                                                                         
           50 ST_CLERK          3600         20                                                                                                                                                         
           50 ST_MAN            8200          5                                                                                                                                                         
           60 IT_PROG           9000          5                                                                                                                                                         
           70 PR_REP           10000          1                                                                                                                                                         
           80 SA_MAN           14000          5                                                                                                                                                         
           80 SA_REP           11500         29                                                                                                                                                         
           90 AD_PRES          24000          1                                                                                                                                                         
           90 AD_VP            17000          2                                                                                                                                                         
          100 FI_ACCOUNT        9000          5                                                                                                                                                         
          100 FI_MGR           12008          1                                                                                                                                                         
          110 AC_ACCOUNT        8300          1                                                                                                                                                         
          110 AC_MGR           12008          1                                                                                                                                                         
              SA_REP            7000          1                                                                                                                                                         

20 rows selected.

SQL> select department_id,avg(salary),count(*) from employees group by department_id order by 1;

DEPARTMENT_ID AVG(SALARY)   COUNT(*)                                                                                                                                                                    
------------- ----------- ----------                                                                                                                                                                    
           10        4400          1                                                                                                                                                                    
           20        9500          2                                                                                                                                                                    
           30        4150          6                                                                                                                                                                    
           40        6500          1                                                                                                                                                                    
           50  3475.55556         45                                                                                                                                                                    
           60        5760          5                                                                                                                                                                    
           70       10000          1                                                                                                                                                                    
           80  8955.88235         34                                                                                                                                                                    
           90  19333.3333          3                                                                                                                                                                    
          100  8601.33333          6                                                                                                                                                                    
          110       10154          2                                                                                                                                                                    
                     7000          1                                                                                                                                                                    

12 rows selected.

SQL> select department_id,avg(salary),count(*) from employees group by department_id having avg(salary) order by 1;
select department_id,avg(salary),count(*) from employees group by department_id having avg(salary) order by 1
                                                                                                   *
ERROR at line 1:
ORA-00920: invalid relational operator 


SQL> select department_id,avg(salary),count(*) from employees group by department_id  order by 1;

DEPARTMENT_ID AVG(SALARY)   COUNT(*)                                                                                                                                                                    
------------- ----------- ----------                                                                                                                                                                    
           10        4400          1                                                                                                                                                                    
           20        9500          2                                                                                                                                                                    
           30        4150          6                                                                                                                                                                    
           40        6500          1                                                                                                                                                                    
           50  3475.55556         45                                                                                                                                                                    
           60        5760          5                                                                                                                                                                    
           70       10000          1                                                                                                                                                                    
           80  8955.88235         34                                                                                                                                                                    
           90  19333.3333          3                                                                                                                                                                    
          100  8601.33333          6                                                                                                                                                                    
          110       10154          2                                                                                                                                                                    
                     7000          1                                                                                                                                                                    

12 rows selected.

SQL> select department_id,avg(salary),count(*) from employees group by department_id  order by department_id;

DEPARTMENT_ID AVG(SALARY)   COUNT(*)                                                                                                                                                                    
------------- ----------- ----------                                                                                                                                                                    
           10        4400          1                                                                                                                                                                    
           20        9500          2                                                                                                                                                                    
           30        4150          6                                                                                                                                                                    
           40        6500          1                                                                                                                                                                    
           50  3475.55556         45                                                                                                                                                                    
           60        5760          5                                                                                                                                                                    
           70       10000          1                                                                                                                                                                    
           80  8955.88235         34                                                                                                                                                                    
           90  19333.3333          3                                                                                                                                                                    
          100  8601.33333          6                                                                                                                                                                    
          110       10154          2                                                                                                                                                                    
                     7000          1                                                                                                                                                                    

12 rows selected.

SQL> select department_id,avg(salary),count(*) from employees;
select department_id,avg(salary),count(*) from employees
       *
ERROR at line 1:
ORA-00937: not a single-group group function 


SQL> select avg(salary),count(*) from employees;

AVG(SALARY)   COUNT(*)                                                                                                                                                                                  
----------- ----------                                                                                                                                                                                  
 6461.83178        107                                                                                                                                                                                  

SQL> select avg(salary),count(*) from employees order by department_id;

AVG(SALARY)   COUNT(*)                                                                                                                                                                                  
----------- ----------                                                                                                                                                                                  
 6461.83178        107                                                                                                                                                                                  

SQL> select avg(salary),count(*) from employees group by department_id;

AVG(SALARY)   COUNT(*)                                                                                                                                                                                  
----------- ----------                                                                                                                                                                                  
 8601.33333          6                                                                                                                                                                                  
       4150          6                                                                                                                                                                                  
       7000          1                                                                                                                                                                                  
 19333.3333          3                                                                                                                                                                                  
       9500          2                                                                                                                                                                                  
      10000          1                                                                                                                                                                                  
      10154          2                                                                                                                                                                                  
 3475.55556         45                                                                                                                                                                                  
 8955.88235         34                                                                                                                                                                                  
       6500          1                                                                                                                                                                                  
       5760          5                                                                                                                                                                                  
       4400          1                                                                                                                                                                                  

12 rows selected.

SQL> select department_id,avg(salary),count(*) from employees group by department_id;

DEPARTMENT_ID AVG(SALARY)   COUNT(*)                                                                                                                                                                    
------------- ----------- ----------                                                                                                                                                                    
          100  8601.33333          6                                                                                                                                                                    
           30        4150          6                                                                                                                                                                    
                     7000          1                                                                                                                                                                    
           90  19333.3333          3                                                                                                                                                                    
           20        9500          2                                                                                                                                                                    
           70       10000          1                                                                                                                                                                    
          110       10154          2                                                                                                                                                                    
           50  3475.55556         45                                                                                                                                                                    
           80  8955.88235         34                                                                                                                                                                    
           40        6500          1                                                                                                                                                                    
           60        5760          5                                                                                                                                                                    
           10        4400          1                                                                                                                                                                    

12 rows selected.

SQL> select department_id,max(salary),count(*) from employees where department_id=30,40,50 group by department_id order by 1;
select department_id,max(salary),count(*) from employees where department_id=30,40,50 group by department_id order by 1
                                                                               *
ERROR at line 1:
ORA-00933: SQL command not properly ended 


SQL> set auto trace on
SP2-0158: unknown SET autocommit option "trace"
Usage: SET AUTO[COMMIT] { OFF | ON | IMM[EDIATE] | n } 
SQL> select department_id,max(salary),count(*) from employees where department_id=30 AND 40 AND 50 group by department_id order by 1;
select department_id,max(salary),count(*) from employees where department_id=30 AND 40 AND 50 group by department_id order by 1
                                                                                       *
ERROR at line 1:
ORA-00920: invalid relational operator 


SQL> select department_id,max(salary),count(*) from employees group by department_id having department_id(30,40,50) order by 1;
select department_id,max(salary),count(*) from employees group by department_id having department_id(30,40,50) order by 1
                                                                                                               *
ERROR at line 1:
ORA-00920: invalid relational operator 


SQL> select department_id,max(salary),count(*) from employees group by department_id having department_id in (30,40,50) order by 1;

DEPARTMENT_ID MAX(SALARY)   COUNT(*)                                                                                                                                                                    
------------- ----------- ----------                                                                                                                                                                    
           30       11000          6                                                                                                                                                                    
           40        6500          1                                                                                                                                                                    
           50        8200         45                                                                                                                                                                    

SQL> select department_id,max(salary),count(*) from employees group by department_id having department_id in (30,40,50) and max(salary)<11000 order by 1;

DEPARTMENT_ID MAX(SALARY)   COUNT(*)                                                                                                                                                                    
------------- ----------- ----------                                                                                                                                                                    
           40        6500          1                                                                                                                                                                    
           50        8200         45                                                                                                                                                                    

SQL> select department_id,max(salary),count(*) from employees group by department_id having department_id in (30,40,50) and max(salary)>11000 order by 1;

no rows selected

SQL> select department_id,max(salary),count(*) from employees group by department_id having department_id in (30,40,50) and max(salary)<11000 order by 1;

DEPARTMENT_ID MAX(SALARY)   COUNT(*)                                                                                                                                                                    
------------- ----------- ----------                                                                                                                                                                    
           40        6500          1                                                                                                                                                                    
           50        8200         45                                                                                                                                                                    

SQL> select department_id,max(salary),count(*) from employees group by department_id having department_id in (30,40,50) and max(salary)<11000 order by -1;

DEPARTMENT_ID MAX(SALARY)   COUNT(*)                                                                                                                                                                    
------------- ----------- ----------                                                                                                                                                                    
           50        8200         45                                                                                                                                                                    
           40        6500          1                                                                                                                                                                    

SQL> select department_id,max(salary),min(salary,)count(*) from employees group by department_id having count(*)>4 order by count;
select department_id,max(salary),min(salary,)count(*) from employees group by department_id having count(*)>4 order by count
                                            *
ERROR at line 1:
ORA-00936: missing expression 


SQL> select department_id,max(salary),min(salary),count(*) from employees group by department_id having count(*)>4 order by count;
select department_id,max(salary),min(salary),count(*) from employees group by department_id having count(*)>4 order by count
                                                                                                                       *
ERROR at line 1:
ORA-00904: "COUNT": invalid identifier 


SQL> select department_id,max(salary),min(salary),count(*) from employees group by department_id having count(*)>4 order by 4;

DEPARTMENT_ID MAX(SALARY) MIN(SALARY)   COUNT(*)                                                                                                                                                        
------------- ----------- ----------- ----------                                                                                                                                                        
           60        9000        4200          5                                                                                                                                                        
          100       12008        6900          6                                                                                                                                                        
           30       11000        2500          6                                                                                                                                                        
           80       14000        6100         34                                                                                                                                                        
           50        8200        2100         45                                                                                                                                                        

SQL> select department_id,max(salary),min(salary),count(*) from employees group by department_id having count(*)>4 order by group by 4;
select department_id,max(salary),min(salary),count(*) from employees group by department_id having count(*)>4 order by group by 4
                                                                                                                       *
ERROR at line 1:
ORA-00936: missing expression 


SQL> select department_id,max(salary),min(salary),count(*) from employees group by department_id having count(*)>4 order by count(*);

DEPARTMENT_ID MAX(SALARY) MIN(SALARY)   COUNT(*)                                                                                                                                                        
------------- ----------- ----------- ----------                                                                                                                                                        
           60        9000        4200          5                                                                                                                                                        
          100       12008        6900          6                                                                                                                                                        
           30       11000        2500          6                                                                                                                                                        
           80       14000        6100         34                                                                                                                                                        
           50        8200        2100         45                                                                                                                                                        

SQL> select department_id,max(salary),min(salary),count(*) from employees group by department_id having count(*)>4 order by min(salary);

DEPARTMENT_ID MAX(SALARY) MIN(SALARY)   COUNT(*)                                                                                                                                                        
------------- ----------- ----------- ----------                                                                                                                                                        
           50        8200        2100         45                                                                                                                                                        
           30       11000        2500          6                                                                                                                                                        
           60        9000        4200          5                                                                                                                                                        
           80       14000        6100         34                                                                                                                                                        
          100       12008        6900          6                                                                                                                                                        

SQL> select department_id,max(salary),min(salary),count(*) from employees where group by department_id having count(*)>4 order by min(salary);
select department_id,max(salary),min(salary),count(*) from employees where group by department_id having count(*)>4 order by min(salary)
                                                                           *
ERROR at line 1:
ORA-00936: missing expression 


SQL> select department_id,max(salary),min(salary),count(*) from employees wheregroup by department_id having count(*)>4 order by min(salary);
select department_id,max(salary),min(salary),count(*) from employees wheregroup by department_id having count(*)>4 order by min(salary)
                                                                                *
ERROR at line 1:
ORA-00933: SQL command not properly ended 


SQL> select department_id,max(salary),min(salary),count(*) from employees where coutn(*) group by department_id having count(*)>4 order by min(salary);
select department_id,max(salary),min(salary),count(*) from employees where coutn(*) group by department_id having count(*)>4 order by min(salary)
                                                                                 *
ERROR at line 1:
ORA-00936: missing expression 


SQL> select department_id,max(salary),min(salary),count(*) from employees where count(*) group by department_id having count(*)>4 order by min(salary);
select department_id,max(salary),min(salary),count(*) from employees where count(*) group by department_id having count(*)>4 order by min(salary)
                                                                           *
ERROR at line 1:
ORA-00934: group function is not allowed here 


SQL> select department_id,job_id as jobid_us from employees;

DEPARTMENT_ID JOBID_US                                                                                                                                                                                  
------------- ----------                                                                                                                                                                                
           90 AD_PRES                                                                                                                                                                                   
           90 AD_VP                                                                                                                                                                                     
           90 AD_VP                                                                                                                                                                                     
           60 IT_PROG                                                                                                                                                                                   
           60 IT_PROG                                                                                                                                                                                   
           60 IT_PROG                                                                                                                                                                                   
           60 IT_PROG                                                                                                                                                                                   
           60 IT_PROG                                                                                                                                                                                   
          100 FI_MGR                                                                                                                                                                                    
          100 FI_ACCOUNT                                                                                                                                                                                
          100 FI_ACCOUNT                                                                                                                                                                                
          100 FI_ACCOUNT                                                                                                                                                                                
          100 FI_ACCOUNT                                                                                                                                                                                
          100 FI_ACCOUNT                                                                                                                                                                                
           30 PU_MAN                                                                                                                                                                                    
           30 PU_CLERK                                                                                                                                                                                  
           30 PU_CLERK                                                                                                                                                                                  
           30 PU_CLERK                                                                                                                                                                                  
           30 PU_CLERK                                                                                                                                                                                  
           30 PU_CLERK                                                                                                                                                                                  
           50 ST_MAN                                                                                                                                                                                    
           50 ST_MAN                                                                                                                                                                                    
           50 ST_MAN                                                                                                                                                                                    
           50 ST_MAN                                                                                                                                                                                    
           50 ST_MAN                                                                                                                                                                                    
           50 ST_CLERK                                                                                                                                                                                  
           50 ST_CLERK                                                                                                                                                                                  
           50 ST_CLERK                                                                                                                                                                                  
           50 ST_CLERK                                                                                                                                                                                  
           50 ST_CLERK                                                                                                                                                                                  
           50 ST_CLERK                                                                                                                                                                                  
           50 ST_CLERK                                                                                                                                                                                  
           50 ST_CLERK                                                                                                                                                                                  
           50 ST_CLERK                                                                                                                                                                                  
           50 ST_CLERK                                                                                                                                                                                  
           50 ST_CLERK                                                                                                                                                                                  
           50 ST_CLERK                                                                                                                                                                                  
           50 ST_CLERK                                                                                                                                                                                  
           50 ST_CLERK                                                                                                                                                                                  
           50 ST_CLERK                                                                                                                                                                                  
           50 ST_CLERK                                                                                                                                                                                  
           50 ST_CLERK                                                                                                                                                                                  
           50 ST_CLERK                                                                                                                                                                                  
           50 ST_CLERK                                                                                                                                                                                  
           50 ST_CLERK                                                                                                                                                                                  
           80 SA_MAN                                                                                                                                                                                    
           80 SA_MAN                                                                                                                                                                                    
           80 SA_MAN                                                                                                                                                                                    
           80 SA_MAN                                                                                                                                                                                    
           80 SA_MAN                                                                                                                                                                                    
           80 SA_REP                                                                                                                                                                                    
           80 SA_REP                                                                                                                                                                                    
           80 SA_REP                                                                                                                                                                                    
           80 SA_REP                                                                                                                                                                                    
           80 SA_REP                                                                                                                                                                                    
           80 SA_REP                                                                                                                                                                                    
           80 SA_REP                                                                                                                                                                                    
           80 SA_REP                                                                                                                                                                                    
           80 SA_REP                                                                                                                                                                                    
           80 SA_REP                                                                                                                                                                                    
           80 SA_REP                                                                                                                                                                                    
           80 SA_REP                                                                                                                                                                                    
           80 SA_REP                                                                                                                                                                                    
           80 SA_REP                                                                                                                                                                                    
           80 SA_REP                                                                                                                                                                                    
           80 SA_REP                                                                                                                                                                                    
           80 SA_REP                                                                                                                                                                                    
           80 SA_REP                                                                                                                                                                                    
           80 SA_REP                                                                                                                                                                                    
           80 SA_REP                                                                                                                                                                                    
           80 SA_REP                                                                                                                                                                                    
           80 SA_REP                                                                                                                                                                                    
           80 SA_REP                                                                                                                                                                                    
           80 SA_REP                                                                                                                                                                                    
           80 SA_REP                                                                                                                                                                                    
           80 SA_REP                                                                                                                                                                                    
           80 SA_REP                                                                                                                                                                                    
           80 SA_REP                                                                                                                                                                                    
              SA_REP                                                                                                                                                                                    
           80 SA_REP                                                                                                                                                                                    
           50 SH_CLERK                                                                                                                                                                                  
           50 SH_CLERK                                                                                                                                                                                  
           50 SH_CLERK                                                                                                                                                                                  
           50 SH_CLERK                                                                                                                                                                                  
           50 SH_CLERK                                                                                                                                                                                  
           50 SH_CLERK                                                                                                                                                                                  
           50 SH_CLERK                                                                                                                                                                                  
           50 SH_CLERK                                                                                                                                                                                  
           50 SH_CLERK                                                                                                                                                                                  
           50 SH_CLERK                                                                                                                                                                                  
           50 SH_CLERK                                                                                                                                                                                  
           50 SH_CLERK                                                                                                                                                                                  
           50 SH_CLERK                                                                                                                                                                                  
           50 SH_CLERK                                                                                                                                                                                  
           50 SH_CLERK                                                                                                                                                                                  
           50 SH_CLERK                                                                                                                                                                                  
           50 SH_CLERK                                                                                                                                                                                  
           50 SH_CLERK                                                                                                                                                                                  
           50 SH_CLERK                                                                                                                                                                                  
           50 SH_CLERK                                                                                                                                                                                  
           10 AD_ASST                                                                                                                                                                                   
           20 MK_MAN                                                                                                                                                                                    
           20 MK_REP                                                                                                                                                                                    
           40 HR_REP                                                                                                                                                                                    
           70 PR_REP                                                                                                                                                                                    
          110 AC_MGR                                                                                                                                                                                    
          110 AC_ACCOUNT                                                                                                                                                                                

107 rows selected.

SQL> select concat(department_id,concat(job_id,_us)) from employees;
select concat(department_id,concat(job_id,_us)) from employees
                                          *
ERROR at line 1:
ORA-00911: invalid character 


SQL> select concat(concat(job_id,_us),department_id) from employees;
select concat(concat(job_id,_us),department_id) from employees
                            *
ERROR at line 1:
ORA-00911: invalid character 


SQL> select concat(concat(concat(department_id,'-'),job_id),'_us') from employees;

CONCAT(CONCAT(CONCAT(DEPARTMENT_ID,'-'),JOB_ID),'_US')                                                                                                                                                  
------------------------------------------------------                                                                                                                                                  
90-AD_PRES_us                                                                                                                                                                                           
90-AD_VP_us                                                                                                                                                                                             
90-AD_VP_us                                                                                                                                                                                             
60-IT_PROG_us                                                                                                                                                                                           
60-IT_PROG_us                                                                                                                                                                                           
60-IT_PROG_us                                                                                                                                                                                           
60-IT_PROG_us                                                                                                                                                                                           
60-IT_PROG_us                                                                                                                                                                                           
100-FI_MGR_us                                                                                                                                                                                           
100-FI_ACCOUNT_us                                                                                                                                                                                       
100-FI_ACCOUNT_us                                                                                                                                                                                       
100-FI_ACCOUNT_us                                                                                                                                                                                       
100-FI_ACCOUNT_us                                                                                                                                                                                       
100-FI_ACCOUNT_us                                                                                                                                                                                       
30-PU_MAN_us                                                                                                                                                                                            
30-PU_CLERK_us                                                                                                                                                                                          
30-PU_CLERK_us                                                                                                                                                                                          
30-PU_CLERK_us                                                                                                                                                                                          
30-PU_CLERK_us                                                                                                                                                                                          
30-PU_CLERK_us                                                                                                                                                                                          
50-ST_MAN_us                                                                                                                                                                                            
50-ST_MAN_us                                                                                                                                                                                            
50-ST_MAN_us                                                                                                                                                                                            
50-ST_MAN_us                                                                                                                                                                                            
50-ST_MAN_us                                                                                                                                                                                            
50-ST_CLERK_us                                                                                                                                                                                          
50-ST_CLERK_us                                                                                                                                                                                          
50-ST_CLERK_us                                                                                                                                                                                          
50-ST_CLERK_us                                                                                                                                                                                          
50-ST_CLERK_us                                                                                                                                                                                          
50-ST_CLERK_us                                                                                                                                                                                          
50-ST_CLERK_us                                                                                                                                                                                          
50-ST_CLERK_us                                                                                                                                                                                          
50-ST_CLERK_us                                                                                                                                                                                          
50-ST_CLERK_us                                                                                                                                                                                          
50-ST_CLERK_us                                                                                                                                                                                          
50-ST_CLERK_us                                                                                                                                                                                          
50-ST_CLERK_us                                                                                                                                                                                          
50-ST_CLERK_us                                                                                                                                                                                          
50-ST_CLERK_us                                                                                                                                                                                          
50-ST_CLERK_us                                                                                                                                                                                          
50-ST_CLERK_us                                                                                                                                                                                          
50-ST_CLERK_us                                                                                                                                                                                          
50-ST_CLERK_us                                                                                                                                                                                          
50-ST_CLERK_us                                                                                                                                                                                          
80-SA_MAN_us                                                                                                                                                                                            
80-SA_MAN_us                                                                                                                                                                                            
80-SA_MAN_us                                                                                                                                                                                            
80-SA_MAN_us                                                                                                                                                                                            
80-SA_MAN_us                                                                                                                                                                                            
80-SA_REP_us                                                                                                                                                                                            
80-SA_REP_us                                                                                                                                                                                            
80-SA_REP_us                                                                                                                                                                                            
80-SA_REP_us                                                                                                                                                                                            
80-SA_REP_us                                                                                                                                                                                            
80-SA_REP_us                                                                                                                                                                                            
80-SA_REP_us                                                                                                                                                                                            
80-SA_REP_us                                                                                                                                                                                            
80-SA_REP_us                                                                                                                                                                                            
80-SA_REP_us                                                                                                                                                                                            
80-SA_REP_us                                                                                                                                                                                            
80-SA_REP_us                                                                                                                                                                                            
80-SA_REP_us                                                                                                                                                                                            
80-SA_REP_us                                                                                                                                                                                            
80-SA_REP_us                                                                                                                                                                                            
80-SA_REP_us                                                                                                                                                                                            
80-SA_REP_us                                                                                                                                                                                            
80-SA_REP_us                                                                                                                                                                                            
80-SA_REP_us                                                                                                                                                                                            
80-SA_REP_us                                                                                                                                                                                            
80-SA_REP_us                                                                                                                                                                                            
80-SA_REP_us                                                                                                                                                                                            
80-SA_REP_us                                                                                                                                                                                            
80-SA_REP_us                                                                                                                                                                                            
80-SA_REP_us                                                                                                                                                                                            
80-SA_REP_us                                                                                                                                                                                            
80-SA_REP_us                                                                                                                                                                                            
80-SA_REP_us                                                                                                                                                                                            
-SA_REP_us                                                                                                                                                                                              
80-SA_REP_us                                                                                                                                                                                            
50-SH_CLERK_us                                                                                                                                                                                          
50-SH_CLERK_us                                                                                                                                                                                          
50-SH_CLERK_us                                                                                                                                                                                          
50-SH_CLERK_us                                                                                                                                                                                          
50-SH_CLERK_us                                                                                                                                                                                          
50-SH_CLERK_us                                                                                                                                                                                          
50-SH_CLERK_us                                                                                                                                                                                          
50-SH_CLERK_us                                                                                                                                                                                          
50-SH_CLERK_us                                                                                                                                                                                          
50-SH_CLERK_us                                                                                                                                                                                          
50-SH_CLERK_us                                                                                                                                                                                          
50-SH_CLERK_us                                                                                                                                                                                          
50-SH_CLERK_us                                                                                                                                                                                          
50-SH_CLERK_us                                                                                                                                                                                          
50-SH_CLERK_us                                                                                                                                                                                          
50-SH_CLERK_us                                                                                                                                                                                          
50-SH_CLERK_us                                                                                                                                                                                          
50-SH_CLERK_us                                                                                                                                                                                          
50-SH_CLERK_us                                                                                                                                                                                          
50-SH_CLERK_us                                                                                                                                                                                          
10-AD_ASST_us                                                                                                                                                                                           
20-MK_MAN_us                                                                                                                                                                                            
20-MK_REP_us                                                                                                                                                                                            
40-HR_REP_us                                                                                                                                                                                            
70-PR_REP_us                                                                                                                                                                                            
110-AC_MGR_us                                                                                                                                                                                           
110-AC_ACCOUNT_us                                                                                                                                                                                       

107 rows selected.

SQL> select concat(concat(concat(department_id,'-'),job_id),'_us') from employees;

CONCAT(CONCAT(CONCAT(DEPARTMENT_ID,'-'),JOB_ID),'_US')                                                                                                                                                  
------------------------------------------------------                                                                                                                                                  
90-AD_PRES_us                                                                                                                                                                                           
90-AD_VP_us                                                                                                                                                                                             
90-AD_VP_us                                                                                                                                                                                             
60-IT_PROG_us                                                                                                                                                                                           
60-IT_PROG_us                                                                                                                                                                                           
60-IT_PROG_us                                                                                                                                                                                           
60-IT_PROG_us                                                                                                                                                                                           
60-IT_PROG_us                                                                                                                                                                                           
100-FI_MGR_us                                                                                                                                                                                           
100-FI_ACCOUNT_us                                                                                                                                                                                       
100-FI_ACCOUNT_us                                                                                                                                                                                       
100-FI_ACCOUNT_us                                                                                                                                                                                       
100-FI_ACCOUNT_us                                                                                                                                                                                       
100-FI_ACCOUNT_us                                                                                                                                                                                       
30-PU_MAN_us                                                                                                                                                                                            
30-PU_CLERK_us                                                                                                                                                                                          
30-PU_CLERK_us                                                                                                                                                                                          
30-PU_CLERK_us                                                                                                                                                                                          
30-PU_CLERK_us                                                                                                                                                                                          
30-PU_CLERK_us                                                                                                                                                                                          
50-ST_MAN_us                                                                                                                                                                                            
50-ST_MAN_us                                                                                                                                                                                            
50-ST_MAN_us                                                                                                                                                                                            
50-ST_MAN_us                                                                                                                                                                                            
50-ST_MAN_us                                                                                                                                                                                            
50-ST_CLERK_us                                                                                                                                                                                          
50-ST_CLERK_us                                                                                                                                                                                          
50-ST_CLERK_us                                                                                                                                                                                          
50-ST_CLERK_us                                                                                                                                                                                          
50-ST_CLERK_us                                                                                                                                                                                          
50-ST_CLERK_us                                                                                                                                                                                          
50-ST_CLERK_us                                                                                                                                                                                          
50-ST_CLERK_us                                                                                                                                                                                          
50-ST_CLERK_us                                                                                                                                                                                          
50-ST_CLERK_us                                                                                                                                                                                          
50-ST_CLERK_us                                                                                                                                                                                          
50-ST_CLERK_us                                                                                                                                                                                          
50-ST_CLERK_us                                                                                                                                                                                          
50-ST_CLERK_us                                                                                                                                                                                          
50-ST_CLERK_us                                                                                                                                                                                          
50-ST_CLERK_us                                                                                                                                                                                          
50-ST_CLERK_us                                                                                                                                                                                          
50-ST_CLERK_us                                                                                                                                                                                          
50-ST_CLERK_us                                                                                                                                                                                          
50-ST_CLERK_us                                                                                                                                                                                          
80-SA_MAN_us                                                                                                                                                                                            
80-SA_MAN_us                                                                                                                                                                                            
80-SA_MAN_us                                                                                                                                                                                            
80-SA_MAN_us                                                                                                                                                                                            
80-SA_MAN_us                                                                                                                                                                                            
80-SA_REP_us                                                                                                                                                                                            
80-SA_REP_us                                                                                                                                                                                            
80-SA_REP_us                                                                                                                                                                                            
80-SA_REP_us                                                                                                                                                                                            
80-SA_REP_us                                                                                                                                                                                            
80-SA_REP_us                                                                                                                                                                                            
80-SA_REP_us                                                                                                                                                                                            
80-SA_REP_us                                                                                                                                                                                            
80-SA_REP_us                                                                                                                                                                                            
80-SA_REP_us                                                                                                                                                                                            
80-SA_REP_us                                                                                                                                                                                            
80-SA_REP_us                                                                                                                                                                                            
80-SA_REP_us                                                                                                                                                                                            
80-SA_REP_us                                                                                                                                                                                            
80-SA_REP_us                                                                                                                                                                                            
80-SA_REP_us                                                                                                                                                                                            
80-SA_REP_us                                                                                                                                                                                            
80-SA_REP_us                                                                                                                                                                                            
80-SA_REP_us                                                                                                                                                                                            
80-SA_REP_us                                                                                                                                                                                            
80-SA_REP_us                                                                                                                                                                                            
80-SA_REP_us                                                                                                                                                                                            
80-SA_REP_us                                                                                                                                                                                            
80-SA_REP_us                                                                                                                                                                                            
80-SA_REP_us                                                                                                                                                                                            
80-SA_REP_us                                                                                                                                                                                            
80-SA_REP_us                                                                                                                                                                                            
80-SA_REP_us                                                                                                                                                                                            
-SA_REP_us                                                                                                                                                                                              
80-SA_REP_us                                                                                                                                                                                            
50-SH_CLERK_us                                                                                                                                                                                          
50-SH_CLERK_us                                                                                                                                                                                          
50-SH_CLERK_us                                                                                                                                                                                          
50-SH_CLERK_us                                                                                                                                                                                          
50-SH_CLERK_us                                                                                                                                                                                          
50-SH_CLERK_us                                                                                                                                                                                          
50-SH_CLERK_us                                                                                                                                                                                          
50-SH_CLERK_us                                                                                                                                                                                          
50-SH_CLERK_us                                                                                                                                                                                          
50-SH_CLERK_us                                                                                                                                                                                          
50-SH_CLERK_us                                                                                                                                                                                          
50-SH_CLERK_us                                                                                                                                                                                          
50-SH_CLERK_us                                                                                                                                                                                          
50-SH_CLERK_us                                                                                                                                                                                          
50-SH_CLERK_us                                                                                                                                                                                          
50-SH_CLERK_us                                                                                                                                                                                          
50-SH_CLERK_us                                                                                                                                                                                          
50-SH_CLERK_us                                                                                                                                                                                          
50-SH_CLERK_us                                                                                                                                                                                          
50-SH_CLERK_us                                                                                                                                                                                          
10-AD_ASST_us                                                                                                                                                                                           
20-MK_MAN_us                                                                                                                                                                                            
20-MK_REP_us                                                                                                                                                                                            
40-HR_REP_us                                                                                                                                                                                            
70-PR_REP_us                                                                                                                                                                                            
110-AC_MGR_us                                                                                                                                                                                           
110-AC_ACCOUNT_us                                                                                                                                                                                       

107 rows selected.

SQL> select min(hire_date),max(hire_date) from employees;

MIN(HIRE_ MAX(HIRE_                                                                                                                                                                                     
--------- ---------                                                                                                                                                                                     
13-JAN-01 21-APR-08                                                                                                                                                                                     

SQL> select min(first_name), max(first_name) from employees;

MIN(FIRST_NAME)      MAX(FIRST_NAME)                                                                                                                                                                    
-------------------- --------------------                                                                                                                                                               
Adam                 Winston                                                                                                                                                                            

SQL> select concat(concat(concat('*(','*(')first_name),')*)*') from employees;
select concat(concat(concat('*(','*(')first_name),')*)*') from employees
              *
ERROR at line 1:
ORA-00909: invalid number of arguments 


SQL> select concat(concat(concat('*(','*(')first_name),')*)*') from employees;
select concat(concat(concat('*(','*(')first_name),')*)*') from employees
              *
ERROR at line 1:
ORA-00909: invalid number of arguments 


SQL> select concat(concat(concat('*(',first_name)first_name),')*)*') from employees;
select concat(concat(concat('*(',first_name)first_name),')*)*') from employees
              *
ERROR at line 1:
ORA-00909: invalid number of arguments 


SQL> select '*(*('|| first_name || ')*)*' from employees;

'*(*('||FIRST_NAME||')*)*'                                                                                                                                                                              
----------------------------                                                                                                                                                                            
*(*(Ellen)*)*                                                                                                                                                                                           
*(*(Sundar)*)*                                                                                                                                                                                          
*(*(Mozhe)*)*                                                                                                                                                                                           
*(*(David)*)*                                                                                                                                                                                           
*(*(Hermann)*)*                                                                                                                                                                                         
*(*(Shelli)*)*                                                                                                                                                                                          
*(*(Amit)*)*                                                                                                                                                                                            
*(*(Elizabeth)*)*                                                                                                                                                                                       
*(*(Sarah)*)*                                                                                                                                                                                           
*(*(David)*)*                                                                                                                                                                                           
*(*(Laura)*)*                                                                                                                                                                                           
*(*(Harrison)*)*                                                                                                                                                                                        
*(*(Alexis)*)*                                                                                                                                                                                          
*(*(Anthony)*)*                                                                                                                                                                                         
*(*(Gerald)*)*                                                                                                                                                                                          
*(*(Nanette)*)*                                                                                                                                                                                         
*(*(John)*)*                                                                                                                                                                                            
*(*(Kelly)*)*                                                                                                                                                                                           
*(*(Karen)*)*                                                                                                                                                                                           
*(*(Curtis)*)*                                                                                                                                                                                          
*(*(Lex)*)*                                                                                                                                                                                             
*(*(Julia)*)*                                                                                                                                                                                           
*(*(Jennifer)*)*                                                                                                                                                                                        
*(*(Louise)*)*                                                                                                                                                                                          
*(*(Bruce)*)*                                                                                                                                                                                           
*(*(Alberto)*)*                                                                                                                                                                                         
*(*(Britney)*)*                                                                                                                                                                                         
*(*(Daniel)*)*                                                                                                                                                                                          
*(*(Pat)*)*                                                                                                                                                                                             
*(*(Kevin)*)*                                                                                                                                                                                           
*(*(Jean)*)*                                                                                                                                                                                            
*(*(Tayler)*)*                                                                                                                                                                                          
*(*(Adam)*)*                                                                                                                                                                                            
*(*(Timothy)*)*                                                                                                                                                                                         
*(*(Ki)*)*                                                                                                                                                                                              
*(*(Girard)*)*                                                                                                                                                                                          
*(*(William)*)*                                                                                                                                                                                         
*(*(Douglas)*)*                                                                                                                                                                                         
*(*(Kimberely)*)*                                                                                                                                                                                       
*(*(Nancy)*)*                                                                                                                                                                                           
*(*(Danielle)*)*                                                                                                                                                                                        
*(*(Peter)*)*                                                                                                                                                                                           
*(*(Michael)*)*                                                                                                                                                                                         
*(*(Shelley)*)*                                                                                                                                                                                         
*(*(Guy)*)*                                                                                                                                                                                             
*(*(Alexander)*)*                                                                                                                                                                                       
*(*(Alyssa)*)*                                                                                                                                                                                          
*(*(Charles)*)*                                                                                                                                                                                         
*(*(Vance)*)*                                                                                                                                                                                           
*(*(Payam)*)*                                                                                                                                                                                           
*(*(Alexander)*)*                                                                                                                                                                                       
*(*(Janette)*)*                                                                                                                                                                                         
*(*(Steven)*)*                                                                                                                                                                                          
*(*(Neena)*)*                                                                                                                                                                                           
*(*(Sundita)*)*                                                                                                                                                                                         
*(*(Renske)*)*                                                                                                                                                                                          
*(*(James)*)*                                                                                                                                                                                           
*(*(David)*)*                                                                                                                                                                                           
*(*(Jack)*)*                                                                                                                                                                                            
*(*(Diana)*)*                                                                                                                                                                                           
*(*(Jason)*)*                                                                                                                                                                                           
*(*(Steven)*)*                                                                                                                                                                                          
*(*(James)*)*                                                                                                                                                                                           
*(*(Mattea)*)*                                                                                                                                                                                          
*(*(Randall)*)*                                                                                                                                                                                         
*(*(Susan)*)*                                                                                                                                                                                           
*(*(Samuel)*)*                                                                                                                                                                                          
*(*(Allan)*)*                                                                                                                                                                                           
*(*(Irene)*)*                                                                                                                                                                                           
*(*(Kevin)*)*                                                                                                                                                                                           
*(*(Julia)*)*                                                                                                                                                                                           
*(*(Donald)*)*                                                                                                                                                                                          
*(*(Christopher)*)*                                                                                                                                                                                     
*(*(TJ)*)*                                                                                                                                                                                              
*(*(Lisa)*)*                                                                                                                                                                                            
*(*(Karen)*)*                                                                                                                                                                                           
*(*(Valli)*)*                                                                                                                                                                                           
*(*(Joshua)*)*                                                                                                                                                                                          
*(*(Randall)*)*                                                                                                                                                                                         
*(*(Hazel)*)*                                                                                                                                                                                           
*(*(Luis)*)*                                                                                                                                                                                            
*(*(Trenna)*)*                                                                                                                                                                                          
*(*(Den)*)*                                                                                                                                                                                             
*(*(Michael)*)*                                                                                                                                                                                         
*(*(John)*)*                                                                                                                                                                                            
*(*(Nandita)*)*                                                                                                                                                                                         
*(*(Ismael)*)*                                                                                                                                                                                          
*(*(John)*)*                                                                                                                                                                                            
*(*(Sarath)*)*                                                                                                                                                                                          
*(*(Lindsey)*)*                                                                                                                                                                                         
*(*(William)*)*                                                                                                                                                                                         
*(*(Stephen)*)*                                                                                                                                                                                         
*(*(Martha)*)*                                                                                                                                                                                          
*(*(Patrick)*)*                                                                                                                                                                                         
*(*(Jonathon)*)*                                                                                                                                                                                        
*(*(Winston)*)*                                                                                                                                                                                         
*(*(Sigal)*)*                                                                                                                                                                                           
*(*(Peter)*)*                                                                                                                                                                                           
*(*(Oliver)*)*                                                                                                                                                                                          
*(*(Jose Manuel)*)*                                                                                                                                                                                     
*(*(Peter)*)*                                                                                                                                                                                           
*(*(Clara)*)*                                                                                                                                                                                           
*(*(Shanta)*)*                                                                                                                                                                                          
*(*(Alana)*)*                                                                                                                                                                                           
*(*(Matthew)*)*                                                                                                                                                                                         
*(*(Jennifer)*)*                                                                                                                                                                                        
*(*(Eleni)*)*                                                                                                                                                                                           

107 rows selected.

SQL> select  lpad(first_name,1) || ')*)*' from employees;

LPAD(FIR                                                                                                                                                                                                
--------                                                                                                                                                                                                
E)*)*                                                                                                                                                                                                   
S)*)*                                                                                                                                                                                                   
M)*)*                                                                                                                                                                                                   
D)*)*                                                                                                                                                                                                   
H)*)*                                                                                                                                                                                                   
S)*)*                                                                                                                                                                                                   
A)*)*                                                                                                                                                                                                   
E)*)*                                                                                                                                                                                                   
S)*)*                                                                                                                                                                                                   
D)*)*                                                                                                                                                                                                   
L)*)*                                                                                                                                                                                                   
H)*)*                                                                                                                                                                                                   
A)*)*                                                                                                                                                                                                   
A)*)*                                                                                                                                                                                                   
G)*)*                                                                                                                                                                                                   
N)*)*                                                                                                                                                                                                   
J)*)*                                                                                                                                                                                                   
K)*)*                                                                                                                                                                                                   
K)*)*                                                                                                                                                                                                   
C)*)*                                                                                                                                                                                                   
L)*)*                                                                                                                                                                                                   
J)*)*                                                                                                                                                                                                   
J)*)*                                                                                                                                                                                                   
L)*)*                                                                                                                                                                                                   
B)*)*                                                                                                                                                                                                   
A)*)*                                                                                                                                                                                                   
B)*)*                                                                                                                                                                                                   
D)*)*                                                                                                                                                                                                   
P)*)*                                                                                                                                                                                                   
K)*)*                                                                                                                                                                                                   
J)*)*                                                                                                                                                                                                   
T)*)*                                                                                                                                                                                                   
A)*)*                                                                                                                                                                                                   
T)*)*                                                                                                                                                                                                   
K)*)*                                                                                                                                                                                                   
G)*)*                                                                                                                                                                                                   
W)*)*                                                                                                                                                                                                   
D)*)*                                                                                                                                                                                                   
K)*)*                                                                                                                                                                                                   
N)*)*                                                                                                                                                                                                   
D)*)*                                                                                                                                                                                                   
P)*)*                                                                                                                                                                                                   
M)*)*                                                                                                                                                                                                   
S)*)*                                                                                                                                                                                                   
G)*)*                                                                                                                                                                                                   
A)*)*                                                                                                                                                                                                   
A)*)*                                                                                                                                                                                                   
C)*)*                                                                                                                                                                                                   
V)*)*                                                                                                                                                                                                   
P)*)*                                                                                                                                                                                                   
A)*)*                                                                                                                                                                                                   
J)*)*                                                                                                                                                                                                   
S)*)*                                                                                                                                                                                                   
N)*)*                                                                                                                                                                                                   
S)*)*                                                                                                                                                                                                   
R)*)*                                                                                                                                                                                                   
J)*)*                                                                                                                                                                                                   
D)*)*                                                                                                                                                                                                   
J)*)*                                                                                                                                                                                                   
D)*)*                                                                                                                                                                                                   
J)*)*                                                                                                                                                                                                   
S)*)*                                                                                                                                                                                                   
J)*)*                                                                                                                                                                                                   
M)*)*                                                                                                                                                                                                   
R)*)*                                                                                                                                                                                                   
S)*)*                                                                                                                                                                                                   
S)*)*                                                                                                                                                                                                   
A)*)*                                                                                                                                                                                                   
I)*)*                                                                                                                                                                                                   
K)*)*                                                                                                                                                                                                   
J)*)*                                                                                                                                                                                                   
D)*)*                                                                                                                                                                                                   
C)*)*                                                                                                                                                                                                   
T)*)*                                                                                                                                                                                                   
L)*)*                                                                                                                                                                                                   
K)*)*                                                                                                                                                                                                   
V)*)*                                                                                                                                                                                                   
J)*)*                                                                                                                                                                                                   
R)*)*                                                                                                                                                                                                   
H)*)*                                                                                                                                                                                                   
L)*)*                                                                                                                                                                                                   
T)*)*                                                                                                                                                                                                   
D)*)*                                                                                                                                                                                                   
M)*)*                                                                                                                                                                                                   
J)*)*                                                                                                                                                                                                   
N)*)*                                                                                                                                                                                                   
I)*)*                                                                                                                                                                                                   
J)*)*                                                                                                                                                                                                   
S)*)*                                                                                                                                                                                                   
L)*)*                                                                                                                                                                                                   
W)*)*                                                                                                                                                                                                   
S)*)*                                                                                                                                                                                                   
M)*)*                                                                                                                                                                                                   
P)*)*                                                                                                                                                                                                   
J)*)*                                                                                                                                                                                                   
W)*)*                                                                                                                                                                                                   
S)*)*                                                                                                                                                                                                   
P)*)*                                                                                                                                                                                                   
O)*)*                                                                                                                                                                                                   
J)*)*                                                                                                                                                                                                   
P)*)*                                                                                                                                                                                                   
C)*)*                                                                                                                                                                                                   
S)*)*                                                                                                                                                                                                   
A)*)*                                                                                                                                                                                                   
M)*)*                                                                                                                                                                                                   
J)*)*                                                                                                                                                                                                   
E)*)*                                                                                                                                                                                                   

107 rows selected.

SQL> select  rpad(lpad(first_name,length(first)name)+4,'(*(*(')first_name,length(first_name)+8,')*)*') from employees;
select  rpad(lpad(first_name,length(first)name)+4,'(*(*(')first_name,length(first_name)+8,')*)*') from employees
                                          *
ERROR at line 1:
ORA-00907: missing right parenthesis 


SQL> select  rpad(lpad(first_name,length(first_name)+4,'(*(*(')first_name,length(first_name)+8,')*)*') from employees;
select  rpad(lpad(first_name,length(first_name)+4,'(*(*(')first_name,length(first_name)+8,')*)*') from employees
                                                          *
ERROR at line 1:
ORA-00907: missing right parenthesis 


SQL> select  rpad(lpad(first_name,length(first_name)+4,'(*(*('),first_name,length(first_name)+8,')*)*') from employees;
select  rpad(lpad(first_name,length(first_name)+4,'(*(*('),first_name,length(first_name)+8,')*)*') from employees
                                                                                           *
ERROR at line 1:
ORA-00939: too many arguments for function 


SQL> select  rpad(lpad(first_name,length(first_name)+4,'(*(*('),length(first_name)+8,')*)*') from employees;

RPAD(LPAD(FIRST_NAME,LENGTH(FIRST_NAME)+4,'(*(*('),LENGTH(FIRST_NAME)+8,')*)*')                                                                                                                         
--------------------------------------------------------------------------------------------------------------------------------------------------------------------------------------------------------
(*(*Ellen)*)*                                                                                                                                                                                           
(*(*Sundar)*)*                                                                                                                                                                                          
(*(*Mozhe)*)*                                                                                                                                                                                           
(*(*David)*)*                                                                                                                                                                                           
(*(*Hermann)*)*                                                                                                                                                                                         
(*(*Shelli)*)*                                                                                                                                                                                          
(*(*Amit)*)*                                                                                                                                                                                            
(*(*Elizabeth)*)*                                                                                                                                                                                       
(*(*Sarah)*)*                                                                                                                                                                                           
(*(*David)*)*                                                                                                                                                                                           
(*(*Laura)*)*                                                                                                                                                                                           
(*(*Harrison)*)*                                                                                                                                                                                        
(*(*Alexis)*)*                                                                                                                                                                                          
(*(*Anthony)*)*                                                                                                                                                                                         
(*(*Gerald)*)*                                                                                                                                                                                          
(*(*Nanette)*)*                                                                                                                                                                                         
(*(*John)*)*                                                                                                                                                                                            
(*(*Kelly)*)*                                                                                                                                                                                           
(*(*Karen)*)*                                                                                                                                                                                           
(*(*Curtis)*)*                                                                                                                                                                                          
(*(*Lex)*)*                                                                                                                                                                                             
(*(*Julia)*)*                                                                                                                                                                                           
(*(*Jennifer)*)*                                                                                                                                                                                        
(*(*Louise)*)*                                                                                                                                                                                          
(*(*Bruce)*)*                                                                                                                                                                                           
(*(*Alberto)*)*                                                                                                                                                                                         
(*(*Britney)*)*                                                                                                                                                                                         
(*(*Daniel)*)*                                                                                                                                                                                          
(*(*Pat)*)*                                                                                                                                                                                             
(*(*Kevin)*)*                                                                                                                                                                                           
(*(*Jean)*)*                                                                                                                                                                                            
(*(*Tayler)*)*                                                                                                                                                                                          
(*(*Adam)*)*                                                                                                                                                                                            
(*(*Timothy)*)*                                                                                                                                                                                         
(*(*Ki)*)*                                                                                                                                                                                              
(*(*Girard)*)*                                                                                                                                                                                          
(*(*William)*)*                                                                                                                                                                                         
(*(*Douglas)*)*                                                                                                                                                                                         
(*(*Kimberely)*)*                                                                                                                                                                                       
(*(*Nancy)*)*                                                                                                                                                                                           
(*(*Danielle)*)*                                                                                                                                                                                        
(*(*Peter)*)*                                                                                                                                                                                           
(*(*Michael)*)*                                                                                                                                                                                         
(*(*Shelley)*)*                                                                                                                                                                                         
(*(*Guy)*)*                                                                                                                                                                                             
(*(*Alexander)*)*                                                                                                                                                                                       
(*(*Alyssa)*)*                                                                                                                                                                                          
(*(*Charles)*)*                                                                                                                                                                                         
(*(*Vance)*)*                                                                                                                                                                                           
(*(*Payam)*)*                                                                                                                                                                                           
(*(*Alexander)*)*                                                                                                                                                                                       
(*(*Janette)*)*                                                                                                                                                                                         
(*(*Steven)*)*                                                                                                                                                                                          
(*(*Neena)*)*                                                                                                                                                                                           
(*(*Sundita)*)*                                                                                                                                                                                         
(*(*Renske)*)*                                                                                                                                                                                          
(*(*James)*)*                                                                                                                                                                                           
(*(*David)*)*                                                                                                                                                                                           
(*(*Jack)*)*                                                                                                                                                                                            
(*(*Diana)*)*                                                                                                                                                                                           
(*(*Jason)*)*                                                                                                                                                                                           
(*(*Steven)*)*                                                                                                                                                                                          
(*(*James)*)*                                                                                                                                                                                           
(*(*Mattea)*)*                                                                                                                                                                                          
(*(*Randall)*)*                                                                                                                                                                                         
(*(*Susan)*)*                                                                                                                                                                                           
(*(*Samuel)*)*                                                                                                                                                                                          
(*(*Allan)*)*                                                                                                                                                                                           
(*(*Irene)*)*                                                                                                                                                                                           
(*(*Kevin)*)*                                                                                                                                                                                           
(*(*Julia)*)*                                                                                                                                                                                           
(*(*Donald)*)*                                                                                                                                                                                          
(*(*Christopher)*)*                                                                                                                                                                                     
(*(*TJ)*)*                                                                                                                                                                                              
(*(*Lisa)*)*                                                                                                                                                                                            
(*(*Karen)*)*                                                                                                                                                                                           
(*(*Valli)*)*                                                                                                                                                                                           
(*(*Joshua)*)*                                                                                                                                                                                          
(*(*Randall)*)*                                                                                                                                                                                         
(*(*Hazel)*)*                                                                                                                                                                                           
(*(*Luis)*)*                                                                                                                                                                                            
(*(*Trenna)*)*                                                                                                                                                                                          
(*(*Den)*)*                                                                                                                                                                                             
(*(*Michael)*)*                                                                                                                                                                                         
(*(*John)*)*                                                                                                                                                                                            
(*(*Nandita)*)*                                                                                                                                                                                         
(*(*Ismael)*)*                                                                                                                                                                                          
(*(*John)*)*                                                                                                                                                                                            
(*(*Sarath)*)*                                                                                                                                                                                          
(*(*Lindsey)*)*                                                                                                                                                                                         
(*(*William)*)*                                                                                                                                                                                         
(*(*Stephen)*)*                                                                                                                                                                                         
(*(*Martha)*)*                                                                                                                                                                                          
(*(*Patrick)*)*                                                                                                                                                                                         
(*(*Jonathon)*)*                                                                                                                                                                                        
(*(*Winston)*)*                                                                                                                                                                                         
(*(*Sigal)*)*                                                                                                                                                                                           
(*(*Peter)*)*                                                                                                                                                                                           
(*(*Oliver)*)*                                                                                                                                                                                          
(*(*Jose Manuel)*)*                                                                                                                                                                                     
(*(*Peter)*)*                                                                                                                                                                                           
(*(*Clara)*)*                                                                                                                                                                                           
(*(*Shanta)*)*                                                                                                                                                                                          
(*(*Alana)*)*                                                                                                                                                                                           
(*(*Matthew)*)*                                                                                                                                                                                         
(*(*Jennifer)*)*                                                                                                                                                                                        
(*(*Eleni)*)*                                                                                                                                                                                           

107 rows selected.

SQL> select  rpad(lpad(first_name,length(first_name)+1,),length(first_name)+8,')*)*') from employees;
select  rpad(lpad(first_name,length(first_name)+1,),length(first_name)+8,')*)*') from employees
                                                  *
ERROR at line 1:
ORA-00936: missing expression 


SQL> select  rpad(lpad(first_name,length(first_name)+1),length(first_name)+8,')*)*') from employees;

RPAD(LPAD(FIRST_NAME,LENGTH(FIRST_NAME)+1),LENGTH(FIRST_NAME)+8,')*)*')                                                                                                                                 
--------------------------------------------------------------------------------------------------------------------------------------------------------------------------------------------------------
 Ellen)*)*)*)                                                                                                                                                                                           
 Sundar)*)*)*)                                                                                                                                                                                          
 Mozhe)*)*)*)                                                                                                                                                                                           
 David)*)*)*)                                                                                                                                                                                           
 Hermann)*)*)*)                                                                                                                                                                                         
 Shelli)*)*)*)                                                                                                                                                                                          
 Amit)*)*)*)                                                                                                                                                                                            
 Elizabeth)*)*)*)                                                                                                                                                                                       
 Sarah)*)*)*)                                                                                                                                                                                           
 David)*)*)*)                                                                                                                                                                                           
 Laura)*)*)*)                                                                                                                                                                                           
 Harrison)*)*)*)                                                                                                                                                                                        
 Alexis)*)*)*)                                                                                                                                                                                          
 Anthony)*)*)*)                                                                                                                                                                                         
 Gerald)*)*)*)                                                                                                                                                                                          
 Nanette)*)*)*)                                                                                                                                                                                         
 John)*)*)*)                                                                                                                                                                                            
 Kelly)*)*)*)                                                                                                                                                                                           
 Karen)*)*)*)                                                                                                                                                                                           
 Curtis)*)*)*)                                                                                                                                                                                          
 Lex)*)*)*)                                                                                                                                                                                             
 Julia)*)*)*)                                                                                                                                                                                           
 Jennifer)*)*)*)                                                                                                                                                                                        
 Louise)*)*)*)                                                                                                                                                                                          
 Bruce)*)*)*)                                                                                                                                                                                           
 Alberto)*)*)*)                                                                                                                                                                                         
 Britney)*)*)*)                                                                                                                                                                                         
 Daniel)*)*)*)                                                                                                                                                                                          
 Pat)*)*)*)                                                                                                                                                                                             
 Kevin)*)*)*)                                                                                                                                                                                           
 Jean)*)*)*)                                                                                                                                                                                            
 Tayler)*)*)*)                                                                                                                                                                                          
 Adam)*)*)*)                                                                                                                                                                                            
 Timothy)*)*)*)                                                                                                                                                                                         
 Ki)*)*)*)                                                                                                                                                                                              
 Girard)*)*)*)                                                                                                                                                                                          
 William)*)*)*)                                                                                                                                                                                         
 Douglas)*)*)*)                                                                                                                                                                                         
 Kimberely)*)*)*)                                                                                                                                                                                       
 Nancy)*)*)*)                                                                                                                                                                                           
 Danielle)*)*)*)                                                                                                                                                                                        
 Peter)*)*)*)                                                                                                                                                                                           
 Michael)*)*)*)                                                                                                                                                                                         
 Shelley)*)*)*)                                                                                                                                                                                         
 Guy)*)*)*)                                                                                                                                                                                             
 Alexander)*)*)*)                                                                                                                                                                                       
 Alyssa)*)*)*)                                                                                                                                                                                          
 Charles)*)*)*)                                                                                                                                                                                         
 Vance)*)*)*)                                                                                                                                                                                           
 Payam)*)*)*)                                                                                                                                                                                           
 Alexander)*)*)*)                                                                                                                                                                                       
 Janette)*)*)*)                                                                                                                                                                                         
 Steven)*)*)*)                                                                                                                                                                                          
 Neena)*)*)*)                                                                                                                                                                                           
 Sundita)*)*)*)                                                                                                                                                                                         
 Renske)*)*)*)                                                                                                                                                                                          
 James)*)*)*)                                                                                                                                                                                           
 David)*)*)*)                                                                                                                                                                                           
 Jack)*)*)*)                                                                                                                                                                                            
 Diana)*)*)*)                                                                                                                                                                                           
 Jason)*)*)*)                                                                                                                                                                                           
 Steven)*)*)*)                                                                                                                                                                                          
 James)*)*)*)                                                                                                                                                                                           
 Mattea)*)*)*)                                                                                                                                                                                          
 Randall)*)*)*)                                                                                                                                                                                         
 Susan)*)*)*)                                                                                                                                                                                           
 Samuel)*)*)*)                                                                                                                                                                                          
 Allan)*)*)*)                                                                                                                                                                                           
 Irene)*)*)*)                                                                                                                                                                                           
 Kevin)*)*)*)                                                                                                                                                                                           
 Julia)*)*)*)                                                                                                                                                                                           
 Donald)*)*)*)                                                                                                                                                                                          
 Christopher)*)*)*)                                                                                                                                                                                     
 TJ)*)*)*)                                                                                                                                                                                              
 Lisa)*)*)*)                                                                                                                                                                                            
 Karen)*)*)*)                                                                                                                                                                                           
 Valli)*)*)*)                                                                                                                                                                                           
 Joshua)*)*)*)                                                                                                                                                                                          
 Randall)*)*)*)                                                                                                                                                                                         
 Hazel)*)*)*)                                                                                                                                                                                           
 Luis)*)*)*)                                                                                                                                                                                            
 Trenna)*)*)*)                                                                                                                                                                                          
 Den)*)*)*)                                                                                                                                                                                             
 Michael)*)*)*)                                                                                                                                                                                         
 John)*)*)*)                                                                                                                                                                                            
 Nandita)*)*)*)                                                                                                                                                                                         
 Ismael)*)*)*)                                                                                                                                                                                          
 John)*)*)*)                                                                                                                                                                                            
 Sarath)*)*)*)                                                                                                                                                                                          
 Lindsey)*)*)*)                                                                                                                                                                                         
 William)*)*)*)                                                                                                                                                                                         
 Stephen)*)*)*)                                                                                                                                                                                         
 Martha)*)*)*)                                                                                                                                                                                          
 Patrick)*)*)*)                                                                                                                                                                                         
 Jonathon)*)*)*)                                                                                                                                                                                        
 Winston)*)*)*)                                                                                                                                                                                         
 Sigal)*)*)*)                                                                                                                                                                                           
 Peter)*)*)*)                                                                                                                                                                                           
 Oliver)*)*)*)                                                                                                                                                                                          
 Jose Manuel)*)*)*)                                                                                                                                                                                     
 Peter)*)*)*)                                                                                                                                                                                           
 Clara)*)*)*)                                                                                                                                                                                           
 Shanta)*)*)*)                                                                                                                                                                                          
 Alana)*)*)*)                                                                                                                                                                                           
 Matthew)*)*)*)                                                                                                                                                                                         
 Jennifer)*)*)*)                                                                                                                                                                                        
 Eleni)*)*)*)                                                                                                                                                                                           

107 rows selected.

SQL> select  rpad(lpad(first_name,length(first_name)+4),length(first_name)+8,')*)*') from employees;

RPAD(LPAD(FIRST_NAME,LENGTH(FIRST_NAME)+4),LENGTH(FIRST_NAME)+8,')*)*')                                                                                                                                 
--------------------------------------------------------------------------------------------------------------------------------------------------------------------------------------------------------
    Ellen)*)*                                                                                                                                                                                           
    Sundar)*)*                                                                                                                                                                                          
    Mozhe)*)*                                                                                                                                                                                           
    David)*)*                                                                                                                                                                                           
    Hermann)*)*                                                                                                                                                                                         
    Shelli)*)*                                                                                                                                                                                          
    Amit)*)*                                                                                                                                                                                            
    Elizabeth)*)*                                                                                                                                                                                       
    Sarah)*)*                                                                                                                                                                                           
    David)*)*                                                                                                                                                                                           
    Laura)*)*                                                                                                                                                                                           
    Harrison)*)*                                                                                                                                                                                        
    Alexis)*)*                                                                                                                                                                                          
    Anthony)*)*                                                                                                                                                                                         
    Gerald)*)*                                                                                                                                                                                          
    Nanette)*)*                                                                                                                                                                                         
    John)*)*                                                                                                                                                                                            
    Kelly)*)*                                                                                                                                                                                           
    Karen)*)*                                                                                                                                                                                           
    Curtis)*)*                                                                                                                                                                                          
    Lex)*)*                                                                                                                                                                                             
    Julia)*)*                                                                                                                                                                                           
    Jennifer)*)*                                                                                                                                                                                        
    Louise)*)*                                                                                                                                                                                          
    Bruce)*)*                                                                                                                                                                                           
    Alberto)*)*                                                                                                                                                                                         
    Britney)*)*                                                                                                                                                                                         
    Daniel)*)*                                                                                                                                                                                          
    Pat)*)*                                                                                                                                                                                             
    Kevin)*)*                                                                                                                                                                                           
    Jean)*)*                                                                                                                                                                                            
    Tayler)*)*                                                                                                                                                                                          
    Adam)*)*                                                                                                                                                                                            
    Timothy)*)*                                                                                                                                                                                         
    Ki)*)*                                                                                                                                                                                              
    Girard)*)*                                                                                                                                                                                          
    William)*)*                                                                                                                                                                                         
    Douglas)*)*                                                                                                                                                                                         
    Kimberely)*)*                                                                                                                                                                                       
    Nancy)*)*                                                                                                                                                                                           
    Danielle)*)*                                                                                                                                                                                        
    Peter)*)*                                                                                                                                                                                           
    Michael)*)*                                                                                                                                                                                         
    Shelley)*)*                                                                                                                                                                                         
    Guy)*)*                                                                                                                                                                                             
    Alexander)*)*                                                                                                                                                                                       
    Alyssa)*)*                                                                                                                                                                                          
    Charles)*)*                                                                                                                                                                                         
    Vance)*)*                                                                                                                                                                                           
    Payam)*)*                                                                                                                                                                                           
    Alexander)*)*                                                                                                                                                                                       
    Janette)*)*                                                                                                                                                                                         
    Steven)*)*                                                                                                                                                                                          
    Neena)*)*                                                                                                                                                                                           
    Sundita)*)*                                                                                                                                                                                         
    Renske)*)*                                                                                                                                                                                          
    James)*)*                                                                                                                                                                                           
    David)*)*                                                                                                                                                                                           
    Jack)*)*                                                                                                                                                                                            
    Diana)*)*                                                                                                                                                                                           
    Jason)*)*                                                                                                                                                                                           
    Steven)*)*                                                                                                                                                                                          
    James)*)*                                                                                                                                                                                           
    Mattea)*)*                                                                                                                                                                                          
    Randall)*)*                                                                                                                                                                                         
    Susan)*)*                                                                                                                                                                                           
    Samuel)*)*                                                                                                                                                                                          
    Allan)*)*                                                                                                                                                                                           
    Irene)*)*                                                                                                                                                                                           
    Kevin)*)*                                                                                                                                                                                           
    Julia)*)*                                                                                                                                                                                           
    Donald)*)*                                                                                                                                                                                          
    Christopher)*)*                                                                                                                                                                                     
    TJ)*)*                                                                                                                                                                                              
    Lisa)*)*                                                                                                                                                                                            
    Karen)*)*                                                                                                                                                                                           
    Valli)*)*                                                                                                                                                                                           
    Joshua)*)*                                                                                                                                                                                          
    Randall)*)*                                                                                                                                                                                         
    Hazel)*)*                                                                                                                                                                                           
    Luis)*)*                                                                                                                                                                                            
    Trenna)*)*                                                                                                                                                                                          
    Den)*)*                                                                                                                                                                                             
    Michael)*)*                                                                                                                                                                                         
    John)*)*                                                                                                                                                                                            
    Nandita)*)*                                                                                                                                                                                         
    Ismael)*)*                                                                                                                                                                                          
    John)*)*                                                                                                                                                                                            
    Sarath)*)*                                                                                                                                                                                          
    Lindsey)*)*                                                                                                                                                                                         
    William)*)*                                                                                                                                                                                         
    Stephen)*)*                                                                                                                                                                                         
    Martha)*)*                                                                                                                                                                                          
    Patrick)*)*                                                                                                                                                                                         
    Jonathon)*)*                                                                                                                                                                                        
    Winston)*)*                                                                                                                                                                                         
    Sigal)*)*                                                                                                                                                                                           
    Peter)*)*                                                                                                                                                                                           
    Oliver)*)*                                                                                                                                                                                          
    Jose Manuel)*)*                                                                                                                                                                                     
    Peter)*)*                                                                                                                                                                                           
    Clara)*)*                                                                                                                                                                                           
    Shanta)*)*                                                                                                                                                                                          
    Alana)*)*                                                                                                                                                                                           
    Matthew)*)*                                                                                                                                                                                         
    Jennifer)*)*                                                                                                                                                                                        
    Eleni)*)*                                                                                                                                                                                           

107 rows selected.

SQL> select  rpad(lpad(first_name,length(first_name)+1),length(first_name)+4,')*)*') from employees;

RPAD(LPAD(FIRST_NAME,LENGTH(FIRST_NAME)+1),LENGTH(FIRST_NAME)+4,')*)*')                                                                                                                                 
--------------------------------------------------------------------------------------------------------------------------------------------------------------------------------------------------------
 Ellen)*)                                                                                                                                                                                               
 Sundar)*)                                                                                                                                                                                              
 Mozhe)*)                                                                                                                                                                                               
 David)*)                                                                                                                                                                                               
 Hermann)*)                                                                                                                                                                                             
 Shelli)*)                                                                                                                                                                                              
 Amit)*)                                                                                                                                                                                                
 Elizabeth)*)                                                                                                                                                                                           
 Sarah)*)                                                                                                                                                                                               
 David)*)                                                                                                                                                                                               
 Laura)*)                                                                                                                                                                                               
 Harrison)*)                                                                                                                                                                                            
 Alexis)*)                                                                                                                                                                                              
 Anthony)*)                                                                                                                                                                                             
 Gerald)*)                                                                                                                                                                                              
 Nanette)*)                                                                                                                                                                                             
 John)*)                                                                                                                                                                                                
 Kelly)*)                                                                                                                                                                                               
 Karen)*)                                                                                                                                                                                               
 Curtis)*)                                                                                                                                                                                              
 Lex)*)                                                                                                                                                                                                 
 Julia)*)                                                                                                                                                                                               
 Jennifer)*)                                                                                                                                                                                            
 Louise)*)                                                                                                                                                                                              
 Bruce)*)                                                                                                                                                                                               
 Alberto)*)                                                                                                                                                                                             
 Britney)*)                                                                                                                                                                                             
 Daniel)*)                                                                                                                                                                                              
 Pat)*)                                                                                                                                                                                                 
 Kevin)*)                                                                                                                                                                                               
 Jean)*)                                                                                                                                                                                                
 Tayler)*)                                                                                                                                                                                              
 Adam)*)                                                                                                                                                                                                
 Timothy)*)                                                                                                                                                                                             
 Ki)*)                                                                                                                                                                                                  
 Girard)*)                                                                                                                                                                                              
 William)*)                                                                                                                                                                                             
 Douglas)*)                                                                                                                                                                                             
 Kimberely)*)                                                                                                                                                                                           
 Nancy)*)                                                                                                                                                                                               
 Danielle)*)                                                                                                                                                                                            
 Peter)*)                                                                                                                                                                                               
 Michael)*)                                                                                                                                                                                             
 Shelley)*)                                                                                                                                                                                             
 Guy)*)                                                                                                                                                                                                 
 Alexander)*)                                                                                                                                                                                           
 Alyssa)*)                                                                                                                                                                                              
 Charles)*)                                                                                                                                                                                             
 Vance)*)                                                                                                                                                                                               
 Payam)*)                                                                                                                                                                                               
 Alexander)*)                                                                                                                                                                                           
 Janette)*)                                                                                                                                                                                             
 Steven)*)                                                                                                                                                                                              
 Neena)*)                                                                                                                                                                                               
 Sundita)*)                                                                                                                                                                                             
 Renske)*)                                                                                                                                                                                              
 James)*)                                                                                                                                                                                               
 David)*)                                                                                                                                                                                               
 Jack)*)                                                                                                                                                                                                
 Diana)*)                                                                                                                                                                                               
 Jason)*)                                                                                                                                                                                               
 Steven)*)                                                                                                                                                                                              
 James)*)                                                                                                                                                                                               
 Mattea)*)                                                                                                                                                                                              
 Randall)*)                                                                                                                                                                                             
 Susan)*)                                                                                                                                                                                               
 Samuel)*)                                                                                                                                                                                              
 Allan)*)                                                                                                                                                                                               
 Irene)*)                                                                                                                                                                                               
 Kevin)*)                                                                                                                                                                                               
 Julia)*)                                                                                                                                                                                               
 Donald)*)                                                                                                                                                                                              
 Christopher)*)                                                                                                                                                                                         
 TJ)*)                                                                                                                                                                                                  
 Lisa)*)                                                                                                                                                                                                
 Karen)*)                                                                                                                                                                                               
 Valli)*)                                                                                                                                                                                               
 Joshua)*)                                                                                                                                                                                              
 Randall)*)                                                                                                                                                                                             
 Hazel)*)                                                                                                                                                                                               
 Luis)*)                                                                                                                                                                                                
 Trenna)*)                                                                                                                                                                                              
 Den)*)                                                                                                                                                                                                 
 Michael)*)                                                                                                                                                                                             
 John)*)                                                                                                                                                                                                
 Nandita)*)                                                                                                                                                                                             
 Ismael)*)                                                                                                                                                                                              
 John)*)                                                                                                                                                                                                
 Sarath)*)                                                                                                                                                                                              
 Lindsey)*)                                                                                                                                                                                             
 William)*)                                                                                                                                                                                             
 Stephen)*)                                                                                                                                                                                             
 Martha)*)                                                                                                                                                                                              
 Patrick)*)                                                                                                                                                                                             
 Jonathon)*)                                                                                                                                                                                            
 Winston)*)                                                                                                                                                                                             
 Sigal)*)                                                                                                                                                                                               
 Peter)*)                                                                                                                                                                                               
 Oliver)*)                                                                                                                                                                                              
 Jose Manuel)*)                                                                                                                                                                                         
 Peter)*)                                                                                                                                                                                               
 Clara)*)                                                                                                                                                                                               
 Shanta)*)                                                                                                                                                                                              
 Alana)*)                                                                                                                                                                                               
 Matthew)*)                                                                                                                                                                                             
 Jennifer)*)                                                                                                                                                                                            
 Eleni)*)                                                                                                                                                                                               

107 rows selected.

SQL> select lpad(first_name,1) || '**11' from employees;

LPAD(FIR                                                                                                                                                                                                
--------                                                                                                                                                                                                
E**11                                                                                                                                                                                                   
S**11                                                                                                                                                                                                   
M**11                                                                                                                                                                                                   
D**11                                                                                                                                                                                                   
H**11                                                                                                                                                                                                   
S**11                                                                                                                                                                                                   
A**11                                                                                                                                                                                                   
E**11                                                                                                                                                                                                   
S**11                                                                                                                                                                                                   
D**11                                                                                                                                                                                                   
L**11                                                                                                                                                                                                   
H**11                                                                                                                                                                                                   
A**11                                                                                                                                                                                                   
A**11                                                                                                                                                                                                   
G**11                                                                                                                                                                                                   
N**11                                                                                                                                                                                                   
J**11                                                                                                                                                                                                   
K**11                                                                                                                                                                                                   
K**11                                                                                                                                                                                                   
C**11                                                                                                                                                                                                   
L**11                                                                                                                                                                                                   
J**11                                                                                                                                                                                                   
J**11                                                                                                                                                                                                   
L**11                                                                                                                                                                                                   
B**11                                                                                                                                                                                                   
A**11                                                                                                                                                                                                   
B**11                                                                                                                                                                                                   
D**11                                                                                                                                                                                                   
P**11                                                                                                                                                                                                   
K**11                                                                                                                                                                                                   
J**11                                                                                                                                                                                                   
T**11                                                                                                                                                                                                   
A**11                                                                                                                                                                                                   
T**11                                                                                                                                                                                                   
K**11                                                                                                                                                                                                   
G**11                                                                                                                                                                                                   
W**11                                                                                                                                                                                                   
D**11                                                                                                                                                                                                   
K**11                                                                                                                                                                                                   
N**11                                                                                                                                                                                                   
D**11                                                                                                                                                                                                   
P**11                                                                                                                                                                                                   
M**11                                                                                                                                                                                                   
S**11                                                                                                                                                                                                   
G**11                                                                                                                                                                                                   
A**11                                                                                                                                                                                                   
A**11                                                                                                                                                                                                   
C**11                                                                                                                                                                                                   
V**11                                                                                                                                                                                                   
P**11                                                                                                                                                                                                   
A**11                                                                                                                                                                                                   
J**11                                                                                                                                                                                                   
S**11                                                                                                                                                                                                   
N**11                                                                                                                                                                                                   
S**11                                                                                                                                                                                                   
R**11                                                                                                                                                                                                   
J**11                                                                                                                                                                                                   
D**11                                                                                                                                                                                                   
J**11                                                                                                                                                                                                   
D**11                                                                                                                                                                                                   
J**11                                                                                                                                                                                                   
S**11                                                                                                                                                                                                   
J**11                                                                                                                                                                                                   
M**11                                                                                                                                                                                                   
R**11                                                                                                                                                                                                   
S**11                                                                                                                                                                                                   
S**11                                                                                                                                                                                                   
A**11                                                                                                                                                                                                   
I**11                                                                                                                                                                                                   
K**11                                                                                                                                                                                                   
J**11                                                                                                                                                                                                   
D**11                                                                                                                                                                                                   
C**11                                                                                                                                                                                                   
T**11                                                                                                                                                                                                   
L**11                                                                                                                                                                                                   
K**11                                                                                                                                                                                                   
V**11                                                                                                                                                                                                   
J**11                                                                                                                                                                                                   
R**11                                                                                                                                                                                                   
H**11                                                                                                                                                                                                   
L**11                                                                                                                                                                                                   
T**11                                                                                                                                                                                                   
D**11                                                                                                                                                                                                   
M**11                                                                                                                                                                                                   
J**11                                                                                                                                                                                                   
N**11                                                                                                                                                                                                   
I**11                                                                                                                                                                                                   
J**11                                                                                                                                                                                                   
S**11                                                                                                                                                                                                   
L**11                                                                                                                                                                                                   
W**11                                                                                                                                                                                                   
S**11                                                                                                                                                                                                   
M**11                                                                                                                                                                                                   
P**11                                                                                                                                                                                                   
J**11                                                                                                                                                                                                   
W**11                                                                                                                                                                                                   
S**11                                                                                                                                                                                                   
P**11                                                                                                                                                                                                   
O**11                                                                                                                                                                                                   
J**11                                                                                                                                                                                                   
P**11                                                                                                                                                                                                   
C**11                                                                                                                                                                                                   
S**11                                                                                                                                                                                                   
A**11                                                                                                                                                                                                   
M**11                                                                                                                                                                                                   
J**11                                                                                                                                                                                                   
E**11                                                                                                                                                                                                   

107 rows selected.

SQL> select substr(replace(lpad(first_name,1) || '*)*)','*'),0,3)  from employees;

SUBSTR(REPLA                                                                                                                                                                                            
------------                                                                                                                                                                                            
E))                                                                                                                                                                                                     
S))                                                                                                                                                                                                     
M))                                                                                                                                                                                                     
D))                                                                                                                                                                                                     
H))                                                                                                                                                                                                     
S))                                                                                                                                                                                                     
A))                                                                                                                                                                                                     
E))                                                                                                                                                                                                     
S))                                                                                                                                                                                                     
D))                                                                                                                                                                                                     
L))                                                                                                                                                                                                     
H))                                                                                                                                                                                                     
A))                                                                                                                                                                                                     
A))                                                                                                                                                                                                     
G))                                                                                                                                                                                                     
N))                                                                                                                                                                                                     
J))                                                                                                                                                                                                     
K))                                                                                                                                                                                                     
K))                                                                                                                                                                                                     
C))                                                                                                                                                                                                     
L))                                                                                                                                                                                                     
J))                                                                                                                                                                                                     
J))                                                                                                                                                                                                     
L))                                                                                                                                                                                                     
B))                                                                                                                                                                                                     
A))                                                                                                                                                                                                     
B))                                                                                                                                                                                                     
D))                                                                                                                                                                                                     
P))                                                                                                                                                                                                     
K))                                                                                                                                                                                                     
J))                                                                                                                                                                                                     
T))                                                                                                                                                                                                     
A))                                                                                                                                                                                                     
T))                                                                                                                                                                                                     
K))                                                                                                                                                                                                     
G))                                                                                                                                                                                                     
W))                                                                                                                                                                                                     
D))                                                                                                                                                                                                     
K))                                                                                                                                                                                                     
N))                                                                                                                                                                                                     
D))                                                                                                                                                                                                     
P))                                                                                                                                                                                                     
M))                                                                                                                                                                                                     
S))                                                                                                                                                                                                     
G))                                                                                                                                                                                                     
A))                                                                                                                                                                                                     
A))                                                                                                                                                                                                     
C))                                                                                                                                                                                                     
V))                                                                                                                                                                                                     
P))                                                                                                                                                                                                     
A))                                                                                                                                                                                                     
J))                                                                                                                                                                                                     
S))                                                                                                                                                                                                     
N))                                                                                                                                                                                                     
S))                                                                                                                                                                                                     
R))                                                                                                                                                                                                     
J))                                                                                                                                                                                                     
D))                                                                                                                                                                                                     
J))                                                                                                                                                                                                     
D))                                                                                                                                                                                                     
J))                                                                                                                                                                                                     
S))                                                                                                                                                                                                     
J))                                                                                                                                                                                                     
M))                                                                                                                                                                                                     
R))                                                                                                                                                                                                     
S))                                                                                                                                                                                                     
S))                                                                                                                                                                                                     
A))                                                                                                                                                                                                     
I))                                                                                                                                                                                                     
K))                                                                                                                                                                                                     
J))                                                                                                                                                                                                     
D))                                                                                                                                                                                                     
C))                                                                                                                                                                                                     
T))                                                                                                                                                                                                     
L))                                                                                                                                                                                                     
K))                                                                                                                                                                                                     
V))                                                                                                                                                                                                     
J))                                                                                                                                                                                                     
R))                                                                                                                                                                                                     
H))                                                                                                                                                                                                     
L))                                                                                                                                                                                                     
T))                                                                                                                                                                                                     
D))                                                                                                                                                                                                     
M))                                                                                                                                                                                                     
J))                                                                                                                                                                                                     
N))                                                                                                                                                                                                     
I))                                                                                                                                                                                                     
J))                                                                                                                                                                                                     
S))                                                                                                                                                                                                     
L))                                                                                                                                                                                                     
W))                                                                                                                                                                                                     
S))                                                                                                                                                                                                     
M))                                                                                                                                                                                                     
P))                                                                                                                                                                                                     
J))                                                                                                                                                                                                     
W))                                                                                                                                                                                                     
S))                                                                                                                                                                                                     
P))                                                                                                                                                                                                     
O))                                                                                                                                                                                                     
J))                                                                                                                                                                                                     
P))                                                                                                                                                                                                     
C))                                                                                                                                                                                                     
S))                                                                                                                                                                                                     
A))                                                                                                                                                                                                     
M))                                                                                                                                                                                                     
J))                                                                                                                                                                                                     
E))                                                                                                                                                                                                     

107 rows selected.

SQL> select substr(replace(lpad(first_name,1) || '*)*)','1'),0,3)  from employees;

SUBSTR(REPLA                                                                                                                                                                                            
------------                                                                                                                                                                                            
E*)                                                                                                                                                                                                     
S*)                                                                                                                                                                                                     
M*)                                                                                                                                                                                                     
D*)                                                                                                                                                                                                     
H*)                                                                                                                                                                                                     
S*)                                                                                                                                                                                                     
A*)                                                                                                                                                                                                     
E*)                                                                                                                                                                                                     
S*)                                                                                                                                                                                                     
D*)                                                                                                                                                                                                     
L*)                                                                                                                                                                                                     
H*)                                                                                                                                                                                                     
A*)                                                                                                                                                                                                     
A*)                                                                                                                                                                                                     
G*)                                                                                                                                                                                                     
N*)                                                                                                                                                                                                     
J*)                                                                                                                                                                                                     
K*)                                                                                                                                                                                                     
K*)                                                                                                                                                                                                     
C*)                                                                                                                                                                                                     
L*)                                                                                                                                                                                                     
J*)                                                                                                                                                                                                     
J*)                                                                                                                                                                                                     
L*)                                                                                                                                                                                                     
B*)                                                                                                                                                                                                     
A*)                                                                                                                                                                                                     
B*)                                                                                                                                                                                                     
D*)                                                                                                                                                                                                     
P*)                                                                                                                                                                                                     
K*)                                                                                                                                                                                                     
J*)                                                                                                                                                                                                     
T*)                                                                                                                                                                                                     
A*)                                                                                                                                                                                                     
T*)                                                                                                                                                                                                     
K*)                                                                                                                                                                                                     
G*)                                                                                                                                                                                                     
W*)                                                                                                                                                                                                     
D*)                                                                                                                                                                                                     
K*)                                                                                                                                                                                                     
N*)                                                                                                                                                                                                     
D*)                                                                                                                                                                                                     
P*)                                                                                                                                                                                                     
M*)                                                                                                                                                                                                     
S*)                                                                                                                                                                                                     
G*)                                                                                                                                                                                                     
A*)                                                                                                                                                                                                     
A*)                                                                                                                                                                                                     
C*)                                                                                                                                                                                                     
V*)                                                                                                                                                                                                     
P*)                                                                                                                                                                                                     
A*)                                                                                                                                                                                                     
J*)                                                                                                                                                                                                     
S*)                                                                                                                                                                                                     
N*)                                                                                                                                                                                                     
S*)                                                                                                                                                                                                     
R*)                                                                                                                                                                                                     
J*)                                                                                                                                                                                                     
D*)                                                                                                                                                                                                     
J*)                                                                                                                                                                                                     
D*)                                                                                                                                                                                                     
J*)                                                                                                                                                                                                     
S*)                                                                                                                                                                                                     
J*)                                                                                                                                                                                                     
M*)                                                                                                                                                                                                     
R*)                                                                                                                                                                                                     
S*)                                                                                                                                                                                                     
S*)                                                                                                                                                                                                     
A*)                                                                                                                                                                                                     
I*)                                                                                                                                                                                                     
K*)                                                                                                                                                                                                     
J*)                                                                                                                                                                                                     
D*)                                                                                                                                                                                                     
C*)                                                                                                                                                                                                     
T*)                                                                                                                                                                                                     
L*)                                                                                                                                                                                                     
K*)                                                                                                                                                                                                     
V*)                                                                                                                                                                                                     
J*)                                                                                                                                                                                                     
R*)                                                                                                                                                                                                     
H*)                                                                                                                                                                                                     
L*)                                                                                                                                                                                                     
T*)                                                                                                                                                                                                     
D*)                                                                                                                                                                                                     
M*)                                                                                                                                                                                                     
J*)                                                                                                                                                                                                     
N*)                                                                                                                                                                                                     
I*)                                                                                                                                                                                                     
J*)                                                                                                                                                                                                     
S*)                                                                                                                                                                                                     
L*)                                                                                                                                                                                                     
W*)                                                                                                                                                                                                     
S*)                                                                                                                                                                                                     
M*)                                                                                                                                                                                                     
P*)                                                                                                                                                                                                     
J*)                                                                                                                                                                                                     
W*)                                                                                                                                                                                                     
S*)                                                                                                                                                                                                     
P*)                                                                                                                                                                                                     
O*)                                                                                                                                                                                                     
J*)                                                                                                                                                                                                     
P*)                                                                                                                                                                                                     
C*)                                                                                                                                                                                                     
S*)                                                                                                                                                                                                     
A*)                                                                                                                                                                                                     
M*)                                                                                                                                                                                                     
J*)                                                                                                                                                                                                     
E*)                                                                                                                                                                                                     

107 rows selected.

SQL> select substr(replace(lpad(first_name,1), '*)*)','*'),0,3)  from employees;

SUBSTR(REPLA                                                                                                                                                                                            
------------                                                                                                                                                                                            
E                                                                                                                                                                                                       
S                                                                                                                                                                                                       
M                                                                                                                                                                                                       
D                                                                                                                                                                                                       
H                                                                                                                                                                                                       
S                                                                                                                                                                                                       
A                                                                                                                                                                                                       
E                                                                                                                                                                                                       
S                                                                                                                                                                                                       
D                                                                                                                                                                                                       
L                                                                                                                                                                                                       
H                                                                                                                                                                                                       
A                                                                                                                                                                                                       
A                                                                                                                                                                                                       
G                                                                                                                                                                                                       
N                                                                                                                                                                                                       
J                                                                                                                                                                                                       
K                                                                                                                                                                                                       
K                                                                                                                                                                                                       
C                                                                                                                                                                                                       
L                                                                                                                                                                                                       
J                                                                                                                                                                                                       
J                                                                                                                                                                                                       
L                                                                                                                                                                                                       
B                                                                                                                                                                                                       
A                                                                                                                                                                                                       
B                                                                                                                                                                                                       
D                                                                                                                                                                                                       
P                                                                                                                                                                                                       
K                                                                                                                                                                                                       
J                                                                                                                                                                                                       
T                                                                                                                                                                                                       
A                                                                                                                                                                                                       
T                                                                                                                                                                                                       
K                                                                                                                                                                                                       
G                                                                                                                                                                                                       
W                                                                                                                                                                                                       
D                                                                                                                                                                                                       
K                                                                                                                                                                                                       
N                                                                                                                                                                                                       
D                                                                                                                                                                                                       
P                                                                                                                                                                                                       
M                                                                                                                                                                                                       
S                                                                                                                                                                                                       
G                                                                                                                                                                                                       
A                                                                                                                                                                                                       
A                                                                                                                                                                                                       
C                                                                                                                                                                                                       
V                                                                                                                                                                                                       
P                                                                                                                                                                                                       
A                                                                                                                                                                                                       
J                                                                                                                                                                                                       
S                                                                                                                                                                                                       
N                                                                                                                                                                                                       
S                                                                                                                                                                                                       
R                                                                                                                                                                                                       
J                                                                                                                                                                                                       
D                                                                                                                                                                                                       
J                                                                                                                                                                                                       
D                                                                                                                                                                                                       
J                                                                                                                                                                                                       
S                                                                                                                                                                                                       
J                                                                                                                                                                                                       
M                                                                                                                                                                                                       
R                                                                                                                                                                                                       
S                                                                                                                                                                                                       
S                                                                                                                                                                                                       
A                                                                                                                                                                                                       
I                                                                                                                                                                                                       
K                                                                                                                                                                                                       
J                                                                                                                                                                                                       
D                                                                                                                                                                                                       
C                                                                                                                                                                                                       
T                                                                                                                                                                                                       
L                                                                                                                                                                                                       
K                                                                                                                                                                                                       
V                                                                                                                                                                                                       
J                                                                                                                                                                                                       
R                                                                                                                                                                                                       
H                                                                                                                                                                                                       
L                                                                                                                                                                                                       
T                                                                                                                                                                                                       
D                                                                                                                                                                                                       
M                                                                                                                                                                                                       
J                                                                                                                                                                                                       
N                                                                                                                                                                                                       
I                                                                                                                                                                                                       
J                                                                                                                                                                                                       
S                                                                                                                                                                                                       
L                                                                                                                                                                                                       
W                                                                                                                                                                                                       
S                                                                                                                                                                                                       
M                                                                                                                                                                                                       
P                                                                                                                                                                                                       
J                                                                                                                                                                                                       
W                                                                                                                                                                                                       
S                                                                                                                                                                                                       
P                                                                                                                                                                                                       
O                                                                                                                                                                                                       
J                                                                                                                                                                                                       
P                                                                                                                                                                                                       
C                                                                                                                                                                                                       
S                                                                                                                                                                                                       
A                                                                                                                                                                                                       
M                                                                                                                                                                                                       
J                                                                                                                                                                                                       
E                                                                                                                                                                                                       

107 rows selected.

SQL> select substr(replace(lpad(first_name,1) || '*)*)','*'))  from employees;
select substr(replace(lpad(first_name,1) || '*)*)','*'))  from employees
       *
ERROR at line 1:
ORA-00938: not enough arguments for function 


SQL> select replace(lpad(first_name,1) || '*)*)','*')  from employees;

REPLACE(                                                                                                                                                                                                
--------                                                                                                                                                                                                
E))                                                                                                                                                                                                     
S))                                                                                                                                                                                                     
M))                                                                                                                                                                                                     
D))                                                                                                                                                                                                     
H))                                                                                                                                                                                                     
S))                                                                                                                                                                                                     
A))                                                                                                                                                                                                     
E))                                                                                                                                                                                                     
S))                                                                                                                                                                                                     
D))                                                                                                                                                                                                     
L))                                                                                                                                                                                                     
H))                                                                                                                                                                                                     
A))                                                                                                                                                                                                     
A))                                                                                                                                                                                                     
G))                                                                                                                                                                                                     
N))                                                                                                                                                                                                     
J))                                                                                                                                                                                                     
K))                                                                                                                                                                                                     
K))                                                                                                                                                                                                     
C))                                                                                                                                                                                                     
L))                                                                                                                                                                                                     
J))                                                                                                                                                                                                     
J))                                                                                                                                                                                                     
L))                                                                                                                                                                                                     
B))                                                                                                                                                                                                     
A))                                                                                                                                                                                                     
B))                                                                                                                                                                                                     
D))                                                                                                                                                                                                     
P))                                                                                                                                                                                                     
K))                                                                                                                                                                                                     
J))                                                                                                                                                                                                     
T))                                                                                                                                                                                                     
A))                                                                                                                                                                                                     
T))                                                                                                                                                                                                     
K))                                                                                                                                                                                                     
G))                                                                                                                                                                                                     
W))                                                                                                                                                                                                     
D))                                                                                                                                                                                                     
K))                                                                                                                                                                                                     
N))                                                                                                                                                                                                     
D))                                                                                                                                                                                                     
P))                                                                                                                                                                                                     
M))                                                                                                                                                                                                     
S))                                                                                                                                                                                                     
G))                                                                                                                                                                                                     
A))                                                                                                                                                                                                     
A))                                                                                                                                                                                                     
C))                                                                                                                                                                                                     
V))                                                                                                                                                                                                     
P))                                                                                                                                                                                                     
A))                                                                                                                                                                                                     
J))                                                                                                                                                                                                     
S))                                                                                                                                                                                                     
N))                                                                                                                                                                                                     
S))                                                                                                                                                                                                     
R))                                                                                                                                                                                                     
J))                                                                                                                                                                                                     
D))                                                                                                                                                                                                     
J))                                                                                                                                                                                                     
D))                                                                                                                                                                                                     
J))                                                                                                                                                                                                     
S))                                                                                                                                                                                                     
J))                                                                                                                                                                                                     
M))                                                                                                                                                                                                     
R))                                                                                                                                                                                                     
S))                                                                                                                                                                                                     
S))                                                                                                                                                                                                     
A))                                                                                                                                                                                                     
I))                                                                                                                                                                                                     
K))                                                                                                                                                                                                     
J))                                                                                                                                                                                                     
D))                                                                                                                                                                                                     
C))                                                                                                                                                                                                     
T))                                                                                                                                                                                                     
L))                                                                                                                                                                                                     
K))                                                                                                                                                                                                     
V))                                                                                                                                                                                                     
J))                                                                                                                                                                                                     
R))                                                                                                                                                                                                     
H))                                                                                                                                                                                                     
L))                                                                                                                                                                                                     
T))                                                                                                                                                                                                     
D))                                                                                                                                                                                                     
M))                                                                                                                                                                                                     
J))                                                                                                                                                                                                     
N))                                                                                                                                                                                                     
I))                                                                                                                                                                                                     
J))                                                                                                                                                                                                     
S))                                                                                                                                                                                                     
L))                                                                                                                                                                                                     
W))                                                                                                                                                                                                     
S))                                                                                                                                                                                                     
M))                                                                                                                                                                                                     
P))                                                                                                                                                                                                     
J))                                                                                                                                                                                                     
W))                                                                                                                                                                                                     
S))                                                                                                                                                                                                     
P))                                                                                                                                                                                                     
O))                                                                                                                                                                                                     
J))                                                                                                                                                                                                     
P))                                                                                                                                                                                                     
C))                                                                                                                                                                                                     
S))                                                                                                                                                                                                     
A))                                                                                                                                                                                                     
M))                                                                                                                                                                                                     
J))                                                                                                                                                                                                     
E))                                                                                                                                                                                                     

107 rows selected.

SQL> select replace(lpad(first_name,1) || '*)*)',')','*')  from employees;

REPLACE(                                                                                                                                                                                                
--------                                                                                                                                                                                                
E****                                                                                                                                                                                                   
S****                                                                                                                                                                                                   
M****                                                                                                                                                                                                   
D****                                                                                                                                                                                                   
H****                                                                                                                                                                                                   
S****                                                                                                                                                                                                   
A****                                                                                                                                                                                                   
E****                                                                                                                                                                                                   
S****                                                                                                                                                                                                   
D****                                                                                                                                                                                                   
L****                                                                                                                                                                                                   
H****                                                                                                                                                                                                   
A****                                                                                                                                                                                                   
A****                                                                                                                                                                                                   
G****                                                                                                                                                                                                   
N****                                                                                                                                                                                                   
J****                                                                                                                                                                                                   
K****                                                                                                                                                                                                   
K****                                                                                                                                                                                                   
C****                                                                                                                                                                                                   
L****                                                                                                                                                                                                   
J****                                                                                                                                                                                                   
J****                                                                                                                                                                                                   
L****                                                                                                                                                                                                   
B****                                                                                                                                                                                                   
A****                                                                                                                                                                                                   
B****                                                                                                                                                                                                   
D****                                                                                                                                                                                                   
P****                                                                                                                                                                                                   
K****                                                                                                                                                                                                   
J****                                                                                                                                                                                                   
T****                                                                                                                                                                                                   
A****                                                                                                                                                                                                   
T****                                                                                                                                                                                                   
K****                                                                                                                                                                                                   
G****                                                                                                                                                                                                   
W****                                                                                                                                                                                                   
D****                                                                                                                                                                                                   
K****                                                                                                                                                                                                   
N****                                                                                                                                                                                                   
D****                                                                                                                                                                                                   
P****                                                                                                                                                                                                   
M****                                                                                                                                                                                                   
S****                                                                                                                                                                                                   
G****                                                                                                                                                                                                   
A****                                                                                                                                                                                                   
A****                                                                                                                                                                                                   
C****                                                                                                                                                                                                   
V****                                                                                                                                                                                                   
P****                                                                                                                                                                                                   
A****                                                                                                                                                                                                   
J****                                                                                                                                                                                                   
S****                                                                                                                                                                                                   
N****                                                                                                                                                                                                   
S****                                                                                                                                                                                                   
R****                                                                                                                                                                                                   
J****                                                                                                                                                                                                   
D****                                                                                                                                                                                                   
J****                                                                                                                                                                                                   
D****                                                                                                                                                                                                   
J****                                                                                                                                                                                                   
S****                                                                                                                                                                                                   
J****                                                                                                                                                                                                   
M****                                                                                                                                                                                                   
R****                                                                                                                                                                                                   
S****                                                                                                                                                                                                   
S****                                                                                                                                                                                                   
A****                                                                                                                                                                                                   
I****                                                                                                                                                                                                   
K****                                                                                                                                                                                                   
J****                                                                                                                                                                                                   
D****                                                                                                                                                                                                   
C****                                                                                                                                                                                                   
T****                                                                                                                                                                                                   
L****                                                                                                                                                                                                   
K****                                                                                                                                                                                                   
V****                                                                                                                                                                                                   
J****                                                                                                                                                                                                   
R****                                                                                                                                                                                                   
H****                                                                                                                                                                                                   
L****                                                                                                                                                                                                   
T****                                                                                                                                                                                                   
D****                                                                                                                                                                                                   
M****                                                                                                                                                                                                   
J****                                                                                                                                                                                                   
N****                                                                                                                                                                                                   
I****                                                                                                                                                                                                   
J****                                                                                                                                                                                                   
S****                                                                                                                                                                                                   
L****                                                                                                                                                                                                   
W****                                                                                                                                                                                                   
S****                                                                                                                                                                                                   
M****                                                                                                                                                                                                   
P****                                                                                                                                                                                                   
J****                                                                                                                                                                                                   
W****                                                                                                                                                                                                   
S****                                                                                                                                                                                                   
P****                                                                                                                                                                                                   
O****                                                                                                                                                                                                   
J****                                                                                                                                                                                                   
P****                                                                                                                                                                                                   
C****                                                                                                                                                                                                   
S****                                                                                                                                                                                                   
A****                                                                                                                                                                                                   
M****                                                                                                                                                                                                   
J****                                                                                                                                                                                                   
E****                                                                                                                                                                                                   

107 rows selected.

SQL> select replace(lpad(first_name,1) || '*)*)',')','11')  from employees;

REPLACE(LPAD(FIR                                                                                                                                                                                        
----------------                                                                                                                                                                                        
E*11*11                                                                                                                                                                                                 
S*11*11                                                                                                                                                                                                 
M*11*11                                                                                                                                                                                                 
D*11*11                                                                                                                                                                                                 
H*11*11                                                                                                                                                                                                 
S*11*11                                                                                                                                                                                                 
A*11*11                                                                                                                                                                                                 
E*11*11                                                                                                                                                                                                 
S*11*11                                                                                                                                                                                                 
D*11*11                                                                                                                                                                                                 
L*11*11                                                                                                                                                                                                 
H*11*11                                                                                                                                                                                                 
A*11*11                                                                                                                                                                                                 
A*11*11                                                                                                                                                                                                 
G*11*11                                                                                                                                                                                                 
N*11*11                                                                                                                                                                                                 
J*11*11                                                                                                                                                                                                 
K*11*11                                                                                                                                                                                                 
K*11*11                                                                                                                                                                                                 
C*11*11                                                                                                                                                                                                 
L*11*11                                                                                                                                                                                                 
J*11*11                                                                                                                                                                                                 
J*11*11                                                                                                                                                                                                 
L*11*11                                                                                                                                                                                                 
B*11*11                                                                                                                                                                                                 
A*11*11                                                                                                                                                                                                 
B*11*11                                                                                                                                                                                                 
D*11*11                                                                                                                                                                                                 
P*11*11                                                                                                                                                                                                 
K*11*11                                                                                                                                                                                                 
J*11*11                                                                                                                                                                                                 
T*11*11                                                                                                                                                                                                 
A*11*11                                                                                                                                                                                                 
T*11*11                                                                                                                                                                                                 
K*11*11                                                                                                                                                                                                 
G*11*11                                                                                                                                                                                                 
W*11*11                                                                                                                                                                                                 
D*11*11                                                                                                                                                                                                 
K*11*11                                                                                                                                                                                                 
N*11*11                                                                                                                                                                                                 
D*11*11                                                                                                                                                                                                 
P*11*11                                                                                                                                                                                                 
M*11*11                                                                                                                                                                                                 
S*11*11                                                                                                                                                                                                 
G*11*11                                                                                                                                                                                                 
A*11*11                                                                                                                                                                                                 
A*11*11                                                                                                                                                                                                 
C*11*11                                                                                                                                                                                                 
V*11*11                                                                                                                                                                                                 
P*11*11                                                                                                                                                                                                 
A*11*11                                                                                                                                                                                                 
J*11*11                                                                                                                                                                                                 
S*11*11                                                                                                                                                                                                 
N*11*11                                                                                                                                                                                                 
S*11*11                                                                                                                                                                                                 
R*11*11                                                                                                                                                                                                 
J*11*11                                                                                                                                                                                                 
D*11*11                                                                                                                                                                                                 
J*11*11                                                                                                                                                                                                 
D*11*11                                                                                                                                                                                                 
J*11*11                                                                                                                                                                                                 
S*11*11                                                                                                                                                                                                 
J*11*11                                                                                                                                                                                                 
M*11*11                                                                                                                                                                                                 
R*11*11                                                                                                                                                                                                 
S*11*11                                                                                                                                                                                                 
S*11*11                                                                                                                                                                                                 
A*11*11                                                                                                                                                                                                 
I*11*11                                                                                                                                                                                                 
K*11*11                                                                                                                                                                                                 
J*11*11                                                                                                                                                                                                 
D*11*11                                                                                                                                                                                                 
C*11*11                                                                                                                                                                                                 
T*11*11                                                                                                                                                                                                 
L*11*11                                                                                                                                                                                                 
K*11*11                                                                                                                                                                                                 
V*11*11                                                                                                                                                                                                 
J*11*11                                                                                                                                                                                                 
R*11*11                                                                                                                                                                                                 
H*11*11                                                                                                                                                                                                 
L*11*11                                                                                                                                                                                                 
T*11*11                                                                                                                                                                                                 
D*11*11                                                                                                                                                                                                 
M*11*11                                                                                                                                                                                                 
J*11*11                                                                                                                                                                                                 
N*11*11                                                                                                                                                                                                 
I*11*11                                                                                                                                                                                                 
J*11*11                                                                                                                                                                                                 
S*11*11                                                                                                                                                                                                 
L*11*11                                                                                                                                                                                                 
W*11*11                                                                                                                                                                                                 
S*11*11                                                                                                                                                                                                 
M*11*11                                                                                                                                                                                                 
P*11*11                                                                                                                                                                                                 
J*11*11                                                                                                                                                                                                 
W*11*11                                                                                                                                                                                                 
S*11*11                                                                                                                                                                                                 
P*11*11                                                                                                                                                                                                 
O*11*11                                                                                                                                                                                                 
J*11*11                                                                                                                                                                                                 
P*11*11                                                                                                                                                                                                 
C*11*11                                                                                                                                                                                                 
S*11*11                                                                                                                                                                                                 
A*11*11                                                                                                                                                                                                 
M*11*11                                                                                                                                                                                                 
J*11*11                                                                                                                                                                                                 
E*11*11                                                                                                                                                                                                 

107 rows selected.

SQL> select replace(lpad(first_name,1) || '*)*)','1','1')  from employees;

REPLACE(                                                                                                                                                                                                
--------                                                                                                                                                                                                
E*)*)                                                                                                                                                                                                   
S*)*)                                                                                                                                                                                                   
M*)*)                                                                                                                                                                                                   
D*)*)                                                                                                                                                                                                   
H*)*)                                                                                                                                                                                                   
S*)*)                                                                                                                                                                                                   
A*)*)                                                                                                                                                                                                   
E*)*)                                                                                                                                                                                                   
S*)*)                                                                                                                                                                                                   
D*)*)                                                                                                                                                                                                   
L*)*)                                                                                                                                                                                                   
H*)*)                                                                                                                                                                                                   
A*)*)                                                                                                                                                                                                   
A*)*)                                                                                                                                                                                                   
G*)*)                                                                                                                                                                                                   
N*)*)                                                                                                                                                                                                   
J*)*)                                                                                                                                                                                                   
K*)*)                                                                                                                                                                                                   
K*)*)                                                                                                                                                                                                   
C*)*)                                                                                                                                                                                                   
L*)*)                                                                                                                                                                                                   
J*)*)                                                                                                                                                                                                   
J*)*)                                                                                                                                                                                                   
L*)*)                                                                                                                                                                                                   
B*)*)                                                                                                                                                                                                   
A*)*)                                                                                                                                                                                                   
B*)*)                                                                                                                                                                                                   
D*)*)                                                                                                                                                                                                   
P*)*)                                                                                                                                                                                                   
K*)*)                                                                                                                                                                                                   
J*)*)                                                                                                                                                                                                   
T*)*)                                                                                                                                                                                                   
A*)*)                                                                                                                                                                                                   
T*)*)                                                                                                                                                                                                   
K*)*)                                                                                                                                                                                                   
G*)*)                                                                                                                                                                                                   
W*)*)                                                                                                                                                                                                   
D*)*)                                                                                                                                                                                                   
K*)*)                                                                                                                                                                                                   
N*)*)                                                                                                                                                                                                   
D*)*)                                                                                                                                                                                                   
P*)*)                                                                                                                                                                                                   
M*)*)                                                                                                                                                                                                   
S*)*)                                                                                                                                                                                                   
G*)*)                                                                                                                                                                                                   
A*)*)                                                                                                                                                                                                   
A*)*)                                                                                                                                                                                                   
C*)*)                                                                                                                                                                                                   
V*)*)                                                                                                                                                                                                   
P*)*)                                                                                                                                                                                                   
A*)*)                                                                                                                                                                                                   
J*)*)                                                                                                                                                                                                   
S*)*)                                                                                                                                                                                                   
N*)*)                                                                                                                                                                                                   
S*)*)                                                                                                                                                                                                   
R*)*)                                                                                                                                                                                                   
J*)*)                                                                                                                                                                                                   
D*)*)                                                                                                                                                                                                   
J*)*)                                                                                                                                                                                                   
D*)*)                                                                                                                                                                                                   
J*)*)                                                                                                                                                                                                   
S*)*)                                                                                                                                                                                                   
J*)*)                                                                                                                                                                                                   
M*)*)                                                                                                                                                                                                   
R*)*)                                                                                                                                                                                                   
S*)*)                                                                                                                                                                                                   
S*)*)                                                                                                                                                                                                   
A*)*)                                                                                                                                                                                                   
I*)*)                                                                                                                                                                                                   
K*)*)                                                                                                                                                                                                   
J*)*)                                                                                                                                                                                                   
D*)*)                                                                                                                                                                                                   
C*)*)                                                                                                                                                                                                   
T*)*)                                                                                                                                                                                                   
L*)*)                                                                                                                                                                                                   
K*)*)                                                                                                                                                                                                   
V*)*)                                                                                                                                                                                                   
J*)*)                                                                                                                                                                                                   
R*)*)                                                                                                                                                                                                   
H*)*)                                                                                                                                                                                                   
L*)*)                                                                                                                                                                                                   
T*)*)                                                                                                                                                                                                   
D*)*)                                                                                                                                                                                                   
M*)*)                                                                                                                                                                                                   
J*)*)                                                                                                                                                                                                   
N*)*)                                                                                                                                                                                                   
I*)*)                                                                                                                                                                                                   
J*)*)                                                                                                                                                                                                   
S*)*)                                                                                                                                                                                                   
L*)*)                                                                                                                                                                                                   
W*)*)                                                                                                                                                                                                   
S*)*)                                                                                                                                                                                                   
M*)*)                                                                                                                                                                                                   
P*)*)                                                                                                                                                                                                   
J*)*)                                                                                                                                                                                                   
W*)*)                                                                                                                                                                                                   
S*)*)                                                                                                                                                                                                   
P*)*)                                                                                                                                                                                                   
O*)*)                                                                                                                                                                                                   
J*)*)                                                                                                                                                                                                   
P*)*)                                                                                                                                                                                                   
C*)*)                                                                                                                                                                                                   
S*)*)                                                                                                                                                                                                   
A*)*)                                                                                                                                                                                                   
M*)*)                                                                                                                                                                                                   
J*)*)                                                                                                                                                                                                   
E*)*)                                                                                                                                                                                                   

107 rows selected.

SQL> select replace(lpad(first_name,1) || '*)*)','11','11')  from employees;

REPLACE(LPAD(FIR                                                                                                                                                                                        
----------------                                                                                                                                                                                        
E*)*)                                                                                                                                                                                                   
S*)*)                                                                                                                                                                                                   
M*)*)                                                                                                                                                                                                   
D*)*)                                                                                                                                                                                                   
H*)*)                                                                                                                                                                                                   
S*)*)                                                                                                                                                                                                   
A*)*)                                                                                                                                                                                                   
E*)*)                                                                                                                                                                                                   
S*)*)                                                                                                                                                                                                   
D*)*)                                                                                                                                                                                                   
L*)*)                                                                                                                                                                                                   
H*)*)                                                                                                                                                                                                   
A*)*)                                                                                                                                                                                                   
A*)*)                                                                                                                                                                                                   
G*)*)                                                                                                                                                                                                   
N*)*)                                                                                                                                                                                                   
J*)*)                                                                                                                                                                                                   
K*)*)                                                                                                                                                                                                   
K*)*)                                                                                                                                                                                                   
C*)*)                                                                                                                                                                                                   
L*)*)                                                                                                                                                                                                   
J*)*)                                                                                                                                                                                                   
J*)*)                                                                                                                                                                                                   
L*)*)                                                                                                                                                                                                   
B*)*)                                                                                                                                                                                                   
A*)*)                                                                                                                                                                                                   
B*)*)                                                                                                                                                                                                   
D*)*)                                                                                                                                                                                                   
P*)*)                                                                                                                                                                                                   
K*)*)                                                                                                                                                                                                   
J*)*)                                                                                                                                                                                                   
T*)*)                                                                                                                                                                                                   
A*)*)                                                                                                                                                                                                   
T*)*)                                                                                                                                                                                                   
K*)*)                                                                                                                                                                                                   
G*)*)                                                                                                                                                                                                   
W*)*)                                                                                                                                                                                                   
D*)*)                                                                                                                                                                                                   
K*)*)                                                                                                                                                                                                   
N*)*)                                                                                                                                                                                                   
D*)*)                                                                                                                                                                                                   
P*)*)                                                                                                                                                                                                   
M*)*)                                                                                                                                                                                                   
S*)*)                                                                                                                                                                                                   
G*)*)                                                                                                                                                                                                   
A*)*)                                                                                                                                                                                                   
A*)*)                                                                                                                                                                                                   
C*)*)                                                                                                                                                                                                   
V*)*)                                                                                                                                                                                                   
P*)*)                                                                                                                                                                                                   
A*)*)                                                                                                                                                                                                   
J*)*)                                                                                                                                                                                                   
S*)*)                                                                                                                                                                                                   
N*)*)                                                                                                                                                                                                   
S*)*)                                                                                                                                                                                                   
R*)*)                                                                                                                                                                                                   
J*)*)                                                                                                                                                                                                   
D*)*)                                                                                                                                                                                                   
J*)*)                                                                                                                                                                                                   
D*)*)                                                                                                                                                                                                   
J*)*)                                                                                                                                                                                                   
S*)*)                                                                                                                                                                                                   
J*)*)                                                                                                                                                                                                   
M*)*)                                                                                                                                                                                                   
R*)*)                                                                                                                                                                                                   
S*)*)                                                                                                                                                                                                   
S*)*)                                                                                                                                                                                                   
A*)*)                                                                                                                                                                                                   
I*)*)                                                                                                                                                                                                   
K*)*)                                                                                                                                                                                                   
J*)*)                                                                                                                                                                                                   
D*)*)                                                                                                                                                                                                   
C*)*)                                                                                                                                                                                                   
T*)*)                                                                                                                                                                                                   
L*)*)                                                                                                                                                                                                   
K*)*)                                                                                                                                                                                                   
V*)*)                                                                                                                                                                                                   
J*)*)                                                                                                                                                                                                   
R*)*)                                                                                                                                                                                                   
H*)*)                                                                                                                                                                                                   
L*)*)                                                                                                                                                                                                   
T*)*)                                                                                                                                                                                                   
D*)*)                                                                                                                                                                                                   
M*)*)                                                                                                                                                                                                   
J*)*)                                                                                                                                                                                                   
N*)*)                                                                                                                                                                                                   
I*)*)                                                                                                                                                                                                   
J*)*)                                                                                                                                                                                                   
S*)*)                                                                                                                                                                                                   
L*)*)                                                                                                                                                                                                   
W*)*)                                                                                                                                                                                                   
S*)*)                                                                                                                                                                                                   
M*)*)                                                                                                                                                                                                   
P*)*)                                                                                                                                                                                                   
J*)*)                                                                                                                                                                                                   
W*)*)                                                                                                                                                                                                   
S*)*)                                                                                                                                                                                                   
P*)*)                                                                                                                                                                                                   
O*)*)                                                                                                                                                                                                   
J*)*)                                                                                                                                                                                                   
P*)*)                                                                                                                                                                                                   
C*)*)                                                                                                                                                                                                   
S*)*)                                                                                                                                                                                                   
A*)*)                                                                                                                                                                                                   
M*)*)                                                                                                                                                                                                   
J*)*)                                                                                                                                                                                                   
E*)*)                                                                                                                                                                                                   

107 rows selected.

SQL> select replace(lpad(first_name,1) || '*)*)',')','')  from employees;

REPLACE(                                                                                                                                                                                                
--------                                                                                                                                                                                                
E**                                                                                                                                                                                                     
S**                                                                                                                                                                                                     
M**                                                                                                                                                                                                     
D**                                                                                                                                                                                                     
H**                                                                                                                                                                                                     
S**                                                                                                                                                                                                     
A**                                                                                                                                                                                                     
E**                                                                                                                                                                                                     
S**                                                                                                                                                                                                     
D**                                                                                                                                                                                                     
L**                                                                                                                                                                                                     
H**                                                                                                                                                                                                     
A**                                                                                                                                                                                                     
A**                                                                                                                                                                                                     
G**                                                                                                                                                                                                     
N**                                                                                                                                                                                                     
J**                                                                                                                                                                                                     
K**                                                                                                                                                                                                     
K**                                                                                                                                                                                                     
C**                                                                                                                                                                                                     
L**                                                                                                                                                                                                     
J**                                                                                                                                                                                                     
J**                                                                                                                                                                                                     
L**                                                                                                                                                                                                     
B**                                                                                                                                                                                                     
A**                                                                                                                                                                                                     
B**                                                                                                                                                                                                     
D**                                                                                                                                                                                                     
P**                                                                                                                                                                                                     
K**                                                                                                                                                                                                     
J**                                                                                                                                                                                                     
T**                                                                                                                                                                                                     
A**                                                                                                                                                                                                     
T**                                                                                                                                                                                                     
K**                                                                                                                                                                                                     
G**                                                                                                                                                                                                     
W**                                                                                                                                                                                                     
D**                                                                                                                                                                                                     
K**                                                                                                                                                                                                     
N**                                                                                                                                                                                                     
D**                                                                                                                                                                                                     
P**                                                                                                                                                                                                     
M**                                                                                                                                                                                                     
S**                                                                                                                                                                                                     
G**                                                                                                                                                                                                     
A**                                                                                                                                                                                                     
A**                                                                                                                                                                                                     
C**                                                                                                                                                                                                     
V**                                                                                                                                                                                                     
P**                                                                                                                                                                                                     
A**                                                                                                                                                                                                     
J**                                                                                                                                                                                                     
S**                                                                                                                                                                                                     
N**                                                                                                                                                                                                     
S**                                                                                                                                                                                                     
R**                                                                                                                                                                                                     
J**                                                                                                                                                                                                     
D**                                                                                                                                                                                                     
J**                                                                                                                                                                                                     
D**                                                                                                                                                                                                     
J**                                                                                                                                                                                                     
S**                                                                                                                                                                                                     
J**                                                                                                                                                                                                     
M**                                                                                                                                                                                                     
R**                                                                                                                                                                                                     
S**                                                                                                                                                                                                     
S**                                                                                                                                                                                                     
A**                                                                                                                                                                                                     
I**                                                                                                                                                                                                     
K**                                                                                                                                                                                                     
J**                                                                                                                                                                                                     
D**                                                                                                                                                                                                     
C**                                                                                                                                                                                                     
T**                                                                                                                                                                                                     
L**                                                                                                                                                                                                     
K**                                                                                                                                                                                                     
V**                                                                                                                                                                                                     
J**                                                                                                                                                                                                     
R**                                                                                                                                                                                                     
H**                                                                                                                                                                                                     
L**                                                                                                                                                                                                     
T**                                                                                                                                                                                                     
D**                                                                                                                                                                                                     
M**                                                                                                                                                                                                     
J**                                                                                                                                                                                                     
N**                                                                                                                                                                                                     
I**                                                                                                                                                                                                     
J**                                                                                                                                                                                                     
S**                                                                                                                                                                                                     
L**                                                                                                                                                                                                     
W**                                                                                                                                                                                                     
S**                                                                                                                                                                                                     
M**                                                                                                                                                                                                     
P**                                                                                                                                                                                                     
J**                                                                                                                                                                                                     
W**                                                                                                                                                                                                     
S**                                                                                                                                                                                                     
P**                                                                                                                                                                                                     
O**                                                                                                                                                                                                     
J**                                                                                                                                                                                                     
P**                                                                                                                                                                                                     
C**                                                                                                                                                                                                     
S**                                                                                                                                                                                                     
A**                                                                                                                                                                                                     
M**                                                                                                                                                                                                     
J**                                                                                                                                                                                                     
E**                                                                                                                                                                                                     

107 rows selected.

SQL> select contcat(substr(first_name,1,1),'****') from employees;
select contcat(substr(first_name,1,1),'****') from employees
       *
ERROR at line 1:
ORA-00904: "CONTCAT": invalid identifier 


SQL> select concat(substr(first_name,1,1),'****') from employees;

CONCAT(S                                                                                                                                                                                                
--------                                                                                                                                                                                                
E****                                                                                                                                                                                                   
S****                                                                                                                                                                                                   
M****                                                                                                                                                                                                   
D****                                                                                                                                                                                                   
H****                                                                                                                                                                                                   
S****                                                                                                                                                                                                   
A****                                                                                                                                                                                                   
E****                                                                                                                                                                                                   
S****                                                                                                                                                                                                   
D****                                                                                                                                                                                                   
L****                                                                                                                                                                                                   
H****                                                                                                                                                                                                   
A****                                                                                                                                                                                                   
A****                                                                                                                                                                                                   
G****                                                                                                                                                                                                   
N****                                                                                                                                                                                                   
J****                                                                                                                                                                                                   
K****                                                                                                                                                                                                   
K****                                                                                                                                                                                                   
C****                                                                                                                                                                                                   
L****                                                                                                                                                                                                   
J****                                                                                                                                                                                                   
J****                                                                                                                                                                                                   
L****                                                                                                                                                                                                   
B****                                                                                                                                                                                                   
A****                                                                                                                                                                                                   
B****                                                                                                                                                                                                   
D****                                                                                                                                                                                                   
P****                                                                                                                                                                                                   
K****                                                                                                                                                                                                   
J****                                                                                                                                                                                                   
T****                                                                                                                                                                                                   
A****                                                                                                                                                                                                   
T****                                                                                                                                                                                                   
K****                                                                                                                                                                                                   
G****                                                                                                                                                                                                   
W****                                                                                                                                                                                                   
D****                                                                                                                                                                                                   
K****                                                                                                                                                                                                   
N****                                                                                                                                                                                                   
D****                                                                                                                                                                                                   
P****                                                                                                                                                                                                   
M****                                                                                                                                                                                                   
S****                                                                                                                                                                                                   
G****                                                                                                                                                                                                   
A****                                                                                                                                                                                                   
A****                                                                                                                                                                                                   
C****                                                                                                                                                                                                   
V****                                                                                                                                                                                                   
P****                                                                                                                                                                                                   
A****                                                                                                                                                                                                   
J****                                                                                                                                                                                                   
S****                                                                                                                                                                                                   
N****                                                                                                                                                                                                   
S****                                                                                                                                                                                                   
R****                                                                                                                                                                                                   
J****                                                                                                                                                                                                   
D****                                                                                                                                                                                                   
J****                                                                                                                                                                                                   
D****                                                                                                                                                                                                   
J****                                                                                                                                                                                                   
S****                                                                                                                                                                                                   
J****                                                                                                                                                                                                   
M****                                                                                                                                                                                                   
R****                                                                                                                                                                                                   
S****                                                                                                                                                                                                   
S****                                                                                                                                                                                                   
A****                                                                                                                                                                                                   
I****                                                                                                                                                                                                   
K****                                                                                                                                                                                                   
J****                                                                                                                                                                                                   
D****                                                                                                                                                                                                   
C****                                                                                                                                                                                                   
T****                                                                                                                                                                                                   
L****                                                                                                                                                                                                   
K****                                                                                                                                                                                                   
V****                                                                                                                                                                                                   
J****                                                                                                                                                                                                   
R****                                                                                                                                                                                                   
H****                                                                                                                                                                                                   
L****                                                                                                                                                                                                   
T****                                                                                                                                                                                                   
D****                                                                                                                                                                                                   
M****                                                                                                                                                                                                   
J****                                                                                                                                                                                                   
N****                                                                                                                                                                                                   
I****                                                                                                                                                                                                   
J****                                                                                                                                                                                                   
S****                                                                                                                                                                                                   
L****                                                                                                                                                                                                   
W****                                                                                                                                                                                                   
S****                                                                                                                                                                                                   
M****                                                                                                                                                                                                   
P****                                                                                                                                                                                                   
J****                                                                                                                                                                                                   
W****                                                                                                                                                                                                   
S****                                                                                                                                                                                                   
P****                                                                                                                                                                                                   
O****                                                                                                                                                                                                   
J****                                                                                                                                                                                                   
P****                                                                                                                                                                                                   
C****                                                                                                                                                                                                   
S****                                                                                                                                                                                                   
A****                                                                                                                                                                                                   
M****                                                                                                                                                                                                   
J****                                                                                                                                                                                                   
E****                                                                                                                                                                                                   

107 rows selected.

SQL> select replace(concat(substr(first_name,1,1),'****'),'*','1') from employees;

REPLACE(                                                                                                                                                                                                
--------                                                                                                                                                                                                
E1111                                                                                                                                                                                                   
S1111                                                                                                                                                                                                   
M1111                                                                                                                                                                                                   
D1111                                                                                                                                                                                                   
H1111                                                                                                                                                                                                   
S1111                                                                                                                                                                                                   
A1111                                                                                                                                                                                                   
E1111                                                                                                                                                                                                   
S1111                                                                                                                                                                                                   
D1111                                                                                                                                                                                                   
L1111                                                                                                                                                                                                   
H1111                                                                                                                                                                                                   
A1111                                                                                                                                                                                                   
A1111                                                                                                                                                                                                   
G1111                                                                                                                                                                                                   
N1111                                                                                                                                                                                                   
J1111                                                                                                                                                                                                   
K1111                                                                                                                                                                                                   
K1111                                                                                                                                                                                                   
C1111                                                                                                                                                                                                   
L1111                                                                                                                                                                                                   
J1111                                                                                                                                                                                                   
J1111                                                                                                                                                                                                   
L1111                                                                                                                                                                                                   
B1111                                                                                                                                                                                                   
A1111                                                                                                                                                                                                   
B1111                                                                                                                                                                                                   
D1111                                                                                                                                                                                                   
P1111                                                                                                                                                                                                   
K1111                                                                                                                                                                                                   
J1111                                                                                                                                                                                                   
T1111                                                                                                                                                                                                   
A1111                                                                                                                                                                                                   
T1111                                                                                                                                                                                                   
K1111                                                                                                                                                                                                   
G1111                                                                                                                                                                                                   
W1111                                                                                                                                                                                                   
D1111                                                                                                                                                                                                   
K1111                                                                                                                                                                                                   
N1111                                                                                                                                                                                                   
D1111                                                                                                                                                                                                   
P1111                                                                                                                                                                                                   
M1111                                                                                                                                                                                                   
S1111                                                                                                                                                                                                   
G1111                                                                                                                                                                                                   
A1111                                                                                                                                                                                                   
A1111                                                                                                                                                                                                   
C1111                                                                                                                                                                                                   
V1111                                                                                                                                                                                                   
P1111                                                                                                                                                                                                   
A1111                                                                                                                                                                                                   
J1111                                                                                                                                                                                                   
S1111                                                                                                                                                                                                   
N1111                                                                                                                                                                                                   
S1111                                                                                                                                                                                                   
R1111                                                                                                                                                                                                   
J1111                                                                                                                                                                                                   
D1111                                                                                                                                                                                                   
J1111                                                                                                                                                                                                   
D1111                                                                                                                                                                                                   
J1111                                                                                                                                                                                                   
S1111                                                                                                                                                                                                   
J1111                                                                                                                                                                                                   
M1111                                                                                                                                                                                                   
R1111                                                                                                                                                                                                   
S1111                                                                                                                                                                                                   
S1111                                                                                                                                                                                                   
A1111                                                                                                                                                                                                   
I1111                                                                                                                                                                                                   
K1111                                                                                                                                                                                                   
J1111                                                                                                                                                                                                   
D1111                                                                                                                                                                                                   
C1111                                                                                                                                                                                                   
T1111                                                                                                                                                                                                   
L1111                                                                                                                                                                                                   
K1111                                                                                                                                                                                                   
V1111                                                                                                                                                                                                   
J1111                                                                                                                                                                                                   
R1111                                                                                                                                                                                                   
H1111                                                                                                                                                                                                   
L1111                                                                                                                                                                                                   
T1111                                                                                                                                                                                                   
D1111                                                                                                                                                                                                   
M1111                                                                                                                                                                                                   
J1111                                                                                                                                                                                                   
N1111                                                                                                                                                                                                   
I1111                                                                                                                                                                                                   
J1111                                                                                                                                                                                                   
S1111                                                                                                                                                                                                   
L1111                                                                                                                                                                                                   
W1111                                                                                                                                                                                                   
S1111                                                                                                                                                                                                   
M1111                                                                                                                                                                                                   
P1111                                                                                                                                                                                                   
J1111                                                                                                                                                                                                   
W1111                                                                                                                                                                                                   
S1111                                                                                                                                                                                                   
P1111                                                                                                                                                                                                   
O1111                                                                                                                                                                                                   
J1111                                                                                                                                                                                                   
P1111                                                                                                                                                                                                   
C1111                                                                                                                                                                                                   
S1111                                                                                                                                                                                                   
A1111                                                                                                                                                                                                   
M1111                                                                                                                                                                                                   
J1111                                                                                                                                                                                                   
E1111                                                                                                                                                                                                   

107 rows selected.

SQL> select concat(lpad(job_id,3),hire_date,2) from employees;
select concat(lpad(job_id,3),hire_date,2) from employees
       *
ERROR at line 1:
ORA-00909: invalid number of arguments 


SQL> select substr(job_id,1,3) || substr(hire_date,-2,2) from employees;

SUBSTR(JOB_ID,1,3)||                                                                                                                                                                                    
--------------------                                                                                                                                                                                    
AD_03                                                                                                                                                                                                   
AD_05                                                                                                                                                                                                   
AD_01                                                                                                                                                                                                   
IT_06                                                                                                                                                                                                   
IT_07                                                                                                                                                                                                   
IT_05                                                                                                                                                                                                   
IT_06                                                                                                                                                                                                   
IT_07                                                                                                                                                                                                   
FI_02                                                                                                                                                                                                   
FI_02                                                                                                                                                                                                   
FI_05                                                                                                                                                                                                   
FI_05                                                                                                                                                                                                   
FI_06                                                                                                                                                                                                   
FI_07                                                                                                                                                                                                   
PU_02                                                                                                                                                                                                   
PU_03                                                                                                                                                                                                   
PU_05                                                                                                                                                                                                   
PU_05                                                                                                                                                                                                   
PU_06                                                                                                                                                                                                   
PU_07                                                                                                                                                                                                   
ST_04                                                                                                                                                                                                   
ST_05                                                                                                                                                                                                   
ST_03                                                                                                                                                                                                   
ST_05                                                                                                                                                                                                   
ST_07                                                                                                                                                                                                   
ST_05                                                                                                                                                                                                   
ST_06                                                                                                                                                                                                   
ST_07                                                                                                                                                                                                   
ST_08                                                                                                                                                                                                   
ST_05                                                                                                                                                                                                   
ST_05                                                                                                                                                                                                   
ST_05                                                                                                                                                                                                   
ST_07                                                                                                                                                                                                   
ST_04                                                                                                                                                                                                   
ST_06                                                                                                                                                                                                   
ST_07                                                                                                                                                                                                   
ST_08                                                                                                                                                                                                   
ST_03                                                                                                                                                                                                   
ST_05                                                                                                                                                                                                   
ST_06                                                                                                                                                                                                   
ST_06                                                                                                                                                                                                   
ST_03                                                                                                                                                                                                   
ST_05                                                                                                                                                                                                   
ST_06                                                                                                                                                                                                   
ST_06                                                                                                                                                                                                   
SA_04                                                                                                                                                                                                   
SA_05                                                                                                                                                                                                   
SA_05                                                                                                                                                                                                   
SA_07                                                                                                                                                                                                   
SA_08                                                                                                                                                                                                   
SA_05                                                                                                                                                                                                   
SA_05                                                                                                                                                                                                   
SA_05                                                                                                                                                                                                   
SA_06                                                                                                                                                                                                   
SA_06                                                                                                                                                                                                   
SA_07                                                                                                                                                                                                   
SA_04                                                                                                                                                                                                   
SA_04                                                                                                                                                                                                   
SA_04                                                                                                                                                                                                   
SA_05                                                                                                                                                                                                   
SA_05                                                                                                                                                                                                   
SA_06                                                                                                                                                                                                   
SA_05                                                                                                                                                                                                   
SA_07                                                                                                                                                                                                   
SA_08                                                                                                                                                                                                   
SA_08                                                                                                                                                                                                   
SA_08                                                                                                                                                                                                   
SA_08                                                                                                                                                                                                   
SA_05                                                                                                                                                                                                   
SA_06                                                                                                                                                                                                   
SA_06                                                                                                                                                                                                   
SA_07                                                                                                                                                                                                   
SA_07                                                                                                                                                                                                   
SA_08                                                                                                                                                                                                   
SA_04                                                                                                                                                                                                   
SA_05                                                                                                                                                                                                   
SA_06                                                                                                                                                                                                   
SA_06                                                                                                                                                                                                   
SA_07                                                                                                                                                                                                   
SA_08                                                                                                                                                                                                   
SH_06                                                                                                                                                                                                   
SH_06                                                                                                                                                                                                   
SH_07                                                                                                                                                                                                   
SH_08                                                                                                                                                                                                   
SH_04                                                                                                                                                                                                   
SH_05                                                                                                                                                                                                   
SH_06                                                                                                                                                                                                   
SH_07                                                                                                                                                                                                   
SH_05                                                                                                                                                                                                   
SH_05                                                                                                                                                                                                   
SH_06                                                                                                                                                                                                   
SH_07                                                                                                                                                                                                   
SH_04                                                                                                                                                                                                   
SH_05                                                                                                                                                                                                   
SH_06                                                                                                                                                                                                   
SH_07                                                                                                                                                                                                   
SH_06                                                                                                                                                                                                   
SH_06                                                                                                                                                                                                   
SH_07                                                                                                                                                                                                   
SH_08                                                                                                                                                                                                   
AD_03                                                                                                                                                                                                   
MK_04                                                                                                                                                                                                   
MK_05                                                                                                                                                                                                   
HR_02                                                                                                                                                                                                   
PR_02                                                                                                                                                                                                   
AC_02                                                                                                                                                                                                   
AC_02                                                                                                                                                                                                   

107 rows selected.

SQL> select replace(first_name,a,'') from employees;
select replace(first_name,a,'') from employees
                          *
ERROR at line 1:
ORA-00904: "A": invalid identifier 


SQL> select replace(first_name,'a','') from employees;

REPLACE(FIRST_NAME,'                                                                                                                                                                                    
--------------------                                                                                                                                                                                    
Ellen                                                                                                                                                                                                   
Sundr                                                                                                                                                                                                   
Mozhe                                                                                                                                                                                                   
Dvid                                                                                                                                                                                                    
Hermnn                                                                                                                                                                                                  
Shelli                                                                                                                                                                                                  
Amit                                                                                                                                                                                                    
Elizbeth                                                                                                                                                                                                
Srh                                                                                                                                                                                                     
Dvid                                                                                                                                                                                                    
Lur                                                                                                                                                                                                     
Hrrison                                                                                                                                                                                                 
Alexis                                                                                                                                                                                                  
Anthony                                                                                                                                                                                                 
Gerld                                                                                                                                                                                                   
Nnette                                                                                                                                                                                                  
John                                                                                                                                                                                                    
Kelly                                                                                                                                                                                                   
Kren                                                                                                                                                                                                    
Curtis                                                                                                                                                                                                  
Lex                                                                                                                                                                                                     
Juli                                                                                                                                                                                                    
Jennifer                                                                                                                                                                                                
Louise                                                                                                                                                                                                  
Bruce                                                                                                                                                                                                   
Alberto                                                                                                                                                                                                 
Britney                                                                                                                                                                                                 
Dniel                                                                                                                                                                                                   
Pt                                                                                                                                                                                                      
Kevin                                                                                                                                                                                                   
Jen                                                                                                                                                                                                     
Tyler                                                                                                                                                                                                   
Adm                                                                                                                                                                                                     
Timothy                                                                                                                                                                                                 
Ki                                                                                                                                                                                                      
Girrd                                                                                                                                                                                                   
Willim                                                                                                                                                                                                  
Dougls                                                                                                                                                                                                  
Kimberely                                                                                                                                                                                               
Nncy                                                                                                                                                                                                    
Dnielle                                                                                                                                                                                                 
Peter                                                                                                                                                                                                   
Michel                                                                                                                                                                                                  
Shelley                                                                                                                                                                                                 
Guy                                                                                                                                                                                                     
Alexnder                                                                                                                                                                                                
Alyss                                                                                                                                                                                                   
Chrles                                                                                                                                                                                                  
Vnce                                                                                                                                                                                                    
Pym                                                                                                                                                                                                     
Alexnder                                                                                                                                                                                                
Jnette                                                                                                                                                                                                  
Steven                                                                                                                                                                                                  
Neen                                                                                                                                                                                                    
Sundit                                                                                                                                                                                                  
Renske                                                                                                                                                                                                  
Jmes                                                                                                                                                                                                    
Dvid                                                                                                                                                                                                    
Jck                                                                                                                                                                                                     
Din                                                                                                                                                                                                     
Json                                                                                                                                                                                                    
Steven                                                                                                                                                                                                  
Jmes                                                                                                                                                                                                    
Mtte                                                                                                                                                                                                    
Rndll                                                                                                                                                                                                   
Susn                                                                                                                                                                                                    
Smuel                                                                                                                                                                                                   
Alln                                                                                                                                                                                                    
Irene                                                                                                                                                                                                   
Kevin                                                                                                                                                                                                   
Juli                                                                                                                                                                                                    
Donld                                                                                                                                                                                                   
Christopher                                                                                                                                                                                             
TJ                                                                                                                                                                                                      
Lis                                                                                                                                                                                                     
Kren                                                                                                                                                                                                    
Vlli                                                                                                                                                                                                    
Joshu                                                                                                                                                                                                   
Rndll                                                                                                                                                                                                   
Hzel                                                                                                                                                                                                    
Luis                                                                                                                                                                                                    
Trenn                                                                                                                                                                                                   
Den                                                                                                                                                                                                     
Michel                                                                                                                                                                                                  
John                                                                                                                                                                                                    
Nndit                                                                                                                                                                                                   
Ismel                                                                                                                                                                                                   
John                                                                                                                                                                                                    
Srth                                                                                                                                                                                                    
Lindsey                                                                                                                                                                                                 
Willim                                                                                                                                                                                                  
Stephen                                                                                                                                                                                                 
Mrth                                                                                                                                                                                                    
Ptrick                                                                                                                                                                                                  
Jonthon                                                                                                                                                                                                 
Winston                                                                                                                                                                                                 
Sigl                                                                                                                                                                                                    
Peter                                                                                                                                                                                                   
Oliver                                                                                                                                                                                                  
Jose Mnuel                                                                                                                                                                                              
Peter                                                                                                                                                                                                   
Clr                                                                                                                                                                                                     
Shnt                                                                                                                                                                                                    
Aln                                                                                                                                                                                                     
Mtthew                                                                                                                                                                                                  
Jennifer                                                                                                                                                                                                
Eleni                                                                                                                                                                                                   

107 rows selected.

SQL> select lower(replace(first_name,'a',''),'A') from employees;
select lower(replace(first_name,'a',''),'A') from employees
       *
ERROR at line 1:
ORA-00909: invalid number of arguments 


SQL> select initcap(replace(lower(first_name),'a','')) from employees;

INITCAP(REPLACE(LOWE                                                                                                                                                                                    
--------------------                                                                                                                                                                                    
Ellen                                                                                                                                                                                                   
Sundr                                                                                                                                                                                                   
Mozhe                                                                                                                                                                                                   
Dvid                                                                                                                                                                                                    
Hermnn                                                                                                                                                                                                  
Shelli                                                                                                                                                                                                  
Mit                                                                                                                                                                                                     
Elizbeth                                                                                                                                                                                                
Srh                                                                                                                                                                                                     
Dvid                                                                                                                                                                                                    
Lur                                                                                                                                                                                                     
Hrrison                                                                                                                                                                                                 
Lexis                                                                                                                                                                                                   
Nthony                                                                                                                                                                                                  
Gerld                                                                                                                                                                                                   
Nnette                                                                                                                                                                                                  
John                                                                                                                                                                                                    
Kelly                                                                                                                                                                                                   
Kren                                                                                                                                                                                                    
Curtis                                                                                                                                                                                                  
Lex                                                                                                                                                                                                     
Juli                                                                                                                                                                                                    
Jennifer                                                                                                                                                                                                
Louise                                                                                                                                                                                                  
Bruce                                                                                                                                                                                                   
Lberto                                                                                                                                                                                                  
Britney                                                                                                                                                                                                 
Dniel                                                                                                                                                                                                   
Pt                                                                                                                                                                                                      
Kevin                                                                                                                                                                                                   
Jen                                                                                                                                                                                                     
Tyler                                                                                                                                                                                                   
Dm                                                                                                                                                                                                      
Timothy                                                                                                                                                                                                 
Ki                                                                                                                                                                                                      
Girrd                                                                                                                                                                                                   
Willim                                                                                                                                                                                                  
Dougls                                                                                                                                                                                                  
Kimberely                                                                                                                                                                                               
Nncy                                                                                                                                                                                                    
Dnielle                                                                                                                                                                                                 
Peter                                                                                                                                                                                                   
Michel                                                                                                                                                                                                  
Shelley                                                                                                                                                                                                 
Guy                                                                                                                                                                                                     
Lexnder                                                                                                                                                                                                 
Lyss                                                                                                                                                                                                    
Chrles                                                                                                                                                                                                  
Vnce                                                                                                                                                                                                    
Pym                                                                                                                                                                                                     
Lexnder                                                                                                                                                                                                 
Jnette                                                                                                                                                                                                  
Steven                                                                                                                                                                                                  
Neen                                                                                                                                                                                                    
Sundit                                                                                                                                                                                                  
Renske                                                                                                                                                                                                  
Jmes                                                                                                                                                                                                    
Dvid                                                                                                                                                                                                    
Jck                                                                                                                                                                                                     
Din                                                                                                                                                                                                     
Json                                                                                                                                                                                                    
Steven                                                                                                                                                                                                  
Jmes                                                                                                                                                                                                    
Mtte                                                                                                                                                                                                    
Rndll                                                                                                                                                                                                   
Susn                                                                                                                                                                                                    
Smuel                                                                                                                                                                                                   
Lln                                                                                                                                                                                                     
Irene                                                                                                                                                                                                   
Kevin                                                                                                                                                                                                   
Juli                                                                                                                                                                                                    
Donld                                                                                                                                                                                                   
Christopher                                                                                                                                                                                             
Tj                                                                                                                                                                                                      
Lis                                                                                                                                                                                                     
Kren                                                                                                                                                                                                    
Vlli                                                                                                                                                                                                    
Joshu                                                                                                                                                                                                   
Rndll                                                                                                                                                                                                   
Hzel                                                                                                                                                                                                    
Luis                                                                                                                                                                                                    
Trenn                                                                                                                                                                                                   
Den                                                                                                                                                                                                     
Michel                                                                                                                                                                                                  
John                                                                                                                                                                                                    
Nndit                                                                                                                                                                                                   
Ismel                                                                                                                                                                                                   
John                                                                                                                                                                                                    
Srth                                                                                                                                                                                                    
Lindsey                                                                                                                                                                                                 
Willim                                                                                                                                                                                                  
Stephen                                                                                                                                                                                                 
Mrth                                                                                                                                                                                                    
Ptrick                                                                                                                                                                                                  
Jonthon                                                                                                                                                                                                 
Winston                                                                                                                                                                                                 
Sigl                                                                                                                                                                                                    
Peter                                                                                                                                                                                                   
Oliver                                                                                                                                                                                                  
Jose Mnuel                                                                                                                                                                                              
Peter                                                                                                                                                                                                   
Clr                                                                                                                                                                                                     
Shnt                                                                                                                                                                                                    
Ln                                                                                                                                                                                                      
Mtthew                                                                                                                                                                                                  
Jennifer                                                                                                                                                                                                
Eleni                                                                                                                                                                                                   

107 rows selected.

SQL> select initcap(replace(lower(first_name),'a','')) from employees;

INITCAP(REPLACE(LOWE                                                                                                                                                                                    
--------------------                                                                                                                                                                                    
Ellen                                                                                                                                                                                                   
Sundr                                                                                                                                                                                                   
Mozhe                                                                                                                                                                                                   
Dvid                                                                                                                                                                                                    
Hermnn                                                                                                                                                                                                  
Shelli                                                                                                                                                                                                  
Mit                                                                                                                                                                                                     
Elizbeth                                                                                                                                                                                                
Srh                                                                                                                                                                                                     
Dvid                                                                                                                                                                                                    
Lur                                                                                                                                                                                                     
Hrrison                                                                                                                                                                                                 
Lexis                                                                                                                                                                                                   
Nthony                                                                                                                                                                                                  
Gerld                                                                                                                                                                                                   
Nnette                                                                                                                                                                                                  
John                                                                                                                                                                                                    
Kelly                                                                                                                                                                                                   
Kren                                                                                                                                                                                                    
Curtis                                                                                                                                                                                                  
Lex                                                                                                                                                                                                     
Juli                                                                                                                                                                                                    
Jennifer                                                                                                                                                                                                
Louise                                                                                                                                                                                                  
Bruce                                                                                                                                                                                                   
Lberto                                                                                                                                                                                                  
Britney                                                                                                                                                                                                 
Dniel                                                                                                                                                                                                   
Pt                                                                                                                                                                                                      
Kevin                                                                                                                                                                                                   
Jen                                                                                                                                                                                                     
Tyler                                                                                                                                                                                                   
Dm                                                                                                                                                                                                      
Timothy                                                                                                                                                                                                 
Ki                                                                                                                                                                                                      
Girrd                                                                                                                                                                                                   
Willim                                                                                                                                                                                                  
Dougls                                                                                                                                                                                                  
Kimberely                                                                                                                                                                                               
Nncy                                                                                                                                                                                                    
Dnielle                                                                                                                                                                                                 
Peter                                                                                                                                                                                                   
Michel                                                                                                                                                                                                  
Shelley                                                                                                                                                                                                 
Guy                                                                                                                                                                                                     
Lexnder                                                                                                                                                                                                 
Lyss                                                                                                                                                                                                    
Chrles                                                                                                                                                                                                  
Vnce                                                                                                                                                                                                    
Pym                                                                                                                                                                                                     
Lexnder                                                                                                                                                                                                 
Jnette                                                                                                                                                                                                  
Steven                                                                                                                                                                                                  
Neen                                                                                                                                                                                                    
Sundit                                                                                                                                                                                                  
Renske                                                                                                                                                                                                  
Jmes                                                                                                                                                                                                    
Dvid                                                                                                                                                                                                    
Jck                                                                                                                                                                                                     
Din                                                                                                                                                                                                     
Json                                                                                                                                                                                                    
Steven                                                                                                                                                                                                  
Jmes                                                                                                                                                                                                    
Mtte                                                                                                                                                                                                    
Rndll                                                                                                                                                                                                   
Susn                                                                                                                                                                                                    
Smuel                                                                                                                                                                                                   
Lln                                                                                                                                                                                                     
Irene                                                                                                                                                                                                   
Kevin                                                                                                                                                                                                   
Juli                                                                                                                                                                                                    
Donld                                                                                                                                                                                                   
Christopher                                                                                                                                                                                             
Tj                                                                                                                                                                                                      
Lis                                                                                                                                                                                                     
Kren                                                                                                                                                                                                    
Vlli                                                                                                                                                                                                    
Joshu                                                                                                                                                                                                   
Rndll                                                                                                                                                                                                   
Hzel                                                                                                                                                                                                    
Luis                                                                                                                                                                                                    
Trenn                                                                                                                                                                                                   
Den                                                                                                                                                                                                     
Michel                                                                                                                                                                                                  
John                                                                                                                                                                                                    
Nndit                                                                                                                                                                                                   
Ismel                                                                                                                                                                                                   
John                                                                                                                                                                                                    
Srth                                                                                                                                                                                                    
Lindsey                                                                                                                                                                                                 
Willim                                                                                                                                                                                                  
Stephen                                                                                                                                                                                                 
Mrth                                                                                                                                                                                                    
Ptrick                                                                                                                                                                                                  
Jonthon                                                                                                                                                                                                 
Winston                                                                                                                                                                                                 
Sigl                                                                                                                                                                                                    
Peter                                                                                                                                                                                                   
Oliver                                                                                                                                                                                                  
Jose Mnuel                                                                                                                                                                                              
Peter                                                                                                                                                                                                   
Clr                                                                                                                                                                                                     
Shnt                                                                                                                                                                                                    
Ln                                                                                                                                                                                                      
Mtthew                                                                                                                                                                                                  
Jennifer                                                                                                                                                                                                
Eleni                                                                                                                                                                                                   

107 rows selected.

SQL> SPOOL OFF
